[GAYARD]
Name=Allied Shipyard
TechLevel=11

[NAYARD]
Name=Soviet Shipyard
TechLevel=11

[YAYARD]
Name=Yuri Submarine Pen
TechLevel=11

[Header]
StartX=232
StartY=31
Width=47
Height=41
NumberStartingPoints=2
NumCoopHumanStartSpots=4
Waypoint1=237,64
Waypoint2=275,43
Waypoint3=0,0
Waypoint4=0,0
Waypoint5=0,0
Waypoint6=0,0
Waypoint7=0,0
Waypoint8=0,0

[SpecialFlags]
TiberiumGrows=yes
TiberiumSpreads=yes
TiberiumExplosive=no
DestroyableBridges=yes
MCVDeploy=no
InitialVeteran=no
FixedAlliance=no
HarvesterImmune=no
FogOfWar=no
Inert=no
IonStorms=no
Meteorites=no
Visceroids=no

[Ranking]
ParTimeEasy=00:01:00
ParTimeMedium=00:01:00
ParTimeHard=00:01:00
UnderParTitle=GUI:NoUnderParTitle
UnderParMessage=GUI:NoUnderParMessage
OverParTitle=GUI:NoOverParTitle
OverParMessage=GUI:NoOverParMessage

[Houses]
0=Americans
1=Alliance
2=French
3=Germans
4=British
5=Africans
6=Arabs
7=Confederation
8=Russians
9=YuriCountry
10=GDI
11=Nod
12=Neutral
13=Special

[Americans]
Country=Americans
TechLevel=0
Credits=0
IQ=0
PlayerControl=yes
Color=Gold
Allies=Americans
PercentBuilt=0
NodeCount=0

[Alliance]
Country=Alliance
TechLevel=1
Credits=0
IQ=0
PlayerControl=no
Color=Gold
Allies=Alliance
PercentBuilt=0
NodeCount=0

[French]
Country=French
TechLevel=1
Credits=0
IQ=0
PlayerControl=no
Color=Gold
Allies=French
PercentBuilt=0
NodeCount=0

[Germans]
Country=Germans
TechLevel=1
Credits=0
IQ=0
PlayerControl=no
Color=Gold
Allies=Germans
PercentBuilt=0
NodeCount=0

[British]
Country=British
TechLevel=1
Credits=0
IQ=0
PlayerControl=no
Color=Gold
Allies=British
PercentBuilt=0
NodeCount=0

[Africans]
Country=Africans
TechLevel=1
Credits=0
IQ=0
PlayerControl=no
Color=DarkRed
Allies=Africans
PercentBuilt=0
NodeCount=0

[Arabs]
Country=Arabs
TechLevel=1
Credits=0
IQ=0
PlayerControl=no
Color=DarkRed
Allies=Arabs
PercentBuilt=0
NodeCount=0

[Confederation]
Country=Confederation
TechLevel=1
Credits=0
IQ=0
PlayerControl=no
Color=DarkRed
Allies=Confederation
PercentBuilt=0
NodeCount=0

[Russians]
Country=Russians
TechLevel=1
Credits=0
IQ=0
PlayerControl=no
Color=DarkRed
Allies=Russians
PercentBuilt=0
NodeCount=0

[YuriCountry]
Country=YuriCountry
TechLevel=1
Credits=0
IQ=0
PlayerControl=no
Color=DarkRed
Allies=YuriCountry
PercentBuilt=0
NodeCount=0

[GDI]
Country=GDI
TechLevel=1
Credits=0
IQ=0
PlayerControl=no
Color=Gold
Allies=GDI
PercentBuilt=0
NodeCount=0

[Nod]
Country=Nod
TechLevel=1
Credits=0
IQ=0
PlayerControl=no
Color=Gold
Allies=Nod
PercentBuilt=0
NodeCount=0

[Neutral]
Country=Neutral
TechLevel=1
Credits=0
IQ=0
PlayerControl=no
Color=Grey
Allies=Neutral
PercentBuilt=0
NodeCount=0

[Special]
Country=Special
TechLevel=1
Credits=0
IQ=0
PlayerControl=no
Color=Grey
Allies=Special
PercentBuilt=0
NodeCount=0

[Basic]
Briefing=Brief:ALL01md
NextScenario=GDI2A.map
AltNextScenario=GDI9C.MAP
NewINIFormat=4
CarryOverCap=0
EndOfGame=no
SkipScore=no
OneTimeOnly=no
SkipMapSelect=no
Official=yes
IgnoreGlobalAITriggers=no
TruckCrate=no
TrainCrate=no
Percent=0
Theme=No theme
MultiplayerOnly=1
TiberiumGrowthEnabled=yes
VeinGrowthEnabled=yes
IceGrowthEnabled=yes
TiberiumDeathToVisceroid=yes
FreeRadar=no
InitTime=10000

[Lighting]
Ambient=0.850000
Red=0.920000
Green=1.000000
Blue=1.000000
Ground=0.050000
Level=0.008000
IonAmbient=0.870000
IonRed=0.300000
IonGreen=0.400000
IonBlue=0.750000
IonGround=0.000000
IonLevel=0.000000
DominatorAmbient=1.500000
DominatorRed=0.850000
DominatorGreen=0.200000
DominatorBlue=0.300000
DominatorGround=0.000000
DominatorLevel=0.000000
DominatorAmbientChangeRate=0.001000

[Preview]
Size=0,0,95,41

[PreviewPack]
1=JSAAIAAAAAAAAAAAAAAAAAAAAAAAAAAAAAAAAAAAAAAAAAAAAA6El0qHmkqKm0qJmkeLnU
2=eQolKBkl9ibl9BSE0sMjowOD9LVFODhGiho2Weolevq2GjpFmRkUWXiENuUy2OYTGZaDt9
3=XT6cfESTjkeOhkaLh0iEhEN8gECckk6YiEZWbB9vci+Uk0qMkEaUlkuSkEUuSxcuTxE9Xx
4=ZcYSt+gjw4SxNtdTM+UBlCWB4wUBMtSAwqPhBDRR90gD2LhkVtWD+fajeKWzOieT2ZfEJ6
5=fkWRnUqQo02VmUuSkUiOlkqMlEmMkkWQnUeOok+LnEyNnEqToE2SmU2Rk0ZabSk4RxtJVS
6=NTXSeAlUSFmUh/k0aEl0iHmUiJm0mHmUaGmUeFmEmBlkeBl0WMmUyyp2CppFuUnlCEmUaB
7=l0WImE2RnU6ImkqJm0eNn0aNoFB+jmBbZl07QkgpMDkzOkJQW1V5hGGwrWmztFuZo06IlU
8=ecnFKvqWGFm0mBmUSFhUOVgESIfECRbzy7g0NsVjuDcT+WlEiZnU+Wl0yJgkOKg0JrdTJE
9=TRxAUBkwSBFYXymIj0Fqfzk0UxdOYydJWyZvdzhyczdiZzBOYSNDVyUzRhxASx5mbTCTlE
10=yYmFCWgDpYVCKDYTJxXjOJkkiIk0eJkEeQm0mPpE6OlkmEiDyOnUuKmkKUnlaMlWyPpEuL
11=mkqDkESBhT6Zlkt+gjpEViJhcS9icy40PhZUXyx5iUJ6jUCBk0SHmUuEl0mHmEirpFuXnl
12=KSnFKloVy5qGa+q2mko1yXnVOpol6Tm1KFlUyYn1SMn0mNn1WHkmpnbmY4P0YsMzk5QUVf
13=a1mCkGCMnlWPoEuLm0iPpEmZp1KClkpxhzqKmk2KnUqQo0mBfUx1ZT6YmEuVkkmjgT1lSC
14=yWZDKrdTmhcT2ngkqSfEOSk06Mg0dhcC83UxcvSg03ThMuSw5SZCVLWihYYi1NXic9SxZb
15=ZiRwgjaMkEODikR7gUBrdDM2ThRhcCmOgESMjz9XayVQXCEyTxFgczKGmEyMnEqHkkSWol
16=B7kzpBXRpmcjaSi0CPhmBoY2Vobj+RnUpjezUnPhNnbDJ1iDxhdDJugTd0hzhXYio3PRZp
17=dDl0gzmDlkV9kUSDlkeLmk20qWC/sF7ItGPIs2PKtmPFtGKwq1StqVXBsF/Js2S2rViRml
18=NvfmBkaWJrZmtiW1tTVExXXVd4hGGKlVuaoEmmoFCgpFqgoVeWnlCKnUyRnk+hpFaCkkWD
19=ij6QfkF+eEaDf0aQhEGPhUSMkkmEfj2af0GjhEOtiEC+jES8hkaTaT+NeUiTkE2Ai0Jmfj
20=Fddy5NZyhgYy6EgEJUZSk9VBk5UBQuQwo9VBhSWSaSkkiLlUdJXSo+VR85VhdVXCl9dj6a
21=ikl5fTdHYyZiViiIdj1VbyQcNgJeZjSGmFlyfjmGfzyAf0lhYGBWTkZFQjV2fj+OkUhzfz
22=yEkEVneTBCVxx8kUN+kkBwfjVUXSpUXy1sfTZ9lEVtgjl+k0KCl0eClUrGvErn3Sro4SLp
23=4xvo4xzt5R3t5R/q5Bzq4yDr4CnLvkwtNDxCRUBhXUlhYFBSUlBUUk1bWk5HREGLjlChq0
24=6Knkmgq1SfqFV8kkWHmEabqlJyhz98fjyTcUCVkEeEcjx3cjyGjkSLi0WTlUuFh0WFlUmL
25=mkyWjkanikV6WDeUZjplSTWPcT6dkkqfkkmgmUqcn06NmkqBiUR3gDlbaidSYCVCViE5PR
26=p0bzeSmUuKlktxfTaDi0KJfD9TViNpaDmUjUudmlCadj2WazV0fzhfaCh0ckt6d3WIiUyR
27=kUeRkEeGiUuEhFCNlEqHkEaQkEeVnEyNnEtdbi00ThI4TBg6UhkwSRJUaSpkeTRxgzlqgD
28=N8iEKioleioleZnlXGvkXs5hnw7A/x7w3x7g3w7Qzy7wzy7w3x7g7t6BfVx0VKVFRmamFc
29=WUhUT0BJRj5NSj9MS0ZAPz1QUEB7iUaGmUWTpEyaplCboFV3i0B3jT6Mmk2ZjEmlczySYz
30=NlPyeRZzOSajjCj0KpeD+kdjy0gz2PbkKEeEaUl0h8e0KSgkBsUS6jazSpcDmjaDLHij2S
31=bju6ikRtWT6WhkiZnk2gnUyPjEJdZS9objaakUZodC4sRg1VViV6bzNGVSBKWyViZCOYdk
32=GhaDd9bzmcn0uGf09samZGPj9LRz15hkB9iECYkkaWnEiEmkqBl0SarFFyjzlHYhw5Qxc9
33=Tx0uQBAxQRI+SSMvTRAaMwZKViSBkUOipVeWoE+NmFK/tkzp4CPt6RTw7Q/w7A/w7A/z8B
34=Dz8BDx7g/v6xHr5hjXyEihpp2hpZiIjH5VUEJRRzkuKR1fXE08OCkmIRVMTj90gkubq1WW
35=plJ5iTtqfjB+k0KRkkeNhkOngDyieDh8ZjeVfT2TdDiTfDKJcTinjUW0j0OCWzmDXDmRfk
36=B6gD9+gECGhUGRlEedj0WXdzqyiUCdez6tgz9dQCqVZTWThESKjEeUmEuIhkGWk0mViUBK
37=YiZLVCVpajRJYBxFXxpXXSJeYyaRfUCafEKKfUJ9ejyFiUB/gVJ+elmMhUZzfDMtRhJ5gD
38=yBj0Jxhjd8iT+cqlFkgC1QXiRDUB5DVBp1iDt5hD9idy9HYR5RXypYZC6Bk0WLm0ulolq3
39=r1Lc1C/v6xXv7A/w7Q/x7RD39A+upSiyqSXz8A/v6xLr5hnWyEeOmWeZnoimqp+UloxgW1
40=EuJx5TTTwqJhYqKB9ZWVhyeGCkpFmnqVp/k0RsfTiBj0A+WhlDWiB+h0GIg0GAdz6NjkR3
41=kj0/ZBxLXCN4gz9NZidJSCWJaTqTbz6ofjhoRyl/YDCcgj6LfUiBf0eVk0eQj0aOj0eKeD
42=yUdD2adkCOdj6skkh3bUSWjkuUmEuLjkeIgkOPjEFDWxg6SRk5QxdPUilnazFRZCV3dzaI
43=ekGIhEWAkUBzfzOSnUmVk0dpajFlczd0hj5LaR4pQQpcai+Vo0+HlkZjdTBNWyJaaTBQYS
44=teci1Yay9idTN3ij6EmUeImUiZnFrQwUzw6Bzx7hDz8Azx7grv7BDy7xHOxDa8sjLs6BLv
45=6xLs5hnRxUWPnkeVn06Bkl2NmXiCimiNkHZ4e25rbWB1fWGFlVefqlezqWGqpFx6ij9xhj
46=eBlEZWaCtSXSp+jEaToU+GjUODj0RwgjpYaykcOwQyRhZJXCpcbTN6dUCufD+tdDR0VS6S
47=YzGobTaFXDmFaEKXgkiGe0CPkEiNiUWKe0Osf0GidDq3gD5bPix/Xjd3eUKXk0qmnlCEjT
48=xYaiZ7fzyIiEKNjEZ7hDouPxAuQhJtYS6SiEpqfy8/VxlUZS2PkEaUo0qGkkaEdj5abCw6
49=Th1GVSONnkuSp0ydp1SHkEhdcjJUZTBXZDBndjV6ij+eolaio1eKm0iEl0esp1bGvE3i1z
50=Pf2Sni3CTx7Q/x7g/z8A728w/w7RDu6xDr5hnSxUaWoU65rGOJl0hvhzWKnEqkplumpmmW
51=omJuhDp/kEOjrFeRpUyPoEx0iDl9kESOn02nr1qOnkuDlkObqVOImEZ3ij2Ak0VziT1OYi
52=hPXCmAiUOOoUyDjUWNjESEfkGLjEZqeTCAeztwWziWbTm4h0WofUSMc0SAd0OKiEWKk0mP
53=kUaNikOAZTSBWzGGbkCTjU2RhUh4hjFKaSBaXiqEhz+KkECRmkhmbzNTUSiFhkGQlU6Gcz
54=eAYDF7gD6Ci0R1c0KKbjtiSzR6cDt/kEFeezE6Ux5sfTuAj0BPZyOFjEaVoFNvhTh9j0Gi
55=o1ego1eVn1CKm0t+lUSBl0aKl1GOmlCQmlPGuVLf0jvh2Czv7BDv7A7v7A7v6xHs5hnRxU
56=aSoU+mplmjp1iMnU2Pn099j0GEkD+doVKClkeGlkmZm1Kho1WZqFKap1OTnFKnpFuTmFCH
57=mEiBlEJ9jzw6ThZYayp8jkB2ikCDl0idqlGirlaDlkiInUeEmEmBjEVzgzRNYhxZayp7i0
58=OXkUijhkGvgkF6VDaSajuYcjushkeUe0eHfECNnEqSikarekCMYj2OekqOhER4fTyNjkdT
59=bSQWNABPUSWRikiLl0iVhkN9XzqgaDWFbDeOpUuTdTp/VTWmaTdtVy1ARhtlZi9qdjJbbj
60=GLkkxpfTMuQRJPVypldzB2iziGmUqNnE6AlkaGmUmhoVikoVuNnE6CmEWYnVOgoVmeoVO6
61=qGvTv1fm3yPu6hPx7Q/v7BHt5xnKwkOZqFSAl0SbnkWOn0abrFF4jDl0iDlsgTmCkUaTpF
62=B2iz+Om1CYplOepVa2q2OGlkpnfTeGlUlFXSZTZSxldzZ8jUOPn0h7kD+ImkuFlkNqgzGF
63=mkaLnEhxhjx4jUB0iDhsfS54iDd8jz6Ei0OOlUiQiERxYjqVdzyQcDizhT69i0eoeUGJfk
64=KQm06VgEJwUjWgcT+2h0qlhkl8dkeChkFseTZveTqMk0Seq1Gbfz6Kajygczx/ez+Rp06a
65=ez5uViZpaih2dDNCTB9PSiZxbj2yrmGtr16Im0mSmVGIlEmenVOUn1KCl0WBlUeDl0iJmk
66=edoFWlpFmLnk6EnE2Vn1CIm0eGmEmcoFWYoljGw0Tt5hrv6xHw7BHs5xnTxkeBl0aGmkh0
67=d0d8fVCKi1yPmE2LnEt8j0KFl0iLnEuFlUacnlSeqFWZp1OGmUuAk0Z0iDyLm0tfdDFCVS
68=JTaSotTA1NXiWZplOFmEpkfi49XhdNXyZ7iEB2iD1uhDyOn02WpFGAk0WHmUaDmEOJmUaL
69=k0aMkUeIjkNASxxbXSqOeDqee0GSc0FzaUGOikiFjkiejUO5jkWyfUBUOiukfUSMfUeciU
70=qSgEuTjEmdmUeNg0SVjUiOf0OIeESFYjJ8aC5jdDF0dDuAgz6EjkOZmVKnplqQnU6GmUmX
71=oFGVn1GZoFWTn06ImkiVnFGRnFCKm0qTnFCHmkuOikCRhUCFoU6BnEuInk+Up1enkk/DmF
72=Paz0Dr5hfv6xLr5hjVx0efolSgm1tUTkNUTDxgWEppZk6LmU5ugzV+kECgrFidqFOAlkmZ
73=plGVoVCYnVKYn1R+kUNpgjNLaSBAUCBFVCFNXyRSYC1/jEWSo0+bqFFzgzpfcDNwhDyHmE
74=d1hjqSoU6Vo09qfzh7jUJVZy1ZbDF/kUWMnEqAk0VVZipOVihwfz6OgEafcDxVOimVbjqO
75=fUmHhEeYmUmOhkJ2Wi+kekGJaUKoczyAWTmSd0mXgkiQh0R9jzpqdyt7bzA/QRdXVSx9jE
76=OfpVarplqXoVCJm0qFmUeJm0mOm0uGl0mSnE6WnVKPnUuGmEmVn1GOnU2Km0mVn0+cpFiy
77=h0nQUy3NYDWfh0SQikO5Yi/OUCnIflLSx1Dq5Rru6hPr5hjUx0esplqrn2CXjm91bF1hW0
78=6Pgly2qWKKl0mAk0mZoVSjpViZn1acqlSXplKcoFbBr2eXnlN1iz5ofDl4hz1JWRyDkESa
79=plOElkV4jDyGl0OTpEyBk0KClkV4ijx7iz2DlUWNnUqImkl6jkFhcTZmcTiIk0iKnkqQoU
80=uRo0xxhjeDlUSHj0iHg0B3YDGdbzd9VjeMbkSUfkeDf0GLk0eOl0mOkUuQg0VxWzetez/C
81=jkmFaEFudzxxgjl8hj9YbS1hTiZ2ajaiqVqzrGSlplmUnk+ClkeDl0WYnlKlpFqZoFKVn0
82=+Qnk+Om0yfoVSTnVCImUqXnlKNmkyLoE+ipVqoej66USS/TiW0cz2qoFm1r2rVxkjs5hjv
83=6xPr5xnUx0eLmkmaoFK0qF6bnFiZmlampleRnU2HmkuPn06UmFCRm0ydp1OOnk+lr1iYpl
84=KSn06gqVaAlEd2iz2FmUVgcS5daTJufDx7jkCDlUd+kEF9kEB7kEGKm0eRnkuBk0KGmUaG
85=mEaMnk6BlEVtfi99kD6YqVWLnUqIm0WMnkx5jTuClUOTqFCUmkqHg0WJfkFvXTihdDy3hk
86=avfT+WcDqeekBmVjuRiUiKlk2Xj0WzkEWNZzmOcj+Yn02Xpk+XqFGbfj+ebTiQjkWDikOH
87=jUWGlEeQnU2KmkmGmUePnUyFmEmBl0iAlUedoVWqp1qWoFGClUmanlS8rGOWnlF+lkaAn0
88=p/l0mPmk6IoVONmFnHu03q4iLu6hPw7BHs5xnUxka6qmTCr2iSnk2EmkSJnEqDl0ZpgDh/
89=kECaqVBthTp1iz+SpUuVpU6MnEycpFOGm0iZp1JvgDt4iTuBlkZxhThziTyAlUOMnU2Glk
90=WKm0dyiD1pfziElUWhrFaYpVKLnEZrgTF3ij2hq1iTn054izp3ijh4jD5wgzmUo09yhzkm
91=RApebjGaplWNk0qLjkSJk0eRkkWhhkKxikOYcTeacDdbQCqfbTiIbESKf0SVoEuYiUaccD
92=6NfkOOkE2MhUeWmEWhmUqaiEKPbTaLdDqHjUSYmU6YolKJm0iaoFOLm0yCmESQmkyMm0yB
93=lkiFmUiImUqcoFaTnlGImkmgoVajo1ihoVu4qGzEr2nJvE7e1i7u6RTw7Q/v7BHs5hnSxk
94=bCrmjEsGqZn1CBlkOImUejoleLk0t6kEKKnUuipViZnlOWnlCTnU2en1Sxp2Cfo1aKnUt/
95=kkSFl0eCmEeNmk6Rm1GEmEeKnEqImkZ5jTotSRY/USF4iEF6jD+DlEaAlUFDWRlSYSuTnk
96=+NnUtsgDNsgTJ4jEBwgjuOnUxyiDw3SxlCTiOGj0iFmUZ1iTmFmEaEmkWHmUV+jkQ+Shte
97=Xy13YzOieT92UzeNZDmMhUWNlkuVekKeckFhTDecjEaLlEqLi0p/YjiOYDKMcTuIikWDk0
98=eIm0qan1Kbn1WaoFKZn1CyqF+RnVCDl0aOnEuKm0qDmEaDl0eImUqPnkuYnla/rmPVxU/j
99=2izv6hXz8A3y7w3v7A/v6xHr5hnWx0fHsmvFr2nIsGy5qmKRnU2GmUqfola5qmO5q2TIsG
100=zKsWzEr2nArmicoVWHmUqHmUeGmEeHmkeOnE2mo1msqFuYoFKClEl0hT+LmUWbqVFyhD1k
101=dS9whjpbcS5gdS1xfTR4iTqHmkilsFmTn0+Ak0SElkN5jDt+k0B+kkOElkeJmkyOn0ycql
102=acplRwiTZEZRxPYCBvgjOAjj1RYCdOUSduczZWZSVtZDOXdUB0XDt2ekKWjEiQcDplQyiq
103=ekODYj+lcjt6UjOXdj2NiUSMdjqAej6Hn0uKmUyYnlS6qmSppluImkqCl0iGmEian1OtpV
104=2QnE+HmkaMnEqKmU3Dt1Dl3Crt6RPx7g3z8A7o5BHs6BPy7w/v6xDr5hnVx0jCr2i7rWWv
105=qV6tqF2PnE6Bl0mOnEyvp16vqV+uqV+sqF6SnlCSnVCboVOLm0uEmEeQnFCQnU6SnUyppl
106=yFmUmEmEmAlEVwhDt1ijyUo06ZqlSMmkdncysmQAopPhA+TBteYCx2hD2TnE+Yo1OcqVV+
107=kkNyhjZ7kD56jUF5jUJ7jkJrfC2AkkKjrllzhzdQYyReay51hjt9kT55jTxGWiNGWx4iPQ
108=xFWyOQekKCXTaGcT+AgEmNkUaLgD6iiUiPeUSkhEKQhUCEfkFubj+RaDOJbTaIm0uXn1Kh
109=oVe3qWO7q2SkoleQm02GmEqDmEeSnU6RnVCHmUeLmkuool/Ivkft5xnv6w/w7RD49RGnnT
110=GkmS3w7hDv6xLr5hnUxkeSnU6VnlKFmEd/lUWKmUyGmEyImEqElkl+lkOBl0SCl0WClkaH
111=mEuImUuEmEiHmkiOmk2goVedoVOYnlSFmEmMmkufoVSgoVecn1WNnkuNmkuMgkSRekBmdz
112=dvcDZZbjBtaDGOaTmLlEiKnEierVOJnEiQn0uOnExugDp/j0B/lUOHmEeGlkZ6jTyImESi
113=rFSRokuHm0d5jEJ9j0F2ij9qezJbcidKYh9sdTiPfECdcT1WPS6agEOKikyLhkeNkUiJjU
114=mNi0iVbzmJXTWaYzJ5aTeTh0GQmEqBmEiGmEqeoVa3qWK2qWOVn1KGmUaGmUiImkmGmUeE
115=l0mMmFHKv0nr5Rzv6xHw7RDw7BHg2CvRyCrs6BHv6xLr5xjVx0iImkian1Z/k06PnEu5qm
116=SRnUuZn1O5qmKmo1eElU2AlkeCl0WSnUyWnlCSnE+jolmGmEqAl0Olo1e7q2WHmkuGmUeg
117=oFbKsW3Jsmylm1eYi0WbgEOic0CkjUWboU6WrFGelEh6WitubDWBjD2GmEKQnEyMmkeMnE
118=p1iDtvgDNwhTWHm0Z0hjZ1hziRolGjr1uNnk2Rok6Nnk16jkJ8kEOVpU6Tn0tvfzh9kEWK
119=jkmDcTlrTSukbjd/Wz2Pdj+LfEGkf0CkekaMWjB0VDCGeDyBjEOimVS7qmWjo1iImUmBl0
120=eDlkeJm0mIm0mImUqfoVaXnlCHmEiJmkuPmlHKv0ju5xrv7BDw7Q7w7A/y7wr28wzy7w7w
121=7Q/t6BfUx0aOmFGRnUqutjfW1SPj3CXk3SPi2yTm3Sfl2i+wtTyQnUyGmUqHmUafoVbDrm
122=jEr2iPnE2EmEiPnE6aoVWBl0iYnlO+rWivp12YiUmOcz2VkUqejEi1djW9fzqQfEKXn06Q
123=k0JCUBo8QR9tWDGCbjmDiUh1hjlwhjSJmUh/jkBpfS5Sah1/kD+BkkNyhTlqfjB8kECLnU
124=yClkhfeTJugjiGl0ehrVeQoEmUo0udr1aSnUyRhkKLdT5uUzWgcTqgbjjAhz2adkJwbD15
125=eT+NkkiDjEKFgES2qWK/rWacolSHmkmOmkyRmk+HmUmCl0aKmk2spl6QnU2EmEeTnFSjq0
126=Pd1yjy6hj07xH18A/07w7x7g3v6xLp4CjZyUixrFbLvU7n3ijy6xTz7g76+Ar28wzz7w3y
127=7wzw7Q/x6B3NwUuVm1WEmUeWnlDHsGqqpluboFOLmk2FmEp/lkSZnlK4q2OXl0+FlUSJhU
128=GVc0OPiUmHhkSQejujgD+VcUKUekeJhEmBkEJ6f0BzdTdhayRYcCRpfzRrgjaLnUqttGCO
129=n0tBVxl6ikCms1uJmkl+kD+RoEyJmkhpgDYmQBRKWiZ/j0KDl0R+k0OFmEiNnEmFk0GBgD
130=6GhkSDfUGHfD9zfTJbaSRvdDh/ikN8gD2SjUWgm1GYmVKjolilpVmNm0yGmEm8q2TGr2u6
131=qmOholaNm0uImkmEl0eYnlGYn1Kool+9rWTGv0jAvkG6uz7O0Cbh1jDTxEu0rF2tpGWan1
132=bVyEPu6Rju6w718g64sCHOxxr08Q/w7Q/w6xHt5xmttTuSm1aJmkuPnE2ppVyZoFGKm0mG
133=l0mGmUmGmUiKmUqSnk+IlEmElUiXiEOudz+jfUiTfUOOnEyOiEeneECIXTmRbUF9akOTh0
134=mapE1ifTAnQw1ARhyHfT6DkEV7ij5/jECAkT+JmkaKmkaDlkSYp1KMm0l4izt6jT9yhEBq
135=ezVtgC90iDZ5jD6UpFF8jkBheit7k0KUok+MmkpxhDh0izhqdjhugjh9kkCHnEidoVSxsF
136=6hrleDlkh8jEKVm1C0qGGnpVuLmkucoFTErmmio1WEl0mGmEuTnU+VnlGWn1COm06Hl06G
137=lVCDlFCfoVesp16Rm1SLmkyFl0iTnVDRxUPt5xnu6hPy7xK0p0GypzDv6xLw7BLs5xjCxj
138=CJnUCFl0uKmkuFl0eJmUmUnVCNmkyBlkWEl0iCl0eNm02HmkuJi0WNjEaNjEikh0CHbUaJ
139=bkWQhkiEgUiXj0V3Zj2VbTlfQSqVbD6piVCVhkeLl0iKikSfmUqYikmXmU6FgTVJYxxugj
140=WKmkierFWFl0l2izySok2GmUZvhDd7jkB/k0R0iUFwgDyVok5rgTQeOQhGWCCImEacq1GZ
141=qVJ/kkF3iUCZqVOaqVOMnEuLnU2AlEFedjJ4hj93iT+loli2q2GTn0+ImEufoVWrp1ufol
142=SRnU6El0eDl0eGmUiOnEyImkqJmUmdn1W3qWKeoVWGmUyfoVWio1iKm0yEmUXSxUPt5xnw
143=7BHu6w/z7xXy7hXv7BDw7BHr5xfJyyupqkyGl0t/lkOWnU/Gr2m8q2WrpVybn1Kvpl6lo1
144=iRnU2TnU+FmUiNmUiGgD1jeSpITi17WDuTZTuMcEOEeUaIikqOl0eFbjl4ZClAUBFobzCb
145=oVCjnVWSlUhrazB7gD2Chjk1UBYsRwxsbDeopVeRok5WZSmDkUSNoEuDlkR+kUFmeSxpfT
146=CAlEOMnUpzhTdYai1ebjN4izx+jz2HmUeBkkFyhDiHmUebp1KJmkehrlRthDk0RhtZYixj
147=ejGfoFSMnEyDmEahpFaepFWDl0eHmUiEl0iNn0uJmkuKmkuboVSHmUyAlkaMm0vArWa7q2
148=W3o1TFsGOtqVySnk6El0fSxkTt5xrv6xDv7A7x7g/x7g/w7RDw7Q/v6xHx6RvLwUiPm1GE
149=mUWTnVC9rWS3q2GZn1GLmkylo1vIsGrJsWu7rGSQnE+FmkmJm0l3fzxwazaEdj11WzmHYz
150=VaQiyLaj2Xi0uQd0B6cTQ5WxoiRhJRVShxbzZPayE4VRkwQhBpbjSHkEZ7hDp/dDybhUR9
151=bDQ4SRk6Rx9ZaS6ToUuhrVmImUl9jz2KmUZ7jT99kUKSo0+Dl0eAlUd/kkR1iTtvgjV+kU
152=CfqlRsiDVPbCKLmkaCk0BNYyAyThMeNghBUyF8kUSSo09/kkF3jTyfq1Z5i0N1hT2aqFOa
153=qFSEmEiFmEmVnVGRm0+po1vEr2nLtWyYiVeViVypmWuyomGTn1DTxkfr5hrv7BHw7A/w7Q
154=/x7Q/w7Q3x7RDw6RjQyD+OnkmHmUqRnUyan1WAl0WHmUqaoFOJmkiNm0y2qmKzqmGzqWGk
155=o1qEmEiImEuspl7Bs2iXm0uDg0JLVB82NBmEXzKsi0ufcD+gf0qTjktvfzuFgkJ1ezFUbC
156=pDWyVFUyZdYS+HeD6PjUCElUB0eDKNZTRsajdicjBziD58kUSPoEqYp1KfrVWFmEiFl0SD
157=lUSEl0V5jz9vgzx+kEB3iTd5jDuElER6izpadSVZcSp1iTd5jDx1ihEAALcNpQ0AAAAAAA
158=AAAAAAAAAAAKA+WHcpOlQZT10ph5RJd4lAcIU4eYw8kqJPiJlJd4k8jp9ImKVQmZ9SjJpL
159=k5xPtahhsqlgrqldt6hmWlNFTUg5X1pJaGNNkpxR1sdH6+YZ7+wR8O0P7+wQ7egT8usW7e
160=Yc2dI0nqhJgpZLhZlIjZtLq6VcoKFUh5lLhZhLiJlLg5hHgJZHf5ZFhJhGhZlKmZ9SuKli
161=vq1mpqVamJ5ShpBEXWgsVk0kcWE0nJlMrIdDs31CqoJKnYFIlpFOlZFMkIxKhoRDfXdCiI
162=VEko5CPFsSKEkMHjwOUEsoh3xDlYFAfXMzcok6eYc8eo48jJ5HiptGkqFMh5lDT2YkYHQt
163=gZJEiJpHjZ1IfpA/dos6cYQ0dYk6lKJQj59LXHArOU8XZHoyV2wsZHI2cX49P04ia2w5ip
164=RLeo1CbH87d4U+k6FLl6dOmZ9Ts6dguqtjxK9poqNWmJ5QrqBhmI9wcGtcXFZLiHxas6di
165=zMND7eca7+wR7+sR7egX08g/rrFEl6Y8iphRgZRNgJZGjZtNmp9TpqJZrKdejZxNgphFip
166=lKm59TnZ5Wp6NZnqFVh5lIiZpHrqddradef5ZHg5lIlJxPpKhZlIdGlnVAg4tCi4xHpYdA
167=w5FJwIhGjGM9knhHjH9KlodJeHo3hoE+l5pKeYk8ZHAzc24yjYJEhYFATEsfTEwbZnUvhn
168=k/en85boAwd4c2doo3aIE0NEYUT1gpYnUyXXMveYw/dYI8Ym40coc8coY2lqNOo7BZfI5B
169=UlwrbnA9o6FXlaFRgJRHkZ5OpKBXj5lNbX84eoxCoqRYn6RUqqlboqRYoqRYrahepKRZxb
170=BqxbFqpKJXipdFlp9Vnp1bqaVaqadc0MRE7eca7usQ7+wP8OwT6eQeusBEmqZghZpNjZpK
171=qKRZjp9Oi6NTnKZYg5ZIgJZGjJpLjppNoqJXuKtioqNXjZxLjptNpKJZnKFWjZxNnKFUtK
172=xiuqtlq51anJFGlI5BNU4VUFgifYY/d3wyln4+fFw7fmczS04icHA0RFIcT1Ind3c9jIFC
173=gX82UGIbcnU0gIQ6P1sYOFATKEIKV1cofHUyQVwXanU5j49IfYU+ipZLg5NHRmIeJDgOQF
174=QbWW4oNz4bVWMudYo+epA/lqVPnqtWm6BUnJxVjJZMlaVRdopBkKBOna1Weo9AboE6lKNO
175=kaFMlJlQfYVEc4U8mahSiZxLnaFWm5tTg5VFkKNOiJhIk6FKp7BXhJpJhptJ1sdG6+cY7+
176=wQ7+wO8O0Q6+oY3pYqxXBAkZZJhqRQmqtap5NOxGY3soJHrqphs6hhv6xnxa9qwK5nk51P
177=f5ZEgZdEiZlJi5xKgplIkp5RmZtSm5FQoolKjYhDjppJk5pIcHQzc3hjW28xHD4CLD8WeG
178=c5bWwtKUoNJ0UKQEgccGg2XG4rK0UIK0oML0UWVlgpj5VIhpVFiIhBcn02c3A0UmclOVAa
179=XmMteXg0U2UcS1MeY3EzZW0wc245S18hHzoMSVoje40/e449eo9Cg5ZFkaBKhppIcIM5d4
180=lBn6lZjp9MfpJCgZRJnqFWmKJSl6RRmaBTeIc+d4Y9iZVJnKlRhZRDboE5an43gY5CoaZZ
181=pK1Ze41AkaBNgpZGnKlT1cdF6+YZ7+wS7+wP7+sR6OYbr6IsoVgxvEkmt2o1uWMwy1Ap2H
182=tLu6Fdtq1jr6hfmaBUmaBVmJ9ToqJXvq5ms6hiq6VcmqFSkZRMo6VXTlwiOzgWb2QzjqFP
183=kaJMjZpHnpRWd3FxYV5FY242gIdBgnU+mIBFdYU8RV8gYFwvhnk9dIU4PVseKEYVY2Mtco
184=A4kpZJm5hRoptPhJM/S2YaJD8Kfn08n5FSfYE7PloVPEsbOk8edGAziWs+fHY+b3Aycn44
185=hY4+bX8vb4Ixe4w+coc4epNCfJNCaoMzX3Yvl6NQgZJEa4E5gZRHmqZVo6xYoKZVkp5OeY
186=s+h5pIl6lLgZQ9jJRGqKRapKhZkZpNmZxSo6RYl6FRgZVHhZhJ0sZD7Oca7usQ8O0P8e0P
187=7+oU3eAhssc2lJk/qGQ2tXJCo6JZk6lXhJtKiJlLgJdEf5ZEgJVGiZlNp6ZZoZ5Urapbo6
188=dXl6BVV2YsVmcpZXAzZnI3golDmpZJkpVBiIxFbGtgW1lGSUQ4am46n6NOpYlGp3dDlXtJ
189=johNpJ1PkYpElo9Jo5lQanszO1oVITsOWFgqYV4sgHw4Y3UoUmkkQVgeQlIjYWQydYI5h4
190=lDk4xIe4M8iIQ/mo9KnZJNmXY/aGkoRVUeZ3czh4w/i45Ii5VHjoU/iYJFTF4hIToOW2ou
191=gY9Bg5JIhJNImZ1Tm6VSmKhPi51KhZZFg5VHdn9bcXNjkpZXk6RSkqJNgZVHjJ5Oj51PnZ
192=5Vi5hLjqBOzMJB7eca7uoQ8OwP8u4P8e4P8+4Q8+0S2d8ZscgtkKxCf5ZLf5RHg5dGi5lN
193=paNXoqFWiptMl6ZRiptJKkgMOU4Zk5JOo6tXaoI4GjsCSl8jpK5XlphNk49DjY1fipdNlJ
194=BKRVEbc4RAi5BFgHQ5jns7toI/glk5jW1EjXpCkYlGlZBImoNFfYQ7ZHkzbHY3ancyMU8M
195=O1ERQ1AbbWg0foQ+bnk4SFscIUEEYWQmjoFDWW0lIT8GUE8lh3s/fno9O1UWLUMNPUAcX0
196=4rjYdFi5BGm4NBinQ+gntAhIFAfoxDkaJNmZ9TiphKg5dIfo9Cfo4/mKZRmaNRhYlSWlZU
197=VlNRWlxSYGJTYGRNVVZIj5BMoKFGb4E6fIpAmKZQ0cRE7Oca8OwR8OwO8u8Q8u8R8O0P8e
198=4O8e0O7OsM4+IXxskonaw7lJ5MsKVfyLBruqxkoKpUmqhTaIA0Xmsxe35Fd4c8XWoocYU5
199=eok7TmIccXY3lYtCoZNKeXZ0eH1UiJFEZGosZmwzcX49O0gYQUcic2w4fWk+im4wPksSeH
200=M4j49HkYpHholJj5NKqKNQdnw0O1IeSVgjS18nbG44kItHoZlNdXQ2VGglPlYXe3Y7f3k6
201=QEobMEQSbm80hIdBYXguUmUlVGYte2UzlYBGkpRJjodIi39EnZ9NjnE4kYRDm69VhJhId4
202=s/gJVGdYY6kJ1JnqhUnqVYhIhoVVJEYl9MSkhGS0hFTUpHQT4+ZWdMe4hCd4U4i5pJn6tP
203=08ZE7OcY7+wS9fIPpJosvLMi8/AP8O0Q8O0Q8u4P8u4O7+sUxs0inqlDpKJZr6dem6JWkZ
204=9NfI9AI0IGN0YacX81bH4zK0IROUccY2wwZnMweotCj5FIbmxhVE9NQzw4aGk6k5VJgpFC
205=ZH4rZW4xZ2AzhIA8YXAwRV8aLk4NREocfWU4ZnMuJj8MPkscV1gnh3tDfIA9WWspeII6lJ
206=NJmJdHcnwvOVITdHM0iItFlphLf4A8NkUWLDoTVFQnjIpCcnI1gJdHnZhNg2M6gWE4lopF
207=goRAe3pBeGxAlWMyiHM4m69Vm6dWiJVKdYc7f48+iphHpa5WiZ1NiZGDcG9mT0k6SUE1QD
208=suVFJISEY8LSggTlM2fYxIn61cjplnz8RD7ecZ7uoS8O0Ryr86wrkt7usR8OwR8e0P7+wO
209=5ucO2t4Toa84fZNNgZdHiZpImqNSOlUfQVMhT2QgW2wtTmIhPVUaY20zkZpPkJtMlJZJnp
210=pKj5dKjYdMfXlUhYJKjpJGjZxLiphFangyf3g+opJLnY1FYHE4VWcqR10icnQ3lZJIgIg+
211=SlwkS1olQ0wiWFwvPkcXKUQNPVcTQk4efH86Q2AaOk8camg4nJZMmJdKk5tIeoI7dno7nI
212=ZGdn03L0oNO1cZdmQrbEstfXM9kJNKiaFKiW46Zkc0lmIzdng9k6VOnatWfZFCZnk2Znw5
213=b4A7l6JPm6lVnqdqmaKHe3xwX1dIIhsQT0o5PDckIB0NT05IV2BTWGFYNz5G2MlG7egX8e
214=4N8e4K9vQK+PUM8e4K8u8M8/AM8u8P5+UUvb45hZlHkpxPs6dhjp5MmKdPeYxFhJJGfotB
215=hI9Gg5hDS2sgXGorXHArgZRFmaNSkY9EjJlKjp9JkJtHiJZBVGwhb4c6i5pMlINGl31DmZ
216=RFjYNCkYVFn5lOk45Fgnc8lJlLn5hMnZxPmpVIl55OkJpJWGksOVgVJEQIPksbhXY/jJJK
217=l5xMiYxGjJZIjpVHjYRAmIVCnpZLkIlFW2kmLkkVPVYYTVgcc18vj4tHkoBDlX9HjWEzf1
218=4zhINBho9Ef5FCmKZPd41AcIA9k5VQpKRZnZ9UlqJSnqlPi5lNmaKRfX91ZmVXbmxbS0k5
219=MjYxOD8/LzU6KzE6PENJxbhW2tA14dU14dYw39Yx39Yu39Yy4tcy4NUzz88pv8UqlqRGh5
220=dPpaNZuKljlaJSnalRkqFOnqxSo69Xg5FDf5A/hIw/XGsqLEYNQUwfdHw9TmMrVVsohoY+
221=kKZRdI89L0QUPEgde3c5mn9BoXxGkIdKiIRIo5ZKn4xJmJZLjYZDopVNmI9InYtJmIdKmZ
222=ROoKJNpKpTgYhDXmsvbW82nJVHo55PoZ5PoKBPm5pNo5pNlZVHl5FJmphOm5tLkJlKiIRC
223=n5VLm5hJm5ROnZFKkoFEmXlEjV80hnY5h55Lcns8bX04jppLoaJWrKdapalYfY5CboA3lq
224=NPoatWnJ9RpKNen6iBo6yheIJ9Rk9PNj1AMDc/QElOZHBchJRcEQAA

[Map]
Theater=TEMPERATE
Size=0,0,52,52
LocalSize=2,4,48,41

[Waypoints]
0=83045
1=23062
26=28045
27=80061
28=54030
29=50071
699=54053

[IsoMapPack5]
1=ig4AIAk0AAEA//8AAAACADNMAAH//wAAWQA0TADJATUoKwAyAANUA0gAbgUDAMEENFQCyQ
2=E1KCkANigrADEABEwGSwACADIoKQAzKCkANEgBJwUBBP0KNihVADcoKwAwAAVECUsAAgAx
3=KCkAMigpADMoKQA0KCkANUgByQw2KCkAN0oB+wGRCThJAfGrAS8ABkgCSwACADAoKQAxKC
4=kAMigpADMoKQA0KCkANUgB3Qo2SQH1vQo3SAHNEDhJAfy1AjlIAdcCLgAHVA5LAAIALygp
5=ADBJAf2tBTFIAVgDZTQyKCkAMygpADQoKQA1KCkANigpADdIAdUNOCgpADkoKQA6KCsALQ
6=AIkA1BQC4oKQAvKCkAMCgpADFIAcUeMkkB770VMygpADRJAfO1AjVIAcEENigpADcoKQA4
7=SAHNMTlIAd0VOigpADsoKwAsAAnxFC0oKQAuKCkALygpADAoKQAxKCkAMkkB9qUTM0kB8K
8=kBNEgBgwsCADVIAcEENkkB7aEENygpADgoKQA5SAHNGzpIAdUYO0gB1Rg8KCsAKwAKhAxd
9=KywoKQAtKCkALigpAC8oKQAwKCkAMSgpADJIAdEUM0gB0RQ0SAHZETVIAdUCNigpADcoKQ
10=A4KCkAOSgpADooKQA7SAHBGjxIAcEaPSgrACoAC+EaKygpACwoKQAtKCkALigpAC8oKQAw
11=KCkAMSgpADJIASduAwsA1Rg0VALJATUoKQA2KCkANygpADgoKQA5KCkAOigpADsoKQA8SA
12=HNJj1IAcUePkgBxx4pAAz5HCooKQArKCkALCgpAC0oKQAuKCkALygpADBIAcFnMUgBwQ8y
13=SAHNGzMoKQA0KCkANSgpADYoKQA3KCkAOCgpADkoKQA6KCkAOygpADwoKQA9KCkAPkgBxZ
14=c/SAHQHwIoAA0AKnsfAgApSQEiqQEqSAFkAUlZKygpACwoKQAtKCkALigpAC8oKQAwKCkA
15=MUkB+rFsMkkB8qkBM0gBySI0KCkANSgpADYoKQA3KCkAOCgpADkoKQA6KCkAOygpADwoKQ
16=A9SAHFgT5IAdEfP0kB+bkRQEgB1wInAA6MH1EfKEgBlSMDVSMO4SUqVgIBAk8EAgArKCkA
17=LCgpAC1JAQOhBC5IAdEqL0gBUAZ1vTAoKQAxKCkAMkgBzRAzSAHNJjRIAcElNSgpADYoKQ
18=A3KCkAOCgpADkoKQA6KCkAOygpADwoKQA9KCkAPkgB0VY/SAHNJkBIAcUTQSgrACYAD7P7
19=BgAnSQEmcxsFAChIAY0mBE0mD60mA1sADwAeYQQDTCYnKQAsTAWXIwMALUgBfAMBAAMALk
20=gBkAl+5g8AyS0wVALJATFIAZgGIgQizBAiDCMnKQA0QATFjDVIAdknNigpADcoKQA4KCkA
21=OSgpADooKQA7KCkAPCgpAD0oKQA+KCkAP0gBJ8wEJzkCQVQC2SdCKCsAJQAQgB4BAAYAJk
22=gBgARlKRDxKihUAp0gBUUpEEgoWQUEWQAQpSkERikQAJ8gBAAs7AVlKRCsJmQpzwUDAC9B
23=BAJvUgMAMEgBmwYDADFIAYgMZCnQCWcpEAD3vWI0QATFdjVIASclBRD5tjcoVQA4KCkAOS
24=gpADooKQA7KCkAPCgpAD0oKQA+KCkAPygpAEBIAdm2QUgBgyUCAEIoKQBDKCsAJAARVCRL
25=AAYAJSgpACYoKQAnSAGFCAZFVRHpLSlUAp0gBV0rEbEqBV0rEUgzUAl9KxH1Li1MBYlZBE
26=RVzQUEXysRAK5tJgRcK9gGfCvDBAMAMlkGBGAwfysRAPhvBQIANFQCmBEiXiIRANFWNlQC
27=yS03KCkAOCgpADkoKQA6KCkAOygpADwoKQA9KCkAPigpAD8oKQBAKCkAQUgB2X9CKCkAQy
28=gpAERIAc8xIwASSCNLAAYAJCgpACUoKQAmKCkAJygpAChIAYUeBlVaEuEwKlQCwTArSAGF
29=VQVWWhIAyQEtVAKRVgVWLhIAhCl3LhIAq2Qpdy4SAKapATFNBQVoLXQuzAV2LhIAJZEuNE
30=AEjBB1LhIo1QUSKFQLJykAOEwFzTE5KCkAOigpADsoKQA8KCkAPSgpAD4oKQA/KCkAQCgp
31=AEEoKQBCKCkAQygpAEQoKQBFSAHDMCIAE1QvSwAGACMoKQAkKCkAJSgpACYoKQAnKCkAKE
32=kBrGwmbTETuScGRWAT+TIrKIEALEgBnSsGTrUTAJwrbTETKC8GEwCvcAlvMRMAqakBMVgG
33=jAVsMcwFbDHIDGRgJykANUwF1d42SAHdjjdIAcEwOCgpADkoKQA6SAHNBTtIAc0FPCgpAD
34=0oKQA+KCkAPygpAEAoKQBBKCkAQigpAEMoKQBEKCkARUgB1b1GSAHHSiEAFEwySQAGXIgn
35=KQAjKFUAJCgpACUoKQAmSAHNMSdJAah4J2+UFACnqQEpVAKQKmU0FCiFBhSlYAZXZRQApa
36=0FLUwFlC5lNBTxmC9UAojoZTQUVBNRFARPwBQAH0QBRe8yQASUcGU0FLTIZDTMBXRlww8C
37=ADZMBcUeN0gB3TY4SAHNMTlJAfR7EQIAOkgBzQU7SAHVnDxIAc0FPUgB3TY+SAHVAj9IAd
38=UCQCgpAEEoKQBCKCkAQygpAEQoKQBFKCkARkgBwWdHSAHbESAAFWkfAFHwISgpACIoKQAj
39=KCkAJCgpACUoKQAmSQGxeBxs9ycxAShUAoALZGsnVQAqKFUAK0gBhJd9NhUo3QYVsDV9Nh
40=Xtny9MBc2fMEgBkDV8NswFZGvPBQMAM0AEjQUDTcsVrHN8NswQfDYnKQA3TAXdIDgoKQA5
41=KCkAOigpADtIAc3WPEgB2QY9SAHNqj5IAdUCP0gBzTxASAHJOEEoKQBCKCkAQygpAEQoKQ
42=BFKCkARkgB0WxHSAHJDEgoKwAfABaELUk4ICgpACEoKQAiKCkAIygpACQoKQAlKCkAJigp
43=ACcoKQAoSAGQ+3Q5J7UBKlQChw8GACtIASc1Bxbldi1VAqSpQy5JAaqpAS9IAc1zMEgBnG
44=11ORbhcjJUAiNZMgRVORakrXU5FqhDdDnMBXU5FiapJjdYBiWBNzhIAcElOSgpADooKQA7
45=SAHdNjxIAc0FPSgpAD5IASUdOz9IAcFyQCgpAEFIAcE7QigpAEMoKQBEKCkARSgpAEZIAS
46=c1BxazmAIASFQCzRBJKCsAHgAXmCtBOx8oKQAgKCkAISgpACIoKQAjKCkAJCgpACUoKQAm
47=KCkAJ0gB0a4oSAHZqylIAYQPZK0nDQIrVALBfSxIAcEELUkBraE7LkgBlxgGAC9IAYM7BQ
48=AwSAGBcgVFrRejcgQAMlQCgDBtPBegO208F7NAAwA1QAQjkCNtPBcmuSg3VAKDDwIAOCgp
49=ADlIASW9LjpIAdWcO0gBzQU8SAElzVE9SAGTFAIAPigpAD8oKQBAKCkAQUgB3XhCSAHZPU
50=MoKQBEKCkARSgpAEYoKQBHSAElPSlISAHFE0lIAc0QSigoAAIdABgASmMWCgAeSQFIqQEf
51=yAEBAQoAIEkBSbUCIcgBVQIiSQFFtQIjyAEBAQYAJEgBcAJNRyUoKQAmSAHZPSdIAdHlKE
52=gBzQUpKCkAKkgBzX4rSAHBBCwoKQAtSAHNfi5IAcF9L0gBwX0wSQEFIhgqZT8YrDxlPxis
53=PGc/GAAnYAtnPxgAI6kBNVgGJ+UHGCbJKjdUAn0DAGU/GIQBSQE5VALF7zpIAdntO0gB3S
54=s8KCkAPUgBnAZmPxgAh4wCAD9UAs0FQEgBzX5BSAHNfkIoKQBDSAHRQEQoKQBFKCkARigp
55=AEcoKQBIKCkASUgB3UFKSAHdQUtIAcwQARwAGQCHNAoAHUgBkCp+QRkAyQEfKFUAICgpAC
56=EoKQAiSAEjnSoKQyoZAEVKHgQKXEGoAQEFBgAlQARQAmn+JkgBI8kqBl0wGSTLKgYAKFQC
57=wQQpSAGYEWeBGQCioX0rVAKYEWz3xBMiVCwngQAuQATNiS9IAY0bBkeBGQAG/UEZJLU4BU
58=eBGQAFdAJ9QRm0RH1BGbREZIHUAmSB1wICADdcCsl6OEgBnxUCADkoKQA6KCkAOygpADxI
59=AZsRAgA9SAHZBj5IAdH7P0gBwQRAKCkAQSgpAEIoKQBDSAHdg0RIAclDRSgpAEYoKQBHKC
60=kASCgpAEkoKQBKKCkAS0gB1URMSAHT2hsAGpgVAQAKABxIAYhvdUQauDJ0RCcpAB9ABJA1
61=dIYnVQAhKFUAIkgBmH93RBoAQWQLdESoAUGIJUAE2X8mSAF8A02JJygpACgoKQApSAHZSC
62=pIAYAPIkwgwA90RCcpAC1ABIMPBgAuSAHdCi9IAYSBfcUaQFdcAnaGGgCEznVEGqxHd0Qa
63=ALJjUQQANFgGhEp1RBqregMANvQCdETMJnSGJykAOUAEQAwiJVI6KCkAO0gB2X88SAEldW
64=c9KCkAPkgB0YI/SAHZMkBIAcFGQSgpAEJIAcnSQ0gByUNEKCkARSgpAEYoKQBHKCkASCgp
65=AEkoKQBKKCkAS0gBJSkhTEgBzRBNKCsAGgAb7YkbSAGEdm1HG+FGHVQCkDVsRydVAB8oVQ
66=AgKCkAISgpACJIAYg4bUcbjUcCbEepAQNljBsmTTYmTAXZwSdIAZQuZYwbhAFFSikoVQAq
67=SAGUWmxH2BFsRycpAC1ABIAPbEcnBQEvVAKQQG1HG/mKMVQChEplzhukSm1HG0SdTA9kjN
68=QCbUcbuMxtRxu8TG1HG6RKbEfUDWSMJykAOkgM1cg7SAFUCmVKPCgpAD0oKQA+KCkAPygp
69=AEBIAd02QSgpAEJIAdmKQ0gBJ+0IGyZ1RkUoVQBGKCkARygpAEgoKQBJKCkASigpAEsoKQ
70=BMSAHRjU1IAdVaTkgBxRMZWI2NwApJSxztRxtUAs1HHCgpAB0oKQAeKCkAHygpACAoKQAh
71=KCkAIkgBgDtnShwAQGgpZEqoAZWRHKWBBkHEHHgDedcnWAaEEwcGACgAHACqAQAAEQAA4A
72=4AIAUABgApABwAAGAABQYAKgAcAK8BTwEGACtJAaKpASxJAaepAS0oKQAuSQGmtQIvSgEG
73=AlsGBQAwSQGxdwIFADFJAQV3AgQAMkkBJ1wDAQADADNJASOpATRJAf1vBQMANUgBgwQCAD
74=ZIAYMEAgA3SQH2YwQCADhJAfWpATlIAWAIAQACADpJAfy1AjtIAdUCPCgpAD1JAfuhBD5J
75=AfOpAT9JAfGpAUBKAf//QwcCAEFJAfe1AkJJAfKpAUNJAe2pAUQoKQBFKCkARigpAEcoKQ
76=BIKCkASSgpAEooKQBLKCkATEkB8KkMTUgB2RFOKCkATygoAAIYAB0ArG8FCgAZSAGHNAoA
77=GigpABsoKQAcKCkAHSgpAB4oKQAfKCkAICgpACEoKQAiSQGltQ0jSQFAfyQKACTIAQEDBg
78=AlSAFRAgBZSCYoKQAnSAGTQAYAKEgBwQQpSAGMG35MHQDJAStVAq1rDAYALEgB1QItKCkA
79=LkgB0QkvSQEmdAl/TB0AIqkBMVUCH2gBfkwdAIgBfkwdAMVKNEEECWFRAl5MHQDRSzZUAs
80=lDN0kB9GwQfUwdaAkCAAACADlUAowBfEwnVQA7KFUAPEkB+bkGPUgBzQU+KCkAP0kB+KEE
81=QEgBjBt+TB0A0VZCKFUAQ0gBzV1ESAHJTkUoKQBGKCkARygpAEgoKQBJKCkASigpAEsoKQ
82=BMKCkATUgBxWBOSAHFE08oKQBQKCsAFwAe6U4YSAHJThkoKQAaKCkAGygpABwoKQAdKCkA
83=HigpAB8oKQAgKCkAISgpACJIASf3CR4AP2AsdE+pAQF1Tx5sArRPJykAJ1gGmAJ0TydVAC
84=lUApgcdU8eKPcJHgCrZDR3Tx4ApKkBLUwFyZsuSAHZBi9JAa6hBDBJAYJoAXacHgBpAQF0
85=T6kBAnRPqAEBAwIANEwF3Uw1SAHVLjZIAZAUdJzQFHRPJykAOUAE1ZE6SAHNnztIAdkGPE
86=gBwUY9SAHBBD5IAcEEP0gB3UxASAGUGHRP0x8CAEIoVQBDSQH6YxoCAERIASf2CR4AyQFG
87=KFUARygpAEgoKQBJKCkASigpAEsoKQBMKCkATUgBwZ5OSAHFE08oKQBQKCkAUSgpABZMe8
88=2fF0gBwVEYKCkAGSgpABooKQAbKCkAHCgoAGCFxQgeVAKd2wpCAR8AyQEgUAHBBCEoKQAi
89=SAEnTQofjVICbFKoAYSigJCsUicpACdYBpgyb1IfALBoLWfvHwCoqQEqQATVTytIAYAPbl
90=IfAMkBLShVAC5IAdkGL0gBmREGRe8fgVEEbFKoAQEFBQAyQAR4U1nzM8kBB25SHwCIWWai
91=HwDNlDZABJAUbFLIF2xSJykAOUAEzQU6SAHNBTsoKQA8SAHJTj1IAcEEPigpAD8oKQBAKC
92=kAQUgB0UBCKCkAQygpAERIAc1dRUgBJ00KH/lTRyhVAEgoKQBJKCkASigpAEsoKQBMKCkA
93=TSgpAE5IASWlIE9IAcVrUEgB0RRRKCkAUigrABUAIP2kFkgBnzYKABcoKQAYKCkAGSgpAB
94=ooKQAbKCkAHCgpAB1IAY08CklhIKSXZFUnKQAgQASTmAoAIUgBwQ8iSQGpcUsKR94gAFhw
95=MWdVIABHqQElQARoAQEBCgAmSQFItQInyAFVAihJAUW1AinIAVGuKkgBJ40oIPlTLFQCgw
96=8GAC1IAYMPBgAuSAGPJgYAL0gB2QYwSQGqZxMGADFIAXpTCQZFVSCcVwEKAgAzVAKAfWZV
97=IACQH2VVIP3mNkAEYBNV9DcoKQA4SAHFrTlIAcX6OkgBzQU7KCkAPCgpAD0oKQA+KCkAPy
98=gpAEAoKQBBSAHJ/kJIAY8bAgBDKCkAREgBwalFSAElESlGSAHRVkcoKQBIKCkASSgpAEoo
99=KQBLKCkATCgpAE1IASf1FCCIG10gT1QCjwECAFBIAcUTUSgpAFIoKQBTKCkAFEhGiy0KAB
100=VIAYs4CgAWKCkAFygpABgoKQAZKCkAGigpABsoKQAcKCkAHSgpAB5IAYSXfVchrZ8KUREh
101=uEh+VyEAj0cKACJNBY9kGn1XIeVrJFQCn6QKACVIAZT0f1chAJOtBSdUApMfCgAoSAHVAi
102=lIAWhZAQQKACrJAQUijTMhJrkzLFQCgA99VyGwbHxXJykAL0AEnQoGRK0nVQAxVQJAYA9+
103=VyEAaQEBfVchJFQhfFfAGnxX2AYijTMhcgYAAGStJykAOFAJmAIi7CknVQA6KFUAO0gB1U
104=88SAHNBT1IAdlePkgBJYEhP0gBwQRASAHBBEFIAc1SQkgByZtDSAGMG3T/J5ECRShVAEZI
105=AdVaR0gByVlIKCkASSgpAEooKQBLKCkATEgBwQ9NSAEn/AonmQNPVALNG1BIAckXUUgBxR
106=NSKCkAUygpAFQoKQATSEbJWRRIAclZFSgpABYoKQAXKCkAGCgpABkoKQAaKCkAGygpABwo
107=KAAi+DGARnWyIqBGdFonKQAgTAUj3DJ3WiIAjWQad1oiAIapASNABNm2JEgB3RUlKCkAJk
108=gBzV0nKCkAKEkBpnenCgApSQFBsQkqyAFBtCtIAXECACL8ICOMNCIxIi0oVQAuSAElBSIv
109=SAGAcnZaIgAnVxYiAEBJCAJ0WqkBA3ZaIgCAGnRa3Ap2WiIAJZ0qNlEJ72QTdloiANFLOF
110=QCTgkAAHRaJ9kAOihVADtIASXRIDxIAc0FPSgpAD5IASXZIT9IAcEEQCgpAEEoKQBCKCkA
111=Q0gBI3hBdFrbMgIARVQCxUpGKCkAR0gBJYEhSEgBxVVJSAHNXUooKQBLSAHNy0xIAdkRTU
112=gB0RROSAHVAk9IAdUCUEgB1QJRKCkAUkgB2RFTKCkAVCgpAFUoKQASQPnBXBNIAcFGFCgp
113=ABUoKQAWKCkAFygpABgoKQAZKCkAGigpABsoKQAcSAGG7woAIsw8kBRtXSPpsR9ABMFRIE
114=kBkXAbb10jAIipASJVAoqpASNIASetCyP1vSVUAiW1LSYoKQAnSAHNGyhIAc0QKUgBbV0C
115=ZrgjAGkBA2S4IzQ/YVwsQARwDVleLSgpAC4oKQAvKCkAMCgpADFIASNsJG1dI1hDTwgGAD
116=NUAn3FAWxdyAxuXSMA2aA2QATRQDdIAVAGYVw4SAElXS05SAHRrjpIAdFhO0gBzQU8SAHB
117=Zz1IASXBKT5IAdGjP0gBzQVAKCkAQSgpAEIoKQBDKCkARCgpAEVIAZ82AgBGKCkAR0gB3W
118=1ISAHBBElIAcVgSkgBzRBLSAHNEEwoKQBNSAHVWk5IAcEET0gBxQhQSAHFgVEoKQBSSAHV
119=01NIAcEPVCgpAFUoKQBWKCsAEQAk6U4SSAHJQxMoKQAUKCkAFSgpABYoKQAXKCkAGCgpAB
120=koKQAaKCkAGygpABwoKQAdSAHJsR5IAc0QHygpACBIAcEEISgpACIoKQAjSAHZBiRIAdVa
121=JUgBxcMmSQGLaykKACdJAatgqSINIyQk/Ct1vSQmFS8qQAQi6C4BAAoAK8gBAQEKACxIAS
122=UVLy3IAVUCLkkBSb0KL8gBVQIwSAFgXEUIMcgBSccySAFoBU1oM0gBYAQBBAYANMkBBWVg
123=JJwDUbk2VAKMAXW9JCRIOyK1OCQkAD11vSQkQEUi/kwkAIuFAgA7KNkAPEgBwVE9SAHRCT
124=5IAdlIP0gB2UhAKCkAQSgpAEJIAcVKQ0gBxQhESAHJb0VIAcVrRkgBzQVHSAHNBUhIAcFR
125=SUgBwQ9KSAHVe0tIAc0FTEgB3QpNSAHRxE5IAdEUT0gB3cVQKCkAUSgpAFIoKQBTSAHZEV
126=RIAc0QVSgpAFYoKQBXKCsAEAAl8WERSAHFShIoKQATKCkAFCgpABUoKQAWKCkAFygpABgo
127=KQAZKCkAGigpABsoKQAcKCkAHUgBxbgeKCkAH0gBxRMgKCkAISgpACIoKQAjKCkAJEgBJ1
128=8MJQCSeC4ibC8nxQMnQATdCihIAc0FKUgBJZkvKkgBxeQrSAHBciwoKQAtKCkALkkBqLFs
129=LygpADBIAYdVCgAxSQFFTBABBAoAMsoBBQZFwyUj1EdJZDRUAiJQUlHENUgBSAVtwDYoKQ
130=A3KCkAOCgpADlJAa9gD31iJSS4M31iJYAIRWs8QASPAQIAPSgpAD5IAdlTP0gB1U9AKCkA
131=QSgpAEJIAd1XQ0gB0QlEKCkARSgpAEZIAdVwR0gBzQVISAHNXUlIAdEJSkgBwQRLKCkATC
132=gpAE0oKQBOSAHR5U9IASddDCUmzUZRKFUAUigpAFMoKQBUSAHFa1VIAdVlVkgB1WVXKCkA
133=WCgrAA8AJulkEEgBwUYRKCkAEigpABMoKQAUKCkAFSgpABYoKQAXKCkAGCgpABlIAcVgGk
134=gB1Q0bKCkAHEgBxVUdSAHVvR5JAYtoKSLNMCYktDgiJTwmJm0kIUAE0QkiKCkAI0gB1Q0k
135=SAHBBCVIAc1dJkgB1QInKCkAKEgB2QYpSAHNBSpIAc0FKygpACwoKQAtSAHJFy5IASWFJy
136=9JAYepFzBJAa1oWXdlJgBAtQIyVAJoAUHKM0gBaWQCdcgmgGcBAwIANVQCaAUBAAIANigp
137=ADcoKQA4KCkAOSgpADooKQA7KCkAPCgpAD0oKQA+SAHVWj9IAdUNQCgpAEEoKQBCKCkAQy
138=gpAEQoKQBFKCkARigpAEcoKQBIKCkASSgpAEooKQBLKCkATEgBJaE7TUgBxRNOKCkAT0gB
139=wX1QSAHBZ1EoKQBSKCkAUygpAFQoKQBVKCkAVkgBJe0pV0gBwWdYKCkAWSgrAA4AJ+FnD0
140=gByUMQKCkAESgpABIoKQATKCkAFCgpABUoKQAWKCkAFygpABhIASUBPRlIAYQTIiVzJ/Fh
141=G1QCzRAcSAHAUSJUb8XDHlQC1b0fSAHNBSAoKQAhKCkAIkgB1Q0jSQGPeC4iNVQnJABIIj
142=VJJyTgImXOJ/VwJ0wFwQ8oSAHZBilJAa+5XipJAaepAStIAc0QLCgpAC0oKQAuSAHNyy9I
143=AdUYMEgBJw0NJ41oAmTOqQEDZc4nJNwnbmgnACMtJwZMaKgBUWw2RQhIYxoGADfIAVUCOE
144=gBI48oBgA5yAFVAjpIAQlGAAAAAAYAOwAnAEYRAADaEAAgBgAAAAECADwAJ0ABSAAFAgA9
145=ACcAsAGJAT5JAaipAT9JAaapAUBJAfmpAUFIAUQFAgAAAgBCKCkAQygpAERJAfetBUVJAe
146=+pAUYoKQBHSQHxtQJISAHRCUkoKQBKKCkASygpAExJAfy5Bk1IAdkGTigpAE9JAfahBFBJ
147=Ae2pAVFJAfKpAVJIAdUCUygpAFRIAcEEVUkB9K0FVkgByQxXSgH//1MBAgBYKCkAWSgpAF
148=ooKwANACinKQoADkkBp3MJCgAPKCkAECgpABEoKQASKCkAEygpABQoKQAVSQGisQkWSAHd
149=ChdJAam1AhhIAZMUCgAZKCkAGkkBq6EEG0gBxQgcSAHFCB1JAaShBB5IAcEEHygpACAoKQ
150=AhSQGlrQUiSQGRRCIBAAoAI0kBiKkBJEkBiakBJUkBi6kBJkkBq7kGJ0gBxQgoSQGSoQQp
151=SAHJFyooKQArSAHZBixIAcUTLSgpAC4oKQAvSAHVGDBIAckMMUkBWKkMMkkBSakBM8gBAQ
152=EKADRJAUi1AjXIAVUCNkkBR7UCN8gBVQI4SQFFtQI5yAEBAQYAOkgBiwwGADtIAYsMBgA8
153=yAFBBD1IAZsGBgA+yAEBAQIAP0kBsWsiAgBASAHRVkFIAdVlQkgByWRDSAF8Dl1tREkB+r
154=kGRUgByVlGSAHdV0coKQBISAHRCUlJAfW5BkpIAdEJSygpAEwoKQBNKCkATkkB+7kGT0gB
155=yQxQSQHwtQJRSAHRCVJIAdUYU0gBwQRUSAGPjAEAVUoBCAJXBQEAVkkBKEQBAQABAFdIAc
156=EEWEkBCaEEWUgBwQRaSAGLQwIAWygoAAIMACkANmcICgANyAFFNA5JATe1Ag/IAVUCEEkB
157=NbUCEcgBVQISSAHFCBPIAVUCFEkBV60FFUkBrXscCgAWSQGNtQIXSQGHqQEYSQGsoQQZSA
158=HVTxpJAae1AhtIAcFRHEgBlxgKAB1JAa+hBB5IAc0FHygpACBIAc1dIUgBwQQiSQGouQYj
159=KCkAJCgpACVIAc0QJkgB2QYnKCkAKEkBqqUIKUgB2REqSAHVGCtIAcEPLCgpAC1IAdEJLi
160=gpAC9IAc0FMCgpADFIAdEUMigpADMoKQA0KCkANSgpADYoKQA3SAHRFDhJAZOpLTlIAW5o
161=BApebSkAaQEFfW0pegMAAH1tKbGuBkbZKQCECHxtrgUEBlxtqQEFfm0pAM1oQVwK1VpCSA
162=HRVkNIAYMLAgBEKCkARUkB+HsnAgBGSAHBBEcoKQBISAHBBElIAcEESigpAEtIAc1dTEgB
163=zV1NSAHNXU5IAZsyAgBPKCkAUEgBxWtRSAHJelJIAdl/U0gByRdUSQEmZA9/bSkAHqkBVl
164=UCLakBV0kBI6kBWEgBZAFVcFloAalvWkgBzRBbKCkAXCgoAAILACoAOFwGSZsMSAFuaAIG
165=VXAqgnIDBlbeKgB0cFUCD0AEaAFVAhBIAXRwVQIRyAFVAhJIAcUIE8gBVQIUSQFVSAxNyx
166=VJAa10LndwKgCMtQIXVQKKqQEYSAHRxBlIAd1tGkgBzUcbSAHFCBxIAYwbd3AqAI2lCB5V
167=AoWpAR9JAYupASBIAYO0CgAhSQFStQIiSAFgGkUTI8gBVYYkSQEzoQQlSAHZBiZIAdkGJ0
168=gB2QYoyAFZBilJATS5BipIAdGCK0gB3W0sSQGpsR8tSAHBGi5IAdUYL0gB2QYwSAHNBTFI
169=AcEPMkgBfCtdFTPIAUEPNEgBbDFVAjXIAVUCNkgB2RE3SAHVDThJAbKtEDlIAYjddnAqAM
170=XkO1QCaAFFCDxJAUahGj3IAVVEPkkBQHQCdXAqWN0j7SlAVQKufwoCAEFIAX0DACI+KSoA
171=zV1DVQLzoQREKCkARUgBxXZGSAHF5EdIAcUISEgBJxUOKpACXQpKVAKPAQIAS0kBBq1dTE
172=gBlwIBAE1oAbUCTkgBJ9YbKgDNEFBUAt1tUSgpAFJIAdkRU0gBJxYOKgDBfVVVAge9ClZI
173=AclvV0gBIzMtAQBYSQEhcxABAFlJASWpAVpIAYw8dt4qAMkBXChVAF0oKwAKACuIb0ktC0
174=gBn0wGAAzIAVUCDUgBmD1ucysAaAFVAg9UAs0FEMgBVQIRSAGDRgYAEsgBVQITSAGb4gYA
175=FEgBbHNZPRVJAa1kNG9zKwCSaxcKABdVAqy1AhhIAclZGSgpABpIAdHEG0gB0VYcSQGRpQ
176=gdSQGIqQEeSAHBfR9IAdVaIEgBaJBdVyFJATxvBQYAIkgBYBpFjCPIAU2JJEkBM0AEVQIl
177=yAEBAwoAJkgB2QYnSAHZBijIAVkGKUgBcGFZBirIAVkGK0gBlyMKACzIAV0gLUgBcCpZES
178=7IAVUCL0gBfApVAjDIAVUCMUkBPlgRTdYySAFwCUkMM8gBQQ80SAFwCVUCNcgBVQI2SAHZ
179=ETfIAVkROEgBbBtJDDlIASP9NgpH5CsAqKEwO1UCqqkBPEkBQmEPCkbkKwBoAUE7PlUCQF
180=QCVQ0/yQEDZ+QrAKt4Bm5zKwAlBThCQATFa0NIAZBWZuQrAEsGAAACWfIrUDB0CUbkKwDN
181=BUdMBUwCYQRISAEl/TZJSAHVAkpJASdtAQFPcysAI6kBTFQCiAxvcysALbUCTlUCCblpT0
182=kBKLUCUEgB1YZRSAEl/TZSSAHBZ1NIAdkRVEkBBqUIVUgBI5g6IkUqK6B9IkYqKwCECG1z
183=K3gWXJVOcysAh3YCAFpYBt0VW0gB2RFcSAHZEV1IAcEPXkkBJqUpCUhGmT0CWTUshHZdJg
184=tUAnZEAgJFdiyc5lUCDVQCkUACVekshHZVAg9UAs0FEMgBVQIRSAHdChLIAVUCE0gBeHRd
185=TBRJATFjJQoAFUgB3cUWSAHVRBdIAdVwGEkBUq0FGUgBbBBVFRrIAV1XG0gBdA1VAhzIAV
186=UCHUgBZBNVAh7IAVUCH0kBPXMJBgAgSAFkdklOIUgBhFVldiylVQZUPicpACRABJNWBgAl
187=SAFiXAUGRnYsAIUTBkirqCJNGyhABHAUXQopSAFsBVUCKkgBdGVZBitIAXwVQVwsyAFZaS
188=1IAXgGVQIuyAFVAi9IAXQYVQIwyAFVAjFIAcEPMkgBYARJDDPIAUEPNEgBaAxVAjXIAVUC
189=NkgB2RE3SAHZEThIAXQCSQw5yAFdeDpIAZ8KCgA7yAFZJzxIAcmFPUgBkOUiTSssQOZUKn
190=TpqQEBZXYsKMYOLACUOXXpLPVwQ0QISHR5WURJAf1tUgNGdiwAkGEiTSssJlUsR0AEJbU4
191=SEgBTA15BkkoKQBKSAGYBmV2LJwDAQABAExVAv58Cmd2LAAEsWxOVAKDZwEAT0gBjxABAF
192=BIAcFyUUgB2WlSSAHNaFNIAcmFVEgB1Q1VSAGYBmZ2LADdg1dUAk0gAE0QWEkBJWASduks
193=AMUIWlQCxQhbSAGTHwEAXEgB2RFdSAEnxg4sAMV2X1QCaAFNCwigkH0gCUgBdAJJBwrIAU
194=EEC8gBnHiQlW0FDVQChIx+eC0AJbUiD1QCbBRFCBAoKQARKCkAEigpABNIAXx4RUoUSAF8
195=eE1HFcgBTUcWSAHNRxfIAU1HGEgByW8ZSAHNXRrIAVVaG0gBcFZRCRzIAVUCHUgBcAlVAh
196=7IAVUCH0gBxWAgSAF6BgAGUS8tkJhFEyJUAmgMVQIjyAFVAiRIAc0FJcgBVQImSAGF7wJd
197=eC2Im00mKFQCZAhFlylIAYtkAgAqyAFMEGTAZBNJDCxUAmgBUQktSAHJDC7IAVUCL0gBcA
198=lNBTDIAVUCMUgBiyICADJIAWQIQQ8zyAFBDzRIAXAJVQI1yAFVAjZIAdkRN8gBWRE4SAFo
199=ekkMOUgBYARRjTpIAZ0KBl14LbO5BgA8VALBnj1IAYxzfXgtnHhJLT9VAkFAQlUNQEkBsW
200=xoZO8nGQlCVALJWUNJASRMBU1HREgBlGVl7y1ApFgCfXgt/fFHQQQBd3ACAEhJASJcA1kG
201=SUgBZAFJAUpJASZsAX54LQCMBX14LUCvWAJ9eC0oHQ8tuGl8eEQTfAp9eC3ljFFRCQW1Al
202=JIAZMUAQBTSAGTFAEAVEgB0YJVSAEnHg8tAM0FV1QCzQVYSAHRgllIAc3sWkkBLkATQX1b
203=SAGAGnx4JwUBXVQCxQheSAHZdF/IAV0bYMgBTjwHAIgJeXQIKCkACUgB2QYKyAFZBgvIAV
204=kGDEgByXoNSAEl8S8OKCkAD0gB1acQSAF4FUktESgpABIoKQATSQEyZAQiXi0uACWJLRVU
205=AmB9RUoWSAHFShfIAVVPGEkBsndEBgAZSAHNcxpIAXxXTVIbyAFZXhxIAXhTVQIdSAHZBh
206=5JATqhDx/IAVkcIEgBZAhZHCHIAU1SIkgBeGlVAiPIAVUCJEgBzQUlyAFVAiZIASPwL3V7
207=LiQfRgIAKFQCcA1dICkoKQAqSAFkE1FGK0gBmRwCSa4uoWcCSTUuhIxBDy5ABHQNSQwvSA
208=HZETDIAVUCMUgByQwySAHNEDNIASOTIwIANEgBI1UhAkyOJ+UHNlUCj30GAlIOLgDZEThU
209=AnR7QQ85yAFVLjpIAXAURSk7yAFdKzxIAWQTVQI9yAFVAj5IAdWcP0gBZAxRH0BJAZFsAX
210=d7LgCLqQFCVAJkAUEEQygpAERoAXhpdnsuACNDOgMARlQCl8gDAEdIAYhkdnsuACPbLAIA
211=SfcCAQBKSQEHZAh0eyKoXFAMdXsuJiErTUAE2X9OSAHZaU9JAf9wS3V7Lq9+AgBRVALJ6F
212=JIAcnoU0gB0XdUSAGMECLkSdgGdPTILSJeLS4AJXkgWEwFxYFZSAHRCVpIAcEEW0gBwQRc
213=SAHBBF1IAVAkffxeSAHZdF/IAV1XYMgBXTZhSAHH+gYAL0QfSwACAAcoKQAIKCkACUgB0Q
214=kKyAFRCQvIAVEJDEgBm5UCAA1IASPYIWX6L+WtD1QCmycCABBIAZ8VAgARSAFYDmWMEigp
215=ABNIAWx+SQwUSQFTZwQGABVIAZNWBgAWSAEjI1cGABdIAZNWBgAYSQE7rQUZyAFFCBpIAX
216=RPURQbyAFRYRxIAWhZVQIdyAFdVx5IAWx+VQIfSAGXDQIAIEgBiQwCRvovANFhIlQCcA1Z
217=LSMoKQAkSAGF2QJBxC8k6S4CQc8vJsEpJ0AE2QYoSAHBJSlIAVQSfSAqSAHBJStIAc0FLE
218=gB3QotSAHFdi4oKQAvSAHRFDBIAdkGMUgB3RUySQGxc1YCADNIAcEENCgpADVJAY15AgJL
219=ii8AhqkBN1QCZAFZHDgoKQA5SAF4f0GTOkgBbH5NJjvIAUUZPEgB1S49yAFVAj5IASOTLg
220=IAP0gBxRNASAGQrm5+LwCHdgEAQlQC0dpDSAHN1kRIAZhpbH4iRGtME2X6L7Rwbn4vAJRw
221=bH4nVQtJWAaUAm5+LwCUT2x+QAS5f0xABCXFW01IAdXTTkgBSRwAVelPSAGAD2x+wQ8BTX
222=4vUDtPEAEAUkAESBxtBVNIAYg4ZPpIDFwDRQhVVAKYPWx+3GJtfi9ERUQEIiw9JzEBWUwF
223=0QlaSAElvS5bSAHVkVxIAcEEXUgBwQReSAHZdF/IAUVgYMgBRTRhSAHNfmIoKwAFADBAEE
224=kAAki0JykAByhVAAgoKQAJSAHJDArIAUkMC8gBSQwMSAEnJBBQCXwrZYEwty4DAA9ABJQY
225=ZYEw/YMRVAKDGgIAEkgBmycCABNIAVwSfWIUSAFkgUnHFUkBr2hZZYEwpGtlgTBQMFQFZo
226=EwAGSBWREZTAXRSxpIAdFLG0gB0UscSAHQSwodADAAMwAAAAUCAB4AEQAAbxAAIA0wALAB
227=AAAAAgAfADAAqQEAaQEgSQGNRAFVAiFJAYOpASJJAYWpASNJAYmpASRJAYupASVIAWQBWQ
228=YmKCkAJ0kBIXsCAgAoSQElqQEpSAFkAQEAAwAqSgEGAlMBAgArSQGPRAFFCCxJASdrAQEA
229=LUkBCWMEAQAuSQEotQIvSAHNBTBIAXACWQYxSQGMbwECADJIAd0VM0gB3RU0KCkANUkBiK
230=0FNigpADdIAc0FOEgBzRs5SAHZETpIAdkRO0gB2RE8SAHFKT1JAailKT5JAampAT9JAZC1
231=DUBIAd0KQUgBkx8BAEJIAYMaAQBDSAFQGQIAAAEAREkBk7kGRUkB/rEJRkgBmxECAEdJAS
232=OhBEhIAZcCAQBJSAGXAgEASkgBgzABAEtIAYMwAQBMSAHNBU1JAQi9K05IAdkGT0kB+XcN
233=AQBQSAHZEVFJAft3AgIAUkkB9akBU0kBJm8QAQBUSQEDsQlVSAHVDVZIAXwDVQhXSQHYuQ
234=ZYSQHQqQFZKCkAWigpAFsoKQBcKCkAXSgpAF5JASalCF/IAQEBAgBgyAEBAgIAYUoB//9L
235=DwIAYigpAGMoKwAEADFUA0sAAgAFKCkABigpAAcoKQAIKCkACUgBwQ8KyAFBDwvIAUEPDE
236=kB/KUTDUkBJEQMUR8OSAGLLQIAD0gBj0cCABBIAZMqAwARSAGTKgMAEkgBi0MCABNIAWAI
237=RQgUSAGHFgYAFUgBlwIGABZJATlvAQYAF8gBWREYSAFwAlkGGUgB2T0aSAHNPBtIAclOHE
238=gBXARpTh1IAclOHkgBxQgfKCkAIEgByVkhSQGIZwQCACJJAYqpASNIAWQBQQokSAHBDyVI
239=AcFnJkgBkx8BACdJAf+hJShIAZsGAwApSAGZBgJegzEAnBV/gzEAkmcEAgAsQASUI3yDgC
240=JpFy5UAlAOaQEvSAHRFDBJAYm5BjFIAd0VMkkBhrUCM0gBi2QCADRIAZ9XAgA1SQEioQQ2
241=SAFkAU0LN0gBhxMBADhIAcEaOUgBkxQBADpIAY8FAQA7aAGxYTxIAc2qPUkBh2cEAgA+SA
242=HRCT9IAdEJQCgpAEFIAd0KQkkBjngGfoMxAIRKfYMxXKpbAgEARUAElwICAEZIAZgGfoMx
243=AI88AgBIVALNJklJAf10LnyDWCexFEtUAo1+Al6DMQDJek1UAp8gAQBOSAFMDX0rT0gBgF
244=x8gyc5AlFUAtUYUigpAFNIAdk9VEgBwXJVSAGPEAIAVkgB1QJXSQHXZxMCAFhJARZnEwIA
245=WSgpAFooKQBbKCkAXCgpAF0oKQBeSAHZdF/IAV1iYMgBWXRhSAHBD2IoKQBjKCkAZCgpAA
246=NIypMfAgAEKCkABSgpAAYoKQAHKCkACCgpAAlIAdkRCsgBWRELyAFZEQxIAckMDUgBzVIO
247=SAFQA2nzD0gBjKp1hjKIBUnoEVQCmUgCVYYy9WUTVALdKxRIAVU8AFUIFckBA3aGMgB0hl
248=UCF1UCrLUuGEkBqqkBGUgBwUYaSQGRfw0BABtJAYqpARxIAYtOAQAdSAHNPB5IAXwDVWUf
249=SAHVGCBIAcVrIUgBhEp1hjJIgFUFAVkWMulZJEEEBGc/AQAlSAGVkQFeUTIAgOB1hjKkYC
250=JWITIAiU4CVIYn8QMqWAbZXitIAZUjAVSGwAR0htgnIlQh0wkBAC9MBZEJAUjE3QoBSEAn
251=ZQIyQASXcAIAM0gBSBx5MjRIAZUNA1WGMkAVQxoCADZUAtkcN0gBwRo4SAHBGjlIAZQjdo
252=YyAJQjdYYyVB5HCAEAPEAE0Zg9SAGULnaGMgDZMj9UAtkyQEgBl5wBAEEoKQBCSAGAnnaG
253=MgAj2CF0hlAfvStFQATBk0ZIASXFJEdIAdUNSEgBxYFJSAFAVnl/SkgBgFEiVyEyAPihRk
254=xUAsktTUgBiJB2hjIA2RxPVALFCFBIAZcjAQBRSAGD4AEAUkgBg+ABAFNIAdk9VEgB3QpV
255=SAHdTFZIAdmVV0gBJ9YQMgAn1BAnKQBaQATVAlsoKQBcKCkAXSgpAF5IAdl0X8gBTRZgyA
256=FVZWFIAVwzZT9iSAHBiGMoKQBkKCkAZSgoAGhG2QYDVEfJAQQoKQAFKCkABigpAAcoKQAI
257=KCkACUgB0RQKyAFRFAvIAVEUDEgBly4CAA1IAZM1AgAOSQH3czUDAA9JAfOpARBIAZQuIg
258=UiM/1XElQCQAl5HBNIAZM1AgAUSQGyewYCABVIAXiKAQUCABZJAbC1AhdJAampARhIAdkc
259=GUgB2UgaSAFMFXlIG0gBnwoBABxIAd1iHUgBxT8eSAHVGB9IAdUYIEgBjQUDQkszAFwPcR
260=QiVQIfeA1tiTO9gwFZADNIi1gCbYkzXAWJASZMBZAJbokzAMVgKFQCyfMpSAFEBX0KKkgB
261=zX4rSAHJbyxIAYAEbYkzhQEAbIknKQAvQAScCm6JMwCcCmyJQASpbzJABN0KM0gBJy0RMy
262=SQI22JM7CjbInXGAIAN0wFxSk4SAHVhjlIAcEaOkgBnxECADtIAYGTAkyJ0wkBAD1UAtWc
263=PkkBLnMFAQA/SAHRCUBIAdkyQUgBgzABAEJIAcEEQygpAERIAcEPRUkBjHAJIgYiMwAldS
264=VHVALRd0hJAQexH0lIAd14SkgBm38CAEtJAfStR0xIAcktTUgBhNlsiSdhB09UAsUIUEgB
265=xT9RSAHdFVJIAd0VU0gB0RRUSAHNBVVIASPvKQEAVkgBIzsjAgBXSQHbrRBYSAHVhlkoKQ
266=BaKCkAWygpAFwoKQBdKCkAXkgB2XRfyAFJX2DIAVVrYUgBaCZVP2IoKQBjSAHZimQoKQBl
267=KCkAZigrAAEANIAIRAgi/CqPAQIAAyhVAAQoKQAFKCkABigpAAcoKQAIKCkACUgByRcKyA
268=FJFwvIAUkXDEgBUA5pZA1IAYk4A0aMNACIOGWMNP1XEEAEi04CABFIAZw2IrYiNACHuAMA
269=E1QC3XgUSAHBRhVIAZkGAUWMNCZ5IBdUAtkcGEgBmz0CABlJAR57AgIAGkgBn1cCABtIAd
270=VlHEgB3UEdSAHdQR5IAZBAIg1ENCSvLAMAIFQCjRACRYY0oIgitSI0sKNmjDQAiAxmjDQA
271=lJFkjEwxoVwmRAh0EUUkJ0kBkGwBIrYiNACc8SK3IjQAibUCKkAE1WUrSAHdFSxIAd0VLS
272=gpAC5IAcEPL0gBnApmjDQAgPZkjCcNAjJABCeFETRIoVgNbUQ0JsUkNUAElPRkjFgGXANd
273=FTdUAiNXIQIAOEgB0RQ5KCkAOkgBJaUgO0gByRc8SAHFdj1IAckiPkgBTQoAUaM/SAHVkU
274=BIAdkcQUgBzTFCSAHBD0NIAcEPREgB1Q1FSAHZJ0ZIAYQeIo0zNCZBJEhUAsEPSUgBJXEq
275=SkgB2UhLSAGUTyIMRCc1B01UAtEqTkgB0Y1PSAHFCFBIAd2kUUgB3RVSSAGfVwIAU0gBdC
276=dJHVRIAc0bVUkBLXgCZ4w0AAipQ1dUAs0QWEgB0Y1ZSQHTvY5aKCkAW0gByZBcKCkAXSgp
277=AF5IAdl0X8gBWXRgyAFZdGFIAWgQRRNiKCkAYygpAGRIAdGNZSgpAGYoKQBnKCgAIlg80A
278=l808sBBAA1hAFJDAUoKQAGKCkABygpAAgoKQAJSAHJFwrIAUkXC8gBSRcMSAGAMCINIzXx
279=Vg5UApQ5IhVFNe1zEFQCkBBkjFgRaC1mjDUAnLpljDUmpSAUTAUlOS4VSAHZPRZIAUQYZV
280=UXSAGXAgIAGEgBzRAZSAGY12SMJ+EBG1QCn/wCABxIAdFWHUgBI7ctAgAeSAGcCmaMNQCA
281=cmWMNayJZow1AFQdYakiTAWBUQJcGsAEZYw1JnUwJUAE1U8mSAGNXQJVrDVMAFkfAUykwy
282=UBAClABN1MKkgByfMrSAHZaSxIAd0VLUgB3RUuSAHdVy9IAUgyaSIwKCkAMUgBzRAySAGJ
283=kAJB0jUkkCNkjEAwVBFVHjVABNUjNkgBIxckAgA3SAHZtjhIAZecAgA5SAHRHzpIAd0KO0
284=gBwX08SAHFEz1IAZsGAQA+SAHZET9JAZKhD0BIAWQBTRBBSAHVDUJIAZsGAgBDSAHVDURI
285=AZsyAgBFSAHNBUZIAcEER0gBwQ9ISAHJIklIAYAEIhVFNe3AS1QCUA5tJkxIAcGeTUgBxQ
286=hOSAGPEAEAT0gBhD8iFUU1Jtk3UVQCyRdSSAGcV2SM00ACAFRUAoMPAgBVSAHdClZIAYPg
287=AQBXSAHdjlhIAZdlAQBZKCkAWkgByUNbSAHJkFxIAcmQXSgpAF5IAdl0X8gBQSBgyAFZF2
288=FIAd0VYigpAGMoKQBkSAEnhhE1AMkBZihVAGcoKwADADaMCUkoBCgpAAUoKQAGKCkABygp
289=AAgoKQAJSAHdFQrIAV0VC8gBXRUMSAGMDHiKJ7UBDihVAA8oKQAQKCkAEUgBxYESSAGTKg
290=IAE0gByegUSAHNMRVIAYc0AQAWSAGbBgEAF0gB1S4YSAHJ3RlIAdVwGigpABtIAdleHEgB
291=3RUdSAHZUx5IAZheeoo2AJRleYo2JFQhImk0NiTDPwMAIkwFiPN6ijYAwQ8kVALBDyVIAd
292=l/JkgBI+gjImk0NliQSA95ijYkbCR4ikwme6sBACpMBYAPInFWNiQEIiJyVjYA0RQtQASP
293=XQIALkgBUC91nC8oKQAwSAGDJQIAMUgB1WUySAFYDm0FM0gBxZc0SAHdFTVIASUhIDZIAc
294=ElN0gBXEZ5BjhIAZGjA1mKNuWtOlQC2RE7SAHBDzxIAc2UPUgB0aM+SAHZlT9IAcEaQEgB
295=xQhBSAHBMEJIAYkXA1mKNiQzIgIARFQC1ZFFSAEjSzsCAEZIAZREIuEiNuG/SFQC2RFJSA
296=GABHqKNgCUDSKZRTb9g0xABMkiTUgB3TZOSAHNJk8oKQBQKCkAUSgpAFJoAWg4eIpUOX0G
297=A1iKJ6EEVUAE0TVWSAHFE1dIAd3mWEgBIyBBeoo2ACP3QAEAWlQCgzABAFtIASNLMAIAXE
298=gBI6dBAgBdSAGPBQIAXkgB2XRfyAFZdGDIAVEPYUgBYBNBCmIoKQBjSAHBiGQoKQBlKCkA
299=ZigpAARAzcUIBSgpAAYoKQAHKCkACCgpAAlIAcUTCsgBRRMLyAFFEwxIASXlag0oKQAOKC
300=kADygpABAoKQARKCkAEkkB0iSxJxNIAYQpIm9FNwDxtQIVVAKEdmKINwAjMCJhiDdwW23L
301=GEAEJe0pGUgBxXYaSAGAkyKeVjcA0Y0cVAKTYQIAHUgBlJEiXyI3ACB4I2CIzQUCRQI3JC
302=ghIl0iNybNJSJYBtWcI0gBdAZZMiRIAcEPJUgBwQ8mSAGMBWGIN7CNYYg3JERAYYg3JCwy
303=YIjLDAEAK1gG3RUsSAElTTYtSAGZlQNCiDcAj3MDAC9UApteAwAwSAGAJWKINwDdYjJUAo
304=wFIlwiwA8iXCLNGwFczSfhATZMBcEPN0gB1SM4SAGUAiJdIjckh0gDADpUAsEPO0gBwQ88
305=SAHZoD1IAcGTPkgBwZM/SAFcJW03QEgBk40DAEFIAZ+ZAwBCSAGMBWKINwAlJTxEVALdjk
306=VIAdGNRkgBxQhHSAGPlAMASEgBl4YCAElIAcV2SkgBjAUibEXYJwkCAEwANwCGAAAAAAIR
307=AABBEAAgBABNADcAAABDAAIATigpAE8oKQBQKCkAUSgpAFJJASRUBgEAAgBTSgEJAk8BAg
308=BUSQEoRAFVAlVKAf0BTwEDAFZJAQWhBFdJAQRrAQEAWEkB+GMEAQBZSQEhSAUBAAEAWkkB
309=LakBW0gBnwoBAFxIAZ8KAQBdSgH//0cEAgBeSQEmZwgCAF/IAQEBAgBgyAEBAgIAYUgBRQ
310=UAWRFiSAHZBmMoKQBkKCkAZSgrAAUAOJQGWQYGKCkABygpAAgoKQAJSAHNEArIAU0QC8gB
311=TRAMSQEWZx4CAA1JAdO9FQ4oKQAPKCkAECgpABFIAdkGEkkB0bkGE0kB+qkBFEkB9KkBFU
312=kBJmcWAQAWSAFdDwBFKRdJASW1AhhIAYstAgAZSQEGexEBABpIAYc0AQAbSAGXOQEAHEgB
313=1S4dSQEHrQUeSAHBMB9IAY8FAgAgSQEjawwCACFJAY2pASJJAYmpASNJAYupASRIAcEPJU
314=kBk3cCAQAmSAHFPydJASK1AihJAYypASlIAZMJAQAqSAGTCQEAK0kB/nMfAQAsSAHZES1I
315=AZMUAgAuSQGSZwgDAC9JASdrAQIAMEgB3RUxSAGLDAIAMkkBiKEEM0kBiqkBNEgB3RU1SQ
316=GPdwIBADZIAVlCAF0rN0gBlQICQAFARmMlAgA5UQGObwUDADpIAcEPO0gBwQ88SAGXAgEA
317=PUgByS0+SAGLFwEAP0kB/28bAgBASAHVGEFIAZsGAgBCSAGbBgIAQ0gB3QpESAHZBkVJAZ
318=GtEEZJAYOpAUdIAY8bAwBISAHRCUlIAcUISkgBySJLSAHJIkxJAYZlCAJIhVgcqQFOVAJk
319=AU0hTygpAFAoKQBRKCkAUigpAFMoKQBUSAHdNlVIAcEaVkgB2RFXSAEnqhA4AJxXaoU4AM
320=U/WiiBAFtIAclZXEgBVBJlNF1IAc1+XkgB2XRfyAFZZGDIAVl0YUgBzQViKCkAYygpAGQo
321=KQAGVDzRHwcoKQAIKCkACUgB1Q0KyAFVDQvIAVUNDEgByXoNSAHRCQ4oKQAPKCkAECgpAB
322=FJAdepQxJIAcUIE0gBlzkBABRIAYcpAQAVSAHRdxYoKQAXSAHdTBhIAZAqcYI5RHFUEHKC
323=OQDVcBtBBPt0DXOCOQDzqQEdVQL1qQEeSAGLOAEAH0gB1Q0gSAHJDCFIAZFhAk0KOVwLSw
324=ACACNUAkEBAFU0JEgBxZclSQEDbGhygjkAxZcnVALRQChIAZNhAQApSAHNBSooKQArSAHZ
325=BixIAckMLUgBkBRygjkAlSMCUYI5XBBIBHKCOQCXZQIAMUwFzV0ySAHRKjNIAZsGAQA0SA
326=GbUwEANUgBjBtwgkwbqRc39AJwgtQCcoI5AIgXcoI5AJuKAgA7TAWboAIAPEgBlAJygjkA
327=lwIBAD5UAs1dP0gB1RhASAGbEQIAQUgBmBFygjkA3a9DVQKHSBtdK0RIAdkGRUgBmzICAE
328=ZIAYsXAwBHSAGZHAJQgidJBElUAskiSkgBl4YCAEtIAXgKXQpMSAGAGnCCWBx4AiL8ICcp
329=AE9ABHACTQVQKCkAUUkBS3sCBgBSyAEBAQYAU0kBRbUCVMgBVWVVSAFwAkUIVkgBkxQBAF
330=dIAYQeIv0gOShREDkoUBAnKQtbTAXVRFxIAclDXUgBwX1eSAHZdF/IAUEPYMgBWXRhSAHN
331=BWIoKQBjKCkAB1C80RQIKCkACUgB3QoKyAFdCgvIAV0KDEgB0fsNSQHQe2kCAA4oKQAPKC
332=kAECgpABFIAdkGEkgBJ/oPOgDNRxRUAsV2FUgBxXYWSAHFdhdIAUAqcaMYSAElKSEZSAGD
333=BAIAGkgBwXIbSAFYFm0FHCgpAB0oKQAeSAHJhR9IAd2vIEgByQwhSAHVRCJIAcElI0gBg1
334=wCACRIAdUCJSgpACZIAcHrJ0gB2REoSAHJOClIAdkGKigpACsoKQAsKCkALUgByVkuSAEj
335=KCF6fzoAIygheX86jAlNFjFABJxiIkwgJ1EFM1QChAh6fzoAhAh6fzoAnGJ4f0QI+X86oH
336=15fzpcG0gLeX86/Y46UAmcV3h/WAZcA0EPPFQC2Rw9SAHRVj5IAcUeP0gB1XtASAGMEHt/
337=OgCFpQhCVAKc/CJMIMcTAgBEVAJ8A0kMRWgBcBR4f9AUeH/YHHh/JzkCSWwFfwYCAEooKQ
338=BLKCkATCgpAE0oKQBOKCkATygpAFAoKQBRSAF5fwJ7fzoArHhee386AKapAVRABGSBAQQG
339=AFXIAQEFAgBWSAHVI1dIAclOWEgBmNciTCBIF2wbIvgwSAGpF1tABGQBUR9cKCkAXUgByX
340=peSAHZdF/IAV1dYMgBWXRhSAHNBWIoKQAIQLfdCglIAcUICsgBRQgLyAFFCAxIAcV2DSgp
341=AA4oKQAPKCkAECgpABFIASWhMBJJAdV3IwIAE0gB3SAUSAHVRBVIAVAOeXQWSAHVIxdIAY
342=O/AQAYSAGfxQEAGUgBjMB+/DsAh3YCABtUAiMPLgIAHEgBWBZp8x1IAZMJAgAeSAHBDx9I
343=AdUNIEgB2VMhSAHJIiJIAdF3I0gB1QIkSAGNaAJB+zuvaAIAJlQCJZUpJ0gB1VooSAHZ1y
344=lIAcUIKigpACsoKQAsKCkALSgpAC4oKQAvKCkAMCgpADFIAcGTMkgBzRszSAHRKjQoKQA1
345=KCkANkgBxR43SAHFEzgoKQA5KCkAOigpADsoKQA8SAHdID1IAcUePigpAD9JAYZgCyLxLz
346=tgAW0xQVUCkHABffw7vI5gfSeBAERABHwDTV1FSAGEP2F9O/2OR1QC3Y5ISAHNBUkoKQBK
347=KCkASygpAEwoKQBNKCkATigpAE8oKQBQSQFMQAtF+lFJAVFJAQBjfTsAq3xXY307AKWpAV
348=RBBD+hBFXIAVVKVkgBcAJVGFdIAdHaWEkB/HgGYX07rKpgfc8bAQBbQATVWlxIAcUIXUgB
349=0XdeSAHZdF/IAVUNYMgBXV1hSAHMBQEJADwAzQUKyAFNBQvIAU0FDEgBzXMNKCkADigpAA
350=8oKQAQSAHRdxFIAYvzAgASSAGI82l6PCRfLQIAFFQC0fAVSAElvSMWSAGfNgEAF0gBhAhq
351=ejwAjAVpejwm6SMaQATdeBtIAYRVa3o8APl7JwMAHVQCjF1qejwAUBlxSx9UAsF9IEkBkX
352=wnIj8/PACFqQEiVQKKqQEjSAFkAUU0JCgpACVIAd0VJkgB0Y0nSAHZMihJAZJ/BgIAKUgB
353=ZAFFCCooKQArKCkALCgpAC0oKQAuKCkALygpADAoKQAxKCkAMigpADMoKQA0KCkANSgpAD
354=YoKQA3KCkAOCgpADkoKQA6KCkAOygpADwoKQA9KCkAPigpAD9JAZBoHmt6PACLqQFBVAJk
355=AV0gQigpAEMoKQBEKCkARSgpAEYoKQBHKCkASCgpAEkoKQBKSAF47QEABgBLyAFNc0xJAU
356=ZnDwYATcgBQVxOSAFwAlkRT0gBfHhV9FDIAQEDBgBRSQGweEhrejwAoqkBU1UCpakBVEgB
357=aHpZBlXIAVGpVkgB3QpXSAGUTyLqLjwAUANt1llUApRPaXo8qNJpejxoU2EEXEAExQhdSA
358=HZdF5IAdl0X8gBVRhgyAFEWwEKAD0AYARVAgvIAVUCDEgB0QkNKCkADkgBzeEPSAHNaBBI
359=AZMUAgARSAGQFHJ3PQDBBBNUAsEEFEgBwQQVSAElxToWSAGcCnJ3PQBIEWEaGFQCyQEZSA
360=GYdH7xPQAl+UYbVAKBfQNf8T0A8nwrc3c9AO+pAR5ABJt/AwAfSAGQKiIyTj0AzRAhVALd
361=bSJIAcUeI0gBhIEi4S09kAJZPSVVAgYk8SQmSQGTfwIBACdIAVADfRUoaAF0AnB3J9kAKi
362=hVACsoKQAsSQFNbwUGAC1JAUepAS7IAVVPL0kBSbUCMMgBVQIxSQFFtQIyyAFFJDNIAdk9
363=NCgpADVIAWgFVRM2KCkANygpADgoKQA5KCkAOigpADsoKQA8KCkAPSgpAD4oKQA/KCkAQC
364=gpAEEoKQBCKCkAQygpAEQoKQBFKCkARigpAEcoKQBIKCkASSgpAEpIAXB3WWlLSAGHHgYA
365=TEkBWG0BBlN3PQBIqQFOVAJoAUUpT0gBxe9QSAF9AwBwd9w2c3c9AK94SH/xPQCpqQFUTA
366=XdClVJAUZ/BgYAVsgBTTFXSAFwAlUuWCgpAFlIAZRPcXc96XpbVALVWlxIAck4XSgpAF5I
367=AWxzUQlfyAFIDAELAD4AdAKZdD6QDUEEDVQCjAEifDwnVQAPdAJzVgIAEEgBlVoDWHRECH
368=AFenQ+AIwQbew+uYoDT+w+AAW5BhVYBskXFkgBjAV5dD5IX0gIb+w+AAdsBW7sPgDF2RpM
369=BSV1JRtJAQlgBGzswQQCTuw+ACO3IgMAHkAEmeICWHQngQAgVAKcg2zsJ0EDIlQCWA5xni
370=NIASNgM3h0J4EAJVQC3RUmSAGcjnh02RwBQBQnrQApQATRCSooKQArKCkALEkBU2QEeXQ+
371=VMNPAQoALlQCaE4BAQoAL0kBRVACAQAKADDIAVFLMUgBcAIBAAYAMkgBYAQBBAYAM8gBAQ
372=UCADRIAdk9NSgpADZIAZsGAgA3KCkAOCgpADlIAdWGOkgBaFlJDDvIAUEPPEkBR2kIBlpF
373=PgBoAVUCPlUCSbUCP8gBVQJASAHdV0HIAVFLQkgBaAVFSkNJAU5vAQYAREgB1Q1FyAFFCE
374=ZIAd0KR8gBVQJISAFgD0UTScgBVQJKSAHdbUtIAXgKQQRMKCkATSgpAE4oKQBPKCkAUEgB
375=mREKT+w+AEprCAoAUlUCRakBU8gBVQ1USQGypXZVSQFBYAR6dD4AaAEBAQIAV1QCcAJZHF
376=goKQBZKCkAWigpAFtIAdE1XCgpAF0oKQBeSAFgclIJDABo+0QLIhBrJykADihVAA9oAbFh
377=EEgBI2BJYXI/7dYSVALN1hNIAd1iFEgBI3srAgAVSAFADGVgFigpABdJAQZ8CmFyP7x4YH
378=JMELUCGkEE92giIh07PyRULGJyPwDZdB1BBAhsBSLSKz8A1Q0fVALBBCBIAdUCIUgBzRAi
379=KCkAI0gBJ0AOQA9kBCIcOycpACZABHACQSUnSAHZEShIAYD2f+Y/APGxFCpUAs0FKygpAC
380=xIAWByTTwtSAF1cAJhcj8kTVcKQXI/JOQoYnI/AGhDAQQKADFMBWkBBWJyPwDFuDNUAsVV
381=NMgBXQo1SQFIZw8GADbIAVUCN0gBzV04yAFVAjlIAdVaOkgB2VM7SAGMBSJiND8AaAFJhT
382=1UAtFWPkgBeBFVhj/IAVEJQEgBxRNBSAHFE0LIAUEEQ0gB1Q1ESAFsFE1oRSgpAEYoKQBH
383=SAGJhQpR3z9MAFUFCkgRqAFZEUpABIkMClmaP6mFClzmoARFE01ABHwgTQVOyAFVAk/IAV
384=UCUEgBmBFgcicBBlJVAodQDU0FU0gBeBxBMFTIAUEwVUkBQUAEQfZWyAFRtFdIAVACdVpY
385=KCkAWSgpAFpIAdVwWygpAFwoKQBdKCsADQBAjQkAbeFA6QEPVALJWRBIAYDVIskqQP3QEl
386=QC3W0TSAHMXQQUAEAA9wEAEQAAzw8AIAgAAAIAFQBAAPMBAGgBAhYAQADxqQEXSQEmUAIB
387=AAEAGEoBAwJPAQEAGUkBJUQBVQIaSQH4rQUbSQEntQIcSQEHrQUdSQEotQIeSQH7rQUfSQ
388=HvqQEgSQH1qQEhSAFoBVkRIigpACNJAfqhBCRIAc0FJUgBzQUmSAHdCidJAfKtBShJAe2p
389=ASlJAfCpASpIAdkGKygpACxJAVV7AgYALUkBMWsBCgAuSQGSqQEvSQGyZwgKADBJAVi1Aj
390=FJAUepATLIAQEBCgAzSQFJtQI0yAFVAjVJAUi1AjbIAVUCN0gBxQg4yAFVAjlJAUqtBTpJ
391=AVGpATtJAa6tEDxJAZG1Aj1JAYupAT5IAcEEP0kBRVYCBApCAUAAaAEBBQYAQVABUAICAA
392=AGAEIoKQBDKCkARCgpAEUoKQBGSQFOfwYKAEdIAdkRSEkBsLkRSUkBpqkBSkgBxRNLSQGF
393=uQZMSAHRFE1JAaytBU5JAaipAU9JAaSpAVBIAdEJUUkBkKUIUkkBiqkBU0kBQqkBVMgBAQ
394=EGAFVIAZsyBgBWSAGTKgYAV8gBQQRYSAGbMgYAWcgBVQJaSAGbMgYAW8gBVQJcSAHFCA5U
395=JnANTVIPKCkAEEkBJHsCAgARSQEJb10CABJJASO1AhNIAWQBWQYUSAHJZBVIAdUCFkkB9m
396=ceAgAXSAHRYRhIAclvGUgBzQUaSQH8rQUbSQEGdw0BABxIAYMEAQAdaAG1Ah5oAXsCAgAf
397=SAHBDyBIAXACWREhKCkAIkkB/b0KI0gBwQQkKCkAJUkB+aEEJkgBwQQnKCkAKEgB1RgpSA
398=Enkg1BAINRAgArVALZBixIAXBsXSstSAFybAIGUmxBAGgBAQMKAC9VAjhwBXNsQQAzqQEx
399=VQKwbxAKADJJAaqpATNJAZOhBDRIAcEENUgBwQQ2SAHBUTdIAdVPOEgBzQU5SAHJTjooKQ
400=A7SQGiqQw8SAHBUT1KAf//Ww0KAD5JAa2hBD9IAYhOc2xBAEleAwAKTAKoAV14QlABk0sK
401=AEPIAVUCREgBkUsKXXJBSmoAAFUCRlQCxWtHSAHRjUhIAdkcSUkBq6EPSkgBxRNLSQGSoQ
402=9MSAHFa01JAaWtBU5IAckXT0gBxQhQSQGnoQRRSAHdIFJIAd0KU0gBzRtUSQFGqQxVyAFJ
403=OFZIAXACTYlXKCkAWCgpAFkoKQBaKCkAWygpAA9QkIcIAgAQKCkAESgpABIoKQATKCkAFE
404=gByU4VSAHBZxZIAdW9FygpABhIAc1SGUgB1Q0aSAHB1RtIAYR2e2lCACFkBHppQgDd2x5B
405=BPdgJXppQgDRCSBUAmgFmGmNkQBJASIoVQAjSAHJ0iRIAcHrJUgB1dMmSAHBfSdIAdEJKE
406=gByd0pSAHVDSpJAbGtECtIAc0FLEgBYGdBMC1JAbJgBHlpQphpVb0vVAJ4aVE1MEgBeGld
407=bTHIAV1tMkkBNnQJbtZCAGgBQVE0VQI3tQI1yAFVAjZJATW1AjfIAVUCOEkBV7UCOUgB0U
408=s6SAHNaDsoKQA8SAHJTj1IAcG/PkgBzQU/SAHBUUBIAd14QUkBj6kMQkgBwVxDSAHFVURJ
409=AZGhBEVJAYWpAUZJAYupAUdIAcVgSEgBxQhJSAHZEUpIAc0QS0gBzRBMSAHVAk0oKQBOSA
410=HBBE9JAal3LgoAUEgByQxRSQGvtQJSSAHFCFNIAd0VVEgBxWtVSAHFgVbIAVEqV0gB1YZY
411=yAFVAllIAcWMWsgBVQIQQIt0HFVPESgpABIoKQATKCkAFEgBJ+IMQwDVZRZUAskBFygpAB
412=hJAfR3GAIAGUgByQwaSQEGucwbSAGUAmFnQ3RfVJhe0EMA1WUeQATdCh8oKQAgSAHRYSFI
413=ASUtJyJIAZMJAgAjKCkAJCgpACUoKQAmSAHJZCdIAcUIKEgBxQgpSAHV3ipIAdUCKygpAC
414=xIAWBnAQICAC3JAQNiZ0MAgVwGXNCoAYJnQwCBXAZVakOI0kVrMlgGdGVZaTPIAUUINEgB
415=YGdVAjXIAVUCNkgBfApVAjfIAVUCOEgBbOFdxTlJAatrLQoAOkgBwUY7SQGltQI8SQGNex
416=gKAD1JAYepAT5IAdkGP0gBzQVASAHRYUFJAYqtBUJIAc0FQ0gByQxESAHNUkVJAZKtBUZI
417=AclkR0gBzV1ISAHJDElJAY+tBUpJAa+xFEtJAaepAUxIAckMTUgB1QJOSAHVZU9IAdVlUE
418=gBI6cgCgBRSQGPvQpSSAHdFVNIAcEPVEgBzRtVSQGFrQVWSQGLqQFXSAHJF1hIAckXWUkB
419=qqcTEQBEZAV1VRIoKQATKCkAFEgB0UsVSAHNtRYoKQAXSAHVshhIAZQJaGQnXQEaVAIlwT
420=QbSQEDtWUcSAHByh1IAdVwHkgBJ4kMRChsGScxASFABMkMIigpACMoKQAkSAElfSYlSAHN
421=BSYoKQAnKCkAKCgpAClIAdkcKkgBzWgrSAHFCCxIAZgyaWRESF8DAAAFAgAuVAKJWQJJZE
422=SUZV0bMFUCMnwGaWRElMhJ0jJUAmhkTWgzSAF8YlUCNMgBVQI1SAFwCVUCNsgBVQI3SAHd
423=bThIAWhkVZw5SQGvqTg6SAHFSjtJAaW1AjxJAZBsEGtkRACKqQE+VQKroQQ/SAHNUkBIAc
424=lDQSgpAEJIAcEEQygpAERIAdUNRUgB2QZGSAHNBUcoKQBISAHZEUlIAdkRSkkBibkRS0kB
425=i6kBTEkBraUTTUgB1VpOSAHBBE9IAclZUEgB3QpRSAHZdFJJAaulCFNIAcEEVEgBZAxZil
426=VIAc0FVkgB0QlXSAHJF1hJAamnCBIARZQGVcgTKCkAFCgpABUoKQAWKCkAF0gBxa0YSAGI
427=CHBhJzEBGlQCJRUkG0gBwb8cKCkAHUgBxWAeKCkAH0gB0c8gSAHdCiEoKQAiSAEn3DIntQ
428=EkVALFayVIASV1JSZIAcUIJygpACgoKQApKCkAKigpACsoKQAsSAGUT3JhRQAj4CJzYUUA
429=qngncGEnDQIwTAVyYQECUWZFkGFZzDJUAnBhVWUzSAFwYVUCNMgBVQI1SAFwYVUCNsgBVQ
430=I3SQFTbxcGADhIAWzWQTs5SAHBRjpJAYtjBAoAO0gBkxQKADxIAZAUcGHcFSLeMkUAyVk/
431=QATIASJoQMkBQVQCyUNCKCkAQ0gB0UtESQGPtQ1FSQGrcx8KAEZIAdkGRygpAEgoKQBJSA
432=GDJQoASkgBwb9LSAHNUkxIAcUITUgB0WxOKCkAT0gB0RRQSAHNBVFIAc0FUkgB1QJTKCkA
433=VEgBwQRVKCkAVkgBzQVXSAHFYBNcGGgbRWAUKCkAFSgpABZIAclZF0gB0VYYSAHdTBlIAc
434=UIGigpABsoKQAcKCkAHUgB3a8eSAHNXR9IAcUIICgpACEoKQAiKCkAI0gB2REkSAHB1SVI
435=AcUTJkgBJWk0J0gBybwoSAHJDCkoKQAqKCkAK0gBxWssSAHNBS0oKQAuKCkAL0gBzRAwSA
436=HVezFIAckiMkkBsHdEAgAzSAGPUgIANEgBmTICRchG7Wg2VALVDTdIAXheWcE4SAF4XgEC
437=BgA5yQEDIpkkRkgHVAV4XqgBUcQ8QARwbElkPcgBVQI+SAF8bVUCP8gBVQJASAGYzCK6Pk
438=YAyVlCVALJQ0NIAclDREkBjlANRQhFSQGvYBp6XkYAzQVHVALZU0hIAdVlSUgBzV1KSQGP
439=pQhLSQGvpQhMSAHFCE0oKQBOSAHBD09IAcUIUEgB2QZRSAHZBlIoKQBTKCkAVCgpAFUoKQ
440=BWSAHdChQjyEFcESLQVyP4MSJBJBYoVQAXSAHBqRhIAcVKGUgBxUoaKCkAG0gB2T0cSAFU
441=CnEJHSgpAB4oKQAfKCkAICgpACEoKQAiKCkAIygpACQoKQAlSAHBZyZIASUlJidIAcEPKC
442=gpACkoKQAqKCkAKygpACwoKQAtSAElHSUuSAHRCS8oKQAwKCkAMUgB1SMySAHJIjNIAdFs
443=NEkBsWw8YlxHAN0KNlQC3Qo3SAF1WgB/ukcAsmwFYVxHTMYDAAAFBgA6QASZwQZdukeOXQ
444=MGXbpHo8oGAD1ABGxdVQI+SAFgXElkP8gBVQJASAFsaFBWIoRJzUdCVALZU0NIAdFLREkB
445=kGgTIj9KRwCLqQFGVAIliSJHSQGPtQJISAHVAklJAZG1AkpJAYOpAUtIAcUITEkBq28bCg
446=BNSAHBD05IAcEPT0gB3QpQSAHVAlFIAdkGUkgBzV1TKCkAVCgpAFVIAdZaFQAjzDx1TxYo
447=KQAXSAHBRhhIAScpC0gm+TsaKFUAGygpABxIAdU5HUgBaBtFwx4oKQAfSAHNnyBIAdFAIU
448=gB0WEiSAHZBiNIAdFAJEgB1QIlKCkAJkgB0RQnSAHBqShIAc0QKUgB2QYqKCkAK0gBJbE9
449=LEgBzRAtSAHZHC5IAdUCL0gBxRMwSAHRCTFIAScpC0gmATIzVALBBDQoKQA1SAHNBTZIAd
450=EJN0gBaFkBAgIAOMgBVU85SAGYq2hZ2DJrWUgAsHxBaVlIoL9oWSeBAD5YBoMPBgA/KCkA
451=QEgBaFlZtkFIAcFGQkkBr3AJImpVSACDygoARFQCyQFFKCkARkgB1U9HSQGSbQwKQgFIAN
452=1MSVABJSU8SkgBwQRLSAEniSJI9b1NVALRCU5IAdFWT0gB2QZQSAHZBlFIAd1XUigpAFMo
453=KQBUSAHdVxYk/Fh9VxcoKQAYSAHVLhlIAcE7GigpABtIAdmgHEgBaBtFVR0oKQAeSAHVTx
454=9IAcEEIEgB3QohSAHdCiJIAcFGI0gB1QIkSAHVAiVIAc1SJkgB0QknKCkAKCgpAClIAdlT
455=KkgBxQgrSAEltSIsKCkALUgB1Q0uKCkAL0gBJW0kMEgB1Q0xSAHVZTJIAdEJM0gBzVI0SA
456=HNBTVIAdkcNkgBwSU3SAHBBDhIAXxXAQUCADlJAVR4AnBWI6RNIp1sO1QCcAJNtTwoKQA9
457=SQGud08GAD5IAcEEP0gB1QJASAF8Cp+vSQCQZQQKI9lOi6kBQ0AE3VdESAEl/SBFKCkARi
458=gpAEdIAdVaSEgBxUpJSAHBUUpIAcFRS0gB3QpMSAHdCk1IAd1MTkkBj60QT0gBxVVQSAHd
459=ClEoKQBSKCkAU0gBxggXACNscmVVGEgBzTEZSAHNMRpIAdU5G0gByTgcSAF8DphTJwUBHl
460=QCxQgfSAHVRCBIAcUIISgpACIoKQAjKCkAJEgBwTslSAHJDCZIASUhKydIAdUCKEgB2bYp
461=SAHJDCpIAcUIK0gBzQUsKCkALUgB0RQuSAHBGi9IAc0FMCgpADEoKQAyKCkAM0gBJak8NE
462=gB2QY1SAEnegpKAN0KN1QCwQQ4KCkAOUgBeVMBelNKAJw2bapKJEA6bKonKQA9TAWIQ3hT
463=yC1uqkoAj/cGAEBABAgxAAAAAgYAQQBKABEAADkPACAJMQAAAAMKAEIASgA2SAEBAAoAQ8
464=gBAQEKAERJATW1AkXIAVUCRkkBV7UCR0oBqwFPAQoASEkBoqkBSSgpAEpJAaq1AktKAf//
465=jQVMKCkATUkBjVACQQ9OSQGGqQFPSQGvuQZQSAHdClEoKQBSSQGpowQYAEtwBgIAAAIAGS
466=gpABpJAfxjBAIAG0gBhwQCABxJAfu1Ah1JAfWpAR5IAcEEH0kB9rUCIEkB7akBISgpACIo
467=KQAjKCkAJCgpACVJAfG5BiZIAd0KJygpACgoKQApSQH6rQUqSAHVDStJAfO1AixIAdEULU
468=gB0QkuKCkALygpADAoKQAxSQH5pQgySAHZBjNJAfi1AjRIAdUCNUgBwSU2SAHVAjcoKQA4
469=SQGHWAYBAQIAOcgBAQIGADpJAbFUAgEABgA7SAGDOwYAPEgBhwgGAD1IAYtDBgA+SQGkrQ
470=U/SQGnqQFASQGmqQFBSAFgUQEFBgBCSAFgUUkMQ8oBAwZCUUsAYFFVAkVUAmgBVQJGSQFV
471=ew0KAEdIAZQNYlFLAMFGSVUCpWkMClpFSwDdTEtVAou5BkxJAa6hBE1JAZC1Ak5JAYipAU
472=9IAc0FUEkBq60FUUgB108ZAExkBXVPGigpABsoKQAcKCkAHSgpAB4oKQAfSAEnyglMANFA
473=IVQCyQEiKCkAIygpACQoKQAlSQHwZxMCACZIAZ8RAgAnSAHRQChIAdUCKSgpACpIAcU/K0
474=gBwQQsKCkALUkB/b0KLkgBwQQvKCkAMEkB96EEMUgBzRAySAHNBTNIAckMNEgB1QI1KCkA
475=NkgB0RQ3SAF8TAEEAgA4yQEFak5MAHYCBgVITqoBBwVKTkwAJ8sJTACsbBBpTkykP2pOTA
476=CHPwYAP1AJgw8GAEBIAYs4BgBBSQGouQZCSAHZU0NIAc1SREgB2QZFKCkARkgBaE5ZoEdI
477=Ac2USEgBl1oKAElIAYAPa05MAJJpCApYRdEUClgD0xQKAE1QAYMPCgBOKCkATygpAFBIAd
478=1MGlQFbAlVnBsoKQAcKCkAHSgpAB5IAdkyH0gB2UggKCkAISgpACIoKQAjKCkAJCgpACUo
479=KQAmSQHvbCZxS03lVShUAsGeKUgB0RQqKCkAK0gBzTwsSAHBBC0oKQAuKCkAL0gBwbQwSQ
480=HytQ0xSAEncQlNgAhdIDNUAo8BAgA0KCkANSgpADZIAcGeN0kBh1EJCHFLTYZKCQNcmaoB
481=CgRQS6kBC3FLTeVKPFgGjIlxS00ocglNAJg9cktNAIg4cUtN6U5BWAaEE36ZTQDJTkNUAp
482=Q5fJnXGAYARVQCzQVGSQFUbAF/mU0Aj6kBSFQCjF1yS00AkK5xS02kYHBLyAxwS9AUcEsn
483=KQBORAiXGAoAT0gBjRAKWeJOYQwARSkcXE+PAQIAHSgpAB5IAdXTH0gBJxkJTuU/IShVAC
484=IoKQAjKCkAJCgpACUoKQAmKCkAJygpAChIAc08KUgB2REqKCkAK0gB2REsSAHF5C1IAdVP
485=LkgB2QYvKCkAMCgpADFIAd1BMkgBzQUzKCkANEgBwWc1SAHNXTZJAfRMR0ElN0kB/qkBOE
486=kBHWgIeUhOXCZMAXtITgD/YAR7SE4Ar2gBeeJO7Uc9WAacg2yUwDB5SE71REAogQBBSAFW
487=CgAAe0hOAK2xCUMoVQBEKCkARSgpAEZIAXhIj5ROAIxoCHviTgCLqQFJQATFSkpJAax8Cn
488=hI0BR4SCcpAE1ABM1HTkgBzUccQElsCUkiHSgpAB4oKQAfSAEnURtPKMAIJykAIkAExUoj
489=KCkAJCgpACUoKQAmKCkAJygpACgoKQApSAHRQCpIAcUTKygpACwoKQAtSAHRQC5IAc0FLy
490=gpADBIAdFAMUgB0RQySAHdQTNIAdVPNEgBwQQ1SAHdVzZJASFjCwIAN0kBJakBOEgBJ8EI
491=TyjDCE8AJGAEY0ZPACipATxNBat4Mn6OTwAnwQhPeAN9QT8ogQBASAGENHHaT/WRQlQCkz
492=UGAENIAZwGfI4nBQFFKFUARkkBU2QEfY5P7dZIVALJQ0lIAZScfY5PqFlgRicpAExABIwQ
493=fo5PAIEPCkkcUHQKZoweACcpAB9IASdpCFAoaAgnKQAiQATRKiMoKQAkKCkAJSgpACYoKQ
494=AnKCkAKCgpAClIAdkyKkgBnxECACsoKQAsSAHFzi1IAcXOLkgBJeEtL0gB2QYwSAHJFzFI
495=AdEUMkgB3YMzSAHNBTRIAc0FNUgBwQQ2SAFQZmkiN0gBm+IDADhIAZiKbYlQvEFtiVC/QQ
496=QAO0AE2Yo8SAEnaQhQrDFtiVDlPz9ABIwxaNIngQBBVALZSEJIAZAUaEPYMmpDUAAjKCxo
497=0idVAEZMBWhDjolQAN1BSFQCiAxo0sgMaEMnKQBLKIEATEgB30EeAFGcDkEgH0gB0bkgSA
498=HFKSFIAcEwIkgB1QIjKCkAJCgpACUoKQAmKCkAJygpACgoKQApKCkAKkgBwTsrSAGfEQIA
499=LCgpAC0oKQAuKCkAL0gB0YIwSAHFEzFIAdFLMkgB0QkzKCkANEgBJf0rNUgB0YI2SAHRgj
500=dIAYAEcEBVIwJMCHFAUawxckBRAIhDcUBR7cs8WAYnEQhRJjEiPlQCJ10iUelDQFQCkDV8
501=gydVAEJVAqqljENIAVgOeYpESAHdCkVIASUpLEZIASJ5NgB9g1Gw2mDKwA9wQCcpAEpMBY
502=wQfYNR54EfAFKEDEU/IEgBhx4CACFIAZsCAgAiSAHdQSNIAd0rJCgpACUoKQAmKCkAJygp
503=ACgoKQApSAHZMipIAckMKygpACxIASfOD1IA3bouVALdui9IAc0QMCgpADFIAd14MkgB3Q
504=ozKCkANCgpADVoAXc5AgA2SAEjGTUDWcFSVB5AB3o9UgCQQHk9UiRYJ3k9Uii5B1IouAfA
505=BHjBxClsficpAD9IDN02QEgBgDB5PVKgMCL8ICetAENBBLClP0RIAclDRUgB3YNGSAF4PQ
506=ECBgBHyQEDeT1SRBlIF3g9qAFRgkpBBDdQAkpDIABghUwBYDsnKQAiKFUAI0gBxaIkSAHd
507=KyUoKQAmKCkAJygpACgoKQApSAEnYAcniQErVAKAqXx4J1UALVQC3UwuSAFcEnGuL0gB3U
508=wwSAHRCTFIAcEEMkgBkzUCADNIAdUCNEgByQw1SAGA9mE7U6C0ffxTsDViO1MAk0sEADlM
509=BZCNYTtTKGEHU6u8BQA8QATJ/j1IAdkyPkgBJW06P0gB2TJASAGYEWA72BxgOycpAEMogQ
510=BESAHdQUVIAc08RkgBzX5HSAFsPAEFBgBISAElxUVJygEDBlRUIggpXA1scycoAAEjAFQA
511=2SckSAEnCQdU+fgmKFUAJygpACgoKQApKCkAKkgByW8rSAHRCSxIAY8mAgAtSAFEEH02Lk
512=gB2TIvSAHVAjBIASUtJzFIAdUCMigpADNIAYwxIog4J5ECNVQCJbkoNkgBmKtpOFS4Mms4
513=VAAIcHdtc1SvPAMAOkwFkPBrsVQAsmxoaDjbBgUAPUEECXsGBQA+SAHBOz9IASUdMEBIAc
514=E7QUgBI0glajhUAMWtQ1QClBh+8VQAJwkHVCYJKEYogQBHKCkASCgqACIAInhCTwgCACMo
515=KQAkSAHJbyVIAcktJigpACcoKQAoKCkAKSgpACooKQArSAHBZyxIAUwNZTQtKCkALigpAC
516=9IAcEwMEgB1acxSAHZBjIoKQAzKCkANEgB3RU1SAHVDTZIAclvN0kBB2gtIj0/VaQ0IrJI
517=VQAliS06QASMBXA1wQQEXm1VAJBscjVVAJBhcTVVpz8FAD9YBoc/BQBASAHJOEFIAc0xQk
518=gBwXJDSAGUGHE1VbjiIvEkVfGuRiiBAEcoKwAjAFaUBk3hJEgB2WklSAEl6SMmKCkAJ0gB
519=0TUoKCkAKSgpACooKQArKCkALEgBwVwtSAGbDQIALigpAC8oKQAwKCkAMSgpADIoKQAzKC
520=kANEgB3RU1SAHdFTZIAd3mN0gB0Xc4SAHFazlIAYwxbWhWszUDADv0Angy1QIET2hWACdh
521=FgROaFYAjTwEWDIngQBAWAaXcAUAQUgBJ1kGViYVJENUAtlpREgBbQkAeDLXLgYARihWAC
522=QAIyFjAE0xJSgpACYoKQAnSAHBUShIAc0xKSgpACooKQArKCkALCgpAC1IAdWcLigpAC9I
523=AcU0MEgBkxQCADEoKQAySAElwSkzSAHNBTRIAc0FNSgpADYoKQA3KCkAOGgBqWQ5SAGUp2
524=AwRB50AmIwVwCUAmEwV6RgYTBXRIdQDGEwV7ScYTBX+ddAUAknAQZXJlVCQlQCUAYiESlD
525=SAEjlEp8YlQNeAJgMCcrACUAWGwCdS4mKCkAJ0gBJ6kFWOHKKVQC1S4qKCkAKygpACwoKQ
526=AtKCkALigpAC8oKQAwSAHNMTEoKQAySAHJDDMoKQA0SAHJWTVIAYAWaP4n6QI3VAIlTSA4
527=SAGAXGmQWKFcAl3FWLAqay1YAAm1LjxMBZmKA01dWP0rPlQCI3QwaS1YJGMoBABAVAInqQ
528=VYJIwofMXMECL8NicpAERMBZAUAgYAJgBZhAFVWidIASdRBVkoUAUnKQAqQATRHysoKQAs
529=KCkALSgpAC4oKQAvKCkAMCgpADEoKQAyKCkAM0gBxbg0SAGLEwIANSgpADYoKQA3SAHFjD
530=hIAdleOUgB3Ss6SAGZJwJBiFm9VwNdulnpLT1BBAipLT5JASx5DQNBiFm4MnEqWSSoJmCI
531=SAEiSHJwKicpAENYBnQGV4YnAFomvSMoSAHBnilIAc0mKigpACsoKQAsKCkALSgpAC4oKQ
532=AvKCkAMCgpADEoKQAyKCkAMygpADRIAckiNUgBkBRuUloAwVE3KFUAOEgBxT85SAHZBjpI
533=AcUpO0gBjVICWSdapa0CTFInKQA+QASZJwJaJ1oAiQEDTFLJAQRdr1qzKgUAQkwFI0lRBk
534=UCW4ATV08pAFv5JypIAc0mK0gBxSksSAHVAi0oKQAuKCkALygpADAoKQAxKCkAMigpADMo
535=KQA0KCkANUgBzX42SAElBSI3SAGUFCL8ICeRAjlUAtkROkgB2QY7SAHd2zxIAdUCPUgB3Y
536=M+SAHRKj9IAYElAkElW+0mQfQCAgQAKQBcnA5VIypIASWFMitIAZgCIgozXADdNi1UAtkR
537=LigpAC8oKQAwKCkAMSgpADIoKQAzKCkANCgoAAk1AFwA8AEAAAACADYRAADEAigGAQBcAA
538=BjAAIANygpADgoKQA5SgH2AUcEAgA6SQH0qQE7SAFMAgIAAAIAPEkB/LUCPUoB//9fAgIA
539=PigpAD9JASRQAk0FQEkBLKsBKgBdYAFlCCsoKQAsSQH6sQktSQHtqQEuKCkALygpADAoKQ
540=AxKCkAMigpADMoKQA0KCkANSgpADZJAe+pDDdJAfWpAThIAYsTAgA5SAHNGzpIAdUCOygp
541=ADxIAcUePSgpAD4oKQA/KCsAKwBegAhdICwoKQAtSAHdKy5JAfKtEC9IAdEfMCgpADEoKQ
542=AyKCkAMygpADQoKQA1KCkANkkB8L0KN0gBkxACADgoKQA5KCkAOigpADtIAc0bPCgpAD0o
543=KQA+KCsALABfmApNGy1IAc0mLkgBmwICAC9IAdkcMEgBzRsxKCkAMigpADMoKQA0KCkANS
544=gpADZIASdAAyfhAThUAtUNOSgpADpIAdUYOygpADwoKQA9KCsALQBggAhVGC4oKQAvSAEn
545=6gJgACfoAicpADJABNUCMygpADQoKQA1KCkANkgBzWg3SAGYDWwxJ+EBOVQC3RU6KCkAOy
546=gpADwoKwAuAGGACF0VL0gBwWcwSAHZSDFIAcUTMkgB1QIzSAHVAjRIAdUCNUgBxRM2SAGA
547=C3CCJ4kBOFQCxRM5KCkAOigpADsoKwAvAGKACEUTMCgpADFIAclDMkgBhwQCADNJAfi5Uz
548=RIAdUCNSgpADYoKQA3SAHNEDgoKQA5KCkAOigrADAAY4wJTRAxKCkAMkkB+7UNM0gB0R80
549=SAHZfzVIAZ8GAgA2SAHVDTcoKQA4KCkAOSgrADEAZJQGVQ0yKCkAMygpADQoKQA1SAHdCj
550=YoKQA3KCkAOCgrADIAZf0KMygpADRIAcUINSgpADYoKQA3KCgAATMAZgDNBTQoKQA1KCkA
551=NigrADQAZ+0FNSgoAAEAAAAAEQAA

[Terrain]
92049=TIBTRE02
15058=TIBTRE02
29072=TIBTRE02
78035=TIBTRE02
42029=TREE13
42030=TREE12
43028=TREE11
43030=TREE10
43029=TREE09
42031=TREE08
38029=TREE08
39029=TREE05
38030=TREE04
36037=TREE03
37037=TREE02
36038=TREE04
42045=TREE04
38046=TREE05
38047=TREE07
39047=TREE11
41056=TREE11
42055=TREE10
41022=TREE01
42022=TREE02
41023=TREE03
42023=TREE04
43022=TREE06
42026=TREE07
35032=TREE15
33034=TREE14
34033=TREE13
35033=TREE12
34034=TREE10
35034=TREE05
39035=TREE04
40034=TREE03
40035=TREE01
40036=TREE12
40037=TREE15
39040=TREE14
40040=TREE12
37041=TREE11
33040=TREE08
33038=TREE07
39042=TREE12
39044=TREE11
37043=TREE10
39043=TREE08
40043=TREE07
42048=TREE06
36033=TREE07
36034=TREE02
37032=TREE03
39032=TREE02
40031=TREE05
41033=TREE12
41035=TREE10
41034=TREE09
63046=TREE14
64046=TREE13
63047=TREE12
65051=TREE11
65054=TREE10
65055=TREE08
64060=TREE08
64061=TREE07
69057=TREE06
69058=TREE05
67060=TREE05
68060=TREE04
67061=TREE03
68061=TREE02
66065=TREE05
67064=TREE07
67065=TREE08
71065=TREE11
72065=TREE12
73065=TREE13
73066=TREE14
66068=TREE15
66070=TREE14
66069=TREE11
67069=TREE10
69068=TREE08
70068=TREE07
71068=TREE06
71069=TREE05
71071=TREE05
72071=TREE04
77071=TREE03
79071=TREE02
78071=TREE07
78072=TREE08
64074=TREE10
64075=TREE11
64076=TREE12
63081=TREE13
63082=TREE15
64081=TREE12
64082=TREE10
65072=TREE08
65075=TREE07
66079=TREE06
67073=TREE05
68073=TREE04
68074=TREE03
68075=TREE02
68077=TREE06
68078=TREE07
71079=TREE08
72079=TREE10
70074=TREE10
71073=TREE11
71074=TREE10
72074=TREE08
71075=TREE12
75074=TREE12
76074=TREE13
75075=TREE15
67081=TREE14
68081=TREE11
67084=TREE11
67086=TREE10
67085=TREE09
68085=TREE08
74077=TREE13
73078=TREE12
75077=TREE11
74078=TREE10
75078=TREE09
75079=TREE08
47040=TREE11
59060=TREE11
48033=TREE10
47064=TREE10
54080=TREE08
53022=TREE08
56030=TREE06
56027=TREE05
58029=TREE04
55028=TREE03
57029=TREE02
59032=TREE01
49025=TREE04
48027=TREE05
50027=TREE06
48071=TREE07
47072=TREE06
47070=TREE05
50070=TREE04
51074=TREE03
47075=TREE02
48073=TREE04
50038=TREE02
54033=TREE04
59038=TREE05
50045=TREE06
56052=TREE07
47054=TREE08
48056=TREE10
47051=TREE11
48053=TREE12
57071=TREE13
57068=TREE14
55072=TREE15
57073=TREE08
52063=TREE08
53057=TREE05
50050=TREE04
55040=TREE07
27041=TREE07
30041=TREE06
23045=TREE05
34047=TREE04
31047=TREE03
74059=TREE03
86066=TREE02
78064=TREE01
73061=TREE06
82061=TREE07
83068=TREE08
79067=TREE10
77066=TREE11
70052=TREE11
70048=TREE10
34051=TREE10
32051=TREE11
19048=TREE11
29049=TREE06
29051=TREE05
26049=TREE04
23048=TREE03
25052=TREE02
26051=TREE01
21051=TREE06
23050=TREE07
21049=TREE08
23052=TREE10
25049=TREE11
23049=TREE13
28053=TREE14
18044=TREE13
20045=TREE12
18046=TREE11
78057=TREE11
79056=TREE12
84060=TREE13
86063=TREE14
89062=TREE11
87059=TREE10
83056=TREE08
81059=TREE06
87057=TREE05
86061=TREE04
89065=TREE03
85057=TREE06
85059=TREE07

[Structures]
1018719=Neutral,CAOILD,256,43,30,0,None,0,0,1,0,0,None,None,None,0,0
1018724=Neutral,CATHOSP,256,12,56,0,None,1,0,1,0,0,None,None,None,0,0
1018729=Neutral,CAOILD,256,61,75,0,None,0,0,1,0,0,None,None,None,0,0
1018734=Neutral,CAMACH,256,21,65,0,None,0,0,1,0,0,None,None,None,0,0
1018737=Neutral,CAMACH,256,82,37,0,None,0,0,1,0,0,None,None,None,0,0
1018740=Neutral,CATHOSP,256,88,49,0,None,1,0,1,0,0,None,None,None,0,0
1018745=Neutral,CAOILD,256,63,80,0,None,0,0,1,0,0,None,None,None,0,0
1018750=Neutral,CAOILD,256,43,25,0,None,0,0,1,0,0,None,None,None,0,0

[OverlayPack]
1=MAAAIIH//jYS/4JmZv79Af+BZgAB/vsB/xH///sBOBQx///5ATkWUf///wM6GP/GATUUgJ
2=MAACCB//EAAIFmcAH+9gH//wACNQDINgL/+QFAAoH/AAL/+wE7AMgwBP79Af//AgZACP/Z
3=AT8Ig6ysrCAE//cBIxAB+wH85SES/9QBRxDKIhTXIhT/1gE7BAX8IfXlIhT/zwFJFlf5gq
4=yv4yIO/84BSBg3+yAIgaggEYGu4RsE/ssB/1n3g6yqq0ASUAjJKB7/wgE9GIBmAQAggf/S
5=AACDrKz/IAKFrKypq65wF4Gt0wAAg///ZjAB/s8B/wH/iKipqv//q///EgWBsEAXABLUNQ
6=D+zAH/Af2F//+xsagACoT/qaqoU/uBsdcvAP7HAf8h+QH1AAmCsK8gEoGwBAEAA/7oAf8i
7=ARf/gq+tM+8F/YGoEhT+6QH/Ef2E/6yuq8goCIGvAgaFqK2ur6n+4wH/NgGBrRn7gbFCA4
8=SrsKyo0TMC/tMB/y33OAUd8YOrsP8B+mn3XAX+1QH/Ifcx/oSrr/+tEfWBqj//g6//sDAJ
9=zDAKyCIA/ssB/wP8A/qErKuprz/thKyw/60ACQADHAsB9TYWgawOHf7VAf8Z/oOo/6oR3y
10=HqIeiDqa2v0S8E/9QBMA4B/IP/qqncPxD/2wEoBoKvrnfng6ytrdY9EgAm1TAE/uQB/4Gs
11=1i0A/sIB/yQByEEUxx0KgarNLxD+0gH/ga7KPBpx7846Fv/CAUAYgHkAACCB/9EAAIWtqv
12=//rDAK0gAAQAGBqP7YAf8x/P78Af+Bsf78Af+Er///rtofAP4YCv+Bqf7eAf/cFQKBqP/k
13=ARQCgaveDxSBqP/tARUCwBYAzT4QAiPPQBb+6QH/gqys//sBVhYmIv/WARgG6FMU/98BTR
14=D+zAH/gf+AhwEAIIH/6wAAganIJACEr///rnAOgbEABISsqLGw/ucB/4et/7Cx/62sUA+H
15=qP//qv+prRIQgar+2gH/yS8AAemHq/+oqqn/rhHxhq+xrKv/rAQEgrGtyT0A/swB/4GtzB
16=sGgasl8iYHAByBqAH6h6qorK6r/68QKYGtEB3+3QH/gqz/B+sSBIKoqxPxEfVD+YWorv+p
17=r//UAVMEBezLHgaBqwf3gv+wEfuDq6yqBgiBsCYLBBSBsP/XAVME0hcGgawD8oOxqK8QCo
18=GpGgiBrhgF/usB/wP1W/SDsf+rKBv+5AH/gbAp+gYWgrH/C/zCSACBqi4QFhX+ygH/g2Zm
19=ZtkfCCAFga4R84ioqayo/66t/8JNAv7JAf8B/9kiEmobg6uwqxoOBAbLLQT+vwH/If/QIx
20=TGUABF7YKxrUnz/88BUgLVHxbJLwYiEMJCBAAN/80BUhRiANUkGH3ogawAAsBSBv/QAVgG
21=IfvcIRgz88BIBoGuwkMI/s4B/9wfGsg/AIOwrK3/swFQFoCSAAAggf/dAACBZlAB2gQAhq
22=6orf+qqf7VAf/fIgCIqv//r6qsrqj+1wH/2iMCgaz+4wH/3yUA/t8B/+EjAP7dAf//AAIm
23=CP8IAiUKh2ZmbGlwZm3+9AH/xiEAg2ZmZ/71Af9yAIFq/wACNBCBcf72Af9iAIFo//sBNR
24=QgBYFv/vcB/+IiAP7cAf//BQInDP7LAf+B/4APAAAggf/tAACCZmb+zB//gf+ACQAAIIH/
25=/v4f/4H/gAkAACCB//7+H/+B/4AJAAAggf/+/h//gf+ACQAAIIH//v4f/4H/gAkAACCB//
26=7+H/+B/4AJAAAggf/+/h//gf+ACQAAIIH//v4f/4H/gAkAACCB//7+H/+B/4AJAAAggf/+
27=/h//gf+ACQAAIIH//v4f/4H/gAkAACCB//7+H/+B/4AJAAAggf/+/h//gf+ACQAAIIH//v
28=4f/4H/gAkAACCB//7+H/+B/4AJAAAggf/+/h//gf+ACQAAIIH//v4f/4H/gAkAACCB//7+
29=H/+B/4AJAAAggf/+/h//gf+ACQAAIIH//v4f/4H/gAkAACCB//7+H/+B/4AJAAAggf/+/h
30=//gf+ACQAAIIH//v4f/4H/gAkAACCB//7+H/+B/4AJAAAggf/+/h//gf+ACQAAIIH//v4f
31=/4H/gA==

[OverlayDataPack]
1=SAAAIIEA/jYSAIIGBv79AQCEBwoKB/77AQCEBwoLC//7ATgUEf//+wE3FoIECBH///sBOB
2=gkAIEKAAH/+AE8GhQBgwoACv/EAToagJcAACCBAPEAAIYGCgsLCgoQBYEH/vYBAIIIC0AB
3=//cBPgAEAYMKCgj/+wE6AIgGBwYABAAGCAII//cBPwBCCAQF//0BQgaCAAf/AQRBCIEI/w
4=ACQAb/AAI/BsA2Av/9AUYQgQf/+gE8AmIA//wBRxQCAMA5AP/6AUkWEgCBAAoFgQb+9wEA
5=wjYEwD0E//oBSxgB/QAB/7QBTByAJwAAIIEA/kUAAIMHCgsAAYEH/voBAAIBgwoIBP77AQ
6=CDBgcG/rQbAIEAgAkAACCBAP7+HwCBAIBTAAAggQD+IBIAgwYHBv78AQCFBwoLCgf++gEA
7=hgYKCwsLCv/6ASMSgQcB/4MLCwj++QEAAgCBCgABgQj/+AElFgYAggoABgT/+QEkFoEHE/
8=//2wEiGICPAAAggQDdAACDBwoLEAGCCgb++AEAQgGBB/75AQAiAf/6ASgAMgGBCv78AQAC
9=AYQKCAcE/voBACYDgQj++wEAJgP/+gEpAkIBgggHIAH/9QErCE4HEAH/9gErCnIB//cBKA
10=RyAf/3ASsKKASBChAF//cBKQTBJQiBAP/7ATIWAgEUAP/7ASsM/wMCJwz/zgEzHIAPAAAg
11=gQDtAACCBgb+zB8AgQCACQAAIIEA/v4fAIEAgAkAACCBAP7+HwCBAIAJAAAggQD+/h8AgQ
12=CACQAAIIEA/v4fAIEAgAkAACCBAP7+HwCBAIAJAAAggQD+/h8AgQCACQAAIIEA/v4fAIEA
13=gAkAACCBAP7+HwCBAIAJAAAggQD+/h8AgQCACQAAIIEA/v4fAIEAgAkAACCBAP7+HwCBAI
14=AJAAAggQD+/h8AgQCACQAAIIEA/v4fAIEAgAkAACCBAP7+HwCBAIAJAAAggQD+/h8AgQCA
15=CQAAIIEA/v4fAIEAgAkAACCBAP7+HwCBAIAJAAAggQD+/h8AgQCACQAAIIEA/v4fAIEAgA
16=kAACCBAP7+HwCBAIAJAAAggQD+/h8AgQCACQAAIIEA/v4fAIEAgAkAACCBAP7+HwCBAIAJ
17=AAAggQD+/h8AgQCACQAAIIEA/v4fAIEAgA==

[AITriggerTypesEnable]
0CAD0B2C-G=yes
0CA6621C-G=yes
0CDF8EDC-G=yes
0CDF8D8C-G=yes
0C0C7AEC-G=yes
0D62199C-G=yes
0CDF899C-G=yes
0D6216FC-G=yes
0D6215AC-G=yes
0D62145C-G=yes
0D0803CC-G=yes
0C32599C-G=yes
0CE23AAC-G=yes
0CA1F84C-G=yes
0CE26CAC-G=yes
0CE26B5C-G=yes
0CAD145C-G=yes
0CAD130C-G=yes
0CE2395C-G=yes
0D084B5C-G=yes
0D084A0C-G=yes
0D0848BC-G=yes
0CAD2AEC-G=yes
0D08461C-G=yes
0D0873DC-G=yes
0C8E2C3C-G=yes
0CAD25AC-G=yes
0D087D8C-G=yes
0C8B81BC-G=yes
0CADDEDC-G=yes
0C92C45C-G=yes
0C9565AC-G=yes
0C92C1BC-G=yes
0CADD99C-G=yes
0C9561BC-G=yes
0CE2EA2C-G=yes
0CE2E8DC-G=yes
0C955C3C-G=yes
0C955AEC-G=yes
0C8C71BC-G=yes
0C8C6EDC-G=yes
0D052AEC-G=yes
0CE44D0C-G=yes
0CA5945C-G=yes
0CAD2C3C-G=yes
0D535EDC-G=yes
0AA846FC-G=yes
0AA845AC-G=yes
0C8C645C-G=yes
0AD2BAEC-G=yes
0C96F5AC-G=yes
0C96F45C-G=yes
0CB2CEDC-G=yes
0C91D45C-G=yes
0CAD5AEC-G=yes
0D2C45DC-G=yes
0D2C448C-G=yes
0C8C56FC-G=yes
0D2C41EC-G=yes
0CA6AEDC-G=yes
0C0D251C-G=yes
0C8C51BC-G=yes
0CA24D8C-G=yes
0C8BC5AC-G=yes
0C8C4C3C-G=yes
0D53430C-G=yes
0ECCFCAC-G=yes
0ECCFA7C-G=yes
0C8EEEDC-G=yes
0C0D184C-G=yes
0ECCF68C-G=yes
0C8C430C-G=yes
0C87B99C-G=yes
0A2B845C-G=yes
0ECCF14C-G=yes
0C8EEAEC-G=yes
0C87B45C-G=yes
0ECCBC3C-G=yes
0C8EE1BC-G=yes
0ECCB7FC-G=yes
0C32D84C-G=yes
0ECCB55C-G=yes
0ECCB40C-G=yes
0ECCB2BC-G=yes
0CB29EDC-G=yes
0C8C2C3C-G=yes
0C8C2AEC-G=yes
0A31295C-G=yes
0C87E5AC-G=yes
0D022B1C-G=yes
0C1246FC-G=yes
0C1245AC-G=yes
0D0B3B9C-G=yes
0CA2A04C-G=yes
0CA2B06C-G=yes
09242C3C-G=yes
0D2769BC-G=yes
0A452E5C-G=yes
0A452C6C-G=yes
0A44F2CC-G=yes
0A44F17C-G=yes
0D53099C-G=yes
0612B11C-G=yes
06C551AC-G=yes
0612CD8C-G=yes
0ABC484C-G=yes
05FFB18C-G=yes
05FFA7DC-G=yes
06002BFC-G=yes
07C0372C-G=yes
07C04EDC-G=yes
07C04C7C-G=yes
07C0B14C-G=yes
05FC1A8C-G=yes
05FC50EC-G=yes
05FC3C9C-G=yes
05FC37CC-G=yes
05FC333C-G=yes
05FC0C9C-G=yes
05FC088C-G=yes
05FC75CC-G=yes
05FC747C-G=yes
08B9154C-G=yes
08B911BC-G=yes
08B9213C-G=yes
08B9356C-G=yes
08B9305C-G=yes
08B9483C-G=yes
08B9423C-G=yes
08B940EC-G=yes
08B9586C-G=yes
0924484C-G=yes
0611A1EC-G=yes
08B9641C-G=yes
08B97C6C-G=yes
08B9767C-G=yes
08B9708C-G=yes
05FC1C5C-G=yes
0612EAEC-G=yes
0612F9AC-G=yes
05FC13EC-G=yes
08B90B1C-G=yes
08B902EC-G=yes
0612F46C-G=yes
044082BC-G=yes
07C310BC-G=yes
07C329FC-G=yes
07C3266C-G=yes
07C33DDC-G=yes
0616004C-G=yes
07C330CC-G=yes
07C30A5C-G=yes
07C4853C-G=yes
043F521C-G=yes
043F874C-G=yes
043F40BC-G=yes
05C56EDC-G=yes
0A2C0AEC-G=yes
092471BC-G=yes
078F4B2C-G=yes

[Triggers]
094D66EC=Neutral,<none>,@Sounds,0,1,1,1,0

[Events]
094D66EC=1,13,0,0

[Actions]
094D66EC=4,99,7,_Amb_BirdsTemperate1,0,0,0,0,AA,99,7,_Amb_BirdsTemperate2,0,0,0,0,AB,99,7,_Amb_BirdsTemperate1,0,0,0,0,AC,99,7,_Amb_BirdsTemperate2,0,0,0,0,AD

[Tags]
094D375C=0,@Sounds,094D66EC

[Digest]
1=Ci9sp3nm3m3KAETkmmY+OaamBJE=

