[SpecialFlags]
TiberiumGrows=yes
TiberiumSpreads=yes
TiberiumExplosive=no
DestroyableBridges=yes
MCVDeploy=no
InitialVeteran=no
FixedAlliance=no
HarvesterImmune=no
FogOfWar=no
Inert=no
IonStorms=no
Meteorites=no
Visceroids=no

[Houses]
0=Americans
1=Alliance
2=French
3=Germans
4=British
5=Africans
6=Arabs
7=Confederation
8=Russians
9=GDI
10=Nod
11=Neutral
12=Special

[Americans]
Country=Americans
TechLevel=0
Credits=0
IQ=0
Edge=North
PlayerControl=yes
Color=Gold
Allies=Americans
PercentBuilt=0
NodeCount=0

[Alliance]
Country=Alliance
TechLevel=1
Credits=0
IQ=0
Edge=North
PlayerControl=no
Color=Gold
Allies=Alliance
PercentBuilt=0
NodeCount=0

[French]
Country=French
TechLevel=1
Credits=0
IQ=0
Edge=North
PlayerControl=no
Color=Gold
Allies=French
PercentBuilt=0
NodeCount=0

[Germans]
Country=Germans
TechLevel=1
Credits=0
IQ=0
Edge=North
PlayerControl=no
Color=Gold
Allies=Germans
PercentBuilt=0
NodeCount=0

[British]
Country=British
TechLevel=1
Credits=0
IQ=0
Edge=North
PlayerControl=no
Color=Gold
Allies=British
PercentBuilt=0
NodeCount=0

[Africans]
Country=Africans
TechLevel=1
Credits=0
IQ=0
Edge=North
PlayerControl=no
Color=DarkRed
Allies=Africans
PercentBuilt=0
NodeCount=0

[Arabs]
Country=Arabs
TechLevel=1
Credits=0
IQ=0
Edge=North
PlayerControl=no
Color=DarkRed
Allies=Arabs
PercentBuilt=0
NodeCount=0

[Confederation]
Country=Confederation
TechLevel=1
Credits=0
IQ=0
Edge=North
PlayerControl=no
Color=DarkRed
Allies=Confederation
PercentBuilt=0
NodeCount=0

[Russians]
Country=Russians
TechLevel=1
Credits=0
IQ=0
Edge=North
PlayerControl=no
Color=DarkRed
Allies=Russians
PercentBuilt=0
NodeCount=0

[GDI]
Country=GDI
TechLevel=1
Credits=0
IQ=0
Edge=North
PlayerControl=no
Color=Gold
Allies=GDI
PercentBuilt=0
NodeCount=0

[Nod]
Country=Nod
TechLevel=1
Credits=0
IQ=0
Edge=North
PlayerControl=no
Color=Gold
Allies=Nod
PercentBuilt=0
NodeCount=0

[Neutral]
Country=Neutral
TechLevel=1
Credits=0
IQ=0
Edge=North
PlayerControl=no
Color=Grey
Allies=Neutral
PercentBuilt=0
NodeCount=0

[Special]
Country=Special
TechLevel=1
Credits=0
IQ=0
Edge=North
PlayerControl=no
Color=Grey
Allies=Special
PercentBuilt=0
NodeCount=0

[Ranking]
ParTimeEasy=00:01:00
ParTimeMedium=00:01:00
ParTimeHard=00:01:00
UnderParTitle=GUI:NoUnderParTitle
UnderParMessage=GUI:NoUnderParMessage
OverParTitle=GUI:NoOverParTitle
OverParMessage=GUI:NoOverParMessage

[Header]
StartX=233
StartY=32
Width=45
Height=45
NumberStartingPoints=2
NumCoopHumanStartSpots=4
Waypoint1=244,38
Waypoint2=274,71
Waypoint3=0,0
Waypoint4=0,0
Waypoint5=0,0
Waypoint6=0,0
Waypoint7=0,0
Waypoint8=0,0

[Basic]
NextScenario=GDI2A.map
AltNextScenario=GDI9C.MAP
NewINIFormat=4
CarryOverCap=0
EndOfGame=no
SkipScore=no
OneTimeOnly=no
SkipMapSelect=no
Official=yes
IgnoreGlobalAITriggers=no
TruckCrate=no
TrainCrate=no
Percent=0
Theme=No theme
MultiplayerOnly=1
TiberiumGrowthEnabled=yes
VeinGrowthEnabled=no
IceGrowthEnabled=no
TiberiumDeathToVisceroid=no
FreeRadar=no
InitTime=10000

[Lighting]
Ambient=1.000000
Red=1.000000
Green=1.000000
Blue=1.000000
Ground=0.000000
Level=0.000000
IonAmbient=0.870000
IonRed=0.300000
IonGreen=0.400000
IonBlue=0.750000
IonGround=0.000000
IonLevel=0.000000
DominatorAmbient=1.500000
DominatorRed=0.850000
DominatorGreen=0.200000
DominatorBlue=0.300000
DominatorGround=0.000000
DominatorLevel=0.000000
DominatorAmbientChangeRate=0.001000

[Preview]
Size=0,0,91,45

[PreviewPack]
1=JSAAIAAAAAAAAAAAAAAAAAAAAAAAAAAAAAAAAAAAAAAAAAAAAA6up5e2rZ7Ct6TFuqavqJ
2=uIh4FTVlY1ODo0ODpSVFWCgXuspprAtaq8sqK5s46+vHO7vF27vFnPy2KRl0mIiluIhXFI
3=Uz5ARTZAQjc1QBRvb2BrcEetqJe8tae5tYu9vW60uFG/vVa9vFO8u2C4tHuFfm57dWCGgG
4=yhl4K+s6DDuaq7s6OjoJZucXBAREYzNjtlZmeSkoxnZWVubkyrr0u2uViqrk9weifMyl/G
5=xm2YnGtlaGA/QUo6O0RISVBtb2WTmGmqsVyorlCjqk2iqFGdpVGfqFChqE+fp1Ccpkufp0
6=ykqVKhqFKdpU+jqVSrsVOgqE+epU6kq02mrUymrVKjq1Kfpk+fplCepk+gp1KiqFG5r5yt
7=pZeooZS4rp2+sqDGu6q4saSOjYdZXFw4PD4yNjhMT1B8fHmnoprGu6+9saK1rYu7u3K/vl
8=22tVB8iy6xtVSEj0dlZ1RQUVBJSkU/QTY1QBdoaVxcZDivrJ26sJ23s4y+u3PLw2HFwly0
9=s1hNSj9WUklva1xDPjiooJXAuKuzrJ66rJbCo361raByc3BXUUFNSTkwKyA1MSmBhWSbol
10=mXn0BZYR+LiUBcaiKzuEzAwWKWm2BFUzE9P0c6O0NAQkpiZWGOkmupr2SrsVCdpkmdpk2n
11=rFOpr1Kep1Khp1iYokySnkqrsVeEjj1gbiyaoU6kqlWXmWaWlG9+iT6BjzyqsFKlrFCjql
12=KjqlSmrFSwp56noZWzq5u5r5yyqZm3rp61rJvBtqW9taaQjodkZmQ8QEExNDZGSUpycm+h
13=nJLDuKq6tJ+2sZC8u3iTmkhUYSB/gTmmqU2ts2Rmb1JLT1BBQ0U9QDQ6RBthYldTXCyxrZ
14=27s6u1sZTCv3yztF1lY1VYVU9CPzY1NCpqdUKtqJm/tqnDuqmxpJGHhH9bXFpHQTIxKyAv
15=Kh8vLSc7PkZQUlR5fF+RlViCjDpRXyF4fEJ3fzelrEdpdCx6e0tTW01GSVAzNT87PUZdX1
16=6Gi2ikq1+qslCPnECHjDGinm2Ujn97hDdgbyqYmUx2gzlQXSmepk+VmVhtZ2dmYGNcXk9l
17=aVB0dlFub1GflEuUjTeMkUOmooqnoJu6saa0q5yzqZu7saG8sqC7sqKwp5e8sp/DuqihnZ
18=Vub21ARUYwNDZAQ0VoamicmI/Bt6q9saW9s5mmpHSfpFJneSFwdypqcS2Bh0eennNoamNM
19=TExCRDY8RR9RU02BfXfBt6uxrJespopoZltlYllJRD86PylFXA9cbC6xrpZ6e3xITU8yNz
20=o+QkFKRTYyLSMrKB0xMyIrLioWHRonKi9UVlp4fGR/f1tybmdpZk5xdzFWYySho0pVYCKi
21=oGOMjnBSVFY7PUM5O0NWWFqDh2uIkFJbXzd0bGNBRDVTWDGDejeXiT6BfTVNWx+GgjSNjU
22=1dW05saVVWVFNST09WU1FFQ0SBeVV/fTlLUR62uFS/vHO1roqzrJm1rp2xqJm4rZu8s6O0
23=rJywqZm3rp7FuqfDuaakn5V3d3RHSksvNDU6PkBfYWCQjoe3r6XLv7C4tJGamm+qqVx+iT
24=iSmT6ZpkKss19xeVNYXFVHSUk1ODlCREZvbmhRXCiXlYJwbF9eW1JKRkE9PiuPlUChpG9h
25=ZmhJTE5DSEtgX2OJe3RoXEk5OiJBOipfQ0p7VnGFXoReXGI7Rj9FSEpeXFNYVEpnY0+Olk
26=VjbCdwdC5JWRR9iDCnqVGvs2lia1ZXWlg4Oz84OkJUVFVzcmp/fndsb0pRXB98dUGgo2Ce
27=n1yhoWivpXqqnntsbVVVUD5PST1NSDlYV05MS0M6ODB6bTtjbSXMxl6Xn0GWnkTEwGyyr3
28=2yrJS4r5/Btqu4rp+3rZurpJespZe3rZzAtKHFu6qvqp+Dg35PUlI0Nzk8P0BYW1uLiYKy
29=rJ2vqKOyq5yurH2tsGB4hjCTkjuNkEtxdmxUV1xESEs9P0g5PEI8QypOUkJTWzBtblheWk
30=dRTTl6eGBnaGtOUlZPVF+MjH23uWhkaTJ2T2WOVXaMLYWITH+OjoGRcIOWUIyHXYVpZ2Jp
31=Z1VmY1NfW0pwblyNkWWQmUxsdC1jaSc0RQ5gayF3gFZxc3RKTlNBREk3O0M2OUBOUFN5eW
32=eAgGROUU9ER0k8P0FPUVCLiYiup5+9upmCfGdjWUkmIBRdWEZDPiojHxJaUDdSYiOpqXJ4
33=hj9WZh5hcCZxfjO2tl66t4SBhmedmoa7sKeqo5exqZq4rZu2rJu8sqC/taLDuKS7s6WHjY
34=hBSk06PT83OjtQUlKBgXuqrJ/Bu6S8sZy+tpDFwH6TkoBWWV9QU1VjZmuZnHBWZDRARERB
35=Qz0+QylERkJmZ15YWlg6Qi87P0BcWlOak3SgnJSeolBreyiNkUNtVVSWR4dxS2hgaVFHTj
36=BrH2OSI41tXV1eYE1pZVRcVkA+OzM7PUdaXFeDhl+Wnk9wejZbXkdeX2RUWFBOVUSHiH2m
37=p3hiZ1Y+RT04O0Q9P0U+QUVHSUtqa2lpaGZSUlBGSEhqbG6mopqKhnVkW0tlX0xIQjEqNR
38=s+TzBteF9AQ05tbmeZm2uaoFd6gzd+hDWjq0mEjTh/flR9fWyhn5LDuay6saC2rp64rp7D
39=uqi5sqOVkYmEX11QQkI2SEpGUFI3RkcvOjtkQUKHdHKjoZaSjoxZW2E9QERCRkhlaGq2t3
40=26vlNxfSl7fkiDhGhbXFw7PUU7PUJDRkI3RBRiZmB6fFeTinNeVlFKRzdOViecnXmKmT6e
41=qEiBfFtVVUxCQy10Km2VNJBlWlVOUUJbWEhNRzVCPi8iJCQVFxozNDteYVx0d2ZTVllJS1
42=BGTDtUXyqfoVqipUmgqklMXCdQUk1PUFNCQ0ZER0drbWuGh4VtcG9NUE9MTUxjY2Bqameg
43=nJK3r5+uppmRj1xdaR5aZTRMTj8/QUBAQkxmZ2Smpnd/iEpydzPMxF6Ikz1CXBhVYDKkno
44=i2rp+4r561rqGLiYRXW1s0OjtpIyWlJyihSEi0m4+mdGujMDGSIiRGLjA9Rkg+QUQ6PUFW
45=WViOjIuzsI+0s1DAu17IxGSaoEm2ulpvfEh1el5gYl0/QUg+QTRMTjs8SBtgYl9mZVSIgG
46=uek3RvaWiBf05td0RydV1jYlZaWUiAW2agaYmZkntzdFdjX1BXUkJhX1VMTlA3Oz09QUM3
47=Oj01ODw9QURCR06Hi3OOk0RlcCFIVR56fzZxeS3CwmWYn15LVElLTVIzNj1BQ0NkZmWCg4
48=GLi4dUV1czNzhFSEh/fnuPjIi3sJN7gTtjZSZTVT9UVj9OUD9BQz87PUdcXmCRkXHHxHeH
49=lkFfZyeWlUVzei5qblKIhYJQU1M7PUE+QENWWVqBi4a6q5nXhXTZWU/WZVvNnY+cnpBmbW
50=lFSEk8Pj07PkBgYmKopJzBvKyzq26nm0Oyq1N0gTpFVBx8fznDwWDLxnClo3RmaWJSVE5D
51=RjdGSTZKVSh+fXJWXjtaWU9gW1BqZVtzcmdycmNdWUxkYECTmEp3hj+2s5KZlZF9e3FwcG
52=hISEJTVlVucW94eXxcX15JSklCREZQVFV5fGeOlV2FiUNzeitLWR1tdzJhbiJmcC6fo2KT
53=k3BSVVY2Oj08Pz9aW1l9fnuBgX9xcG1ISUc0NjZZXF+VnGFOXR8/QD9KTD9SVD9UVj9PUU
54=BDRT85PERPUliFhW61s3DMzWe0tXNiZWRLTlJITE4rPCpfaFe1rp/MwKu8tqSorZywppa7
55=uai1s6C7nHfEspqtqaB3eHVLT1AzNzg4PD1aXGGIi3yinlmtnU21sXWZl0qtqFHPyGm1tl
56=ONmzijq1hUX0BUV1ZPUU89QDc/QzA/Sh5lZV5RUEVjYlJnZlRra11jX05JQzOkpk6zt2x1
57=eHVJS0xPTDpnZFJYVkp9eXC/sJbFu5C6tqhERERSOypPSUI5QUlKTFNxdGWLkV6boVBwfC
58=xkby2Omz94hSyvrHRnaWxHS05BREY+QUE7Pj5ZWllPUVI6PT8+QD9KR0eIilSOjz1aXl45
59=PE06PEFJSj9RUz9VVj9RUz9FRz86PUNJTFR7fWtsbmtTVVpTVll5enSPlU1xfDKpo3qQlX
60=mtqpe/taO4saGyqpy9tKS+taO6sJ+8sqHGvKu0rZ+CgXxYWllLTk9QU1hjZGWBfmOjm2G6
61=sXOuo1yxpk2ytFF/iTeMkD58gTitqVi3tnV4fGhPUk89QDZCRDdYV0pdW0tlY1NxcV9MSD
62=dHQC+UlGp4e3hPUldTVlVRTj9XUz9DPzBdWku0k4OgXkR9PidOMyKOaDB7SBxNKydAREU0
63=NzxGSE9pa2OEiWCaoFKor1KLjWpVWGFQU1RVWFmKjYxnams/Q0Y5PD47PT9BREVSVlmPim
64=1gZTFgYiS5vVGprFJqbVw7PlI4OkNHSD9QUT9VVj9SVD9HSj87PkA9P0Q9Qkdlam3NyoPU
65=z198iTWUmkRldyxnbkagl4C5r6W8s6WjnJGpopa4r6C8sp++tKHAtaHAt6mGh4NgX1d6d2
66=tPTkVOT1JTV1t+foOoqYisokyDcj2sqXW9vm3ExF20tlZjcSedoU+rqoeEg4FXWVRWVUhO
67=Sz08Oi9jY11wb2RYWFNESEVERklMUFRxc2pXU0FXU0I+OjBiXj+rs3JQRyZUIxRtIw5HGQ
68=1GHw1SNxyNioB5entGSUs7PUBGR09lZ19tcGJLTlJFSEpXW1yRlJKBg4JjZWJUWFdsbGt3
69=d2hBRUw6PENIS09qbWSOkWq+wjDm5xnn6SjAwkd0dlw/Q1U1OERERj9PUD9UVj9TVT9NT0
70=JDRkJGSEtoamKTl2p1hD9pdC2pqFSqqk/IwGjEvIS3sJeyq5yuqJi3r5++taazraGFhIBQ
71=U1M4OzxIRTddWkVhXk9bV009QEAxNTdIS05ydmeDgG1+enylpYauslGwsVc5ShiNjku+t5
72=O+tKyhm5BVVEhRT0E5NiowMjM7PUI0OC40QRFJS0yYlZC3r5NPTDlVUkE/OzJiXDiEjThU
73=YCJnaDxsYD9dTCpiVTGcnHS5s5O/tHOlpXVeYWE9QEJCQ0Q9PkBAQ0NPUlF/gX5zdnZvcG
74=5kYVZobFiip2a0tFe4s3ltclVASDw9PkZAQUrDyTGjmTWHc0XCvhjq6yDIyUCDhFlGSVc2
75=OEdBQz9NTj9TVT9TVD1MTj5AQj8+QEtjZGOWl3HIyHNwfTJ+gjVseSmZnk2rrGi1sIynoZ
76=d6enZKTU4wNDY3Oz1gYmFbWExWUj9KRjVDPS6YlIpub209QUJZWVWEhXlYVU5HRDSxtWHD
77=xF+xr1Wop12usl++u4aaloFOTUZJRzwzMSUpKigXGBsdHxgvNRlJSUaNiXytqZ13dW1STj
78=1BPTU/OyNhXC1VVSlSWCVpaDGcnUqysovEu7W0sY2IiGBhYltRUlFPUU9YWlpYWllFSEpO
79=T01DRURTU0pgW0pLRjx5eUBbaB1DVBmfnUmGkDNQYSdDSkBJTku1vTi/wiaLhUKalybw7w
80=bW0BLl3x/P0TyMjlhOUVk3OUY8PjpMUUVTV0JNTzlNTz5BRD86PUZVWFt8fmeipWGkplGP
81=jz+qrFaWmX9SVVs7Pj86PkVqam2dmpPJwrJqZlZRTTxJRjdEPjC9taXIwragnZRWUEA4My
82=UrJhouKiRkZmKho3ebl11PSTlcYjGXmkO6u12OkFFubFBybGWPiICVkIZqa2lOUExJSz5H
83=RDVsal15eHJfXEdLSylbVkh9e015fjtHUhuGiTx1hTFtd0mXlIpbXGE4O0JJS0hvaFN0cW
84=Z4eHJXWVg7QD9ES0RCS0dYWExTTDhKQzWAglSIk0NydzFcZSFIVx1mbjByeTJ8jD3DvEbJ
85=xjvZ2Srn6CHs7BSWkTCalh3q7Abv8BXc3jCWm2BrcHaNgXd/eGtubV9SUz9TVT1QUkBDRT
86=48P0VRU1mEhW22t3SOkntSVV5PUlRaXmalonuwr4i7s6W7tK1hXVRQTDtLSDlBPC+EeWp0
87=bmZraGNTTT00LyMwKyAuKiIwMjUvMjpeW1NKRTVhWUaWmEyBizuzuFOytFe8unu2sZLCua
88=i/uaxwcnM9QUJFQDJEPy83Mig3NhpVYS6hno2SlGi6sZu2sH6bpEthby5pbGJVWF1KTE1c
89=X2FoaWNXVkhLSTszMig8RUBYW1uCaX+QcIplX1NNSDRKQzJOTk5rbmSPlGOKk0VjayhKVx
90=pkcSyMkTruwnjjunfYvj+no22cmlbf3Brb2xPo5wbv7QjGxUKjmG7BucKxpaGKdWOij396
91=eXVAQjlRUj9VVj9SVD9HST87PkJER1FDRk1JTVBoa2y4uX3Fxlo5TRB1dkfGv4x2c1JJRD
92=dFQTk5MylSRDRPSzlSUkBSSj8xLCEoJBpDPjQ7OzkjJihqa2JzblxeU0GChGeLkl6rsFN+
93=jC6ztkvFxW2Tk4dRVFg/QUNHSElDPzNKRTc6NioxLx8vMyY5PytMWCyLhHNyZ0+enYhxc2
94=tMTlNMT1BqbW+eoJ5nZ2JVVEVHRjVCQDmCXoOXSpGQKYyRMYxoWFJLSDJNRjRJSkY4PEFB
95=RU1sbWWipHGTm1B6fzZXYByrpnTqxH+ij2tdW1w+OEOBgxvv7wrn6AzP0CmCfnx5a22ci3
96=mjlYN7dW6KgHOfl4s9QVEyNT5GRz9QUT9RUzxMTjpJSz9FR0Q5PURkZmSqq3O1ul9pdy5s
97=ci2wsFLKx2OfmlNubEdUVjA4TByBhj+golBUWi1STjxnZF9WV1ZCRUZAQ0NrbGNsaFlSSD
98=c4OkBTVVp8fmyvr23Hx3OKjXtRVFpPUlVPVFVcZExeWUpHQzQ5NSgqJx8kJCcjJRwyNStF
99=R0VdXlZER0o7PUBJTEtzdXaUlZVhZGZPUEtaWUpEQzVWTj6qaomNM4OOMIaSS4leWEZLRj
100=NGQDB5dm1iYV5eW1JxZlppST9uVkiIjGeMlE9qdGLLtHXOr3OXiGuOfFqrn0DAxiG7wTOz
101=skmYkGl/end4cnGkn5aIgX95c3KZj3CPjUpzdVZER1c1N0RUVU1tbVlSUzxOUTtPUEJAQk
102=A9QEtjZWKgoHS0tGS6vVqCiziurlazuFWRmz56hDd6gD2fpUZ3gj1na2NdX2M/QkM8QUhj
103=ZGp2dm5nY1NdUkFbXFstMDIqLDM4O0FcYGFJTVVRVFZwcXGTmmFJXRV5gzpUYilLRzl9dW
104=eTj4hjZGQ/QUVHSEdAQUBCREROUFB8fXxqbmdDSDpAQ0dVVVNbWUpFQjlRUjDFwl+GhUZg
105=XkGRhnlST0BGQDFSTjVgYEthUURtUz9lRzdIJxc9Jh8/QEdcXl88P1hJUVqMhmfSuHb604
106=TwyX23q2uqp1Kyrj64rT+ko1GVk2iIhHGIgWimqTfU1yLr6RXt5h7Fxz+Dh1l+enicj4OB
107=fXJfYFFQUjxUVj9NTz8/Qj88P0leYGCRlG94fkuGiz9Zbh9JYx2DjT6Jkz+yt2mRkoJXWV
108=9OUVReYWeqqH22tX2BgW9cWU9lWj+3r5V/e3JFRUQ6OjtfWU1NTUw+Q0yXl3+1vF+EjjaQ
109=kj12fjChpFqko5NlZmhDRkY7Pj5aXFtgYmFER0lKS0tCQ0Y8Qio8SR9xcm1kZ01YVktMST
110=4uMx4/ShZPViA+SBhWXSeGgkuCfVxvcGBPU1RKQThKNyRFKh5CLSNNNy1ERUUvMTNBQ1k9
111=P1k2O1dDS1d/gXC/sH7rx43pwXzSuWPavWbbzTvT1SPQzjPTzSne4hTp6wju7Qjv7Ajq6A
112=rQzy9TUktgXVxuamFFRUQ/QT9MTkFSVD5VVz9PUUBCRD86PUZdXmCHimyCjU9ecS5haD94
113=fGJeYF9AREpFSUxqbGyhp2xqeS2hpkicolSJhmKIgWetpo3Mw6ytp5RgX1lbWE9KRz1CRU
114=NBREhgYl+Wl3C6uGt7gUOOj3dWWV9JTE1TVlh+gX98fn1WWFdCR0hTU01XVlNESEJCRzRQ
115=VThFUCNeYEpISCpQOkVoSVCOgU96izBzgC+in3BlaGtJTE9LT09SSD05Kx5HKx0/JBZGMy
116=BRT0RPTktCRFpCRVpCRFo/QVo1OVY/R1aPimi3qHPdvnm5rXfexW7cwHfSsmTJolrTumPO
117=yDnW2Bfo5w7n4RPGujRYVUxEQ0oyLyoxMSo1OD0yNEY9PkJJSz9RUz9VVj9RUz9FRz47PU
118=RVVlt4empfYV9BQ0o6PD5ISEl+fX25s5y8uXB8hz2TnUFcaSt4cWB3dVxGXCqUjHinnI1U
119=UkY7OTE9OjNLS0o4Ozw5PD5AQkpdYF5zdGlOUFdQVFRjZ2mcnpxydHRHSUo9QUVsYlyOfm
120=5+b1trZ1xeXVdBRTZDRjZDTCtPUDCLUYeOOoukVpO3l4SLjnFQVF1fYWF4dmx6dWZ1blpb
121=RiVbQjGRgGuRh3qSi325sKBCRFpCRVpCRVpBRFlCRFk/QVk4PVc+R1lhbWFVYl5bYGGxpo
122=DgxIbivonnun7WtW/DxjPf5A7n6QrY3BukqEBgYUo/PzRobDOFiCeanUNpbFs5PFA3OUFG
123=SD5QUj9VVj9SVD9HST88PkE8P0U7QEZucGeFe1CZk32yq5u5sKbFuZjAvnujn1hKRkBSUE
124=VJTjc4Ni9TXzVJSzguKisxMCFjYE2Jg3pub21BRUZDREU9Pj9BRERRVFSVlY5ucXJPUlNU
125=V196gW9XSzBhSDp7aFhuWEhnRzN6emVUV1hMTkFARTFHSkV5ZHePbotjXWdESkRHSk1WVU
126=paWVBGRUBDRDC6u1vCwHarq4CjoYfHvKy9tKZCRFlCRFpBRFpCRVpCRVpCRFpBQ1k/QVk7
127=PVk+QFk7Plk7QVhWXl2ek2nbvHbvxnzjwGrYxkrWw0q/tFGvtEaoqE28rVXDuVa8tEHm4x
128=3o6SK1t0lvclo9QFM2OENFRj9PUD9UVj9TVT9MTkFFR0RKTU9pbWONjIHCvKzHwKu7sJ7A
129=uK+rpZFmY1lcWVFEPjo+OzBhcSZYZyiTj0qcklGNkHhxcXJKTEw5PDxQU1JcXV1UVlV1c2
130=13cF5fXlhRVVubnIPMz2dwYzdLOjRSPC9AIRZRNh3Lx2aipWBQWUpXWVg+QUM5QUBBSEk5
131=Qyg/SiVzdHBUU0NAPjIsKyU7PSSvs1OQmEBzhCdaZiuVkXC8tKFBRFlBRFpBRFpCRVpCRV
132=pCRVpCRVpCRVpCRFpCRFpBRFpAQlo7Plk3PVdTW1uuonPQt3vmv33Is3zlwnznv3How3Dx
133=zYXsyofkv3LYwV3XzT7n5RPq6CK+v0Z7f1xDR1Y1N0ZCQz5JSzxNUTtQUjxLTT8+QD9AQ0
134=hhYmWXlpC/u6zLxLCqpI9jYFhjYFhCPzlFQDWCgz9OWhySk1F1d21OUFU3OjtLTk50dnWB
135=g4JgYmJPUEZNTEBMTEUrKiFYV1B1d2mprXGHelFWOzBZQDE9JhtINyDQxGCfoUNdbSG0t2
136=WNj2laXVs+QEk9QTVESTZVWzxSWTJdW0w+OS5MOz18ZVRcYixWYySop1WnrU+vtFxCRVpC
137=RVpCRFpCRFpBQ1lBRFpCRFpCRVpCRVpBRFlCRFpBRFlCRVpBRFo9P1k9Q1dMVlx4gWZebG
138=J+f2fVu3eonG11d2mDhG3Lsnbfu4HYsnfTtlPw4yjs7grv7hrKyT+Ji1ZOVVFTVllsaV5Z
139=XE9NUDtTVD1OUEBCRD08P0FZW16Rj42oqIRtbFNcWU5IRDxDPjFZVz1WVTcuLzIxMjdOUV
140=J2eXqSk5FjZmU8P0A6PUNXV1A+PS87Oi8oJh46NysWGR44O0NkZmV/dGp0XUxcQjOMe2zD
141=voman1J5hDWamEa5ula9v2mkoXNsbGdGR0lFSTA/RDNPU0+Gb3uKVXmAO3edVJCvmFasq4
142=F1fF2HjzVCRVpCRVpCRVpCRFlCRVpBRFlBRFpCRFpBRFlCRVpCRFpCRVpCRFpCRVpCRVpA
143=Q1o+QFk6P1g9P1k8QVlRWFs9RVk2Olc2PFdITVmAgmTKtXvswn/t0Urn4xvj5A/z7wTw8C
144=GppHSRd2ycfWWOfnCFf3VKTEJRUz5UVj9QUkBDRT47PkBSVVd1d2x9fWlpZU9WU0JKS0g5
145=Oz80NjdJTE2ChYWWmJVWWl1HTlFXW191emNdaEptaV5JRzk/PDBFQjZpaGRJTE4zNzpARU
146=deYF+OiIS6uZGrrnSbn2KkqUqUmkpzejXOxmC2uFO2uFqmqHddYGM6PkI+QENMTVRNVDNc
147=TkZ+WnB6c1Z6c29PRkFoZzxBRFlBRFlBRFpCRFpCRFpBQ1lBQ1pCRVpCRVpCRVpCRFpBRF
148=lBQ1lBRFpCRFpCRVpCRFpBQ1pCRVpBQ1k8P1lBQ1pBRFpCRFo8P1k/TFqDimfbwInqxIPi
149=xVzDu0i7wDCzs1ycjI2Sd2B4Z1N9b2GlmYdydHQ2ODtISj9RUj9VVj9RU0BGSD8+QUNRVF
150=doamNPUlRBREZHSkpmaWiBg4F3eXhLUFJcWVd6aGa0sIDLyWCFiUKAfFpYV0xLSTpKRzvH
151=v6+tqJyGhH5WWVg2Ojw4PD9UV1N2fVugpHKorGufp1C1s37EvnSKmDl3gjSJi2tfYmVOUV
152=VIT0ZCSj46PjxBRzY/TCFGUTdaXkphY0SYkIU8Plk8Plk4Plc5P1g/QFlCRVpCRFpCRVpC
153=RFpCRFpCRVpCRFpCRVpBRFlBRFlCRFlBRFpCRFpCRVpCRVpCRVpCRVpCRFpCRVo9P1hARl
154=iMimXfwoPrxoDqwXDUu2CcpE6Vk5Scl5+Xjn+ppKGsq66RhX2IgntKTUs/QVI4OkJFRz5Q
155=UT9UVj9TVD9JSj8/QUE/QkZCRkl0dnR0dnVMTk4xNjhWR0FwSTqIX0yYbVCZj0yzu1ZYZj
156=BZVk1KSDpIRjqtpZaso4+rpZGZlYuEgnxYW1o3Oz02OD9QUVt7fW+Vm12wsnqusHukql+D
157=g3FRU1xPUlReYWpue0hVYydlZlVWWVhDRjxDRDo/RyBiaU6DhGpSWREAAKgO/Q8AEF1ZYF
158=+QjWqKjGlMVFw9Plg/QVlAQllBRFpBRFlCRFpCRVqMAWIBQkWUAAZEWkJEWkFDWkGAAQDb
159=QkVaQEJaQkZYd35j2MCG2Lh91bV657520Lper7U8vr9Nr6l1r6Wiw7rQvba1n5lmurg61d
160=Yrv8JHdnhbP0JUNThEREU/TlA/VFY+U1U/TE5BR0lFQURGOz5DQERIeXhwdV9HQC4aPzcq
161=Rzw5SUIuoKZLUl8wU1FMS0k7PDktZmJWWldQTEpDWVVKk417sKqblZKJYWNiOT0+MzY7Sk
162=xRd3lvhod9VFdaPkBFPUBBXF9npqp7ubxYqqlPtbZXuLlvi4xvYWJeTU9GPkA3OEEb38SI
163=1Lp588l42MOFan1nPUZYQ01bPkZZOjxYQEJZiCFwI6QjwCJpJFmAJWQmAPNBRFo9QFlWYV
164=y2qW72z4jduXDJqG7twXjtxGvf0jnd4RDi4hDKxy+zrkvDvizd3hTr6xDY1BjEvhvs6yLI
165=yEKChVlHSlczNkVCRD1NTj9TVT9UVj9OUEFHSUNAREdlZmWSh3GnlG+Uf1WRg09NWSFiby
166=q8s2JoZ0tMSkFNSkNuaV2Dfm2UjHujmou2rZ23r57BuajCuqqem5JoaWg8QEIxNTg7PT88
167=P0NGS02Pjom9t5+tqVm3sVGgoEhpci/CwF26v1l8i0VJU0FkZWBPUUvRuGd4ezZYYB/HqG
168=XewH6qpHeoonGgmW5la2U9R1k5PVg7QFk8QFk/QFlBRFlBQ1lBRFpCRFpkI2hI9EgA80Ra
169=P0JZUVdcm5Nsv6112791s6t06MR/6sR4uqJSuK4u3OAb1NgZ4uIT6ucO4uMYsKo4gHNCt7
170=ocz9Ae5eMl0NE7j5JYVFZePUBGQEJAS00/U1Q/VVY/T1FAQUQ+O0FGWltghYRvr7NosrhT
171=cnwxeX03q6xWsa5is7B+uLCjs6qew7ilwbemurKksaOOs6CJu7GhwbWhurCgpaCWcXJvR0
172=pKOjw9Q0ZHbG1tlJNzr59as6JVsa1ssbJ2vL1ohJM2ZnAqgIE7iJJOaXFYnKVKk5k4eoBf
173=mZdo0r1h68R58Md+37ts3MB5s6h4c3pofINmaXFjQkxaOj5YQEJZQkVZQURZQURaQZRpZS
174=NFhGgA60RZPkBZNzxWRE5bZXFiT1tdaGxhvady37x6zLF94MFs0LRq4sNh6eAl5ecP3Nse
175=yL04tLIvuLspx8Umx8Ul08pBioiDcG9eWl1aODtMPD5BSUs/UVM/VVc/UFI/REc+PUBFTV
176=BXiIlvn6JlZm8yfIU5VmckqqZTw75zl5lobXZVtquju7SouKWMt56Btq+hvrSjuq+dwrel
177=wLensayge3t3TE9QOz4+PkFGVVpYioyCta2JtqhntKyJsq1wtKxTvb5dqaxLl5tBpKdfq6
178=Jnh31vWlVJe4RCq65Ts7NYWnQpcHAv1rFn7MqE5MJ848B1wLF6fIBoREpaPkBZQkR8ZdBo
179=uCK0AAFFWkFDbEkA4zs9WD4/WTk9WTtCV3BzYsq1ed++e/bHe+zBc+7QUOXcKs/VHcrIJb
180=+/Lbi/LrS8M6CkRXFta1dOT0lDPp+iN6eqU2FkWzg7Tzk7QUdJPlFSP1RWP1JUQEZIPzo9
181=QktNVYGBbqWmbpScS2h0KF1vH5GXQoOGRYyKXrGsjbyzpb62qbKqnamhlLOqm7yyoLyyn7
182=+0n8e8qbSvpFtfYDtAQzk7PTY4PFNUUYF+YKCYYL6vb7SnWaSpU8LBcoSPPNO6dW1yTj5F
183=OVpSUW5vXp+kVMq2X7emVIGEVZeZW8myUKyghbOidfbLeMa6glpvYT1CWEJEWkJFdqtBRL
184=RFZ4lCRVtoJJxoeEaIJAA9P0FaPkFZQUdYT1ZbmJRp3sKJ5sCL4b9t5M5J69o72MRTzLdb
185=yLtRztElo6VBjYtOqagt1dUQ8PAQ4+QpsLJNbXBZP0JOOjtBRUc+TU89VJSuAIhKTEA9P0
186=FFR1F0dmmPlWNvfDysplCgqEZvgi6dnFBxdVa6r5y0rJ+vqJq3sKG4sKDAt6e2sKOFhH9X
187=WVhAQ0M7P0FYW11cX143Oz0yNz1MUFF8fXyioXayqFy3rYSoo2jiv2ycl0dzeViwqo/Ft4
188=XPtGPNt3PQvoKssGKEjkaBglRnY15NSkSDd0nhv3fUu3qDhmQ/RlhAQllB6Mz4IpDOuNDw
189=aADjQURaP0FZR0xZcHFjrqN24sKHyK5yzKpuxqdy1LJt27d1qZhu1bRo28ZHoZ97zMsv7v
190=AS7u4N7O0I7/AE9fMI3NwuoKVfbnFfSE1PQkVFQUI6S009VFY/VFU/S00/PkBAREZPa2xo
191=oaFzqrJcb3sxiIk7VWIeeYI/mZ1fYGxIpZ+KraecfX15TE9QMjU4NT0/VGJhj5SNtrCisa
192=qbmZqQYG5rOENEMTQ3RkhNcXBinJRiuKdYrKxV3Lht1bxrvq9czrNc2btwtrGKsrCurKuK
193=lZ1Ed39PbGtebWdioI1jxqtsqaRvYWZgPkJZQURaQkRbQkRaQkRgiGhCkCB48aAlhURCgN
194=AAQFtmXbysb/bNgei/hOC6crelaWlyWFppVGp8WK2kddGwdop+bE9JTERBP5uYN+nkIe3o
195=FuHeHM7MI7+7LbOzNra6Y5uaj7CvvYOEh0dISUBCPkwoMBoAeUBCREA8P0lbXV+Tk26/wW
196=y0uFN+hDaAgjVueT5gYV5NUFIzNjk9QEZja2qlcm3YbGLGnY6ztaOyuKXHq5rbeW+2b2pr
197=cG0+Q0UwNDlBRUxnaWKxr1islGbOr2y+rla7qU2ur3Kvq3a2qmi+rm7JuHqmrVSUoEmdom
198=/FuG/owHitqnpLYF43Olc+QFmsHyIoIixUCJwCkIyU83BEAENCWkRKWnd4Yqihbn5/ZkpT
199=WkFHVkhPVldnWJiVYsemZJ6KZ350X5qEXdS0c/XVY+zHYuK/aM29UL66QKmuPri2lqaXkL
200=OpqpaMgnhxZ0tPVzY5Sj4/ctFSVCkwGgB0PkdQU1mLjG20s2u7vXaCg3tPUldQU1dzc3Bx
201=fFd6g2m3oprMg3XcXlbSZ17LaF7WVlDPem3EqJXCuqmppJp1dXJGSUozNjqlrk93eUORiW
202=6yqo6zpX+Xl2WprGmtrEmvrWS0roCqqHWGkESLmjmyrFXxxnbcv323q3V6fmZQVlxAQ1pC
203=RVon3BBlI0RgiyJ8Iip0HoRHCz9BWTk+WDpDWDk+WD5AIiAnAMU/QVlCRVhJVlRqclKgml
204=/UvHa4qHKAgGumn3zlw5PJsGvp1TLe0Dqjp2avqqmLgHV1al59bm1qZUuQkzKanVVaXVo3
205=Ok08PkFISj5RUz9VVj9QUj9FRz87PkRRVFhdX2BJTFJZXF9XX1V/iUmusE6DhUWQj2a0uZ
206=67tqrVk4jOgnamnZOgqJ23saC8sZ+/tKPCuai0rqF+fnmlrVV7fFNEQzB8gHGVkISxrZey
207=rI63tYesq4SzqGKPiHx5dlmVm0ijrU9mdS+kkE/vwnrWvHh5hGJBSFk/QSLMJmgh0URbdC
208=FkrSkcDYAiJNIrQEJ4r3wFaCcAxVtBRFtAQ1hBSFdMWVhOWFw1PVdFUFipnmzewIbNt3Hw
209=4Czk3yCoqHGLg4KDel99d2aWlEa2tSPf4A7w8RLg4CuqqU5lZ1s6PVA5O0FHST9QUj9VVj
210=9SVD9GSD9AQkE+QEVNUVmNkG97gDyDijdXax2TmUKpr2GKk2Jse2Opqp67tKW7saC3rZuy
211=qJi8sqG8sqC5r5y/taOhqFiuqo5xd0+SlHbPx7W4sZ1qdDVyd0m6rqiIg4NXU1ZEPDxgZD
212=mWoEl9hT+BdD3ConGpp3lda2E7Q1k7PVlCyCGEqieIGfAgKngvqGmEsMBJYNMAxUVbQUNa
213=Pj9ZOjxYS1FZmZhs5seL2bqBu5li1cUw4eQW4eIb1NEo1NQcz8kn3dYg7+wT8e4K7u4I7+
214=4G9vEK5+QntLZKcHNaREZQOjxBREY+T1A/VFY/U1U/TU9CQ0VCRkhOdHVrho1hhYxHd4c0
215=VWchfoE7YW8sjI1dtK+Ptq2kurKmtKycs6ucuK+gvLOhurGhoahQn6ZQqalauKlgnJ5fn6
216=RjjZFIj4VIoKNkmZ5cjpJdkJJWlZtJjpdEq61Vt69cy7Vj5sB22799o5tvX2ZeQUVZQUNa
217=eBx4ZCjoEHmsRHgBrEP0QughaSdZmCWsBAC+Wj5CWWZwXsizdPXPieC6g+W6btO0aNTCUM
218=TFMbS9McHIL7WzQqyjUba7P8LFNLu/OMPGM77BOcTHMMLFOsXIRpmeZW9zZElLUzo8QkNE
219=Pk1PP1NVP1RWP0tNPz1AP0FDTWprZpWYbaOjXr68X9PLY7C1Tre3XMW8g7CokK+mm7ivo7
220=ivn7WrmbSqm56nUJ+nTp+oTqGpUaGqT5+nTJujT6uxVbO0VYmUQZ+nTL/AXq2yWYaSQoOS
221=QJ6oULitWuO8b+jBe8+4eHN+YUJIWT9CWb0dQ3RFIzQiYAGUZqAfYGSYAYRHjCXYASq4BA
222=BAPEBZW2Belo9qvqx08dCK88l+7MB42bZwu6xioKNSl6NOnqdPoKZTmaFVmKJUmaJQm6NQ
223=m6NTm6RUn6ZPp61MqrBYnaNmd3xmTlBWOTtEQUI/TCgwGgBjP0BCPzw+SF1gYI6QcLq6bM
224=TEXsrEXcG/WMW+Yrm4ea6oi7OrobqwpL61pqKoSbW3V6CpT7G1VqSqTbW3W4WSPpadRLe4
225=XJCbSJafTauwVq60V5yeTsKuYNm5a+i+cPLGerqwfFZoYDk8WD5AWUBDWkFEWkBCIv47P0
226=F2AEBCZGgDQEJaQENZbQFDdKh4zQJBWUBDWmwEAURaQENwZWwB9AMASUBCWjw/WTM5V0JK
227=W3R3bbGkdejEevPHeO/CdeO8b821ZKqqVqGoT6GoTaKpUJylTpymT6GoT6GoUKOpT5+mUZ
228=6mT6CoSqyyVaGnY4GFaFVYWjs9Rz0/PkpMP1LQ0QATP0JEPjo9RVBTWYOFbbOzbcPEYMHB
229=WsK+WsLBYNHKfLOvjLqxoxEAAA==

[Map]
Theater=TEMPERATE
Size=0,0,50,57
LocalSize=2,6,46,45

[Waypoints]
0=50026
1=52089
8=77037
9=76048
10=79059
11=76070
12=70033
13=68044
14=69054
15=68065
16=67075
17=50042
18=48052
19=52065
20=46072
21=37036
22=37049
23=36063
24=37077
25=30058
98=54055
99=54055
699=53053

[IsoMapPack5]
1=7wwAIAABMgABAP//AAAACAAxAAIA//8AAEkBMigpADMoKwAwAAPhBDEoKQAyKCkAMygpAD
2=QoKwAvAAT5BjAoKQAxKCkAMigpADMoKQA0KCkANSgrAC4ABfEJLygpADAoKQAxKCkAMigp
3=ADMoKQA0KCkANSgpADYoKwAtAAbpDC4oKQAvKCkAMCgpADEoKQAyKCkAMygpADQoKQA1KC
4=kANigpADcoKwAsAAfhDy0oKQAuKCkALygpADAoKQAxKCkAMigpADMoKQA0KCkANSgpADYo
5=KQA3KCkAOCgpACtAQd1BLCgpAC0oKQAuKCkALygpADAoKQAxKCkAMigpADMoKQA0KCkANS
6=gpADYoKQA3KCkAOCgpADkoKwAqAAntJisoKQAsKCkALSgpAC4oKQAvKCkAMCgpADEoKQAy
7=KCkAMygpADQoKQA1KCkANigpADcoKQA4KCkAOSgpADooKwApAArpFyooKQArKCkALCgpAC
8=0oKQAuKCkALygpADAoKQAxKCkAMigpADMoKQA0KCkANSgpADYoKQA3KCkAOCgpADkoKQA6
9=KCkAOygrACgAC+EaKSgpACooKQArKCkALCgpAC0oKQAuKCkALygpADAoKQAxKCkAMigpAD
10=MoKQA0KCkANSgpADYoKQA3KCkAOCgpADkoKQA6KCkAOygpADwoKwAnAAz5HCgoKQApKCkA
11=KigpACsoKQAsKCkALSgpAC4oKQAvKCkAMCgpADEoKQAyKCkAMygpADQoKQA1KCkANigpAD
12=coKQA4KCkAOSgpADooKQA7KCkAPCgpAD0oKwAmAA3xHycoKQAoKCkAKSgpACooKQArKCkA
13=LCgpAC0oKQAuKCkALygpADAoKQAxKCkAMigpADMoKQA0KCkANSgpADYoKQA3KCkAOCgpAD
14=lKAawBld46SQGkqQE7KCkAPEkBprUCPUgBxaI+KCsAJQAO6SImKCkAJygpACgoKQApKCkA
15=KigpACsoKQAsKCkALSgpAC4oKQAvKCkAMCgpADEoKQAyKCkAMygpADQoKQA1KCkANigpAD
16=coKQA4KCkAOUkBq7EfOkkBoqkBOygpADxJAaW1Aj1IASd0BCdJBD8oVwAkAA/hJSUoKQAm
17=KCkAJygpACgoKQApKCkAKigpACsoKQAsKCkALSgpAC4oKQAvKCkAMCgpADEoKQAyKCkAMy
18=gpADQoKQA1KCkANigpADcoKQA4KCkAOUgBJ84EDwAnzAQnKQA8QAQnzAQnSQQ+VALZJz8o
19=KQBAKCsAIwAQ+SckKCkAJSgpACYoKQAnKCkAKCgpACkoKQAqKCkAKygpACwoKQAtKCkALi
20=gpAC8oKQAwKCkAMSgpADIoKQAzKCkANCgpADUoKQA2KCkANygpADgoKQA5SQGvsUs6SQGn
21=qQE7KCkAPCgpAD1JAaqhBD5IAScnBRAAsLUCQFQC3XhBSAHDBCIAEfEqIygpACQoKQAlKC
22=kAJigpACcoKQAoKCkAKSgpACooKQArKCkALCgpAC0oKQAuKCkALygpADAoKQAxKCkAMigp
23=ADMoKQA0KCkANSgpADYoKQA3KCkAOEkB2KkiOUkB0KkBOigpADsoKQA8KCkAPSgpAD4oKQ
24=A/SQHWpQhASQGxqQFBSAHdK0IoKwAhABLpLSIoKQAjKCkAJCgpACUoKQAmKCkAJygpACgo
25=KQApKCkAKigpACsoKQAsKCkALSgpAC4oKQAvKCkAMCgpADEoKQAyKCkAMygpADQoKQA1KC
26=kANigpADcoKQA4SQHXtSM5SQHTqQE6SgEWApHPOygpADwoKQA9KCkAPkkB0bkGP0kBrqkB
27=QEgByS1BSAHVAkJIAdUCQygrACAAE+EwISgpACIoKQAjKCkAJCgpACUoKQAmKCkAJygpAC
28=goKQApKCkAKigpACsoKQAsKCkALSgpAC4oKQAvKCkAMCgpADEoKQAyKCkAMygpADQoKQA1
29=SAHF+jZIAcX6N0gB3YM4SQHZuSc5SAHBJTpIAcU0O0gB2TI8KCkAPSgpAD5IAScuBhMAzZ
30=RAVQKovQpBSAHBv0JIAd2OQ0gB1Q1EKCsAHwAU+TIgKCkAISgpACIoKQAjKCkAJCgpACUo
31=KQAmKCkAJygpACgoKQApKCkAKigpACsoKQAsKCkALSgpAC4oKQAvKCkAMCgpADEoKQAyKC
32=kAMygpADRIAdkyNUgB1SM2SQGprSY3SAHBkzhIAcEwOUgBJ44SFADVAjtUAskBPCgpAD0o
33=KQA+KCkAP0gBxQhASQHStQ1BSAHdNkJIAc3LQ0gB0TVESAHRNUUoKwAeABXxNR8oKQAgKC
34=kAISgpACIoKQAjKCkAJCgpACUoKQAmKCkAJygpACgoKQApKCkAKigpACsoKQAsKCkALSgp
35=AC4oKQAvKCkAMCgpADEoKQAySAHFNDNIAcFnNEgB0TU1SAEl4SI2SQEypSk3yAEBAQgAOM
36=gBAQIIADlJAeuhBDpJASWpATsoKQA8SAHBBD1IAcEEPigpAD9IAcEEQEkBL0QISQxByAFJ
37=DELIAQEDCABDSAElzSVESAHJOEVIAck4RigrAB0AFuk4HigpAB8oKQAgKCkAISgpACIoKQ
38=AjKCkAJCgpACUoKQAmKCkAJygpACgoKQApKCkAKigpACsoKQAsKCkALSgpAC4oKQAvKCkA
39=MCgpADEoKQAySAHJIjNIAck4NCgpADVIASc2BxYAdDlFKTdUAmkBBHQ5tQIFdjkWAGwxQT
40=A6QARwNUkBOygpADxIAcEEPUgBwQQ+KCkAP0gBwQRASAF0OV0KQcgBAQYIAELJAQd1ORbt
41=qkRUAtEURUgBJzQHJwkHRyhXABwAF+E7HSgpAB4oKQAfKCkAICgpACEoKQAiKCkAIygpAC
42=QoKQAlKCkAJigpACcoKQAoKCkAKSgpACooKQArKCkALCgpAC0oKQAuKCkALygpADAoKQAx
43=KCkAMkgB0ZgzSAHRmDQoKQA1SAHZqzZIAWA7SS03yAFJLTjJAQhtPBeMPEVrOlQCaDhJAT
44=soKQA8SAFoOFUCPUgBwQQ+KCkAP0gBwQRASAFsPAEJCABByQEKbjwXAHUCC2w8J7EGREAE
45=JeUoRUgBJ4wHJ4EARyhVAEgoKAABGwAYAGwQAQAIABwoKQAdKCkAHigpAB8oKQAgKCkAIS
46=gpACIoKQAjKCkAJCgpACUoKQAmKCkAJygpACgoKQApKCkAKigpACsoKQAsKCkALSgpAC4o
47=KQAvKCkAMCgpADEoKQAySQEqRKJRHzPIAUFyNMgBRTQ1SAHVIzZJASmtBTfIAU0FOMgBTQ
48=U5SAHNBTooKQA7KCkAPCgpAD1IAcEPPsgBUQk/yAFRCUBIAdUNQcgBQQRCyAFBBENIAdUN
49=RCgpAEUoKQBGKCkARygpAEgoKQBJKCsAGgAZkEBJDBsoKQAcKCkAHSgpAB4oKQAfKCkAIC
50=gpACEoKQAiKCkAIygpACQoKQAlKCkAJigpACcoKQAoKCkAKSgpACooKQArKCkALCgpAC0o
51=KQAuKCkALygpADAoKQAxKCkAMkgBeDJFuDPIAUW4NMgBRa01SAF0LkElNkkBLFxBTQU3yA
52=FNBTjIAU0FOUgBzQU6KCkAOygpADwoKQA9SAHBDz7IAVEJP8gBUQlASAF8QVUNQcgBQQRC
53=yAFBBENIAdUNRCgpAEUoKQBGKCkARygpAEgoKQBJKCkASigrABkAGohDSU4aKCkAGygpAB
54=woKQAdKCkAHigpAB8oKQAgKCkAISgpACIoKQAjKCkAJCgpACUoKQAmKCkAJygpACgoKQAp
55=KCkAKigpACsoKQAsKCkALSgpAC4oKQAvKCkAMCgpADEoKQAySAFwNU3AM8gBTcA0yAFNwD
56=VIAWwxTSY2SAF0RE0FN8gBTQU4yAFNBTlIAc0FOigpADsoKQA8KCkAPUgBwQ8+yAFRCT/I
57=AVEJQEgBdERVDUHIAUEEQsgBQQRDSAHVDUQoKQBFKCkARigpAEcoKQBIKCkASSgpAEooKQ
58=BLKCgAAhgAGwAIIjU+B1BIJykAGihVABsoKQAcKCkAHSgpAB4oKQAfKCkAICgpACEoKQAi
59=KCkAIygpACQoKQAlKCkAJigpACcoKQAoKCkAKSgpACooKQArKCkALCgpAC0oKQAuKCkALy
60=gpADAoKQAxKCkAMkkBGrUjM8gBAQEHADTIAQECBwA1SAHZJzYoKQA3KCkAOCgpADkoKQA6
61=KCkAOygpADwoKQA9SAHBDz7IAUEPP8gBQQ9AyAEBAAcAQcgBQQRCyAFBBENIAcUTRCgpAE
62=UoKQBGKCkARygpAEgoKQBJKCkASigpAEsoKQBMKCgAAhcAHAAJYSUGW9QcAAepARlUAskB
63=GigpABsoKQAcKCkAHSgpAB4oKQAfKCkAICgpACEoKQAiKCkAIygpACQoKQAlKCgABSYAHA
64=AHAgAAEQAAMg4AIAgABgAnABwABwIAAEgBASgAHADJASkoKQAqKCkAKygpACwoKQAtKCkA
65=LigpAC8oKQAwKCkAMSgpADJJARqhDzPIAQEBBgA0yAEBAgYANUgB2RE2KCkANygpADgoKQ
66=A5KCkAOigpADsoKQA8KCkAPUgBwQ8+yAFBDz/IAUEPQMgBSSJByAFBBELIAUEEQ0gBxRNE
67=KCkARSgpAEYoKQBHKCkASCgpAEkoKQBKKCkASygpAEwoKQBNSQEJoCUDFgAdAP//kTUXSQ
68=GRRAFRFBhJAYmpARkoKQAaKCkAGygpABwoKQAdSQGLuQYeSAHdCh9IAd0KIEgB3QohKCkA
69=IigpACMoKQAkKCkAJSgpACYoKQAnKCkAKCgpACkoKQAqKCkAKygpACwoKQAtKCkALigpAC
70=8oKQAwKCkAMUgBzRsySgEmAV8cBgAzyAFVOTTIAVU5NUgBxR42SAHFHjcoKQA4KCkAOSgp
71=ADooKQA7KCkAPEgBwQ89SAHBDz7IAUEPP8gBQQ9AyAFJOEHIAUEEQsgBQQRDSAHFE0RIAc
72=UTRSgpAEYoKQBHKCkASCgpAEkoKQBKKCkASygpAEwoKQBNKCkATkgB1BgCFQAeACW5JxYo
73=KQAXKCkAGCgpABkoKQAaKCkAGygpABwoKQAdKCkAHigpAB8oKQAgKCkAISgpACIoKQAjSQ
74=EqpRMkyAFZJyXIAVknJkgByRcnKCkAKCgpACkoKQAqKCkAKygpACwoKQAtKCkALigpAC8o
75=KQAwKCkAMUgBxRMySQEssRQzyAFRFDTIAVEUNUgB0RQ2KCkANygpADgoKQA5KCkAOigpAD
76=soKQA8KCkAPUkBKKEPPsgBQQ8/yAFBD0DIAZZPHgBsBUEEQtQCQQRDSAHFE0QoKQBFKCkA
77=RigpAEcoKQBIKCkASUgB3SBKyAFJDEvIAUkMTEgByQxNKCkATigpAE8oKwAUAB+AUUUIFS
78=gpABYoKQAXKCkAGCgpABkoKQAaKCkAGygpABwoKQAdKCkAHigpAB8oKQAgKCkAISgpACIo
79=KQAjSAFkHgEDBgAkyAEBBAYAJcgBAQUGACZIAWQeVRgnKCkAKCgpACkoKQAqKCkAKygpAC
80=woKQAtKCkALigpAC8oKQAwKCkAMUgBxRMyyAFFEzPIAUUTNEgBxRM1KCkANigpADcoKQA4
81=KCkAOSgpADooKQA7KCkAPCgpAD1IAXxMVSM+yAFNED/IAU0QQMgBQQRByAFBBELIAUEEQ0
82=gB0RREKCkARSgpAEYoKQBHKCkASCgpAElIAd0gSsgBSQxLyAFJDExIAckMTSgpAE4oKQBP
83=KCkAUCgrABMAIJhTVVoUKCkAFSgpABYoKQAXKCkAGCgpABkoKQAaKCkAGygpABwoKQAdKC
84=kAHigpAB8oKQAgKCkAISgpACIoKQAjSAF9IAZmVSAAaQEHZFWpAQhkVSdBAydMBWgiTRso
85=KCkAKSgpACooKQArKCkALCgpAC0oKQAuKCkALygpADAoKQAxSAF4EUUTMsgBRRMzyAFFEz
86=RIAdkRNSgpADYoKQA3KCkAOCgpADkoKQA6KCkAOygpADwoKQA9SAFkVU0QPsgBTRA/yAFN
87=EEDIAUEEQcgBQQRCyAFBBENIAdEURCgpAEUoKQBGKCkARygpAEgoKQBJSAHdIErIAUkMS8
88=gBSQxMSAHJDE0oKQBOKCkATygpAFAoKQBRKCgAAhIAIQDJscQTyAFBkxRJAcq1AhXIAVUC
89=FkkBx7UCF8gBVQIYSAHFCBnIAVUCGkgBxQgbyAFVAhxIAcUIHcgBVQIeSAFkCEkBH0gB2Q
90=YgyAFVAiFIAdkGIsgBVQIjSAEldSUkyAFVAiXIAUVVJkkBAGAAIo0zIWABJIwzJ8UDKUAE
91=wQ8qSAHBDyvIAVEJLEgBwQ8tyAFVAi5IASWtLC8oKQAwSQHbtSMxSAHFEzLIAVkGM8gBRR
92=M0SQEWJEEvNSgpADYoKQA3SQHTsQk4KCkAOSgpADooKQA7SQHRrQU8SQGuqQE9SAHNED7I
93=AU0QP8gBTRBAyAGW/yEAbAVBBELUAkEEQ0kBzbEJRMgBQQRFSQHLtQJGyAFVAkdIAd0VSC
94=gpAElIAXwKAQAGAErIAU0FS8gBSQxMSAHZBk0oKQBOSAHJDE/IAVkGUEkBzqEPUcgBVQJS
95=SAHPBREAIohZXQoSKCkAE8gBQcoUSAFsPEEEFcgBVQIWSAFsPFUCF8gBVQIYSAFoQ1UCGc
96=gBVQIaSAHFCBvIAVUCHEgBxQgdyAFVAh5IAWQISQEfSAHZBiDIAVUCIUgB2QYiyAFVAiNI
97=Ac0mJMgBWRwlyAFZESZIAdVPJygpAChIAXQNQQQpyAFRCSpIAcEPK8gBVQIsSAHBDy3IAV
98=UCLkgB3QovKCkAMCgpADFIAcUTMsgBRRMzyAFBDzRIAcFGNcgBQQQ2SAHZUzdJAaypODhJ
99=AaSpATkoKQA6SQGmtQI7SQHZqQE8SQGxqQE9SAHNED7IAUkMP8gBTRBAyAFJTkHIAUEEQs
100=gBQQRDSAFwFEkBRMgBUR9FSAF4SFUCRsgBVQJHSAHdFUhIAcUTSUgBzRBKyAFJDEvIAUUI
101=TEgBxSlNKCkATkgByQxPyAFJDFBIAXRaWQZRyAFVAlJIAc0FU8gBVAIBEAAjAHQ5VQ0RSQ
102=HIqSISSAF0AkUeE8gBQQQUSAHBBBXIAVUCFsgBTQUXyAFVAhhIAcUIGcgBVQIaSAHFCBvI
103=AVUCHMgBRQgdyAFVAh5IAWQISQEfSAHZBiDIAVUCIcgBWQYiyAFVAiNIAcUpJMgBVQIlyA
104=FJIiZIAcUpJygpAChIAXQNUQkpyAFZBipIAcEPK8gBVQIsyAFNBS3IAVUCLkkB0rknL0gB
105=i8MGADBJAdi1AjFIAcUTMsgBWQYzyAFFEzRIAXw2XQo1yAFBBDZIASevCyMAq7EJOFUCoq
106=kBOSgpADpJAaW1AjtJAdepATxJAdCpAT1IAc0QPsgBSQw/yAFNEEDIAU0QQcgBQQRCyAFB
107=BENIAdEURMgBQQRFSQHMqQxGyAFVAkdIAd0VSEgBxRNJSAHNEErIAU0FS8gBSQxMSAHFNE
108=0oKQBOSAHJDE/IAVkGUEgBaG9dFVHIAVUCUkgBzQVTyAFVAlRIAcwFAQ8AJABgO1UNEMgB
109=UWERyAFVAhJIAXxBSQETyAFBBBRIAdkGFcgBVQIWyAFNBRfIAVUCGEgBxQgZyAFVAhpIAc
110=UIG8gBVQIcyAFFCB3IAVUCHkgBZAhJAR9IAdkGIMgBVQIhyAFZBiLIAVUCI0gB3SskyAFR
111=HyXIAU0FJkkB1LE1JygpAChIAXQNQQQpyAFRCSpIAcEPK8gBVQIsyAFNBS3IAVUCLkgBxe
112=8vSAHJDDBIAdUCMUgBxRMyyAFFEzPIAVEJNEgBcEtJATXIAV0KNkkB1b0VN0kBr6kBOEkB
113=p6kBOSgpADpJAam1AjtIASXxJDxIAc0QPUgBzRA+yAFNED/IAUEPQMgBRUpByAFBBELIAU
114=EEQ0gB0RREyAFRFEVIAckMRkgBdE9VAkdIAd0VSEgBxRNJSAHNEErIAUkMS8gBSQxMSAHB
115=iE0oKQBOSAF8CkEET8gBSQxQSAHBD1FIAWBcVQJSSAHVAlNIAXgGVQJUSAHVAlVIAcwFAg
116=4AJQAIIucoBQAPKCkAECgpABEoKQASKCkAEygpABQoKQAVKCkAFigpABcoKQAYKCkAGSgp
117=ABooKQAbKCkAHCgpAB0oKQAeKCkAHygpACAoKQAhKCkAIigpACNIASOFXgVKHyUAagEBBU
118=wCqAEBAgUAJlAB3SAnKCkAKCgpACkoKQAqKCkAKygpACwoKQAtKCkALigpAC8oKQAwKCkA
119=MUgBeBEBAAUAMsgBRRMzyAFFEzRIAcUTNSgpADYoKQA3KCkAOCgpADkoKQA6KCkAOygpAD
120=woKQA9SAHNED7IAU0QP8gBTRBAyAFRFEHIAUEEQsgBQQRDSAHRFEQoKQBFKCkARigpAEco
121=KQBIKCkASUgBzRBKyAFJDEvIAUkMTEgByQxNKCkATigpAE8oKQBQKCkAUSgpAFIoKQBTKC
122=kAVCgpAFUoKQBWKCkADVBDI7dkBAAOSAEjmWYEVWUmJGtrBAAQKFUAESgpABIoKQATKCkA
123=FCgpABUoKQAWKCkAFygpABgoKQAZKCkAGigpABsoKQAcKCkAHSgpAB4oKQAfKCkAICgpAC
124=EoKQAiKCkAI0gBjTEEVWUmtWUEQCKqAQIEWAMn8QMnUAHJIigoKQApKCkAKigpACsoKQAs
125=KCkALSgpAC4oKQAvKCkAMCgpADFIAcUTMsgBAQEEADPIAUUTNEgB2RE1KCkANigpADcoKQ
126=A4KCkAOSgpADooKQA7KCkAPCgpAD1IAc0QPsgBTRA/yAFNEEDIAQEABABByAFBBELIAUEE
127=Q0gB0RREKCkARSgpAEYoKQBHKCkASCgpAElIAc0QSsgBSQxLyAFJDExIAckMTSgpAE4oKQ
128=BPKCkAUCgpAFEoKQBSKCkAUygpAFQoKQBVKCkAVigpAFdIAddlDAAnI6AlXSANyAFRFA4o
129=KQAPSAEikDlBBBDIAUEEEUgBItghVQISyAFVAhMoKQAUSAHZBhXIAUEEFkgB2QYXyAFVAh
130=goKQAZSAHZBhrIAUEEG0gB2QYcyAFVAh1IAWwFSQEeSAEibCRZER/IAVUCIEgBl/QEACEo
131=KQAiKCkAI0gBnPxsaFNkAQAAWQYl1AJFNCZIASNlLgRCAScAyQEoUAHJASkoKQAqKCkAKy
132=gpACwoKQAtKCkALigpAC8oKQAwKCkAMUgBxRMyyAFFEzPIAUUTNEgBcB9FHjVIAdUjNsgB
133=TQU3SAEjhycEADgoKAACOQAnANARAABhDgAgCAEAAAAEADoAJwDKqgE7AKgBAQEEADxJAd
134=S1Aj1JASapAT7IAUEEP8gBAQIEAEDIAQEABABByAFBBELIAUEEQ0kB0KUIREgB3QpFKCkA
135=RkkByKEER8gBRQhISQHJVAJJAUlIAc0QSsgBVQJLyAFJDExIAckMTUgByQxOKCkAT0gByQ
136=xQyAFFCFFJAcVIDEkXUsgBVQJTSAHRCVQoKQBVKCkAVkkB0rkGV0gBXChlKVgoKAABCwAo
137=AGgXRRMMyAEBAwQADUgBbBBVAg7IAVUCD0gBzQUQyAFVAhFIAc0FEsgBVQITKCkAFEgB2Q
138=YVyAFBBBZIAdkGF8gBVQIYKCkAGUgB2QYayAFBBBtIAdkGHMgBVQIdSAFsBUkBHkgBdERJ
139=Fx/IAVUCIEgB0R8hKCkAIigpACNIAd02JMgBXSslyAFRCSZKARYCTQgEUicoAMkBKChVAC
140=koKQAqKCkAKygpACwoKQAtKCkALigpAC8oKQAwKCkAMUgBxRMyyAFFEzPIAUUTNEgBcB9J
141=ATVIAdUjNsgBUR83SQGwsUA4SQGqqQE5SQHXqQE6SAHNJjvIAVkGPEgBXB1hRj1IAc0QPs
142=gBTRA/yAFBD0DIAVlTQcgBQQRCyAFBBENJAdG1DURIAd0KRSgpAEZIAckXR8gBTRBISAFs
143=G0kBSUgBzRBKyAFJDEvIAUkMTEgByQxNSAHJDE4oKQBPSAHJDFDIAV0KUUgBZGtFCFLIAV
144=UCU0gBzTxUKCkAVSgpAFYoKQBXSAHRbFhIAcEPWSgoAAIKACkAJbEfCygpAAwoKQANKCkA
145=DigpAA8oKQAQKCkAESgpABIoKQATKCkAFCgpABUoKQAWKCkAFygpABgoKQAZKCkAGigpAB
146=soKQAcKCkAHUkBKqEaHsgBTTEfyAFFKSBIAcUeISgpACIoKQAjSQEspQgkyAFFCCXIAUUI
147=JkgBxQgnKCkAKCgpACkoKQAqKCkAKygpACwoKQAtKCkALigpAC8oKQAwKCkAMUgBxRMyyA
148=FFEzPIAUUTNEgBxRM1KCkANkgBySI3yAFZBjjIAVkGOUgB2QY6KCkAOygpADwoKQA9SQEo
149=tSM+yAFRCT/IAVEJQMgBnG1Ej0wFQQRC1AJBBENIAdUNRCgpAEUoKQBGKCkARygpAEgoKQ
150=BJSAHdIErIAUkMS8gBSQxMSAHJDE0oKQBOKCkAT0gBySJQyAFFCFHIAUUIUkgBxQhTKCkA
151=VCgpAFUoKQBWKCkAVygpAFgoKQBZKCkAWigoAAIJACoA4VQjQSUKSQHgqQELKCkADCgpAA
152=0oKQAOSAHZBg9IAdkGECgpABEoKQASSAHNBRNIAc0FFCgpABUoKQAWKCkAF0gB2QYYSAHZ
153=BhkoKQAaKCkAGygpABxIAdkGHUgBfCtZlR7IAQEEBAAfyAEBBQQAIEkB36UeIUgByQwiSA
154=HFCCNIAWw8RQgkyAFFCCXIAUUIJkgBxQgnSAHFCCgoKQApKCkAKigpACsoKQAsKCkALSgp
155=AC4oKQAvKCkAMEgBxRMxSAHFEzLIAUUTM8gBRRM0SAHFEzVIAdkGNkgBySI3yAFZBjjIAV
156=kGOUgB2QY6SAHBGjsoKQA8SAHRCT1IAXRwVSM+yAFRCT/IAVEJQMgBQQRByAFBBELIAUEE
157=Q0gB1Q1ESAHVDUUoKQBGKCkARygpAEhIAc0QSUgB3SBKyAFJDEvIAUkMTEgByQxNSAHJDE
158=5IAcUIT0gBySJQyAFFCFHIAUUIUkgBxQhTSAHFCFQoKQBVKCkAVigpAFcoKQBYKCkAWSgp
159=AFooKQBbKCsACAArjOFZfwkoKQAKKCkACygpAAwoKQANKCkADigpAA8oKQAQKCkAESgpAB
160=IoKQATKCkAFCgpABUoKQAWKCkAFygpABgoKQAZKCkAGigpABsoKQAcKCkAHUgBdC4BBgQA
161=HskBB2xzRGNBcghscycdBCFABHigSSIiKCkAI0gBZD9FCCTIAUUIJcgBRQgmSAHZBicoKQ
162=AoKCkAKSgpACooKQArKCkALCgpAC0oKQAuKCkALygpADAoKQAxSAHFEzLIAUUTM8gBRRM0
163=SAHFEzUoKQA2SAHJIjfIAVkGOMgBWQY5SAHZBjooKQA7KCkAPCgpAD1IAWxzVSM+yAFRCT
164=/IAVEJQMgBQQRByAFBBELIAUEEQ0gB1Q1EKCkARSgpAEYoKQBHKCkASCgpAElIAd0gSsgB
165=SQxLyAFJDExIAckMTSgpAE4oKQBPSAHJIlDIAUUIUcgBRQhSSAHFCFMoKQBUKCkAVSgpAF
166=YoKQBXKCkAWCgpAFkoKQBaKCkAWygpAFwoKAACBwAsAAgiuzMDAAgoKQAJKCkACigpAAso
167=KQAMKCkADSgpAA4oKQAPKCkAECgpABEoKQASKCkAEygpABQoKQAVKCkAFigpABcoKQAYKC
168=kAGSgpABooKQAbKCkAHCgpAB1JARqlHh7KAQEDVuksAHYCAgNU6SdJBCFABNUjIigpACMo
169=KQAkKCkAJSgpACYoKQAnKCkAKCgpACkoKQAqKCkAKygpACxJASgigzEDAC1JAdtMiQEABA
170=AuSAEi/DZJAS/IAQEBBAAwKCkAMUgBJTUzMigpADNIAdkGNMgBWQY1KCkANkgBJck1N8gB
171=QQQ4yAFZlTlIAd0KOigpADsoKQA8KCkAPUgB0Qk+yAFRCT/IAVEJQMgBVRhByAFBBELIAU
172=EEQ0kBJ7EfREgBwTBFKCkARigpAEcoKQBIKCkASSgpAEooKQBLKCkATCgpAE0oKQBOKCkA
173=T0gBfEEBAAMAUMgBVURRyAFVRFJIAcUTUygpAFQoKQBVKCkAVigpAFcoKQBYKCkAWSgpAF
174=ooKQBbKCkAXCgpAF0oKQAGUUMJa1kCAAdJAQepAQgoKQAJKCkACigpAAsoKQAMKCkADSgp
175=AA4oKQAPKCkAECgpABEoKQASKCkAEygpABQoKQAVKCkAFigpABcoKQAYKCkAGSgpABooKQ
176=AbKCkAHCgpAB1IAYU0AkXvLZJ3AQJceKoBAgJeeC0AySIhTAXJASIoKQAjKCkAJCgpACUo
177=KQAmKCkAJygpACgoKQApKCkAKigpACtIAZF3Aks1LQAkqVkt9QIDXXgtI4RTTV0vVAJtcw
178=N8eLQCSQExVQLTrX4yKCkAM0gBbAVZBjTIAU0FNSgpADZIAclvN8gBRWs4yAFZBjlIAd0K
179=OigpADsoKQA8KCkAPUgB0Qk+yAFRCT/IAVEJQMgBnngtAGwFQQRC1AJBBENJAQVvUgMARE
180=gBi3oCAEVIAc0xRigpAEcoKQBIKCkASSgpAEooKQBLKCkATCgpAE0oKQBOKCkAT0gB1URQ
181=yAFVRFHIAVVEUkgB2RFTKCkAVCgpAFUoKQBWKCkAVygpAFgoKQBZKCkAWigpAFsoKQBcKC
182=kAXSgpAF5IAd14BVFDzEQ/URQGSQHNqQEHSAF2AgACVvQuAGgBQQQJVAIjV1gCAApJAcut
183=BQtIAWAETQUMyAFNBQ1JAc6hBA5IAXwKQQQPyAFBBBBIAdkGEcgBVQISSAHJDBNIAckMFE
184=gBzQUVyAFNBRZJAcRIDF0KF0gB2QYYSQHGtQIZyAFNBRpIAcEEG0gB0QkcyAFBBB1IAWRK
185=UQkeyAFVAh/IAV02IEgBIzNOAgAhSAEj31MCACJJAai1DSNJAaapASRJAd6pASVJAaypAS
186=ZIAc0FJygpAChIAdkGKUkB3K0FKkgB1Q0rSAGIenR7IlRXWXsCQTgu4X0uQATFwy8oKQAw
187=KCkAMSgpADIoKQAzKCkANCgpADUoKQA2SAGLWQMAN8gBSdI4yAFJ0jlIAcEPOigpADsoKQ
188=A8KCkAPUgB0Qk+yAFRCT/IAVEJQMgBQeBByAFBBELIAUEEQ0kBI0wfQQRESQEEYH13ey4A
189=2K0mRlQCzTxHKCkASCgpAElJAdatBUpJAY1zCQIAS0kBi6kBTEgBwTBNSAHNBU5JAZOhBE
190=9IAdVEUMgBVURRyAFVRFJIAd02U0gBxT9USAHNPFVIAd0VVkgBI5tmAgBXSAHVDVhIAdkG
191=WUgBI1NdAgBaSAHFE1tIAc0FXEgBzQVdSQGkrRteKCkAX0gBww8EAC+ceFEUBcgBAQMCAA
192=ZIAWxzSQEHSAF8YkEECMgBVQIJSAF0cFUCCsgBVQILSAHNBQzIAVUCDUgBbH5JAQ5IAXwK
193=WQYPyAFVAhBIAdkGEcgBVQISSAHJDBPIAVUCFEgBzQUVyAFVAhZIAXwKSQEXSAHBBBhIAW
194=x+VQ0ZyAFBBBpIAXwKSQEbSAHNBRzIAVUCHUgB1TkeyAFVOR/IAVEJIEgBIxgqbn4vANFL
195=IlQCzTwjSQGvtS4kSAHVeyVJAam1AiZIAdk9J0gB2QYoSQGxoQQpSAFsS12OKkgBI+NkAg
196=ArSAHNBSxIAdl/LUgByccuKCkALygpADAoKQAxKCkAMigpADMoKQA0KCkANSgpADZIAZl0
197=Ak5+LwBoAUkiONQCSSI5SAHNEDooKQA7KCkAPCgpAD1IAWQITRs+yAFRCT/IAVEJQMgBQQ
198=RByAFBBELIAUEEQ0gB1Q1ESAGYf25+LwDBJUZUAsU0RygpAEhIASPHZgIASUkBkWMsAgBK
199=SQGKqQFLSQHaoTBMSAHBBE1IAcWBTkgB3TZPSAHVRFDIAVEUUcgBURRSSAHVDVNIAd1BVE
200=gB0UBVSQHZtQ1WSAHJx1dIAcFGWEgBzQVZSAHFE1pIAc0FW0gBzQVcSQGnsQldKCkAXigp
201=AF8oKQBgSQGqrwUDADAjeExILSLkJyLsP0kBBShVAAYoKQAHKCkACCgpAAkoKQAKKCkACy
202=gpAAwoKQANKCkADigpAA8oKQAQKCkAESgpABIoKQATKCkAFCgpABUoKQAWKCkAFygpABhI
203=ASLgQ00bGcgBUTUayAFQNQobADAAJQEAAAACABwAEQAAtw4AIA0wACUBAAAAAgAdADAALA
204=EAaQEeyAEBAQIAH8gBAQICACBIAc0FISgpACIoKQAjKCkAJEkBKrEJJcgBUQkmyAFRCSdI
205=AdEJKCgpACkoKQAqKCkAKygpACwoKQAtKCkALigpAC8oKQAwSAHNEDHIAU0QMsgBTRAzSA
206=HNEDQoKQA1KCkANkgBySI3yAFFCDjIAUUIOUgBxQg6KCkAOygpADwoKQA9SQEoqSI+yAFR
207=CT/IAVEJQMgBTTFByAFBBELIAUEEQ0gB1Q1EKCkARSgpAEYoKQBHKCkASCgpAEkoKQBKKC
208=kASygpAEwoKQBNKCkATigpAE9IAckiUMgBURRRyAFRFFJIAdEUUygpAFQoKQBVSAHZMlbI
209=AUUIV8gBRQhYSAHFCFkoKQBaKCkAWygpAFwoKQBdKCkAXigpAF8oKQBgKCkAYSgrAAIAMY
210=RgTRADKCkABCgpAAUoKQAGKCkABygpAAgoKQAJKCkACigpAAsoKQAMKCkADSgpAA4oKQAP
211=KCkAECgpABEoKQASKCkAEygpABQoKQAVKCkAFigpABcoKQAYSAFgMAEDAgAZyAEBBAIAGs
212=gBAQUCABtIAWAwSSIcKCkAHUgBZD9ZBh7IAVkGH8gBWQYgSAHZBiEoKQAiKCkAIygpACRI
213=Ac0QJcgBUQkmyAFRCSdIAdEJKCgpACkoKQAqKCkAKygpACwoKQAtKCkALigpAC8oKQAwSA
214=HNEDHIAU0QMsgBTRAzSAHNEDQoKQA1KCkANkgBySI3yAFFCDjIAUUIOUgBxQg6KCkAOygp
215=ADwoKQA9SAF8g10rPsgBUQk/yAFRCUDIAUEEQcgBQQRCyAFBBENIAdUNRCgpAEUoKQBGKC
216=kARygpAEgoKQBJKCkASigpAEsoKQBMKCkATSgpAE4oKQBPSAHJIlDIAVEUUcgBURRSSAHR
217=FFMoKQBUKCkAVUgB2TJWyAFFCFfIAUUIWEgBxQhZKCkAWigpAFsoKQBcKCkAXSgpAF4oKQ
218=BfKCkAYCgpAGEoKQBiKCsAAQAyiIVNlAIoKQADKCkABCgpAAUoKQAGKCkABygpAAgoKQAJ
219=KCkACigpAAsoKQAMKCkADSgpAA4oKQAPKCkAECgpABEoKQASKCkAEygpABQoKQAVKCkAFi
220=gpABcoKQAYSAF5MgZ2hjIAaQEHdIapAQh0hid1BBxMBWQ0QSUdSAF8QVkGHsgBWQYfyAFZ
221=BiBIAc0FISgpACIoKQAjKCkAJEgBYA9RCSXIAVEJJsgBUQknSAHRCSgoKQApKCkAKigpAC
222=soKQAsKCkALSgpAC4oKQAvKCkAMEgBzRAxyAFNEDLIAU0QM0gBzRA0KCkANSgpADZIAcki
223=N8gBRQg4yAFFCDlIAcUIOigpADsoKQA8KCkAPUgBdIZJIj7IAVEJP8gBUQlAyAFBBEHIAU
224=EEQsgBQQRDSAHVDUQoKQBFKCkARigpAEcoKQBIKCkASSgpAEooKQBLKCkATCgpAE0oKQBO
225=KCkAT0gBySJQyAFRFFHIAVEUUkgB0RRTKCkAVCgpAFVIAdkyVsgBRQhXyAFFCFhIAcUIWS
226=gpAFooKQBbKCkAXCgpAF0oKQBeKCkAXygpAGAoKQBhKCkAYigpAGMoKAACAgAzAMwkCSgD
227=yAFN7ARJAcu1AgXIAVUCBkkBzlQCSQEHSQHNSAEBAAIACMgBVQIJSAHRCQrIAVUCC0gB0Q
228=kMyAFVAg1IAWwFSQEOSAF8ClEJD8gBVQIQSAHJDBHIAVUCEkgBeAZNBRPIAVUCFEgByQwV
229=yAFVAhZIAc0FF8gBVQIYSQEmqRcZyAFVAhrIAV2DG0oBFgIj1TEcSAHNEB3IAU0FHkkBx6
230=UIH8gBVQIgSAHNECHIAVUCIkgBzRAjyAFVAiRIAc0QJcgBVQImyAFNECdJAcqpDCjIAUEE
231=KUkByLUCKsgBVQIrSQHGtQIsyAFVAi1IAdUYLkkB06EEL0gB1QIwSAHNEDHIAVkGMsgBTR
232=AzSAHNBTRIAcUINSgpADZIAcEENygpADgoKQA5KCkAOkgBxQg7KCkAPEgBxQg9SAHZET7I
233=AVkRP8gBWRFAyAFFP0HIAUEEQsgBQQRDSAHRCUQoKQBFSAHJOEbIAVkGR0gByU5IyAFVAk
234=lIAcUISigpAEtIAc0FTMgBTQVNSAHdCk5JAcS9K09IAdk9UMgBTQVRSAHJQ1LIAVUCU0gB
235=zQVUyAFVAlVIAd0gVsgBVQJXyAFZHFhIAdkRWcgBQQRaSAHZEVvIAVUCXEgByQxdSAHRFF
236=5IAdkRX8gBTQVgSAHNBWHIAVUCYkgB1Q1jyAFVAmRIAdcNAwA0gIgBAwIABEgBfApRFAXI
237=AVUCBkgBZAhJAQdIAXgGQQQIyAFVAglIAWAPVQIKyAFVAgtIAdEJDMgBVQINSAFsBUkBDk
238=gBfApZBg/IAVUCEEgByQwRyAFVAhJIAXgGTQUTyAFVAhRIAckMFcgBVQIWSAHNBRfIAVUC
239=GEgB2TIZyAFdIBrIAV0KG0gBzUccSAHNEB3IAUUIHkgBdIZNBR/IAVUCIEgBzRAhyAFVAi
240=JIAc0QI8gBVQIkSAHNECXIAU0QJsgBXQonSAF0hkkBKMgBWQYpSAF0hlUCKsgBVQIrSQHG
241=UFZVAizIAVUCLUkB0VQCUWwuSAFQoCLxRS9JAde1AjBIAc0QMcgBTRAyyAFRCTNIAcUINE
242=kBrLkGNUkBpqkBNkgBcBRJDDfIAUUIOEkByaEEOcgBVQI6SAHFCDtIAcUIPEkB260FPUgB
243=2RE+yAFZBj/IAVkRQMgBVQ1ByAFBBELIAUEEQ0gB3TZEKCkARUgBaDhZBkbIAVkGR0gByU
244=5IyAFNJklIAcUISigpAEtIAc0FTMgBTQVNSAF8CkEPTsgBVQJPSAHZPVDIAVUCUUgByUNS
245=yAFVAlNIAc0FVMgBVQJVSAHdIFbIAV0VV8gBVQ1YSAHZEVnIAVkGWkgB2RFbyAFVAlxIAc
246=kMXcgBVQJeSAHZEV/IAVUCYEgBzQVhyAFVAmJIAdUNY8gBVQJkSAHVDWXIAVcCBAA1gIhJ
247=LQXIAUkXBkgB2ZUHSAFwCUEECMgBQQQJSQHFsUAKyAFVAgtIAXgRTQUMyAFVAg1IAWAPSQ
248=EOSAHBBA9IAckMEEgByQwRyAFNBRJIAckME8gBVQIUSAHFCBXIAVUCFkgBaAxBDxfIAVUC
249=GEgB2TIZyAFVAhrIAVkyG0gBzUccSAHNEB3IAU0FHkgB3QofyAFVAiBIAc0QIcgBVQIiSA
250=HNBSPIAVUCJEgBzRAlyAFVAibIAU0QJ0gByW8oyAFBBClIAXSGQRoqyAFVAitJAce1LizI
251=AVUCLUgB0fsuSQHUoQQvSAHVAjBIAc0QMcgBWQYyyAFNEDNJAdW5BjRJAa+pATVJAampAT
252=ZIAXSGTQU3yAFNRzhIAWgXVQI5yAFVAjpIAcUIO0kBp6UIPEkBqqkBPUgB2RE+yAFZET/I
253=AVEJQMgBUR9ByAFBBELIAUEEQ0gBzRtEKCkARUgBYDBBBEbIAVkRR8gBVQJIyAFVAklIAc
254=U/SigpAEtIAcE7TMgBQQ9NSAHJQ05IAcEwT8gBQQRQSAFgD0kBUUgBxQhSyAFVAlNIAWAE
255=QRpUyAFVAlVIAd0gVsgBVQJXyAFdFVhIAdEJWcgBQQRaSAHZEVvIAVUCXEgBYMpJDF3IAV
256=UCXkgBxQhfyAFVAmBIAdkRYcgBVQJiSAHNBWPIAVUCZEgB1Q1lyAFVAmZIAccIBQA2gIhR
257=KgYoKQAHSAF4BlUYCMgBQQQJSAFoelUCCsgBVQILSAFgD1UCDMgBVQINSAFoDEkBDkgBwQ
258=QPyAFVAhBIAckMEcgBVQISSAHJDBPIAVUCFEgBxQgVyAFVAhZIAWgMQQ8XyAFVAhhIAdky
259=GcgBRR4ayAFNBRtIAc1HHEgBzRAdyAFFCB5IAd0KH8gBVQIgSAFkE0U0IcgBXQoiSAHNBS
260=PIAU0FJEgBzRAlyAFNBSbIAU0QJ0gByW8oyAFZBilJAchQbEEEKsgBVQIrSAFwVlUCLMgB
261=VQItSQEnIochAQAuSQEJIss1AQAvSQEIqQEwSQEaqQExyQEBIsJLNgB0AgECAQAzVALNBT
262=QoKQA1KCkANigpADcoKQA4KCkAOSgpADooKQA7KCkAPCgpAD1IAWAPAQABAD7IAVkRP8gB
263=WRFAyAFBBEHIAUEEQsgBQQRDSAHdFUQoKQBFKCkARigpAEdJASi1I0hIASX5JUlIAcU/Si
264=gpAEtIAdFLTMgBXStNSAHJQ05IAcEwT8gBQQRQSAHB4FFIAclDUsgBWT1TSAHJQ1TIAVkG
265=VUgByUNWyAFNBVfIAU08WEgB2RFZyAFZBlpIAdkRW8gBVQJcSAF0hlkGXcgBVQJeSAHFCF
266=/IAVUCYEgB2RFhyAFVAmJIAc0FY8gBVQJkSAHVDWXIAVUCZkgBxQhnyAFUAgEGADcAbAVV
267=GAdIAWAESWQIyAFVAglIAWgMVQIKSAF8FUkBC8gBQQQMSAEibCRJAQ1IAdEJDsgBTQUPyA
268=FBBBBIAckMEcgBVQISSAHJDBNIAckMFMgBQQQVSAHJDBZIAWgMXQoXyAFBBBhIAdkyGcgB
269=VQIayAFdKxtIAc1HHEgBzRAdyAFNBR5IAc0QH8gBVQIgSAFoQ0UIIcgBTSYiSAHNECPIAU
270=0FJEgBzRAlyAFVAibIAUUIJ0gBfINJFyjIAUEEKSgpACpIASXFLytJAaRMiU0FLEgBJfEv
271=LUkBBrGCLkgBZGRdbS9IAY+JAAAwSAGbdAAAMcgBUQgyyAFFBzNJAQdcAEkHNCgpADUoKQ
272=A2KCkANygpADgoKQA5KCkAOigpADsoKQA8KCkAPUgB2RE+yAFZET/IAVkQQMgBWRFByAFB
273=BELIAUEEQ0gB3RVEKCkARSgpAEZIAYuFAABHSQH/WAdJIkhIASfWEDcAxT9KVALJAUtIAc
274=k4TMgBTTFNSAHJQ07IAVUCT0gByUNQyAFVAlFIAclDUsgBSUNTSAHdClTIAU0FVUgByUNW
275=yAFVAlfIAQoCAgBYADcAzgEAAAACEQAARg0AIAoAWQA3AM4BAAABAgBaSAEFzQEAAAACAF
276=vIAVUCXEkBzLUCXcgBVQJeSQHLtQJfyAFVAmBJAc61AmHIAVUCYsgBXQpjSQHEoQRkSAHV
277=DWXIAU0FZkgB1Q1nyAFVAmhIAVwSaAACBwA4ANulCAhIAWQIAQMCAAlIAXgGAQICAApJAc
278=ZABEkBC8gBQQQMSAF8FUkBDUgBcBRJAQ5JAdNMBUUTD0gB1QIQSAHVAhFIAckMEkgByQwT
279=SAHJDBTIAVEJFUgByQwWSAFwCU0QF8gBQQQYSQEmtQ0ZyAFNGxrIAU0FG0gBwQ8cSAFgD1
280=UCHcgBRQgeSAHBBB9IAXgRVQIgSAFgD00FIcgBVQIiSAHNBSNIAXgRVQIkSAHNECXIAU0Q
281=JsgBRQgnSQHIUBRJASjIAVkGKSgpACpJAa9ABE0mK0kBp6kBLEkBqakBLUoBBgJPNQEALk
282=gBQAECAAABAC9IAZcCAAAwSAGPEAAAMcgBRQcyyAFFBzNJAcpIAkkHNMgBVQE1SQHJXABV
283=AjbIAVUBN0gBfBVVAjjIAVUCOUkB1FwAVQI6KCkAOygpADwoKQA9SAHZET7IAUUHP8gBWR
284=FAyAFRCUHIAUEEQsgBQQRDSQHQSAJBBEQoKQBFSQHStQJGSQH+qQFHSQH/awEBAEhIAclZ
285=SUgB0TVKKCkAS0gBfDZNMUzIAU0xTUgBzQVOSAF0RFUCT0gB1QJQSAHJQ1FIAclDUsgBTQ
286=VTSAHNBVRIAWgMVQJVSAGfIAIAVsgBSUNXyAFNEFhIAWwFSQFZyAFZBlpIAdEJW0gB1Xtc
287=SAFsEE0FXcgBTQVeSAHNBV9IAWQTVQJgSAHdCmHIAVUCYsgBRQhjyAFVAmRIAWQeVQJlyA
288=FVAmZIAdUNZ0gBXDBpAGgoKQBpKCgAAggAOQAJUDZNUglJAQipAQooKQALKCkADCgpAA0o
289=KQAOKCkADygpABAoKQARKCkAEigpABMoKQAUKCkAFSgpABYoKQAXKCkAGEkBGrEUGcgBAQ
290=EBABrIAQECAQAbSAHVGBwoKQAdKCkAHigpAB8oKQAgKCkAISgpACIoKQAjKCkAJEgBzRAl
291=yAFNECbIAU0QJ0gBzRAoKCkAKSgpACooKQArKCkALCgpAC1JASN0NnWGOWABtoY5ACfWED
292=kAmFN0hqgBWWgyWAZ0AkEkM0gBdIZJATTIAQEDAAA1SAF0hlUCNsgBVQI3SAF0hlUCOMgB
293=VQI5SQGwUApVDzpJAaSpATsoKQA8SQGmtQI9SAFgD00FPsgBQQM/yAFdCkDIAUEEQcgBQQ
294=RCyAFBBENJARZcAEEERCgpAEVJAdFABVUCRkgBJ9cQOQAkSAJRVkhUAsktSSgpAEooKQBL
295=KCkATCgpAE0oKQBOKCkATygpAFAoKQBRKCkAUigpAFMoKQBUKCkAVUgByUNWyAFJQ1fIAU
296=lDWEgB3RVZKCkAWigpAFsoKQBcKCkAXSgpAF4oKQBfKCkAYCgpAGEoKQBiKCkAYygpAGQo
297=KQBlSAHZf2ZIAWwqTQBnKCkAaCgpAGkoKQBqKCgAAgkAOgAHvTYKKCkACygpAAwoKQANKC
298=kADigpAA8oKQAQKCkAESgpABIoKQATKCkAFCgpABUoKQAWKCkAFygpABhIAZsyAAAZyAFR
299=ShrIAVUXG0gB1RgcKCkAHSgpAB4oKQAfKCkAICgpACEoKQAiKCkAIygpACRIAc0QJcgBTR
300=AmyAFNECdIAc0QKCgpACkoKQAqKCkAKygpACwoKQAtKCkALkgBgzsAAC9IAYyJIq0hOijU
301=EKgBTRAyQARwd00QM0gBQEBpADRJAddUA00BNUgBzXM2KCkANygpADgoKQA5SAHd/DpIAS
302=NvJAAAO0gBI28kAAA8SAEjbyQAAD1IAWAPSQw+yAFBDj/IAVkRQMgBQQRByAFBBELIAUEE
303=Q0gBxRNEKCkARUgBJ9UQOquFAABHVALdK0goKQBJKCkASigpAEsoKQBMKCkATSgpAE4oKQ
304=BPKCkAUCgpAFEoKQBSKCkAUygpAFQoKQBVSAHJQ1bIAVkcV8gBWRxYSAHJF1koKQBaKCkA
305=WygpAFwoKQBdKCkAXigpAF8oKQBgKCkAYSgpAGIoKQBjKCkAZCgpAGVIAUgyaQBmKCkAZy
306=gpAGgoKQBpKCkAaigpAApFQiVMHEkICygpAAwoKQANKCkADigpAA8oKQAQKCkAESgpABIo
307=KQATKCkAFCgpABUoKQAWKCkAFygpABhJASylExnIAVUBGsgBTTEbSAHJFxwoKQAdKCkAHi
308=gpAB8oKQAgKCkAISgpACIoKQAjKCkAJEgBzRAlyAFNECbIAU0QJ0gBzRAoKCkAKSgpACoo
309=KQArKCkALCgpAC0oKQAuKCkALygpADBIAc0QMcgBTRAyyAFNEDNIAc0QNCgpADUoKQA2KC
310=kANygpADgoKQA5KCkAOigpADsoKQA8KCkAPUkBKUAQQUY+yAFVAT/IAVkRQMgBQQRByAFB
311=BELIAUEEQ0gB3RVEKCkARSgpAEYoKQBHKCkASCgpAEkoKQBKKCkASygpAEwoKQBNKCkATi
312=gpAE8oKQBQKCkAUSgpAFIoKQBTKCkAVCgpAFVIAdkyVsgBWRxXyAFZHFhIAdkcWSgpAFoo
313=KQBbKCkAXCgpAF0oKQBeKCkAXygpAGAoKQBhKCkAYigpAGMoKQBkKCkAZSgpAGYoKQBnKC
314=kAaCgpAGkoKQALWMR0GE0bDCgpAA0oKQAOKCkADygpABAoKQARKCkAEigpABMoKQAUKCkA
315=FSgpABYoKQAXKCkAGCgpABkoKQAaKCkAGygpABwoKQAdKCkAHigpAB8oKQAgKCkAISgpAC
316=IoKQAjKCkAJCgpACUoKQAmKCkAJygpACgoKQApKCkAKigpACsoKQAsKCkALSgpAC4oKQAv
317=KCkAMCgpADEoKQAyKCkAMygpADQoKQA1KCkANigpADcoKQA4KCkAOSgpADooKQA7KCkAPC
318=gpAD0oKQA+KCkAPygpAEAoKQBBKCkAQigpAEMoKQBEKCkARSgpAEYoKQBHKCkASCgpAEko
319=KQBKKCkASygpAEwoKQBNKCkATigpAE8oKQBQKCkAUSgpAFIoKQBTKCkAVCgpAFUoKQBWKC
320=kAVygpAFgoKQBZKCkAWigpAFsoKQBcKCkAXSgpAF4oKQBfKCkAYCgpAGEoKQBiKCkAYygp
321=AGQoKQBlKCkAZigpAGcoKQBoKCgAAgwAPQDgWIBdug0oKQAOKCkADygpABAoKQARKCkAEi
322=gpABMoKQAUKCkAFSgpABYoKQAXKCkAGCgpABkoKQAaKCkAGygpABwoKQAdKCkAHigpAB8o
323=KQAgKCkAISgpACIoKQAjKCkAJCgpACUoKQAmKCkAJygpACgoKQApKCkAKigpACsoKQAsKC
324=kALSgpAC4oKQAvKCkAMCgpADEoKQAyKCkAMygpADQoKQA1KCkANigpADcoKQA4KCkAOSgp
325=ADooKQA7KCkAPCgpAD0oKQA+KCkAPygpAEAoKQBBKCkAQigpAEMoKQBEKCkARSgpAEYoKQ
326=BHKCkASCgpAEkoKQBKKCkASygpAEwoKQBNKCkATigpAE8oKQBQKCkAUSgpAFIoKQBTKCkA
327=VCgpAFUoKQBWKCkAVygpAFgoKQBZKCkAWigpAFsoKQBcKCkAXSgpAF4oKQBfKCkAYCgpAG
328=EoKQBiKCkAYygpAGQoKQBlKCkAZigpAGcoKwANAD7tfg4oKQAPKCkAECgpABEoKQASKCkA
329=EygpABQoKQAVKCkAFigpABcoKQAYKCkAGSgpABooKQAbKCkAHCgpAB0oKQAeKCkAHygpAC
330=AoKQAhKCkAIigpACMoKQAkKCkAJSgpACYoKQAnKCkAKCgpACkoKQAqKCkAKygpACwoKQAt
331=KCkALigpAC8oKQAwKCkAMSgpADIoKQAzKCkANCgpADUoKQA2KCkANygpADgoKQA5KCkAOi
332=gpADsoKQA8KCkAPSgpAD4oKQA/KCkAQCgpAEEoKQBCKCkAQygpAEQoKQBFKCkARigpAEco
333=KQBIKCkASSgpAEooKQBLKCkATCgpAE0oKQBOKCkATygpAFAoKQBRKCkAUigpAFMoKQBUKC
334=kAVSgpAFYoKQBXKCkAWCgpAFkoKQBaKCkAWygpAFwoKQBdKCkAXigpAF8oKQBgKCkAYSgp
335=AGIoKQBjKCkAZCgpAGUoKQBmKCgAAQ4APwAlbS8PKCkAECgpABEoKQASKCkAEygpABQoKQ
336=AVKCkAFigpABcoKQAYKCkAGSgpABooKQAbKCkAHCgpAB0oKQAeKCkAHygpACAoKQAhKCkA
337=IigpACMoKQAkKCkAJSgpACYoKQAnKCkAKCgpACkoKQAqKCkAKygpACwoKQAtKCkALigpAC
338=8oKQAwKCkAMSgpADIoKQAzKCkANCgpADUoKQA2KCkANygpADgoKQA5KCkAOigpADsoKQA8
339=KCkAPSgpAD4oKQA/KCkAQCgpAEEoKQBCKCkAQygpAEQoKQBFKCkARigpAEcoKQBIKCkASS
340=goAARKAD8AJQEAEQAABg4AIAYAAQAASwA/ACVcAEgAAUwAPwDJAU0oKQBOKCkATygpAFAo
341=KQBRKCkAUigpAFMoKQBUKCkAVSgpAFYoKQBXKCkAWCgpAFkoKQBaKCkAWygpAFwoKQBdKC
342=kAXigpAF8oKQBgKCkAYSgpAGIoKQBjKCkAZCgpAGUoKwAPAECUIwECAAAQKCkAESgpABIo
343=KQATKCkAFCgpABUoKQAWKCkAFygpABgoKQAZKCkAGigpABsoKQAcKCkAHSgpAB4oKQAfKC
344=kAICgpACEoKQAiKCkAIygpACQoKQAlKCkAJigpACcoKQAoKCkAKSgpACooKQArKCkALCgp
345=AC0oKQAuKCkALygpADAoKQAxKCkAMigpADMoKQA0KCkANSgpADYoKQA3KCkAOCgpADkoKQ
346=A6KCkAOygpADwoKQA9KCkAPigpAD8oKQBAKCkAQSgpAEIoKQBDKCkARCgpAEUoKQBGKCkA
347=RygpAEgoKQBJKCkASigpAEsoKQBMKCkATSgpAE4oKQBPKCkAUCgpAFEoKQBSKCkAUygpAF
348=QoKQBVKCkAVigpAFcoKQBYKCkAWSgpAFooKQBbKCkAXCgpAF0oKQBeKCkAXygpAGAoKQBh
349=KCkAYigpAGMoKQBkKCgAARAAQQDBABEoKQASKCkAEygpABQoKQAVKCkAFigpABcoKQAYSQ
350=GToQsZSQGsSKdVARpJAaqpARtIAUQCaQAcKCkAHSgpAB4oKQAfKCkAICgpACEoKQAiKCkA
351=IygpACRJAbC1DSVJAaapASZJAZF7DgAAJ0kBi6kBKEgBpgEAKSgpACooKQArKCkALCgpAC
352=0oKQAuKCkALygpADBJAbKhDzFIAckMMigpADNJAa6hBDRIAcEENSgpADYoKQA3KCkAOCgp
353=ADkoKQA6KCkAOygpADwoKQA9KCkAPigpAD8oKQBAKCkAQSgpAEIoKQBDKCkARCgpAEUoKQ
354=BGKCkARygpAEgoKQBJKCkASigpAEsoKQBMKCkATSgpAE4oKQBPKCkAUCgpAFEoKQBSSAHF
355=P1NIAclOVEgB3StVKCkAVigpAFcoKQBYKCkAWSgpAFooKQBbKCkAXCgpAF0oKQBeKCkAXy
356=gpAGAoKQBhKCkAYigpAGMoKwARAELaFQASKCkAEygpABQoKQAVKCkAFigpABcoKQAYKCkA
357=GUkBralOGkkBjbEMG0kBhakBHCgpAB1JAYe1Ah5IAaYBAB8oKQAgKCkAISgpACIoKQAjKC
358=kAJCgpACVJAa+tECZJAaipASdJAaSpAShIAcV2KUgBwQ8qKCkAKygpACwoKQAtSAHdbS5J
359=AfexCS9JAe+pATAoKQAxSQHxtQIySAHJDDNIAcUTNEgBzUc1SAHBBDYoKQA3KCkAOCgpAD
360=koKQA6KCkAOygpADxIAdlTPUgB2Rw+SAHBkz9IAdUuQEgBwRpBSAHNEEIoKQBDKCkARCgp
361=AEUoKQBGSAHdCkdIAcGeSEgBzRBJSAHVLkpIAcUeS0gB1Q1MKCkATSgpAE4oKQBPKCkAUE
362=gBwb9RSAHFCFJJAY+tAVNIAaYBAFQoKQBVKCkAVigpAFcoKQBYKCkAWSgpAFooKQBbKCkA
363=XCgpAF0oKQBeKCkAXygpAGAoKQBhKCkAYigrABIAQ9oVABMoKQAUKCkAFSgpABYoKQAXKC
364=kAGCgpABlJAbGpThpJAZClCxtJAYipARwoKQAdSQGGtQIeSAHRQB9IAbICACAoKQAhKCkA
365=IigpACMoKQAkKCkAJUkBkakIJkgB3UwnSQGvpRMoSQGlqQEpSAGqBQAqKCkAKygpACxIAd
366=FsLUgB0WwuSQHtpQgvKCkAMCgpADEoKQAySAHZBjNIAcFyNEgBwQ81KCkANigpADcoKQA4
367=KCkAOSgpADooKQA7KCkAPCgpAD1IAcUePkkBpr0VP0gB2TJASQGJsRBBSAHBZ0JIAbACQA
368=EnaQhEUAHVAkUoKQBGKCkARygpAEgoKQBJSQGxoQ9KSAHFCEsoKQBMKCkATSgpAE4oKQBP
369=KCkAUEgBJaElUUgB3XhSSQGSoQtTSAGkAUhvJ+kCVShVAFYoKQBXKCkAWCgpAFkoKQBaKC
370=kAWygpAFwoKQBdKCkAXigpAF8oKQBgKCkAYSgrABMARM4UABQoKQAVKCkAFigpABcoKQAY
371=KCkAGSgpABooKQAbSQGwqS0cSAHVIx1JAZC9DR5IAc08H0gBsAJQbCc5AiEoVQAiKCkAIy
372=gpACQoKQAlKCkAJkgByQwnSAHJDChIAcU/KUgB1Q0qKCkAKygpACxJAfapFy1JAXqxBS7I
373=AUEDL0kBWbUCMMgBVQIxSQFdtQIyyAFVAjNIAc1zNEgByW81SAHJbzZIAbYGADcoKQA4KC
374=kAOSgpADooKQA7SQGwXAtJBzxIAd0rPUgBRAJpAD5IAd1tP0kBqK0FQEgByW9BSAFgBU0A
375=QigpAEMoKQBEKCkARSgpAEYoKQBHKCkASEgBwZNJSAHZHEooKQBLSAHFHkxIAVAOaQBNKC
376=kATigpAE8oKQBQSQGtqRdRSAFsBk0AUigpAFMoKQBUKCkAVSgpAFYoKQBXKCkAWCgpAFko
377=KQBaKCkAWygpAFwoKQBdKCkAXigpAF8oKQBgKCsAFABFSBWJABUoKQAWKCkAFygpABgoKQ
378=AZSAHFKRpIAc0mG0gBiwkAABwoKQAdKCkAHigpAB8oKQAgSAHNlCFIAdVEIkgB0QkjKCkA
379=JEgBwQ8lSAHJOCYoKQAnSAHZEShIAcUIKSgpACpIAcUIK0gBxQgsSAHFYC1IAXhpAQIAAC
380=7IAQEDAAAvSAF4aVUCMMgBVQIxSAF4aVUCMsgBVQIzSQGApQ80yAFVQzVIAckMNkgB0RQ3
381=SAGqBQA4KCkAOSgpADpJAbJYB1EEO0gBWABpADwoKQA9SQH5oQQ+SAF0A00APygpAEBIAd
382=mKQUgBUANpAEJIAd0gQ0gB3SBEKCkARUgB0RRGSAFsBk0AR0gB2QZISAHBGkkoKQBKKCkA
383=SygpAExIAdEJTUgBQAlpAE4oKQBPKCkAUEgB0YJRSAHdQVJIAWwGTQBTKCkAVCgpAFUoKQ
384=BWKCkAVygpAFgoKQBZKCkAWigpAFsoKQBcKCkAXSgpAF4oKQBfKCgAAhUARgD7oTAWSAHF
385=KRcoKQAYKCkAGUgBzSYaKCkAG0gB2QYcSAHBJR1IAVQdaQAeSAHNPB9IAWgCTQAgSAHBOy
386=FIAUQCaQAiSAHFNCNIAd0KJEgBwQ8lKCkAJigpACcoKQAoSAHZBikoKQAqSAHFCCtJAV5v
387=DQAALMgBXR8tSQFftQIuyAFVAi9JAT5cAEEDMMgBVQExSAFgZwEEAAAyyAEBBQAAM0gBYG
388=dZaTTIAVlpNUgBwQ82KCkAN0gB0RQ4SAHNJjlIAUQNaQA6KCkAOygpADxIAdUjPUgB3Qo+
389=SAHRCT9IAdEJQEgBZAlNAEFIAdkGQkgB2QZDSQGCVANdFUTIAV0VRUgBwQRGSAHdCkdIAd
390=UCSEkBeVgGSQBJyAFJIkpIAXAfVQJLyAFVAkxIAdkGTUgBxRNOSAFcBGkAT0gB3YNQSAFo
391=Ak0AUSgpAFIoKQBTKCkAVCgpAFUoKQBWKCkAVygpAFgoKQBZKCkAWigpAFsoKQBcKCkAXS
392=gpAF4oKAACFgBHAFpEFEkAF8gBWRwYSQFbSAJJABnIAVUCGkgBdERVAhvIAVUCHEgBySId
393=SAHdKx5IAdUCH0gB1QIgKCkAISgpACJIAc0FI0gByVkkyAFJDCVIAdEUJsgBVQInSAFswF
394=kRKMgBVQIpSAHJFyrIAVUCK0gBfApJQyzIAUlDLUgBaGRVAi7IAVUCL0gBaGRVAjDIAVUC
395=MUkBPEQJVQ0yyAFVATNJAXVIAkkANMgBVQI1yAFFCDZIAc0bNygpADgoKQA5SAHVIzooKQ
396=A7KCkAPEgBxQg9KCkAPigpAD8oKQBASAHRCUFIAdkGQigpAENIAWhkAQsAAETKAQwATqdH
397=AHYCDQBCQ0cA2QZHQATJAUhIAWhkQRpJyAFJIkpIAWhkVQJLyAFVAkxIAdkGTUkB8FwhVS
398=NOSAFYAGkATygpAFAoKQBRKCkAUigpAFMoKQBUKCkAVSgpAFYoKQBXKCkAWCgpAFkoKQBa
399=KCkAWygpAFwoKQBdKCsAFwBInGJBGhhIAWRKWRwZyAFVAhpIAXBhVQIbyAFVAhxJAVxzHA
400=AAHUgB2VMeyAFJIR9IAclZIMgBVQIhSAFoDEUHIsgBVQIjSAHRViTIAUkMJUgBZAhBDybI
401=AVUCJ0gBdA1VAijIAVUCKUgBfApVAirIAVUCK0gBfApVvSzIAVW9LUkBRlQOTRAuSQFFqQ
402=EvSQE/qQEwyAFVATFIAXBhXQoyyAFdCjNIAXBhSQE0yAFJDDXIAUkMNkgByUM3KCkAOEgB
403=eBFBDznIAUkMOkgBYBpVAjvIAVUCPEgBYBpVAj3IAVUCPkgB1S4/SAFsUkEEQMgBQQRBSA
404=FgXAESAABCyAEBEwAAQ8kBFHFhSIVgFXBhqQEWcGGqARcAQEOqARgAUAaoAQEZAABJUAF8
405=CgEaAABKSAFwH0EPS8gBQQ9MyAFBJU1IAdEfTkgB2XRPKCkAUCgpAFEoKQBSKCkAUygpAF
406=RIAdHPVUgBUA5pAFYoKQBXKCkAWCgpAFkoKQBaKCkAWygpAFwoKQAYVRs9SBhBCxnIAVUB
407=GkgBeF5BOxvIAUE7HEgBYDBBBB1IAXw2RR4eyAFdQR9IAdFWIMgBVQIhSAF0OU0FIsgBVQ
408=IjSAF8QUkMJMgBSQwlSAF4EUkMJkgBCD4BAAAAAAAnAEkAEQAA8A8AIAk+AQAAAQAAKABJ
409=AD9IAQEAAAApyAFVASpJATpcAFUCK8gBVQEsSQE7XABVAi3IAVUBLkkBRFwAVQIvSAFwCQ
410=ECAAAwyAEBAwAAMUgBwQQySQFCrQUzSQFDqQE0SQF3WAdJADXIAUEDNkkBW0gCSQA3yAFV
411=AjhJAV5IAkkMOcgBSQw6SQFZtQI7yAFVAjxIAWQITQU9yAFVAj5JAVxMBVEJP0kBgEgBQQ
412=RAyAFBBEFJAe1UA0EDQkkBglwAARwAAEPIAQEdAABEyAEBHgAARcgBAR8AAEbIAQEgAABH
413=yAEBIQAASMoBIgBCAUkAcAkBIwAASlEBdVwKVQ1LyAEBBAAATMgBAQUAAE1IAc0QTigpAE
414=8oKQBQKCkAUSgpAFIoKQBTKCkAVCgpAFVJAfWtG1ZIAUgQaQBXKCkAWCgpAFkoKQBaKCkA
415=WygpABldGD1QCVUYGkkBPkgBRSkbyAFVAhxJAT+1Ah3IAVUCHkgBeAZNBR/IAVUCIEgBxQ
416=ghyAFVAiJIAcUII8gBVQIkSAHFCCXIAVUCJkgBxQgnyAFVAihIAcUIKcgBVQIqSAFgXE0Q
417=K8gBVQIsSAFgXFUCLcgBVQIuSAF0DUUlL8gBTRowSAF0DVUCMcgBVQIySAF0DVUCM8gBVQ
418=I0SAFgXF0KNcgBXQo2SAHZUzfIAVUCOEgBYFxdQTnIAV1BOkgBzRA7yAFdCjxIAc0QPcgB
419=VQI+SAHNED9JAXRMEUkAQMgBQQRBSAHRS0JIAW1SJWFcSplTJmBcqQEnYFypAShgXKkBKW
420=BcqQEqYFypAStgXKkBLGJcSgDBfUtIDHAfTRBMyAFNEE1IAXAfVQJOyAFVAk9JAVpIAkkA
421=UMgBVQJRSAF0e1UCUsgBVQJTSAHFCFTIAVUCVUgBXARpAFYoKQBXKCkAWCgpAFkoKQBaKC
422=gAARoASwBwQEkIG8gBXQocSQE8XABVAh3IAVUBHkgBeEhVAh/IAVUCIEgBxQghyAFVAiJI
423=AcUII8gBVQIkSAHFCCXIAVUCJkgBxQgnyAFVAihIAcUIKcgBVQIqSAHRQCvIAVUCLEgB0U
424=AtyAFVAi5IAXhIQVEvyAFJTjBIAWQIVQIxyAFVAjJIAWQIVQIzyAFVAjRIAcUINcgBVQI2
425=SAHFCDfIAVUCOEgBxQg5yAFVAjpIAcUIO8gBVQI8SAHFCD3IAVUCPkgBxQg/SAHZSEDIAU
426=EaQUgBcLlBMEJJAWBcAEkAQ8gBQQRESAHBUUVIAcXORkgBydJHSQFGQAVZBkhJAUWpAUlI
427=AcEESkgB2QZLSAFsEEkiTMgBURRNSAFgUVUCTsgBVQJPSAFoWVUCUMgBVQJRSAFoWVUCUs
428=gBVQJTSAHFCFRIAUgRaQBVKCkAVigpAFcoKQBYKCkAWSgpABtcyGxHXQocSAFgRlUNHcgB
429=VQIeSAFoTlUCH8gBVQIgSAF4BlUCIcgBVQIiSAHFCCPIAVUCJEgBxQglyAFVAiZIAcUIJ8
430=gBVQIoSAHFCCnIAVUCKkgB2T0ryAFVAixIAdk9LcgBVQIuSAF0DU0iL8gBUTQwSAF0DVUC
431=McgBVQIySAF0DVUCM8gBVQI0SAHFCDXIAVUCNkgBxQg3yAFVAjhIAcUIOcgBVQI6SAHFCD
432=vIAVUCPEgBxQg9yAFVAj5IAcUIP0gBwUZAyAFBGkFIAXBWTQVCSAFwVlUuQ8gBQQRESAF8
433=IFUYRcgBTQVGSAFgZ1UCR8gBVQJISAFkKVUCScgBVQJKSAHFCEvIAVUCTEgBxQhNyAFVAk
434=5IAcUIT8gBVQJQSAHFCFHIAVUCUkgBxQhTSAFQDmkAVCgpAFUoKQBWKCkAVygpAFgoKAAB
435=HABNANEJHcgBSQweSAHZER/IAVUCIEgB2REhyAFVAiJIAcUII8gBVQIkSAHFCCXIAVUCJk
436=gBxQgnyAFVAihIAcE7KcgBVQIqSAHBOyvIAVUCLEgBwTstyAFVAi5IAWQISTgvyAFJODBI
437=AWQIVQIxyAFVAjJIAWQIVQIzyAFVAjRIAcUINcgBVQI2SAHFCDfIAVUCOEgBxQg5yAFVAj
438=pIAcUIO8gBVQI8SAHFCD3IAVUCPkgBxQg/yAFVAkBIAWQpRRNByAFVAkJIAWQpVQJDyAFV
439=AkRIAWQpVQJFyAFVAkZIAcUIR8gBVQJISAHFCEnIAVUCSkgBxQhLyAFVAkxIAcUITcgBVQ
440=JOSAHFCE/IAVUCUEgBxQhRyAFVAlJIAWBSTQBTKCkAVCgpAFUoKQBWKCkAVygrAB0AToxS
441=UQkeSAHBDx/IAVUCIEgBwQ8hyAFVAiJIAckXI8gBVQIkSAHFCCXIAVUCJkgBxQgnyAFVAi
442=hIAck4KcgBVQIqSAHJOCvIAVUCLEgByTgtyAFVAi5IAWwQUR8vyAFZUzBIAWwQVQIxyAFV
443=AjJIAWwQVQIzyAFVAjRIAcUINcgBVQI2SAHFCDfIAVUCOEgBxQg5yAFVAjpIAcUIO8gBVQ
444=I8SAHFCD3IAVUCPkgBxQg/yAFVAkBIAXwgRRNByAFVAkJIAXwgVQJDyAFVAkRIAXwgVQJF
445=yAFVAkZIAcUIR8gBVQJISAHFCEnIAVUCSkgBxQhLyAFVAkxIAcUITcgBVQJOSAHFCE/IAV
446=UCUEgBxQhRSAFIEWkAUigpAFMoKQBUKCkAVSgpAFYoKwAeAE8m7SkfyAFJDCBIAckMIcgB
447=VQIiSAHRFCPIAVUCJEgB0RQlyAFVAiZIAcUIJ8gBVQIoSAHRNSnIAVUCKkgB0TUryAFVAi
448=xIAdE1LcgBVQIuSAFkCEWBL8gBQVEwSAFkCFUCMcgBVQIySAFkCFUCM8gBVQI0SAHFCDXI
449=AVUCNkgBxQg3yAFVAjhIAcUIOcgBVQI6SAHFCDvIAVUCPEgBxQg9yAFVAj5IAcUIP8gBVQ
450=JASAFkKUUTQcgBVQJCSAFkKVUCQ8gBVQJESAFkKVUCRcgBVQJGSAHFCEfIAVUCSEgBxQhJ
451=yAFVAkpIAcUIS8gBVQJMSAHFCE3IAVUCTkgBxQhPyAFVAlBIAXBMTQBRKCkAUigpAFMoKQ
452=BUKCkAVSgrAB8AUJxMUQkgSAHZESHIAVUCIkgB2REjyAFVAiRIAdkRJcgBVQImSAHFCCfI
453=AVUCKEgB2TIpyAFVAipIAdkyK8gBVQIsSAHZMi3IAVUCLkgBbBBZHC/IAUlOMEgBbBBVAj
454=HIAVUCMkgBbBBVAjPIAVUCNEgBxQg1yAFVAjZIAcUIN8gBVQI4SAHFCDnIAVUCOkgBxQg7
455=yAFVAjxIAcUIPcgBVQI+SAHFCD/IAVUCQEgBfCBFE0HIAVUCQkgBfCBVAkPIAVUCREgBfC
456=BVAkXIAVUCRkgBxQhHyAFVAkhIAcUIScgBVQJKSAHFCEvIAVUCTEgBxQhNyAFVAk5IAcUI
457=T0gBUA5pAFAoKQBRKCkAUigpAFMoKQBUKCgAASAAUQDRCSHIAUkMIkgBwQ8jyAFVAiRIAc
458=0FJcgBVQImSAHJFyfIAVUCKEgBwTApyAFVAipIAcEwK8gBVQIsSAHBMC3IAVUCLkgBZAhF
459=di/IAVFLMEgBZAhVAjHIAVUCMkgBZAhVAjPIAVUCNEgBxQg1yAFVAjZIAcUIN8gBVQI4SA
460=HFCDnIAVUCOkgBxQg7yAFVAjxIAcUIPcgBVQI+SAHFCD/IAVUCQEgBZClFE0HIAVUCQkgB
461=ZClVAkPIAVUCREgBZClVAkXIAVUCRkgBxQhHyAFVAkhIAcUIScgBVQJKSAHFCEvIAVUCTE
462=gBxQhNyAFVAk5IAWBHTQBPKCkAUCgpAFEoKQBSKCkAUygrACEAUoxHUQkiSAHJDCPIAVUC
463=JEgB0RQlyAFVAiZIAdEUJ8gBVQIoSAHJLSnIAVUCKkgByS0ryAFVAixIAcktLcgBVQIuSA
464=ElRUAvSAElRUAwSQFtTBxJADHIAVFLMkkBa0gCSQAzyAFVAjRJAW5IAkkANcgBVQI2SAHR
465=CTdIASV5QThIASV5QTlIASWtQjpIAXwgRQg7yAFFCDxIAXwgVQI9yAFVAj5IAXwgVQI/yA
466=FVAkBIAXwgVQJByAFVAkJIAXwgVQJDyAFVAkRIAXwgVQJFyAFVAkZIAcUIR8gBVQJISAHF
467=CEnIAVUCSkgBxQhLyAFVAkxIAcUITUgBWAtpAE4oKQBPKCkAUCgpAFEoKQBSKCgAASIAUw
468=DRCSPIAUkMJEgB2RElyAFVAiZIAdkRJ8gBVQIoSQFvZBAirmNTAGgBVQIqVALRNSvIAVUC
469=LEgB2T0tyAFVAi5JAWmlCC/IAVUCMEgBbAVdbTHIAVlIMkgBaENVAjPIAVUCNEgBdA1VAj
470=XIAVUCNkkBZ70KN8gBXQo4SAHBRjlIAc1SOkgBaENFCDvIAUUIPEgBaENVAj3IAVUCPkgB
471=aENVAj/IAVUCQEgBZClVAkHIAVUCQkgBZClVAkPIAVUCREgBZClVAkXIAVUCRkgBxQhHyA
472=FVAkhIAcUIScgBVQJKSAHFCEvIAVUCTEgBoh4ATSgpAE4oKQBPKCkAUCgpAFEoKwAjAFSc
473=QVEJJEgBwQ8lyAFVAiZIAcEPJ8gBVQIoSAFkP0EaKcgBVQIqSAHZMivIAVUCLEgBwTstyA
474=FVAi5IAXBARQgvyAFVAjBIAW0FBCLCa1QAaAEBBQAAMlQCJaldM0kB8lQ6VR40SAF0DU0F
475=NcgBTQU2SAFwQF0KN8gBXQo4SAHJhTlIAcmFOkgBYDBRCTvIAUkLPEgBfCBVAj1IAXRESQ
476=E+yAFBBD9IAXREVQJAyAFVAkFIAXREVQJCyAFVAkNIAckMRMgBVQJFSAHJDEbIAVUCR0gB
477=aC1FCEjIAVUCSUgBxQhKyAFVAktIAVwEaQBMKCkATSgpAE4oKQBPKCkAUCgoAAIkAFUAcH
478=8HAAAlyAFdCiZJAWq1AifIAVUCKEkBfbUCKcgBVQIqSAHBMCvIAUEwLEgBfDZZMi3IAVUC
479=LkgByTgvSAHJODAoKQAxKCkAMkkB9FwLQQ4zSQHcqQE0SQHSqQE1SQH6qQE2SQF7QAVJAD
480=fIAUEDOEgBZBNVAjnIAVUCOkgBZClJQzvIAUlDPEgBbDFVAj1IAXg9SQE+yAFBBD9IAXg9
481=VQJAyAFVAkFIAXg9VQJCyAFVAkNIAckMRMgBVQJFSAHJDEbIAVUCR0gBeD1FCEjIAVUCSU
482=gBxQhKSAFEGGkASygpAEwoKQBNKCkATigpAE8oKwAlAFaMPF0KJkgBYDtVDSfIAVUCKEgB
483=YDtVAinIAVUCKkgB0TUrSAHRNSwoKQAtKCkALkgB0TUvSAFwFU0AMEkBIVwASQAxSQEDXA
484=tJATIoKQAzSQEiSAJJADRJAddYM0kBNUgBzTw2SAFgO0UHN8gBRRM4SAFgO1UCOcgBVQI6
485=SQFsWAdJADtJAWhcAEkAPMgBSQs9SAFwKlUCPsgBVQI/SAF4MlUCQMgBVQJBSAFwQFUCQs
486=gBVQJDSAFwQFQCCUQAVgA+AQAAAQAARREAAMwIfRIDAFYAPwEAYQBGyAEBAQAAR0kBPVwA
487=WQJIyAFVAUlIAUQCaQBKKCkASygpAEwoKQBNKCkATigoAAImAFcA+kQJSQgnSQHyqQEoKC
488=kAKSgpACpJAfShBCtIAUgGaQAsKCkALSgpAC4oKQAvSQEhZwUAADBJASWpATFJAflzCQEA
489=MkkB3qkBM0oBBgKFBDRJAdt3AgAANUkB06kBNkkB1qkBN0gByRc4SQFuVAYBBAAAOcgBAQ
490=UAADpJAWxUAlkFO0kBaEgBSQs8yAEBAwAAPUkBOlQDVQI+yAFVAj9JATu1AkDIAVUCQUgB
491=YDBNBULIAVUCQ0kBPq0FRMgBVQJFSQE/tQJGyAFVAkdIAcUISEgBVBFpAEkoKQBKKCkASy
492=gpAEwoKQBNKCsAJwBYdAdtACgoKQApKCkAKigpACsoKQAsSAHNMS1JAQNUGUkILigpAC9I
493=AcU0MEkB+1QYAQABADFJAe2pATJJAfWpATNJASZYB0kANEgB0Qk1KCkANigpADdJASJABU
494=kAOEgB3TY5SAHJTjpIAYsMAAA7SQF8QAVJADzIAUEOPUkBa0gCSQA+yAFVAj9IAWA7VQJA
495=yAFVAkFIAWA7VQJCyAFVAkNIAWA7VQJEyAFVAkVJATxcAFUCRsgBVQFHSAFEAmkASCgpAE
496=koKQBKKCkASygpAEwoKwAoAFl0B20AKSgpACpIAcEwK0kBAaEwLEgB1S4tSAHVLi5IAckt
497=L0kB2FgSTTEwSQHSqQExSQH4qQEySQHcqQEzSQHQqQE0SAHNBTVIAd1tNkgBeBJRCTdIAd
498=1tOEgBlAJsaCfpAjpUAtE1O0gBeDJJFjzIAVVaPUgBeDJVAj7IAVUCP0gBeDJVAkDIAVUC
499=QUgBeDJVAkLIAVUCQ0gBeDJVAkTIAVUCRUgBeDJVAkZIAcUTRygpAEgoKQBJKCkASigpAE
500=soKwApAFrCCAAqSQEksQErSQEoqQEsSQH9rSYtSAHFKS5JAdS1Ai9JARZMEU0mMEkB0bUC
501=MUkB9qkBMkkB8akBM0kB16kBNEkB1akBNUgB0TU2SQHatQI3SAHNaDhIAc1oOUgB1WU6SA
502=GsFF1iWu21PFQCwWc9KCkAPkgBzWg/SQFmvQZAyAFBDkHIAUEZQkgB1ZFDyAFVLkRIAd2Z
503=RUgBoggARigpAEcoKQBIKCkASSgpAEooKwAqAFvCCAArSAHVLixIAdUuLUgBJ64LWwDZJy
504=9UAoG/AV7FWwDZJzFUAieqBVsAn9ABADNVAt1AG1kyNEgB0Qk1SAHBBDZIAcEEN0gBzTw4
505=SAGJEwFexVsAwTA6VALBMDtIAcEwPEgBjAV8xSdBAz5UApsRAAA/SAFoLVknQMgBXdBByA
506=Fd0EJIAXheVQhDyAFJFkRIAUQCaQBFKCkARigpAEcoKQBIKCkASSgrACsAXHQHbQAsSAHd
507=Ky1IAd0rLkgBk3cBAC9JAfNUDkElMEkB76kBMUkB8KkBMkgBZAlBBDNIAcmFNEgByfM1SA
508=HBBDYoKQA3SAHBkzhIAd2OOSgpADpIAcmQO0gByS08SAHJLT1IAcktPkgBJ1IFXADJWUBV
509=AmKGDwBByAFJFkJIAXAqSVlDSAG+AwBEKCkARSgpAEYoKQBHKCkASCgrACwAXcIIAC1IAc
510=UpLkkBCVwLSQMvSAHRKjBIAdEqMUgBkBQiDiNdANEqM1QCj3MBADRIAcW4NUgBwSU2SAHB
511=JTdIASNnIwEAOEgBxYw5KCkAOkgBxWA7SAFJEQBFNDwoKQA9SAHFuD5IASf5BF0o+gRdAH
512=gnQRlBQARoAUVVQkgBkwkAAEMoKQBEKCkARSgpAEYoKQBHKCsALQBewggALigpAC9IAdkn
513=MEgBzSYxSAHNJjJIAc1zM0gBySI0SAHJIjVIAd0gNkgBxa03SAEn8g5eAN2DOVQC1SM6SA
514=GdEQFfpF4AJ44BADxUAsk4PUkBI7UCPkgBmBFxd14oowReAGGhBEFABKYBAEIoKQBDKCkA
515=RCgpAEUoKQBGKCsALgBfwAhIbycpADB0AkAxSQMxaAFcAFU5MigpADNIAc0bNEgB3SA1KC
516=kANigpADdIAcVrOEgBzZ85SAHJTjpIAWQMSQw7SAHVRDxIAZQCfJknZQI+KFUAP0kB/ERs
517=UQRASAFYAGkAQSgpAEIoKQBDKCkARCgpAEUoKwAvAGB0B20AMEgByUMxSAHZMjJIAdVEM0
518=gBYAVdFTRIAcnoNUgB3SA2SAHVZTdIAcU/OEgB2QY5KCkAOkgB0UA7SAHFPzxIAYwFcB8n
519=ZQI+KFUAPygpAEAoKQBBKCkAQigpAEMoKQBEKCkAMPNIAAAxKCkAMmgBpT8zaAFwEH2DYe
520=lZNVQCwRo2SAHVOTdIAdU5OEgBdAZVIzkoKQA6SAHBOztIAYEEAFhewFl4HCcpAD4ogQA/
521=KCkAQCgpAEEoKQBCKCkAQygpADGEiZEMMkgB1TkzSAHJODRIAZsDAQA1KCkANigpADcoKQ
522=A4KCkAOUgB0TU6SAHRNTtIAZAJYBp8lpEBPShVAD4oKQA/KCkAQCgpAEEoKQBCKCsAMgBj
523=hAlRADNIAdUYNEgB1Rg1SAFQA2WtNigpADcoKQA4SAHdFTlIAd0VOkgBmAYiCDMniQE8KF
524=UAPSgpAD4oKQA/KCkAQCgpAEEoKwAzAGTYCkLKZADdFTVUAt0VNkgBhwQBADdIAcUTOEgB
525=xRM5SAGABCJQPCcxATsoVQA8KCkAPSgpAD4oKQA/KCkAQCgrADQAZdgKWT1l5RM2VALVez
526=dIAc0QOEgB0QU5KCkAOigpADsoKQA8KCkAPSgpAD4oKQA/KCoANQAi8CWFCzYoKQA3KCkA
527=OCgpADkoKQA6KCkAOygpADwoKQA9KCkAPigrADYAZ4gNUQA3KCkAOCgpADkoKQA6KCkAOy
528=gpADwoKQA9KCoANwAiuDRXCgAAOCgpADkoKQA6KCkAOygpADwoKwA4AGmYB1EAOSgpADoo
529=KQA7KCsAOQBqWASJADooKAABAAAAABEAAA==

[Terrain]
42038=TREE01
42040=TREE01
42042=TREE01
42044=TREE01
42048=TREE01
42046=TREE01
42052=TREE01
42060=TREE01
42058=TREE01
42067=TREE01
42069=TREE01
42071=TREE01
42076=TREE01
42078=TREE01
42082=TREE01
42084=TREE01
42086=TREE01
42088=TREE01
42090=TREE01
42034=TREE01
42032=TREE01
42028=TREE01
42026=TREE01
42024=TREE01
29049=TREE03
29059=TREE03
29045=TREE03
29055=TREE03
29041=TREE03
29047=TREE01
29043=TREE01
29039=TREE01
29053=TREE01
29057=TREE01
29067=TREE01
29069=TREE03
29071=TREE01
29073=TREE03
29075=TREE01
29077=TREE03
58041=TREE21
57027=TREE21
58016=TREE21
55052=TREE21
58075=TREE21
57084=TREE21
57093=TREE21
58092=TREE20
57089=TREE23
58083=TREE23
57078=TREE23
58072=TREE23
54068=TREE23
55060=TREE23
55054=TREE23
56046=TREE23
58034=TREE23
57019=TREE23
58047=TREE20
57030=TREE20
58021=TREE20
54056=TREE20
55070=TREE20
58080=TREE20
58090=TREE22
58077=TREE22
57070=TREE22
54058=TREE22
58046=TREE22
58029=TREE22
58014=TREE22
57021=TREE22
58032=TREE19
58018=TREE19
57023=TREE19
57040=TREE19
58044=TREE19
54047=TREE19
58073=TREE19
58088=TREE19
57081=TREE19
14059=TREE19
18052=TREE19
23050=TREE19
23068=TREE19
19064=TREE20
20054=TREE21
15061=TREE22
16056=TREE23
21052=TREE23
21066=TREE23
17063=TREE21
19063=TREE21
23053=TREE21
21067=TREE21
90059=TREE21
87043=TREE22
97054=TREE23
87049=TREE20
95056=TREE19
91047=TREE19
45091=TREE07
44082=TREE07
45073=TREE07
46059=TREE07
47048=TREE07
44033=TREE07
45023=TREE07
37039=TREE07
37033=TREE07
38060=TREE07
37070=TREE07
37080=TREE07
27070=TREE07
27055=TREE07
27043=TREE07
38083=TREE10
38072=TREE10
37056=TREE10
38043=TREE10
38034=TREE10
37048=TREE10
28047=TREE10
28060=TREE10
28068=TREE10
27073=TREE10
45078=TREE10
45087=TREE10
47058=TREE10
47052=TREE10
45040=TREE10
45027=TREE10
44089=TREE16
45075=TREE16
47050=TREE16
44036=TREE16
37041=TREE16
37060=TREE16
37084=TREE16
28071=TREE16
28057=TREE16
27049=TREE16
37034=TREE18
45025=TREE18
44028=TREE17
45035=TREE17
46045=TREE17
47060=TREE17
46067=TREE17
45084=TREE17
44087=TREE19
44072=TREE19
46057=TREE19
45044=TREE19
45036=TREE19
44024=TREE19
44041=TREE19
38080=TREE19
38069=TREE19
38058=TREE19
38040=TREE19
27045=TREE19
28049=TREE19
27058=TREE19
27071=TREE19
67062=TIBTRE01
67027=TIBTRE01
42022=TREE01
42020=TREE01
44021=TREE09
45020=TREE10
45021=TREE17
44018=TREE18

[Structures]
1018238=Neutral,CAHSE06,256,23,67,0,None,0,0,1,0,0,None,None,None,0,0
1018239=Neutral,CACHIG04,256,52,52,0,None,0,0,1,0,0,None,None,None,0,0
1018240=Neutral,CACHIG03,256,58,57,0,None,0,0,1,0,0,None,None,None,0,0
1018241=Neutral,CACHIG03,256,32,39,0,None,0,0,1,0,0,None,None,None,0,0
1018242=Neutral,CAGAS01,256,67,56,0,None,0,0,1,0,0,None,None,None,0,0
1018243=Neutral,CAMSC10,256,55,33,0,None,0,0,1,0,0,None,None,None,0,0
1018244=Neutral,CAMIAM05,256,77,66,0,None,0,0,1,0,0,None,None,None,0,0
1018245=Neutral,CAMIAM06,256,32,65,0,None,0,0,1,0,0,None,None,None,0,0
1018246=Neutral,CAMIAM07,256,55,65,0,None,0,0,1,0,0,None,None,None,0,0
1018247=Neutral,CANEWY10,256,42,55,0,None,0,0,1,0,0,None,None,None,0,0
1018248=Neutral,CANEWY11,256,57,44,0,None,0,0,1,0,0,None,None,None,0,0
1018249=Neutral,CANEWY12,256,38,33,0,None,0,0,1,0,0,None,None,None,0,0
1018250=Neutral,CANEWY16,256,72,55,0,None,0,0,1,0,0,None,None,None,0,0
1018251=Neutral,CANEWY17,256,58,52,0,None,0,0,1,0,0,None,None,None,0,0
1018252=Neutral,CANEWY18,256,77,39,0,None,0,0,1,0,0,None,None,None,0,0
1018253=Neutral,CANWY23,256,46,39,0,None,0,0,1,0,0,None,None,None,0,0
1018254=Neutral,CANWY24,256,46,33,0,None,0,0,1,0,0,None,None,None,0,0
1018255=Neutral,CANWY22,256,41,65,0,None,0,0,1,0,0,None,None,None,0,0
1018256=Neutral,CANWY09,256,71,34,0,None,0,0,1,0,0,None,None,None,0,0
1018257=Neutral,CANEWY16,256,68,39,0,None,0,0,1,0,0,None,None,None,0,0
1018258=Neutral,CAOILD,256,67,66,0,None,0,0,1,0,0,None,None,None,0,0
1018263=Neutral,CAOILD,256,70,70,0,None,0,0,1,0,0,None,None,None,0,0
1018268=Neutral,CAOILD,256,39,39,0,None,0,0,1,0,0,None,None,None,0,0
1018273=Neutral,CAOILD,256,42,39,0,None,0,0,1,0,0,None,None,None,0,0
1018278=Neutral,CAOILD,256,52,86,0,None,0,0,1,0,0,None,None,None,0,0
1018283=Neutral,CAAIRP,256,52,94,0,None,0,0,1,0,0,None,None,None,0,0
1018288=Neutral,CAOILD,256,46,89,0,None,0,0,1,0,0,None,None,None,0,0
1018293=Neutral,CAOILD,256,57,92,0,None,0,0,1,0,0,None,None,None,0,0
1018303=Neutral,CAOILD,256,51,22,0,None,0,0,1,0,0,None,None,None,0,0
1018308=Neutral,CAOILD,256,28,70,0,None,0,0,1,0,0,None,None,None,0,0
1018313=Neutral,CAOILD,256,83,39,0,None,0,0,1,0,0,None,None,None,0,0
1018318=Neutral,CAMSC04,256,77,73,0,None,0,0,1,0,0,None,None,None,0,0
1018319=Neutral,CAMSC04,256,65,74,0,None,0,0,1,0,0,None,None,None,0,0
1018320=Neutral,CAMSC04,256,54,71,0,None,0,0,1,0,0,None,None,None,0,0
1018321=Neutral,CAMSC04,256,38,70,0,None,0,0,1,0,0,None,None,None,0,0
1018322=Neutral,CAMSC04,256,32,71,0,None,0,0,1,0,0,None,None,None,0,0
1018323=Neutral,CAMSC05,256,36,70,0,None,0,0,1,0,0,None,None,None,0,0
1018324=Neutral,CAMSC05,256,47,67,0,None,0,0,1,0,0,None,None,None,0,0
1018325=Neutral,CAMSC05,256,59,71,0,None,0,0,1,0,0,None,None,None,0,0
1018326=Neutral,CAMSC05,256,76,71,0,None,0,0,1,0,0,None,None,None,0,0
1018327=Neutral,CAMSC02,256,77,72,0,None,0,0,1,0,0,None,None,None,0,0
1018328=Neutral,CAMSC02,256,58,71,0,None,0,0,1,0,0,None,None,None,0,0
1018329=Neutral,CAMSC02,256,37,70,0,None,0,0,1,0,0,None,None,None,0,0
1018330=Neutral,CAMSC03,256,31,71,0,None,0,0,1,0,0,None,None,None,0,0
1018331=Neutral,CAMSC03,256,48,67,0,None,0,0,1,0,0,None,None,None,0,0
1018332=Neutral,CAMSC03,256,54,72,0,None,0,0,1,0,0,None,None,None,0,0
1018333=Neutral,CAMSC03,256,65,73,0,None,0,0,1,0,0,None,None,None,0,0
1018334=Neutral,CAMSC03,256,75,70,0,None,0,0,1,0,0,None,None,None,0,0
1018335=Neutral,CASTRT05,256,60,40,0,None,0,0,1,0,0,None,None,None,0,0
1018336=Neutral,CASTRT05,256,67,23,0,None,0,0,1,0,0,None,None,None,0,0
1018337=Neutral,CASTRT05,256,41,47,0,None,0,0,1,0,0,None,None,None,0,0
1018338=Neutral,CASTRT05,256,51,58,0,None,0,0,1,0,0,None,None,None,0,0
1018339=Neutral,CACHIG02,256,76,34,0,None,0,0,1,0,0,None,None,None,0,0
1018340=Neutral,CACHIG01,256,69,46,0,None,0,0,1,0,0,None,None,None,0,0
1018341=Neutral,CANEWY16,256,49,44,0,None,0,0,1,0,0,None,None,None,0,0
1018342=Neutral,CANEWY18,256,67,51,0,None,0,0,1,0,0,None,None,None,0,0
1018343=Neutral,CANEWY10,256,54,39,0,None,0,0,1,0,0,None,None,None,0,0
1018344=Neutral,CANEWY12,256,46,51,0,None,0,0,1,0,0,None,None,None,0,0
1018345=Neutral,CAMISC04,256,60,44,0,None,0,0,1,0,0,None,None,None,0,0
1018346=Neutral,CAMISC04,256,52,33,0,None,0,0,1,0,0,None,None,None,0,0
1018347=Neutral,CAMISC04,256,52,58,0,None,0,0,1,0,0,None,None,None,0,0
1018348=Neutral,CAMISC04,256,63,20,0,None,0,0,1,0,0,None,None,None,0,0
1018358=Neutral,CATHOSP,256,56,17,0,None,1,0,1,0,0,None,None,None,0,0

[OverlayPack]
1=CQAAIIH//v4f/4H/gAkAACCB//7+H/+B/4A3AAAggf/+JwL/gRsgAdUTAv7iAf///gMoAj
2=H+1CkG/+UBQwT+HgT/ZgP/9wFDCP8AAkYO/rkN/4H/gAkAACCB//7+H/+B/4B1AAAggf/+
3=EwL/gWZwAWAQyxACzQ8CYBXJLwL+ugH/6xUCUApwFf7BAf8h1BHMyTYEEBbIIQQQIkANzE
4=QC/sMB/9MuAmAd0jYCIBf/xgFRBhQC2EIIzD8IICBUEP7NAf/WUALIPgTOLQz++gH///8B
5=Tgz+sw//gf+ACQAAIIH//v4f/4H/gAkAACCB//7+H/+B/4AJAAAggf/+/h//gf+ACQAAII
6=H//v4f/4H/gAkAACCB//7+H/+B/4AJAAAggf/+/h//gf+ACQAAIIH//v4f/4H/gAkAACCB
7=//7+H/+B/4AJAAAggf/+/h//gf+ACQAAIIH//v4f/4H/gAkAACCB//7+H/+B/4AJAAAggf
8=/+/h//gf+ACQAAIIH//v4f/4H/gAkAACCB//7+H/+B/4AJAAAggf/+/h//gf+ACQAAIIH/
9=/v4f/4H/gAkAACCB//7+H/+B/4AJAAAggf/+/h//gf+ACQAAIIH//v4f/4H/gAkAACCB//
10=7+H/+B/4AJAAAggf/+/h//gf+ACQAAIIH//v4f/4H/gAkAACCB//7+H/+B/4AJAAAggf/+
11=/h//gf+ACQAAIIH//v4f/4H/gAkAACCB//7+H/+B/4AJAAAggf/+/h//gf+A

[OverlayDataPack]
1=CQAAIIEA/v4fAIEAgAkAACCBAP7+HwCBAIBaAAAggQD+JwIAggQHAAGBBNQTAtMtAv7NAQ
2=CCBwsAAYEH1BME0y0E/s0BAIEIEgCBCP/4AS4EgwEEBhYAhAYEAwH/9wExAv4eBABmA//3
3=AUMI/wACRg7+uQ0AgQCACQAAIIEA/v4fAIEAgPYAACCBAP4TAgCDAwYHQAGBBCAQgQRACQ
4=AIzBgCEAGDBgQEIDAgFSA7ggYD/r8BAIUHCAgICgABggsHMA+DCwsIEAiCBggB3YMICgtQ
5=F4EKACYgG4IICwABICMQC4EKMB/+vAEAhgYAAAoKAMgcBIQKCAcGEBYiBkHhggcKACZyAD
6=AWgQf/xAFSBAXcgQYUAkPUggcIE/aCCAdV14EHMeKBCEQAgQcF9AQxgggIEiCBByAG/sIB
7=AIIEADHWJ+IT9iAGYh5B8wH/A+8X+gAEEhdCG/7IAQAp2dFSCCnnIAfIIwyBBgIU/8YBUg
8=j25wv//QFQDP6zDwCBAIAJAAAggQD+/h8AgQCACQAAIIEA/v4fAIEAgAkAACCBAP7+HwCB
9=AIAJAAAggQD+/h8AgQCACQAAIIEA/v4fAIEAgAkAACCBAP7+HwCBAIAJAAAggQD+/h8AgQ
10=CACQAAIIEA/v4fAIEAgAkAACCBAP7+HwCBAIAJAAAggQD+/h8AgQCACQAAIIEA/v4fAIEA
11=gAkAACCBAP7+HwCBAIAJAAAggQD+/h8AgQCACQAAIIEA/v4fAIEAgAkAACCBAP7+HwCBAI
12=AJAAAggQD+/h8AgQCACQAAIIEA/v4fAIEAgAkAACCBAP7+HwCBAIAJAAAggQD+/h8AgQCA
13=CQAAIIEA/v4fAIEAgAkAACCBAP7+HwCBAIAJAAAggQD+/h8AgQCACQAAIIEA/v4fAIEAgA
14=kAACCBAP7+HwCBAIAJAAAggQD+/h8AgQCACQAAIIEA/v4fAIEAgAkAACCBAP7+HwCBAIA=

[AITriggerTypesEnable]
0CAD0DCC-G=yes
0CAD0C7C-G=yes
0CAD0B2C-G=yes
0CA6621C-G=yes
0CDF8EDC-G=yes
0CDF8D8C-G=yes
0C0C7AEC-G=yes
0D62199C-G=yes
0CDF899C-G=yes
0D6216FC-G=yes
0D6215AC-G=yes
0D62145C-G=yes
0D0803CC-G=yes
0C32599C-G=yes
0CE23AAC-G=yes
0CA1F84C-G=yes
0CE26CAC-G=yes
0CE26B5C-G=yes
0CAD145C-G=yes
0CAD130C-G=yes
0CE2395C-G=yes
0D084B5C-G=yes
0D084A0C-G=yes
0D0848BC-G=yes
0CAD2AEC-G=yes
0D08461C-G=yes
0D0873DC-G=yes
0C8E2C3C-G=yes
0CAD25AC-G=yes
0D087D8C-G=yes
0C8B81BC-G=yes
0CADDEDC-G=yes
0C92C45C-G=yes
0C9565AC-G=yes
0C92C1BC-G=yes
0CADD99C-G=yes
0C9561BC-G=yes
0CE2EA2C-G=yes
0CE2E8DC-G=yes
0C955C3C-G=yes
0C955AEC-G=yes
0C8C71BC-G=yes
0C8C6EDC-G=yes
0D052AEC-G=yes
0CE44D0C-G=yes
0CA5945C-G=yes
0CAD2C3C-G=yes
0D535EDC-G=yes
0AA846FC-G=yes
0AA845AC-G=yes
0C8C645C-G=yes
0AD2BAEC-G=yes
0C96F5AC-G=yes
0C96F45C-G=yes
0CB2CEDC-G=yes
0C91D45C-G=yes
0CAD5AEC-G=yes
0D2C45DC-G=yes
0D2C448C-G=yes
0C8C56FC-G=yes
0D2C41EC-G=yes
0CA6AEDC-G=yes
0C0D251C-G=yes
0C8C51BC-G=yes
0CA24D8C-G=yes
0C8BC5AC-G=yes
0C8C4C3C-G=yes
0D53430C-G=yes
0ECCFCAC-G=yes
0ECCFA7C-G=yes
0C8EEEDC-G=yes
0C0D184C-G=yes
0ECCF68C-G=yes
0C8C430C-G=yes
0C87B99C-G=yes
0ECCF29C-G=yes
0ECCF14C-G=yes
0C8EEAEC-G=yes
0C87B45C-G=yes
0ECCBC3C-G=yes
0C8EE1BC-G=yes
0ECCB7FC-G=yes
0C32D84C-G=yes
0ECCB55C-G=yes
0ECCB40C-G=yes
0ECCB2BC-G=yes
0CB29EDC-G=yes
0C8C2C3C-G=yes
0C8C2AEC-G=yes
0A31295C-G=yes
0C87E5AC-G=yes
08A3EEDC-G=yes
0D022B1C-G=yes
0C1246FC-G=yes
0C1245AC-G=yes
0D0B3B9C-G=yes
0CA2A04C-G=yes
0CA2B06C-G=yes
0CA2FEDC-G=yes
0D2769BC-G=yes
0A452E5C-G=yes
0A452C6C-G=yes
0A44F2CC-G=yes
0A44F17C-G=yes
0D53099C-G=yes
0612B11C-G=yes
06C551AC-G=yes
0612CD8C-G=yes
0ABC484C-G=yes
05FFB18C-G=yes
05FFA7DC-G=yes
06002BFC-G=yes
07C0372C-G=yes
07C04EDC-G=yes
07C04C7C-G=yes
07C0B14C-G=yes
05FC1A8C-G=yes
05FC50EC-G=yes
05FC3C9C-G=yes
05FC37CC-G=yes
05FC333C-G=yes
05FC0C9C-G=yes
05FC088C-G=yes
05FC75CC-G=yes
05FC747C-G=yes
08B9154C-G=yes
08B911BC-G=yes
08B9213C-G=yes
08B9356C-G=yes
08B9305C-G=yes
08B9483C-G=yes
08B9423C-G=yes
08B940EC-G=yes
08B9586C-G=yes
0611A33C-G=yes
0611A1EC-G=yes
08B9641C-G=yes
08B97C6C-G=yes
08B9767C-G=yes
08B9708C-G=yes
05FC1C5C-G=yes
0612EAEC-G=yes
0612F9AC-G=yes
05FC13EC-G=yes
08B90B1C-G=yes
08B902EC-G=yes
0612F46C-G=yes
044082BC-G=yes
07C310BC-G=yes
07C329FC-G=yes
07C3266C-G=yes
07C33DDC-G=yes
0616004C-G=yes
07C330CC-G=yes
07C30A5C-G=yes
07C4853C-G=yes
043F521C-G=yes
043F874C-G=yes
043F40BC-G=yes
05CBC2EC-G=yes
05CBC19C-G=yes
05CBC04C-G=yes
078F4B2C-G=yes
079D94EC-G=yes
07A72B9C-G=yes
07A72A4C-G=yes

[Triggers]
08A341FC=Americans,<none>,Amb_Ocean,0,1,1,1,0
08A359FC=Americans,<none>,Amb_Birds,0,1,1,1,0
08A3544C=Americans,<none>,Amb_City,0,1,1,1,0

[Events]
08A341FC=1,47,0,1
08A359FC=1,47,0,1
08A3544C=1,47,0,1

[Actions]
08A341FC=4,99,7,_Amb_OceanHeavy,0,0,0,0,I,99,7,_Amb_OceanHeavy,0,0,0,0,J,99,7,_Amb_OceanHeavy,0,0,0,0,K,99,7,_Amb_OceanHeavy,0,0,0,0,L
08A359FC=5,99,7,_Amb_BirdsBeach,0,0,0,0,M,99,7,_Amb_BirdsBeach,0,0,0,0,N,99,7,_Amb_BirdsBeach,0,0,0,0,O,99,7,_Amb_BirdsBeach,0,0,0,0,P,99,7,_Amb_BirdsBeach,0,0,0,0,Q
08A3544C=9,99,7,_Amb_Traffic,0,0,0,0,R,99,7,_Amb_UrbanMurmur1,0,0,0,0,S,99,7,_Amb_UrbanMurmur2,0,0,0,0,T,99,7,_Amb_Traffic,0,0,0,0,U,99,7,_Amb_UrbanMurmur1,0,0,0,0,V,99,7,_Amb_UrbanMurmur2,0,0,0,0,W,99,7,_Amb_Traffic,0,0,0,0,X,99,7,_Amb_UrbanMurmur1,0,0,0,0,Y,99,7,_Amb_UrbanMurmur2,0,0,0,0,Z

[Tags]
08A35AEC=0,Amb_Ocean,08A341FC
08A3553C=0,Amb_Birds,08A359FC
08A33C8C=0,Amb_City,08A3544C

[Digest]
1=0I0YHxDG1x5Ky8CNGqJGaUzvQIg=

