[GAYARD]
Name=Allied Shipyard
TechLevel=11

[NAYARD]
Name=Soviet Shipyard
TechLevel=11

[YAYARD]
Name=Yuri Submarine Pen
TechLevel=11

[Header]
StartX=228
StartY=35
Width=55
Height=42
NumberStartingPoints=2
NumCoopHumanStartSpots=4
Waypoint1=235,57
Waypoint2=276,57
Waypoint3=0,0
Waypoint4=0,0
Waypoint5=0,0
Waypoint6=0,0
Waypoint7=0,0
Waypoint8=0,0

[SpecialFlags]
TiberiumGrows=yes
TiberiumSpreads=yes
TiberiumExplosive=no
DestroyableBridges=yes
MCVDeploy=no
InitialVeteran=no
FixedAlliance=no
HarvesterImmune=no
FogOfWar=no
Inert=no
IonStorms=no
Meteorites=no
Visceroids=no

[Ranking]
ParTimeEasy=00:01:00
ParTimeMedium=00:01:00
ParTimeHard=00:01:00
UnderParTitle=GUI:NoUnderParTitle
UnderParMessage=GUI:NoUnderParMessage
OverParTitle=GUI:NoOverParTitle
OverParMessage=GUI:NoOverParMessage

[Houses]
0=Americans
1=Alliance
2=French
3=Germans
4=British
5=Africans
6=Arabs
7=Confederation
8=Russians
9=YuriCountry
10=GDI
11=Nod
12=Neutral
13=Special

[Americans]
Country=Americans
TechLevel=0
Credits=0
IQ=0
PlayerControl=yes
Color=Gold
Allies=Americans
PercentBuilt=0
NodeCount=0

[Alliance]
Country=Alliance
TechLevel=1
Credits=0
IQ=0
PlayerControl=no
Color=Gold
Allies=Alliance
PercentBuilt=0
NodeCount=0

[French]
Country=French
TechLevel=1
Credits=0
IQ=0
PlayerControl=no
Color=Gold
Allies=French
PercentBuilt=0
NodeCount=0

[Germans]
Country=Germans
TechLevel=1
Credits=0
IQ=0
PlayerControl=no
Color=Gold
Allies=Germans
PercentBuilt=0
NodeCount=0

[British]
Country=British
TechLevel=1
Credits=0
IQ=0
PlayerControl=no
Color=Gold
Allies=British
PercentBuilt=0
NodeCount=0

[Africans]
Country=Africans
TechLevel=1
Credits=0
IQ=0
PlayerControl=no
Color=DarkRed
Allies=Africans
PercentBuilt=0
NodeCount=0

[Arabs]
Country=Arabs
TechLevel=1
Credits=0
IQ=0
PlayerControl=no
Color=DarkRed
Allies=Arabs
PercentBuilt=0
NodeCount=0

[Confederation]
Country=Confederation
TechLevel=1
Credits=0
IQ=0
PlayerControl=no
Color=DarkRed
Allies=Confederation
PercentBuilt=0
NodeCount=0

[Russians]
Country=Russians
TechLevel=1
Credits=0
IQ=0
PlayerControl=no
Color=DarkRed
Allies=Russians
PercentBuilt=0
NodeCount=0

[YuriCountry]
Country=YuriCountry
TechLevel=1
Credits=0
IQ=0
PlayerControl=no
Color=DarkRed
Allies=YuriCountry
PercentBuilt=0
NodeCount=0

[GDI]
Country=GDI
TechLevel=1
Credits=0
IQ=0
PlayerControl=no
Color=Gold
Allies=GDI
PercentBuilt=0
NodeCount=0

[Nod]
Country=Nod
TechLevel=1
Credits=0
IQ=0
PlayerControl=no
Color=Gold
Allies=Nod
PercentBuilt=0
NodeCount=0

[Neutral]
Country=Neutral
TechLevel=1
Credits=0
IQ=0
PlayerControl=no
Color=Grey
Allies=Neutral
PercentBuilt=0
NodeCount=0

[Special]
Country=Special
TechLevel=1
Credits=0
IQ=0
PlayerControl=no
Color=Grey
Allies=Special
PercentBuilt=0
NodeCount=0

[Basic]
NextScenario=GDI2A.map
AltNextScenario=GDI9C.MAP
NewINIFormat=4
CarryOverCap=0
EndOfGame=no
SkipScore=no
OneTimeOnly=no
SkipMapSelect=no
Official=yes
IgnoreGlobalAITriggers=no
TruckCrate=no
TrainCrate=no
Percent=0
Theme=No theme
MultiplayerOnly=1
TiberiumGrowthEnabled=yes
VeinGrowthEnabled=yes
IceGrowthEnabled=yes
TiberiumDeathToVisceroid=yes
FreeRadar=no
InitTime=10000

[Lighting]
Ambient=1.000000
Red=0.900000
Green=0.900000
Blue=1.000000
Ground=0.050000
Level=0.008000
IonAmbient=0.870000
IonRed=0.300000
IonGreen=0.400000
IonBlue=0.750000
IonGround=0.000000
IonLevel=0.000000
DominatorAmbient=1.500000
DominatorRed=0.850000
DominatorGreen=0.200000
DominatorBlue=0.300000
DominatorGround=0.000000
DominatorLevel=0.000000
DominatorAmbientChangeRate=0.001000

[Preview]
Size=0,0,111,42

[PreviewPack]
1=JSAAIAAAAAAAAAAAAAAAAAAAAAAAAAAAAAAAAAAAAAAAAAAAAA6Yn1KXnVOho1mjqFmzsW
2=K3smaTnFKjp1aoqVuUnVGgpVetr2G4tWe0sGOaoVihpVawsGCeo1qWn1WgplihpliUnVKZ
3=oVi1tGCnq1iTn06ep1icpFORmUujqlqtsV2tsVmYo1CZolGjqli2t2GgqlSPmkuJk0mbpF
4=mbolOTm1KfpFmRmE+IkEuwrVukp1WHk0WWnlOrrFyfpFaTnVeVnlWhplucoFKJk06Mlk2N
5=mE6MkkyRmEySmlCYoFiYn1Seo1aan1WVn1WYn1ScolmcoVWdoleaoFWZoFSaoFWYn1aZn1
6=ecoVeYn1OZoVKWnlGSnVGTnlGYoVOdpFZXaCc5RxaBfkW1pGO9q2elolebn1S8rGfJrmyp
7=pFmmplqHkkWCj0Kuo1+4qGWkplyYoFOXnlSZoFiZoFiXnlaVnlKZolWYoVeYnVOik0uhjk
8=qijEqgpFmfo1eYnlOXnVSaoFe1smSjp16zsWOpq2CcolOjplqdo1SbolezsmOdpFadolS/
9=t2KzsVyTnlKorFqssVmRn06YpFGzt1uvtlagrk2jr1SgrlKbqUmwuVmms1Sls1CptFKlsU
10=6aqU2stVirtVmrslWWoU7BwGK3u1qMnEWapFObpFagp1a7uGCmqFeIlEiPm02VnlGaoVek
11=qFm2s2K5t2Sdo1eJlU2Nl0uPlkqIkEmOlkyYn1eqq1uZn1GUnVKWnlOIkEmLlEuYn1Oan1
12=iboVadoVadoViYn1KaoFScoFWbn1SWnFaVnVSVn06rpl6upGGkoVu/rGeOhUtoXjyJcUm4
13=mGrlxJSqmWFiYi3FpXPjw5biu4PYt3paZyoyQBNhYCtwdjWIjE2Smk+boVKUm1GWnlKbo1
14=WUn1KdlVCxmlSxlEuolk2hnVKXnFJ+iUSHj0efo1ifoFSTmk+nqlq7t2WysWS8tmalqVmd
15=oleWn1CgpVi5tGOzr167tmFkdS5ndTOUnUudqlCkr1OxuVu3wFmvvFGmt06wvVKqu1Kyv1
16=ClskW2w0u3xVPP12HN1F67x1OkuEylt02+x1e2w1Ssu1PM0WCLjjmFjjuYpkicqFCor1eu
17=s12mrFyIkkmJkUWMlUqnq1usqVySl06gqFa1uWaeplaAjECLlUmWn1OJlEeRm0+jqFmXnV
18=N/ikSPmE+Kj0iRl0yMlEuOlU6cnVWIlUd0hjmSmk2Yn1WXnVSRmlOTnVSaoFSjm1abj1Pl
19=uXviuHvSs3usnX2imX+YlndsbmlaX2d9gWZtclZhY2Flam2Rj3SLjnJrdGCslWuMg0RUWi
20=SWg1PErGybn1c7WBYsQhB1ekGskky1mU+WiE59dU6Oil2VnVKbolM3TBQuPBVtZTKSi0up
21=ql2oq1t3gzhyfTusrGCvsGOkp1aurFvBvGa2tWLCumm2uGNvgT1udTmurliwvFasuFKRoU
22=Guu0/L1GS3xli3yFfG0lyWq0Gjs0HZ2y7f3SDZ3j3f51zE1FjAz1LR3V63yFSzxVHN2lzN
23=1FxmdyU9VRFrdy2iqUifrk6iq1Caok+EikSZlUyrq1q+vWutq2BqeTMqRA1odDWeolSEjz
24=+mrFihpll9iUWJk0qYmk+Kk0yGj0qFj0eBjD+JkkuBhUOTkUucl1RpgDVHWyBcYzGQik2d
25=m1Wlol6tomK8rWWQiks4Rx6IeVSYjnFfaWU6QlxCSV5BSWA1OV02OVw8QV5CSGM3O102OV
26=s7Ql5AR149QF9YXGaNimasmG3Urnnlu324qGRoczRMWihwWy6pjUigqFdyaUdXRz94X1V2
27=akOSmlFlcC9jaTZzbjyMg0aoq1m0s15caygxPxZ5eUSvr2C+u2K5uGGTnEidolG5uGW8u2
28=KrtVnKy2bHy2TEyl6irEySoEDByTbb3znK10vG0j3U3Uu3yDLZ3h/q6xLv7grr6wrl6hfb
29=4yrf4CTd4jHH10jF0DzX4FR8jjRwhC9SZB5OYCJaZyp5hTqXpkqRn0qQnEqcnFGjmFKwpl
30=zCvm2Zn1FdZC17bzxtezN+h0OrpVmao1V/jEepq16fnVR9ij2NmEmKk0aRmUqHkUWHjEOe
31=klCbn1OOlk2Okk+UnFGjnVGknVHNs27pvHniun7Aq3x9fWVFUVw5QF04Ol08Pl49Pl48Pl
32=4+QF4/Ql0/QV0+QVw/Q1xAQ10/QVw+QVxAQ1w6PltFSV1XYGKTl3LXuYPmvoHau33Bsmir
33=oVObkEqik06gjk59cUlzbkR6fUaRm1N4gDGOlUWcpFWVmlCpqlyxsFyxrF2UkFCipFeqrF
34=lrdy9caispRgooORB6f0GwtV2msVTBxGGzvlm/yViapTvAwzLj5h/r7A7u7A/v6w3r6g3y
35=8g/y8gzy8Qzy8g36+gry8wrx8Ajz8Qrw7g3k6hnT3jrM3FSLoj2ut03Jy1admUCIhjqFl0
36=OWpkqNnEeToE2MlUWQlkqNjkylqlyus2KvqlqRkElHVxxfZjGDh0V8iEKGkEersFycplN5
37=iDuCkj+LlkWOmESFlDyHmESDk0OWokyhq1Wmr1WSnkhleDGKkkbSuWvowXXWvYN8iXI+R1
38=07PVo/QlxAQ11AQ1xAQ10/QlxAQ1xBRVxBRVtCRltCRltCRlpBRlpDSFpDR1pDR1k/Qlo6
39=P1pWZ1y7tX7dx5bhwYjlwYW3smqZpFGYoE6rmlGolEulmk+omE6gk016gzd+hjuRm06nq1
40=unp1uhoFetrl6oo1dtezBpay9bZSo8TRpYYjGVk1CHj0eeqVSst1bDx17LzWLK0GHV2EPi
41=4xvr7Arx8Ar08gzy8gzw8Qry8gz18w749hD29BDFvx3s6hLy8wzx8g3x8Q3r6RPc3yzX5V
42=TY5Vzc5l3G1lnExVPHuU6mpUmapkaYp0yQnUqVoE+RmUuCjEWioleztGG7ummZolaDjEqH
43=kkqCkEGDjUiChkO0qlWkq1GPmEefn0uSnUeVnkWNm0N/jz6SlESmqU+ir1GgrEqLm0BebS
44=2CfD3LsGDty3qepF9bd0pFUFo+QllDR1pDR1pDSFlDR1lCR1lCRlpDRlpCR1lBRVhDSFhE
45=SVhCR1hDSVtDR1c6P1g3TTdHXTmGiWbXv3Xkw3i2pV3Ty3a8vXK3tX2srW+dqFOeoEydl0
46=2glk6dmVOZn1KaoVOYm1Svr15rbzFKTSWKjk1bdSdTZiWWmlBJYR8vSBRpcjq1sGGyu1xx
47=gTiDkUDDyF6uvFTAyVrS2WLG1k3V3Dfh4Rzs6A3v7Qrx8Qrx8g3z8g729BH29ReonkbRzS
48=H39w/x8g3v7gzo5RPa4z3U4VTP21nF0laTpT++zFDR1l+hmkWGlECXpUqhrlKstVqoqlaL
49=mEqWn1Ghp12XnlKfo1SdoFWJkkmQm0uRmk+RmEqRikWGkz+2vVmqsVKEkT2MmkOKl0Gep0
50=atrUupsU6ptk+grkifsUatvE2ltk3MwlzlxWOTnzlvfih8fUhre19DSFlESVZGTFZFS1ZG
51=TFdGTVRDS1VBSlpIUl9BR1s7RFNMVVNOVUdLV1d0eGWmomK7q1PQtWa2plfUwFqtrICoq6
52=KCh0+HhliBelyhql+jrWiZplKVolCXoFGanlSWkkycmFCurF2MjEtpbDh3fD59gTyWmE+s
53=q1t2cThdZCqeoFTBvWe0uVtndDJaYy6UmEmzwVOvvk7J1F7P2V7W32TR4FnT3jzg4SDs7B
54=Hv7w3x8Q308w/29BH9+h/49Rf19A/t7gzo5xLZ4C3Q4FHK21TS3VivukubrkK0tUvGyFi5
55=yVWRnUKKmUW1uli9vWGTk0pQXCpiazR0gTqGj0aPl0+OmE+Ci0OopVWanUqWoEuRoUp8jD
56=ZYZil2gTmFlT6Hlz+eo0SurUeuuUyqvE2uvUyuv1G0xE+wwU6qvVGuukqtokOgo0SPjjvN
57=vGOfsmdacE1MWFVCSVNGTlFIT1dFXD5DYCulk26kkVVkcFZ6eXd+hExJVBuFhlXk0mD+63
58=b53YTx2He5x0+Zpz9tVENiUD93eDCJj0lrakN+hU2jrGehrFOfqVWgp1OXmFGZjE2dllGq
59=qF2+uGitr1u1tGKfo126t2i6tGewolpobipSWSeQi0azuF6nsVK4u1y0ulqwtlGyqkq3uF
60=DLzlnU3FrN2ljI3FnX5Fng6ivx8A/x8Qzx8Qzy8Q708gz09A3y8g7t8A7i5BjI20vY42PJ
61=11fS31i/wlCXpkShrEaapkWNn0OYoUWjrFDCwmWvq1adnlWBfkZkaDE6SxVcYy9+hkeMl0
62=yMmEuPkUKjpk2VoUmRnkeXpUmEiTt3fjWAkDmfr0ahokKltEa2vkutvUyzxUy1uUW1uUi7
63=vj7Byju0xki4xFGbsERteDKvoEycojk8WwpmczxjcFZPZTtUbShwgEd/gkDwvXqwnlqFiU
64=jy0nvZy0iloDHCuiXu6Rr28hfq5i/P1FK4xmSyw12otEeoskW0xFyzvmest2SstlafqUWf
65=oEqlmkyfpVCWnVSLjESXiEOWnFGrrFyhpFq1s2SgoVilmlOwqF21tWerqF2ZnFKgoFM7WR
66=NPYSOep0/DyWO8wVq5sE+wpkmuqEW2xk7W31uovkZNcBhxgx3X2irs6Rbu6grv7wrx8Qzu
67=7grv7wzv8A3q6BTR2CnW41XV3FzI0lWouEt4gTB9izuJnEaknUqpplCuulvIx2mssVeusl
68=yusVyJkUeCjEZ2gjuOjUelolaCkUUuSxdeai+NmkSfrEqiq0iEmjNIaBZ7jTWXpj+Wozqv
69=wEm6tEW1ukHR3izf3xrf2x7s6BHy8g7g5xrM2y3I2Dje3zzr4lXi31qhpT3FuE707XPV2G
70=C9vUdffhssSQaJeULbxGTx5Tf38xX39xD5+RL19Qzw8Arw8Ajt7Qbq7Qrd4yDE0Ey1xWa3
71=xWeotluhsUmouEmnskqjp0uankmnoEqbpU6ZoVFpezFfbC+Vl1CfnFKnl1GtrF2ys2SurV
72=2mnFOioliqr2Cfp1akq1lWYiZPViiEiEOwrlKyulXKz2LCxVusvE7I0FuxxEpqjiQuTQ0i
73=Qw9rfzHJ1Uzf4Dbl4xfs7g3u7wzw8Azv7Q3k5RPU2zrK01a2xlW9x1WHlz9JVB5gai6boV
74=KXnFKGj0GtslfPy3Gys2CjqlW1uGOjoleIj0qMl0mYmk6IjkR8iENtfDtufDOWpUmbpkig
75=rkp5kTRIXB1icyqpqkK9v0q3yUyzxkfF1DXl6RTw8gz1+Ajc2RDEwBn09Ajy8Qrv8Arr7w
76=7X5CS/1kfC2krV5E7n6Fb18WD5+WHa2lOqtD+ZrzvG2zLu9BPu8Azw7wr39gizsCKjnSXx
77=8Qrw8Arv7wzq7Q/Q3Cmou0OWqDuMoC6RozSuvEytuVCntVCls02ms1CkrVKYnlOTmVSNk1
78=OyrmGyrGCFiUWNlU6ysGKgo1aoq1yVnFGoqVyVm1KqrVqHlEKKk0W0uFutslejrVDHyV+3
79=wVequVDKz12qu0yGlzmHlDtedimJjki1uWDW3WfZ3lrP2Tjo5h358xbx7BnV2S7Dy1KerE
80=2yv1e2wFl9i0KIikejnFSgmVSBjUiKlUmRnUxtfTWJk0uxqFq+s2Ojqlp7h0GAi0h8iUWT
81=kkmNlkyHkkaYoEmQoEaTnUCXpUePoEWitEmVqkGitEK3vkq0xku6zT/j6Rvs7g7t7grx8g
82=rN0CGTkjbi5Q7x8Qzw8Arw8Azn7BPP3ye40UC/2UW71kO/2UO51EPF3UbF30bA3EW81kLO
83=3y7n6g/r7Qry8gjU1x+4ux/r6wjy8grt7w7Y2CW6yUO2yUiovESlukesv0usvUyouEyotU
84=2msU+apEWIkTaAhzuaoVSdolegpFutrWGJkkqRklK3tWWipVman1GmpliZnlSqqFyMlkxc
85=cipTXSh+gkK6v2OjpE6rsVG9w1y1slWzu1PPz2LQzGF5kDCVo0jCwGy4tWq7uWa7wmPHzG
86=Pa2DTi3Rre2yS/yVCyvVyImkG0vFe3wlqsuVerrlmGiUh8g0J5g0J9i0d0gjo+TRY+ThtM
87=Xx5zczmDjUqAjEKDjEWqrFqinVNldy+NlUWzp1iYnkeXp0iQokeYp0ecqkSPnzuqtke0wk
88=mvxEm+zkDj5xvu8A7t7grr7Ajt7w7t8RTv8Azy8wrx8Qrw8Qrs7xHX5Ca/1kPAyUPC00S9
89=0Ea80EXA2ES81EW71ETA0UXBzD/G1CHc4Q7h5Ajq7Arv7w3S2hfR3CDY4iTD0D2zxUyxxE
90=myxEyvwU6wvUyws0qoqEeisEufrk2Om0B+iTB9hTaJkUSVnFKVnFSRnFKXnVGclVCmmlOl
91=olmXl0+hpFiTnlO2tWedmVORkUyfpViUmU21sl2wtlm1uly7wGGWoUqVo0fP0WZ/iDuBik
92=eIi0acmFKSnFBEYBthcDLCxGHHzFy7wEeQnTartU+0vV18kD1uhS6NmESjpVOssFmGk0h6
93=hEKGi0mQhERaZiFxajdvbzI5SRU9SSFkbTR8h0aFikaopVeVnU9gaSuBf0CnoFKjpE2QnE
94=WXpEWeq0egqUSntEa5s0i7vEiuwku/zkHj6Rvt8A3w8Qrx8grz8wrw8Qjr7Q/n6xTp7BTa
95=4SPF1zq3z0S90Um+vEK+uT68vEC8ykK70US0yUS80Ua2zUa3zUu1y0rA0UK1xze3yTrG0z
96=+2ykiyxke6yky2yU2yxEizxEyywkysvU2ruE2lsUypsE2ksEujrk6eqlOYplCWnFSTm1GS
97=m1CYnlWZnVOgnFSemlOXmlKXkk6dl1CTnFWenlaup1qoql2dpFKzs1+bmlCbkk2nnE60tF
98=61uV5DWBY4RxeRlEplejCPmUhcYyh6ekKys15DVRlMVCOQkUi0sVepsVmWm0ikm062qFSQ
99=mEVYZyhcXimOiUekolKEkEqJkkycnFGZlk55fTuDhUalmFWil1KHkkuAiz6YmE6VlFKWh0
100=ymlU6lmFSKk0yorlymr1d8jTWLm0KPnUWXpUSPnjuntUintkesvUy0w0rCxTXZzyjS0y/R
101=3CrI1S7Q2ynAzz64yke9ykGzwUqqwEeyyEWyyEevxki3yEi2xki0yEexx0OyxkS5y0qyxU
102=qyxUq0xkupvUmluEWrv0qww060x0q1v0m0u0iswEyswEuWqTyNnzWerkGruE+qtk6ptFCk
103=r06irFKbplCopFSYn1SVm1OWnE+doVeZnU+gm1GcmE+XnVSXn1OLlEaOlEiMkEeTjkadlF
104=Kfm1Ovr2GkqVqcolOmpVyaoFK/u2mWnlJ/ej2JjkI2TRRASxx2dzpMXyN2gD2ysmG2uGTG
105=wmmurV2hqle0tWSenFOIi0WnqVysqV59iESiqFenrVx+iER6hT9+hUKpqFuwtWCrsFu0tm
106=GdolZ7h0WNlE6IjUinqVugolilqVujo1V7hjuLk0poezQwSg9hai2goU6KnEOPnD6hm0uj
107=skuuvE2zwE+zs0yys0mvvk6rwU2ouU2oukqrvkysu0uuvk6us0mwukqqwEuvwUq0wUmyxE
108=61xk6uwUqxw0uwwkywwUuvvkymtkiZqT6KmjGMnjSWqjypu0iquk2svUyuvk6puUusskmh
109=pUOPmjePlzeSn0CfrEqlr0+fqk+ZpFCdolOklE+XnlWan1SaoFKdolWboVSaoVWWnVaan1
110=iZnlWUm1GKkEGAiDp5hjmcmlOhi02Ykk6cmlOgl1Keo1mWmU+rqVyysl64s1+qq1mpqFyi
111=m1mHh0M7RRdFQh9xdD+tq2G8ummrsGGjnVS1rFupsF+Nl0+gmlOjp1qKlk2fpVqnqlyJkE
112=WQl0iYl02XlFB3fz2boFO4u2OrrV6cl1KJkEmHjEShmlOSnFGjqVihplOKjkKNkEd3hDxV
113=XiteYjCBikKFlD2UoUaZpUmwulN0hzFFWxp8jDios0ymnkSmq0evsUi2uE6ptEuyuk+ntE
114=qts0u/vlSgrE2erkuuq0egrESCljSotUmxt0+msU6msk2rt1Chr0ycq0WerUSntk2qt02q
115=uE2quFGqtk2Voz2lskussVCur02tqE2no06lrFKirFCfqFKapVOQl0d/ijuSm0+SnFCcm1
116=GdlE2gmVSpmlGanlOUnFKSmk+WnVGZn1WboVWeo1iWnVKaoFecnFeYmlWQk0+YmVGZn1Oa
117=oFWvrmOpq1yxsGGwr2KppVq7t2i5uGeTlU9zdjyXl061sWKvsF6uqVqki1CjkFCqrFuan0
118=6GkEWiq1uem1SVk0yUn1CKlUuoql2prV55hT8+RBlTUymIhEa9tWipqlyEi0SioVeRlk57
119=g0GjoFScoVJ8hEF9hkOwr1+jqFyCjEWUk0ien1GZp1Kap0+kr1FtgjA9RhhYWyZ6fzmSok
120=SxtVCxsE+sqkywsVKhp0yos1OqslOwq1V8iDlEXxyOmkiRlkJKWR5veDienUmnmkyipU2c
121=qU+gqk6hrlClsk+nsVGjr1Ghrk2cpkaKljl7iS6HlTuPnUKeqk+eqVCdqFCcplCbpFGaol
122=OZoFSan1WSmU+VnFCWnlKWmlCdllGWkk6lmVCcn1WUm1KNlkiWnlKeoleZn1STmU6SmE6F
123=jUSAiz6EjD94gTSDjUGZmlGckU+kplmwsGGmqFyvsF6joVWanlC2tWOrsF2VnU6xrV22sm
124=GvslyhpVaipVirp16VnlA5ThM1RBmKjEy8uWelpld8iEOFkEiMlUiYoFKQmE18fz96fEGP
125=g0WflE+QnFBmbjNydTt4g0KWl0+fmFSFj0t+hkaUgUmVgEqUm1KXn1WonVSanVOanFOcpV
126=arrlqho0+Zm02iolKco0+cn02flkmem066u2CwsFqsqVi0tF+WnFGdo1Vpci89QxtYYSuF
127=ikN3fUFqcjaIlUqCjD+VoE6Ik0N4gzGFkDmZokmjqFKfpVOKlUB7hS56hC2AjDV+ijaBjT
128=qYok+bo1SZoFSXn1WVn1aYn1aXnlOVnVSZn1aYnVOZn1OaoVaZoFeboVeXoFGXnlKYnlOV
129=nlObmFKbm1SXn1SMkkl0fS5yeixueCp6gjSNlUuXnVSUmlGdlVCcnlalqF6ysGTBummtrW
130=CYoVGzsmKxsV22tGK/t2q/t2i+t2eqrV6eplilrVyho1eKiUhybDyUhEmun1aaold8iEVs
131=fTY6URJUZCl8hUOlp1a/vWueo1h7hEOYmk5nbzlYYi6LiEaemFKEikV+g0KWl02Vk0yLh0
132=WPmEuZn1Sbk1CYlFGXi1C0sWSCi0A5TBJtcTabjk2dlE+Zj0ypnFCgolOvr1+oqlywsGCs
133=pVugnVaDjkiXnVCqm1Jjdy1IYCFDUR45SRhxdjiEiEGYmVKOmEyBijyCiTl6gzWSmk2eoV
134=aaolOFjUKAijiXnkyfm1Oanlaeo1aan1aXnVeXnVWXl0+Tjk6ckE2Wl0+anlSWnVV8hTiI
135=kkmVnVWYnlWXnlKYnlOZnlOVnVSYnFWbnliWnVaImU9+kUSCiz9/hjuBiDubolmVpViGlE
136=Z6hDp6hTyNkEiil1Cuo1ump1mfnlOqq1mwsGG1sWW0sV2url6srWKvrl6EikZ9jEFMXB5u
137=cTako1ikoFWGh0d4gkOQjUmGiEVIVyZQWSp/iUalqFq7tmSepVWZoFSfmVSFjUevsF6kp1
138=x3gD+DjT+WkkygnFaOm1CSmUylpVaamlOanFSZlE6enFW5tWF8iT9KVidgYzScoVicoVOa
139=n1apqlmZm1GtrWCvrl+inlKWlFGEh0Z8hkSDjkh/jEdwfDxsdjtvejxgaDVhajN5gj2Vml
140=KQmVCcn1Sen1SNm02RolWVnlWaoFSaoFeWnlaSoFOYnlOYnVSQlkyBiUB7hTmMkkaamE+U
141=lU+cmFGWlU6XnFGUnFBzfStzfC6Cij2doleeolWeoVeZnlSVm1SKkkiMk0iXn1Kvgkeshk
142=uWplqWp1mInE6Ci0CyfUaliUqLlkyBiT2LkkSZn1Cel1CZnVWbmlGkk0+sqV6vr16lqFm2
143=smW1s2errl5RYSpWYyhKUx5HUiRydzygplZ7i0GdpFKnp1SFi0ODhkWMk0t8h0SJkUmpq1
144=ugo1eho1eorFuPj0iglVGcnFOPmEyWnVCXn1SZmFGalVOqq2GnqF2nqFqwrl+nola7tWC8
145=tF6eoVSVnVGfn1SooVahn1WxsV6bolGcolaXnVFuejmKlU2EkUeHjUmBjEV9iD2UkU6snl
146=aVmFCPmE+IjkiBi0aWj0mZmlOVn1WbnVWjlk2wjEuyfUKaoFaQpFqRpFaRo1SmgkOrgEOW
147=n1aJkUZzezBweix2fi6AijmZoVicoliXn1KWnVSZnlZ6gzZ6gzV3fzGIjkKVm06coVWXnl
148=KAiD9yfC54gC9/iTmcbzG7SiHEWS2tgkSxdT69SB+4VCOljkadqVabpFKdo1WZoVOZoVKW
149=nVOLl0eXiUuQjkqtrmGsrmCkolawrV67vGahpVCgp1GLiENtdzGmrFSpsVmFkTysqFKosl
150=qQlUSHej98hUODjkWYmVGXnVKWm1CFjENhcDCFi0eXiUqVmEyWn1SamVGdk1KYiUuijUiv
151=rl22sGO1sGG+t2a2tF6tr16xsV+bnlOIk0uWnlGwq12+tmS5t2GdnFKVnlB3iEEzRh1wcj
152=2gmVGJkkaKlEqMl0yRkk2qllOinVOJkkqNlUyMk0mcnFKaoFaVm1GXnVGUnVSgiUq7VirH
153=TyitczypgEHHWC3JTCerfEKOmU2Ol0yHkEOHj0N6gjdyfDCAij6Kk0SVnFKUnFSYn1Kan1
154=OYnlOKkUh7hDaEiz6XnVScoViQmVB0fi93fy93gC12iTFzhzKefDXJYC7FazSol0l8ljqN
155=nUGeqlGfqlKepk+dpk6fqVObpFGZoU6Yok+SnE6gplS1uV6ys1qzplKqpk+vuVWpq01VWi
156=BMUR+Ggz6mo0ynpk6UmkWos1OrsVV/jUKHi0KfnE2Zo1SXoVKco1dtfTUmNwxASyJxczyV
157=lU+ao1isq1uXmU+KlEyvrV+wrlqwr16SnUpkei2Rk0q6s16yrV+inxEAAL0WohYAAAAAAA
158=AAAAAAAAAAAAAAAAAAAAAAAKZVkZ5QmaFTpKRaubZnsbJfn5pRoaRWo6dVmpZQjpVKm5xT
159=h5FLlZ1Qj5ZPjZhOl51SlJxThZBHkJhPh5JIlplQmJdShZBFk5tPmaFXeos/cok5h3czr1
160=MjxFovrIVIm6NXlaRVkZlQkplTmaBYm6NYk51TiJFJiZNIk5pPmZ9UmZ5Vmp5VmJ5Qlp5U
161=lp9Um6BVmZ5SmKBTnqRVnKRSjphIeoYyh5Q5maNGmaZIlqxNnLJSobdSpLVRoq9Qoa5Ppb
162=FPprJSpLBNpbFOpatPpqJNpKJKoa1Qn65PqqpNradLvLdYxchfqbRQqbZTwMJclJhDbXQx
163=nqhJsrtRiJQ9jpU5qqlNprVTnKBHpKJKo6lOnKlPqKBQqZ5Pk55PeIE+iXpBj4dHqaZZra
164=hYpY1PoZxUlJpQoKRauLJivrhkjJhDYnAxdHY9rqtfqaNVqJ5Woo1UlZRPpqpcx71qzcJu
165=lKBObH40h41Flp9PlJxOjJhMkJhQi5hOeohAjJZMjZZPm6FXjZZLjJVJjJRMm59UlJhPgI
166=xIj5hPnZdSj5NKlZ5PlqJXkqRXlqdXmaZZmJ9Vlp5Ulp1TmJ5UnZ5WmZVOmJVPl5xXl6BV
167=mJ9UmJxRo5lSoJVPmqFXkZhPkZlQlp5Slp5Pm6JQnqRRn6ZQoatTnalMqbNQqrZTqrVQqb
168=NQp7VRqbhOqbhLrbpNrLpPqrhPpLNMmadBkKE6o7NJorFLprVNp7lMprlKp7pNqrdJsK9J
169=r7pOqblOl6ZAsrxQu8hXm6tFsK5KrrtNo7RGsLdLrbNOpbRPp7ROo7NMpbFNoK5NqaZLrK
170=lOmqdMnqhNtLVatrddubthpKZVqaNYq6xbqqVbpKVYrq9bsrFeq6pbsrFevLtssLRisLNd
171=saterJxcwLZew71gvbxlwrxpj5FFTmAjaXQ4oqdXrKRVmp1LmqZRh5RIT1woVmIsgo1HqK
172=5en6RTi5FHjZZNmaFUipJIjppOipNIlZJPp6BZjpdLkZhNn5lWmpxVmJ5Tk5pSlZtPnqJV
173=nKFVmJ1Ul5ZSnZlQmZ5Ul59Wl55UmZ5TmJ5RlJpRj5RJm6BTmaBRmKJRnZ9PpZhKoaJNra
174=NNqK1Op7ZRqbNMp6pIo6FFu69Isb5Nr71Kr7hKscBNtsBMsr9MqLpHiZwwhpgujJ8ypbhA
175=tcRMtsBLtbhItbhHssVJrcJKrcFHr8FJprlGobZCrL1Mr8FOsatDprdKqb1Mqr1MpbdJp7
176=dJrbxLrrRIrahKqrRNqrhPrq1PpKFKrLZXt7pap6lSp6tVfYk/fIlCP1YhdHs/paJXr7Jg
177=oZFSqpNPu6JbvbhnurVgwLpkq6xXgItEqalavr5ntbhhvr9nmZ1OjZRJp6tYkKBJoqdQo6
178=RTipZDnqZMmqJLs7xZnKhGm6tKo7FPkZ5GkJtNg45FiJNKoptPopdNiZpOoKlXaoIvTWUh
179=dng8n5JPn5pUkZpTl55Tmp9Vlp1Vlp1UlJxSlp1RlJtSk5pSmJ9Vm6BWl55UmJ5VeII0k5
180=pOmaNTnKVQnadQpKpRo7BOpLJMqbZNqLdMqbdKrbhMqrdJtL5LscRMsr9KqbNBpbg/sLhH
181=rq5Gt7pItcJKrcFDpbs8t85Jt8dFucFEvr1CvLY/uM1Hus5HtsxGtMxFtcxMsMhJs8hDss
182=ZMuspEx9U1wM49v80zqLkzpbpHrcBOsLlLqbxJs8BPqLlMrrBMs6pMt71Wu8BYur9YnaFN
183=X2kxYmoyY202i4xIrrBdv75msK1dsalcu7ViwLhpvbpkvLtjj5BMUlcsbW05oaJVwL9np6
184=xZg45DoKdUmqFOiZdDmalOiZ1CmKdLj6FFm59Ex7lap7lNkaVCkqVElqlGkp9GlqNNn6xM
185=o7BSmKJHVHAgQV0ZXGstRlwcPVIWgolEjZNOi5JJhI1DkZtUlZ5Vl59UgopAdn4zdH0zfI
186=Y5ipFFiZFGi5FGkZpOd38wfYUzhpE/m6ZSn6tRoa5PqbNQqbZMrbpPqbhLqbtNr8FNtsdJ
187=t8hLssRKrb88m7M2ssE6ztQpwcYuzswux80xu9NFvtVJwNVJv9ZGudNFudNDutBEt9JEud
188=NDvdFEvMlCxdM+0t8s4Ocd3uUe6OwW9/gK8O8M8O4N6ukV1d4pv88/sMZMp7xJobNBqLlG
189=qLpOtsFUzs9fw8detr9XxsNkubpctbZYwL1klJxGPFYWgIM/urVkubxmsbVhwrttv7pqub
190=livLprqatcrq9durtmrbJgnadVp65VtrZdlKBImqhMlaVGm6pEoK9KmKlGoa9Ji5U8ip8/
191=jqM7hJw+jZ8/src12tgrx9A0maxIpbNLY3snOUsVYGoxW28nRlUgZm8xhI0/mKFQl5lNmZ
192=ZNmpdQnJ9Wmp9UjZRLjZZLlptRk5hQlJpMlZxQkptPcnwudH8sgIo1n6pQpa9SpbFOpbJO
193=prVJna0/oLFGscFPsMNHtchJv8pA0NEp5eUY4eUX3uQNtbMX29sP7fAI6u8Q3egfx90/u8
194=1EyctCwsdCxchCzNFDw9tHvNhDxNFExcE/3d8h7vEP8PEK9PQI7e0KurMc5+UN8vIK8/EK
195=7e8M5eYavMQ/tMZNqrhCkaQ4srFIsppHqaVIwcdbwcJbv8Faw8BfwL1fyMFijpZFTVMlYV
196=8woJhQt7Ngtrllt7Vixrxqvrhit7djp55Vpp9WvL1mnKRUg5E9t7td09Fsu8FYpLFNoK5I
197=q7pPn6tGp7dKprZIpblFmqpAlKc0vsYy4uIk7usS7+sN5OUYx80otMVBs8VUqbtSl6hHka
198=RIoK1LlZ9Cm6NGwL9cmKVNkZVIm49Mo5dTm55TnaNYnqJVpJtVmZBMk5pNm6FWmZ5Tgo1C
199=ipVEmqNMn6pQo65RpLBNpLRLp7ZTr7pisb1issBitMNht8lSxdY32eAV6uoI7+8I7fAInJ
200=wzvL0f9PQI8/QI7vEQ2ukmxd8/vMhAuL06m7AtvMA5xNlDyOBFwd1EwNpC2+ci7vAO7/AM
201=8PIN6u4TmJc6ys0Y8vMN7/EN7+wM398TyNVD0NpWnK45WXsba3wql5I/vbtPzstXysdbvM
202=FZu75ds7VcrLFctLZhsaFbp5VQqphPqqVWuLliycFtv71opqxZsrNhubRkpaNVtrhmsLNh
203=m5pPrJpPsK5Txs9irblTlahGmKxHdZouW34heIoyrb9KpbVIvsw58+8a9vAP8fEK7/AK8P
204=EM8+8K5+oT1uAm1+Ax0tYprb85lqtBna9OvMJXu7hSqKlLk6NIjJxCmJVHm5tQj5lKho5B
205=i5JHl55Smp9UlZxVlJ1Rn6RXnqVWnadToKtOoq1Op7NeqbVesbxqorFKfo03iJc3uMpWvc
206=plt8lkz9Y54+YP6u0G8O8K8PQS7/MK+PcP5eUcwMQuzMk1ytJB2ONO299Ko642p6g7x89I
207=sM0/vNdD1+gy5ewY7u8N7/AK7/AK7/AN8fMU7u8P7/AM7u8K5eoV1t4yytlMu8NLorNAfI
208=0zgo03u79PwshVpLJRs7pYp6tTpalVtLhfoaRWr7Bdv7dprqlesLFevb1pmaFOZHAumJpT
209=n6hZrbFfvr9qo6lVsalaur1nt7pfpqhRkZ9Jx8pjprNSk5xDq7hPgps3eYgvfIsylKw6pL
210=xFo7o+y9Uq6ukS7+8N8/IO9vUN+fcO9PMN8vEI8vMI8/EM7ukT09kit8c6o7ZDpKhFt6lK
211=rKZNqaNIlaJGiplEh5NDgIs+iotBmZtUmKBTl51Tlp1VmaBTmaFSnKVTqq9iqLBknKNXtb
212=uHtLefiZJIipowlaJJnKw+ma0xnrJAs8Vgx89b6+Y+9/Ia+PQO49onmqQmjZgzo6hKsaZf
213=UGgkoJxL+N9x/vlxjZc0jJ8wY4wcdIkpr71A4ewk7u8N8fIK8/QK8fEK8/MI8fAK7/EK7e
214=oQ29giy9dRx9NWuclNytFYvMVRyNBZxcxZq6xQoJxLo5pOlo1GREQgb3M9nJFNnZZQr7Rh
215=vrtrwbpsw75smqJNQE8YWl0xhY1KsLNgwr1ru7lonaBVs7hjj5xDQV8YgX06rK9SuMZXsb
216=RNm6dGm6ZCustRr79FscRFnrZAo7g51OAr7PAU8vEO+/oOx8Ehsagn+PgQ9fMP8fEN7/AK
217=8fAM8fAO8u4musY4kKZAoLJHoqVGratMkp1Dh5Y8jJlHhpNJkphOjpRMk55SlJxRmZ5VoK
218=VYoadUn6ZVqK52o7BjgH46cFZQYVBFbGsvqbhJmqhKnqpFqbdCo7Q/q8FFyMpa9Nx88+Fx
219=/vJZ1ctRLVAOV14pzK1v1bJ6pJ1ijI9egIphmKVgt71Vw8JUwbpMbn0rhZI2v84+0dgs0M
220=wv29Qn4+AW3+EY4+gY1+EjwM41v7tKxctUx9FVv8lSvchWvsVZp7ZRwslfxcljuLRenZBM
221=oZ9TkZJQlJJVmJ1TfIRCpqhaurhotrRhvLdltbRirq9fjJROg4lDq6tYyMBttbdlm6RWra
222=hbfI08VWInaW0ziZZDv8ZZrcBUm6ZFtK9Pp7xNk6g/scVJorVEvtA46+sW9fIQ9/UQ+vgQ
223=5eAvyME48fAT9PMP8fIN8fEM8PAN7O0Q1+Aon7I/lqtHlqlFlKhEm6xHlZ4/oaxMk5xHj5
224=lLgY9ChIo/mpNRmZ5Wlp1UY3UxYnIwkpxQm59Pn6Zfpq9rkpBViIo/hJMtiZg0U2wfZHks
225=1cJg8Ndq5tFj9dls7Nt359h8zsd4q6xnlZpb4Mtv07x3g4tkX2xbSVRSPEVPQktQa3NZlJ
226=9lxMhhN1gKQlIWn5dGvc1Yrb5QpbFGsLtBrrlHtMVHrbhKrrRPt8hRws1UtsVTys5erLhP
227=x81jl6ZKYHUqoqNTxcRooatSpKhYycFvvbpnsLBfsK1co6ZZrq1du7Fdt7Rfqa5Zr7JenK
228=NXjZVKn55XtLRko6hUr7FblZpIbXwvpqpXm6hTTm4gJEUIfIc8tb5SwctXnK5Emq9FmrBD
229=nrE90Nov6OoU7e0M8/IO9PIP+PYP/fsP9vQP8/IO8fIN8fEM8fAI8fAI8fEP8+4hytIwpr
230=Y8n7BFmqVDoaxKo7BPpK9UlJ1Ig49Cj4xHj35Dl5VMmqFXNVEXJTUQZ10wq5BLq5JHnKNQ
231=oK9fpLBlo61ilKFKS1wcTE4hloFE379qu7dwg4xjXWhbcoJhUWFYOkNTS1RYaHZdVWNYQE
232=pUQUZVRElWR01WRkxWPUNUSllYfI9Vi4pBqZVN07xcZn8mg5E5wsBXwMNbscBUssJRqrBK
233=o5dHtbtRubpTr6pPnqFFM00PZXIvanwxJD8KRUwjnJdTpalakZpUrq9dtLJcpaVVsrVhiY
234=RGmpJNqp9Vp6ZXpKlao59Vkp5Sqa5doqRZqa5eqKtbp6ZXjplIbHY0dX1AhJJGgIg5YmMq
235=fHc6oa9Kxc9YssBPsrdJqrdMprg/0tYq6uoU7e8N8O8M7+4M8fAN8fEN8fIM8fIK8fEN7u
236=oR4+ch3uYo1Nsfwc423d5NrbY5ips+qblPr7pYpK9ToalXl55TVGIjS14iRV8dNEMRd31B
237=m4hImIJFmY1Go6pdrp1Uo5xNmqFSj5pHsq1j2cCDx7F3xKhoraRsd4FiSVVZOUFWPUJXPE
238=JWQEVXRElYQkdYPEBWPkJXQ0dZQ0dZQ0hZQ0hZRElYRElYQERXQEdbbGxjq6Zw3M2EWmct
239=YVcsvaFam6RHQ2AWZ3guna1LrLdQxshgwLhdpJhIVGIhWGYtbHM5T1srYWY3lZNPsK5em6
240=NVm6NVr7FhpKhYgYpElJROSUsePUkfNkYYXmwwXGYvgYhEiYxHrqpgm6ZXqq5dvbtrn6VW
241=rK1cy8JwqLBcrLVbr7JWycVfrrBTj6BFvsdYx9BgpbFKjaA7pbM609gp7ewU8fAM8vEK8v
242=EK8fIK7/AK8/EM7OoS5OIY0Ngsp7pIydlcn7VFnKdBxctdpLdPqLNRpq5Jv75hnqNXtbVk
243=j5hQdnk+e4REaXc2Y2s1cXg6p6FVnaFWZm1BSlA7YGE/mJJSnZ1Wo6Rd0LJs37t4hXlIU1
244=s1S1haMzhYPUBcQkZaQkZaQ0dbQkZaQkVaQkZbQkZaQUVaQkZbQkZcQERcQENcQURdQENc
245=QENdPkJYRE5dlpRu17t83rVy2LZtxr5khJY+PVEZP0kedn81p6ZOp6VQwcJjq7BbQVcnam
246=46p6lekJZRjYxKmp1VpalceIRCpadWw75rsbVkoKBSpKBVg39EQ1UdM0UQVVorWlsxioJF
247=pZ1Th4xHgYtFrK1exr9to6hbp6tbu7pkpKdZq6dYmaZSmaRPmqhPj55GvsNYztBlsL1Lu7
248=8sy9Ax1No37Ogk8Owc5+cY6egW5uca4uAWxswjrb03zthOq7o9jaA8r7lLsbRLpqlHjptD
249=m6ZFy81hoKtMoa1TjJhDfIA5op1WnZlQbnk7YG00iZJMiZBGlp9PeoBQOTlGPDA4VDIyal
250=47n5ZPnaFVqqZe2rZ3kYBKO0cfNUUzSE1UQENZPT9eP0JcP0JcQENcQENdQURdQEJdQENd
251=QENdP0FdP0JeP0FePkBeOjtgN0BQKEMPQ1Yxw62IyaNzzadnjYtBgpFDn6dUo6hVnKRQYn
252=QkcHo1m6BTra1bqatbsa9hqKZapZ9Yp6hdtbhgwLtpqKtdm6JXqJ5XpZpTta5fnqZYqalc
253=rLFeiZdDdH49mJZStrVkoKNSeoc6i49Bn5RRrppUr6dZlKBTqK1btbZhxLxrmpxUano6SV
254=cqXmkxgI5BvMJd0c1nyc5fprFGjZtEucZax9BWtMJKw85Vr75Es8BKr7xEiZw/nK9Hs8NT
255=qblMusNUpahHjZlDh5Q9jJ1ASmcZMksQZnQym6BLg489ZW8wgoZFg4xEeHw+WVsyXWQxi5
256=NMdX0xc3s2am5Sal1CfXY7kZdQo5FPnpRNl59Xr6Zh6L1+Z2stREghTVErPUY3OkFaNzxe
257=OD5eODxdOzxdOTtdNTpcNztcOjxdOTtdNDlaNTlbNDpbS1Jmd3pienZIgnBHzKZx27x6jp
258=VLJz4NO0gehItIoadYkpVIW2Qna2w3pKRWtbNfrq5bubdlnZ1UnIxMpZJOp59Us7Nkn6ZY
259=r65dr69goaFXpZ5VpqlanZlTgIxIsLFipKxcqK1cuLljoKZVoqdWpqRWqKRamphRgIRCgY
260=lEqKdctrRotrZonaVWoadYh49LbnU5gotDsLRay8hlyMlnmaVOipdBvsVZxMtip7ZSwMpd
261=hJk5Wm0jd4Q6kqNDztJhmqhLlp9ByMldmapIfY45gJA2mKVDd4U1UFkiaWYvpJhPsp1Qqq
262=lZhI5CipNHwblqjZNMfIQ/gopIhY1FhpBEkptNlqFTmqVUmqJap4pMppNNlaBVoKBYwaxq
263=yatuvZxouZ5lwKNvrKB7eH5xf4NubHFpQ0peUFdhfn5sbHJpRk1fUVhihIR3dntzhIJyx7
264=KG5b6H4rx+v7Boo6NZn6BblJxTkZVNjZFPk5tSk5xUlZlSoaNZurhnqKtbsa9iqqtfqqxh
265=tbRkoJxRlI1If4c+pKZUqq1doqdZoKZXpqtboKhapKlanaVZipRNoptUn5dSoJ1UqKxZn6
266=VZp6leoadYpKtbn6ZVkZdMn5xSn5dRn59SsbJlnqRWrK9en6ZYlJxOo59QpJtPrqdWtLpf
267=n6tRnaFKratStb5aqLNTs71Xn6tHn6hMl6VLoqtPsrVUqrZUqbFPqK9Ri5lCjJs+n6lNsq
268=FPtZ9QpaBQo6ZUs61grZ1VlpNOgotCk5pMlp1UfolGdoFBg4pHEQAA

[Map]
Theater=TEMPERATE
Size=0,0,60,52
LocalSize=2,4,56,42

[Waypoints]
0=77036
1=36077
26=66020
27=64036
28=55043
29=50101
30=48080
31=67080
32=25059
33=86053
699=57056

[IsoMapPack5]
1=Lw8AIAQ8AAEACQEAVAAFADsAAgAJAQBWAAA8UABoAQEDAAA9SQEAogA6AFwBqQE7SQEGTA
2=VVATzIAVUBPUgBRAJpAD4oKwA5AARkAm0AOigpADtIAWYIAgBWDQQAaAFVCz1UAmAFTQA+
3=KCkAPygrADgABUwDiQA5KCkAOigpADtIAXAJTQ48yAFFBj1IAZMGAAA+KCkAPygpAEAoKw
4=A3AAbKBQA4KCkAOSgpADooKQA7SAF0DUUGPMkBB2wmXAGtCD5UAqYBAD8oKQBAKCkAQSgq
5=ADYATAexBTcoKQA4KCkAOSgpADooKQA7SQEFVC9FBzzIAVUBPUgBRAJpAD4oKQA/KCkAQC
6=gpAEEoKQBCKCsANQAIdAdtADYoKQA3KCkAOCgpADkoKQA6KCkAO0gBZBOOPAgAaAGMPCdd
7=AT5ABHwLTQA/KCkAQCgpAEEoKQBCKCkAQ0kB00wGXwo0AAlAAYkANSgpADYoKQA3KCkAOC
8=gpADkoKQA6KCkAO0gBcBSNRwmcFYxHJ4kBPkAEjQ0AVDknVQBAKFUAQSgpAEJIAXAURQhD
9=yAFVQkTIAUc9MwAKzgkANCgpADUoKQA2KCkANygpADgoKQA5KCkAOigpADtIAXQYVQ08yA
10=FVDT1IAdkNPigpAD8oKQBAKCkAQUgBaBddNELIAVEdQ8gBVRZESAHRCUUoKwAyAAvSAgAz
11=KCkANCgpADVJAfdMU1UENkkB8akBN0gBRAJpADgoKQA5KCkAOigpADtJAbFkBXaGCwBoAV
12=EIPVUC57UCPsgBVQI/yAFVREBJAbmhBEHIAUEEQkgBeBwBDQAAQ0gBvgMARCgpAEUoKQBG
13=KCsAMQAMygUAMigpADMoKQA0KCkANUkB9kgNQQY2SQHwqQE3SAFEAmkAOEgBySI5SAHJIj
14=pIAXQDTQA7SAF4HFUYPMgBjmgMAGQeSQE+VAJoAVFWP8gBSU5ASAFkHlkGQcgBTQVCSAFM
15=CmkAQygpAEQoKQBFKCkARigpAEcoKgAwAFQlfwcAADEoKQAyKCkAMygpADRIAc0bNUkB7b
16=EfNigpADdJAe+1AjhIAcEEOSgpADpIAcEEOygpADwoKQA9SAHNJj5IAaATTHMnkQJAKFUA
17=QSgpAEIoKQBDKCkARCgpAEUoKQBGKCkARygpAEgoKwAvAA7eDgAwKCkAMSgpADJIAd0gM0
18=gBwRo0SAHFHjVJAV6tCDbIAVUiN0kBXLUCOEkBW6kBOcgBQQQ6SQFdtQI7yAFVAjxIAd0K
19=PSgpAD5IAcEPP0kB9UAFRQdASAFYAGkAQSgpAEIoKQBDKCkARCgpAEUoKQBGKCkARygpAE
20=goKQBJKCsALgAPZA1tAC8oKQAwKCkAMSgpADJIAcFnM0kBenEGAF6kDwBoAVUXNVQCbCZB
21=XDbIAUFcN0gBbCZBBDhIAWwmQQQ5yAFBBDpIAWwmVQI7yAFVAjxJAX+pDD3IAUUIPkgBxX
22=Y/SAG+AwBAKCkAQSgpAEIoKQBDKCkARCgpAEVJAaxQClUIRkkBpqkBR0gBRAJpAEgoKQBJ
23=KCkASigrAC0AEHwEbQAuKCkALygpADBIAd1MMUgB2T0ySAHdQTNIAXgnUR80yAFRHzVIAW
24=QpQYg2yAFBiDdJAUKxFDhJATupATnIAVUBOkgBZClZBjvIAVkGPEgBZClJDD3IAUkMPkgB
25=JyQFJxUDQFQCdBlNAEEoKQBCKCkAQygpAEQoKQBFSQGrQBBZBkZJAampAUdIAUQCaQBIKC
26=kASSgpAEooKQBLKCsALAARaAZtAC0oKQAuSAHFKS9IAcUpMEgBxSkxSQF5cQYATsARAGgB
27=WRAzVQJgtQI0yAFVAjVJATpcAEEDNsgBVQE3SQFDXABVAjhIAXwrTSY5yAFNJjpIAdkGO8
28=gBWQU8SQFyTAZJAD3IAVUCPkgBxRM/SAEndA8nbQNBVAJIBmkAQigpAEMoKQBEKCkARUkB
29=sVAKUQVGSAFYAGkARygpAEgoKQBJSQGNewMAAEpJAYepAUtIAaYBAEwoKwArABLSAgAsKC
30=kALSgpAC5JAfqhDy9IAcEaMCgpADFIAWgtQSUyyAFBJTNIAXQuVQI0yAFVAjVIAXgnVQI2
31=yAFVAjdIASdXCxIAPbUNOVQCaAFVATpIAdkGO8gBWQY8SAF0LlEJPcgBVQI+SAEnVAsnbQ
32=NAVALdHEEoKQBCKCkAQygpAEQoKQBFKCkARigpAEcoKQBIKCkASUkBjK0MSkkBg6kBS0gB
33=wTBMSAGyAgBNKCsAKgAT0gIAKygpACwoKQAtKCkALigpAC9IAcmxMEkBZa0IMcgBTSYyyA
34=FVIzNIAWhZTQQ0yAFBBDVJATxcAFUCNsgBVQE3SAEnBQwTjDFFCDlUAmwxXSs6SAHZBjvI
35=AVkGPEkBcUQJSQA9yAFVAj5IAcFGP0gBJU0gQEgBXARpAEEoKQBCKCkAQygpAERIAclZRU
36=gBxSlGSAF4B00ARygpAEgoKQBJSQGQVANJAEpJAYhcAEkAS0kBilwASQBMSAFYAGkATSgp
37=AE4oKwApABRwA20AKigpACsoKQAsKCkALSgpAC4oKQAvSAEnhgYUAGQ0WScxVAJoAUG0Ms
38=gBQbQzSAFkNEktNMgBTQU1SAFoLVUCNsgBVQI3SQE+UCtJEzjIAVUBOUgBzWg6SAHZBjvI
39=AVkGPEgBZDRRCT3IAVUCPkgBJ4YGFADBZ0BUAlgLaQBBKCkAQigpAEMoKQBESAHZXkVJAY
40=ZzBgAARkgBpgEARygpAEgoKQBJKCkASigpAEsoKQBMKCkATSgpAE4oKQBPKCsAKAAV0g0A
41=KSgpACooKQArKCkALCgpAC0oKQAuSAEnbhkVAMkiMFUCYqULMcgBSS0ySAF0kUEDM8gBVQ
42=I0SAHBZzVIAcEENsgBQQQ3SAF8NkEwOMgBQTA5SAHNBTrIAU0FO0kBdlwLSQA8yAFVAj3I
43=AUUIPkgB0RQ/SQH0VANNBUBIAVgAaQBBKCkAQigpAENJAZF7AwAAREgB3WJFSAHdYkZIAb
44=wDXDYnUQVIVQKsqQxJSQGqqQFKSAHNBUsoKQBMKCkATUgB2QZOSQGmuQZPSAHZBlAoKwAn
45=ABbSAgAoKCkAKSgpACooKQArKCkALCgpAC0oKQAuSAHJby9IAcElMEgBdDlZJzHIAUEwMk
46=gBYDBVAjPIAVUCNEkBQr0VNUgBwQQ2yAFBBDdIAWSiURY4yAFZBTlIAc0FOsgBTQU7SAF0
47=OUkBPMgBWX89yAFZfz5IAclvP0gBTAppAEBIAdknQUgB1S5CSAF0A00AQygpAEQoKQBFKC
48=kARigpAEcoKQBISQGxUBVFCElIAVgAaQBKKCkASygpAEwoKQBNSQGvuQZOSAElhSdPSAF4
49=B00AUCgpAFEoKwAmABdMA4kAJygpACgoKQApKCkAKigpACsoKQAsKCkALSgpAC5IASddIh
50=coxw4XAGOSDQAxQARoAUkWMkgBeKtBAzPIAVUCNEgBfKRVAjXIAVUCNkkBQ1wAVQI3SAFs
51=PElDOMgBSTg5SQFvVANJADrIAVkFO0kBfUgCSQA8yAFVAj1IAdVPPkgB2XQ/SAHBO0BJAa
52=VABVkGQUgBWABpAEIoKQBDKCkAREkBrq0FRUgBYAVNAEYoKQBHKCkASCgpAEkoKQBKKCkA
53=SygpAEwoKQBNKCkATkkBj1wLSQBPSAFYAGkAUCgpAFEoKQBSKCsAJQAYfARtACYoKQAnKC
54=kAKCgpACkoKQAqKCkAKygpACwoKQAtKCkALigpAC9IAcF9MEkBY1gOUTUxyAFRNTJIAWQ/
55=VQIzyAFVAjRIAWQ/VQI1yAFVAjZIAc1+N0gBYARdCTjIAUEvOUgBZD9ZBjrIAVkGO0gBZD
56=9VAjzIAVUCPUgByXo+SAFACWkAP0gBJZU0QEkBolAKWQJBSQGoqQFCSAHBfUNIAVADaQBE
57=SAHFdkVIAWgCTQBGKCkARygpAEgoKQBJKCkASigpAEsoKQBMKCkATUkBkVAKSQBOSQGIXA
58=BJAE9JAYtcAEkAUEgBWABpAFEoKQBSKCkAUygrACQAGXwEbQAlKCkAJigpACcoKQAoKCkA
59=KSgpACooKQArKCkALCgpAC0oKQAuSAEn7R4ZKCcQGQBmZBAiTEyoAUksMkwFdAJRNTNIAW
60=y1TQQ0yAFBBDVIAWBGVQI2yAFVAjdIAXxBWQY4yAFNPDlJAXNABUkAOsgBTQU7SAHNfjwo
61=KQA9KCkAPkgBJTE4P0kBq0wGRQhASAEnJhAZACXRK0JVAoVUA0kAQ0gBJf0rREgBRAJpAE
62=UoKQBGKCkARygpAEhIAdEJSUgB0QlKKCkAS0kBi2sJAABMSAGmAQBNKCkATigpAE8oKQBQ
63=KCkAUSgpAFIoKQBTKCkAVCgrACMAGsYMACQoKQAlKCkAJigpACcoKQAoKCkAKSgpACooKQ
64=ArKCkALCgpAC1IAcmmLkgBJ70YGiiVCBqURFU5MUAEaENJ8zLIAUnzM0kBOkQ0RT80yAFN
65=BTVIAXREVQI2yAFVAjdIAWwFQRw4yAFFBzlJAXNIAk0FOsgBTQU7SAEnlAgnOQI9VALRxD
66=5IAVQGaQA/SQGvRAlNAUBIAcXvQUkBjEgCSQBCSAElvTlDSAHRd0RIAcE7RUgBXARpAEYo
67=KQBHKCkASEgBJcE0SUgBxQhKSQGKcwYAAEtIAcUpTEgBsAJVRBrGAQBOKFUATygpAFAoKQ
68=BRKCkAUigpAFMoKQBUKCkAVSgrACIAG+kMIygpACQoKQAlKCkAJigpACcoKQAoKCkAKSgp
69=ACooKQArKCkALCgpAC1IAdUuLkkBqqEwL0gB2UgwSAHJODFJAXu5FDLIAVkFM0kBabUCNM
70=gBVQI1SQFutQI2yAFVAjdJATpcAFVEOMgBVUQ5SQF0rQU6yAFNBDtIAcEPPEgB2cw9SAGq
71=BQA+KCkAPygpAEBIAcWBQUgBwUZCSQGGvQZDSQGyXAtVAURIAVgAaQBFKCkARkgBwQRHSA
72=F0A00ASCgpAElJAaylCEpJAaipAUtIAdFWTEgBSAZpAE0oKQBOKCkATygpAFAoKQBRKCkA
73=UigpAFMoKQBUKCkAVSgpAFYoKwAhABxwDm0AIigpACMoKQAkKCkAJUkBIWcFAAAmSQEBTD
74=JVAScoKQAoKCkAKUkBIlQDSQAqSAHVIytIAUQCaQAsKCkALSgpAC4oKQAvKCgABTAAHAD2
75=AQAAEQAAOw8AIAUAAAAxABwAe1wABAIAADIAHABoAQEDAAAzSQFptQI0yAFVAjVJAW61Aj
76=bIAVUCN0kBa1QCSQA4yAEBAQAAOUkBfUgCSQA6yAFVAjtJAe1cAFUCPEkB8KkBPUgBRAJp
77=AD4oKQA/KCkAQEkBkHsDAABBSQGDqQFCSQGIqQFDSQGLqQFESAGmAQBFKCkARigpAEcoKQ
78=BIKCkASUkBsbkRSkgBxQhLKCkATCgpAE0oKQBOKCkATygpAFBJAayxCVFJAaSpAVJJAaqp
79=AVNIAckMVCgpAFUoKQBWKCkAVygrACAAHdYGACEoKQAiKCkAIygpACRJASG1BSVJASWpAS
80=ZIAZcCAQAnSQECWD4BAAEAKEkBImMEAQApSQEmawEAACpIAZcCAAArSQGuqRcsSAG+AwAt
81=KCkALigpAC8oKQAwSQH6uQYxSQHyqQEySAHRQDNIAdUCNEgB1QI1SAF8TAEEAAA2yAEBBQ
82=AAN0gBfExJFjjIAVVPOUgBfExVAjrIAVUCO0gB0Qk8SQH0oQ89SAHJFz4oKQA/KCkAQEkB
83=sq0FQUkBkrEFQkgBpgEAQygpAEQoKQBFKCkARigpAEcoKQBISQGRqQhJSQGHqQFKSAGmAQ
84=BLSQGPrQFMSAGmAQBNKCkATigpAE8oKQBQSQGrvRVRSQGpqQFSSAHFCFMoKQBUKCkAVSgp
85=AFYoKQBXKCkAWCgrAB8AHkQAmQkgQQEBXCxRASEoKQAiKCkAIygpACRIAclOJUgByU4mSA
86=GUAnVPHlwISQACVk8eAIhOdk8eAIlOAVdPHgAEtQ0rWQaxrRssSAFQBmkALSgpAC4oKQAv
87=KCkAMCgpADEoKQAySQH8sQkzSAFkCU0ANEgBxVU1SAHNUjZIAdlINygpADgoKQA5SAHNBT
88=ooKQA7SAHJTjxIAVgLaQA9KCkAPigpAD8oKQBAKCkAQSgpAEIoKQBDKCkAREkBjXUKAFec
89=HgCFqQFGVQKLqQFHSAGmAQBIKCkASUkBjLkCSkgB2QZLSAHNqkxIAdlTTUgBqgUATigpAE
90=8oKQBQSAHZMlFIAc0FUigpAFMoKQBUKCkAVSgpAFYoKQBXKCkAWCgpAFkoKAACHgAfAAN9
91=QQFCAR8AxZcgUAHJASFIAY1KAUhIeFZDEgEAI1QCxUokSAFNAgBBniVJAf5xQAFFTx9QqV
92=0CAkSiyAxtUh9UCJUCKU0FH0QBWQYqSAGEVWaiHwDRYSxUAskBLUgBlw0AAC5IAXQGTQAv
93=SQGRXABJADBIAcU0MUgBRAJpADIoKQAzKCkANCgpADUoKQA2SAHFVTdIAdVPOEgByU45SA
94=FwCk0AOigpADsoKQA8KCkAPSgpAD4oKQA/KCkAQCgpAEEoKQBCKCkAQygpAERIAdFLRUkB
95=hkAQSQBGSAFYAGkARygpAEgoKQBJSAHZBkpIAcFRSygpAExJAYp9BwBEooQxcQFOVAJ8AE
96=0AT0gB0WFQSAHVWlEoKQBSSAHVWlNIAUgGaQBUSAHRrlVIAWgCTQBWKCkAVygpAFgoKQBZ
97=KCkAWigoAAMdACAA//9dBwJIVicpAB9UAk8CAAACQQEghAFJASFQAYWiAk1MIEwAQQMCRV
98=UgUFFLAQEAJEAEh0oBACVIAcmmJkkB/3BWZFXRCQNXpyAABX1iAkz3JwUBKkwF0WErKCkA
99=LEgBmVMBTfcg+asuVALR+y9IAUQQaQAwKCkAMSgpADIoKQAzKCkANCgpADUoKQA2KCkANy
100=gpADgoKQA5KCkAOkkBk3sOAAA7SAGmAQA8KCkAPSgpAD5IAd0VP0gBzQVASAHFCEFIAdUC
101=QigpAEMoKQBESAHJTkVIAdFLRkgB2QZHKCkASCgpAElIAdkGSkgBJ6YKIADNXUxUAsUITU
102=gB0RROSAHVAk9IAcUIUEgBxQhRKCkAUigpAFNIAclZVEgByQxVSAHRCVYoKQBXSQGsa0MA
103=AFhJAaqpAVlIAc0FWigpAFsoKQAcRJ/RVh0oKQAeKCgAyKO9VyFcAlkJAlkAIVxSiQEiUA
104=GEonxXIlQglQIkVAKVTwJcBCdVACZUAohZfFeeXwAAfVchuF58VyetACpMBcUIK0gBk1YC
105=ACxIAYCAfVchKP8KIQCxpR4vQAREEGkAMCgpADEoKQAyKCkAM0gBzSY0SQGmpQg1SAF4B0
106=0ANigpADcoKQA4KCkAOSgpADooKQA7KCkAPEkBsL0KPUgBJR0wPkkBorUCP0gB0TVASAFQ
107=DmkAQSgpAEIoKQBDKCkAREgBJXEqRUgBbAZNAEYoKQBHKCkASCgpAElJAZBABUkASkgBJe
108=00S0gBwVFMSAHV001IAdEqTkgBSAZpAE9IAcUIUEgBxQhRSAHFCFJIAdUCUygpAFRJAYp/
109=BwAAVUgBpgEAVigpAFdIAdUNWEgBwQRZKCkAWigpAFsoKQBcKCkAG1moBrmgHEgBJ1ULIi
110=hUFpBIaFlo+5xPdbIiSFRcDXRacFlJAQNcByJUK4kBI1ABgVEDVLInVQAlKFUAJigpACdI
111=AZi2dFonrQApVAIjiyIDACpIAZcQAwArSAGIWXVaIrzIdVoisGEi/SAiSARPEAAAL0ABzY
112=kwSAGMAiLkPogJdQEyVQKwpUozSAHRSzRIASVJMDVIAWAFTQA2KCkAN0gBxWA4SQGqpQg5
113=SAFcBGkAOigpADsoKQA8KCkAPUkBr7kGPkgB1Q0/SAF4B00AQCgpAEEoKQBCKCkAQygpAE
114=QoKQBFKCkARigpAEcoKQBIKCkASUkBsq0QSkgBUA5pAEtJAZJjAQAATEgBpgEATSgpAE4o
115=KQBPKCkAUCgpAFFJAY69BlJIAaYBAFMoKQBUKCkAVSgpAFYoKQBXKCkAWCgpAFkoKQBaKC
116=kAWygpAFwoKQBdKCsAGgAjq1kDABtIASesC9cCAgAdVALZXh5IAcFcH0gB0a4gSAGVAgNZ
117=ZiO4Xm1dI1gBVRsEWAMiBDeJASRQAZleBFwEJ1UAJihVACdIAZdaBAAoSAGLUQQAKUkBsm
118=0xBE1dIyRcImxdIhQuXAptXSOgXGxdbGtXAgEALlgGJa03L0kBrWcIAAAwSAFYA2kAMSgp
119=ADIoKQAzSAHVhjRIAWAFTQA1SAGMECL1QCNAAokAN1QCzQU4SAGMAiKUSieBADooVQA7KC
120=kAPCgpAD0oKQA+KCkAPygpAEAoKQBBKCkAQigpAEMoKQBESQGuuRxFSAHZEUZJAY2tAUdI
121=AdX/SCgpAElIASUhK0pIAaoFAEsoKQBMKCkATSgpAE4oKQBPKCkAUEkBkakIUUkBiqkBUk
122=gBpAFMXSd1BFQoVQBVSAHJF1ZIAc0FVygpAFgoKQBZKCkAWigpAFsoKQBcKCkAXSgpAF4o
123=KQAZWK6XWgMAGigpABtIAScFDCS8YmRgJykAHkAEI4E3AkirIjgiWxQDACBUApBhZWAkSA
124=JJAARKbCQAjAVkYM0FBUUFJCSROQVEYCcpACZcAo9dBQAnSAFfBwAABUVgJKxdZWAkRANc
125=AnS9dGiJAStMBYBcZmAkAJtTAgAtVAIj6C5lYCQmOSMvVQKxqUMwSQGPQAhJADFIAcm8Mk
126=gBJbUiM0gBUANpADQoKQA1KCkANigpADcoKQA4KCkAOSgpADooKQA7KCkAPCgpAD0oKQA+
127=KCkAPygpAEAoKQBBSQGRfxIAAEJIASVVIUNIAdUYREkBp7kcRUkBqqkBRkkBkLkGR0gBJS
128=khSEgBJYEhSUgB1QJKSAHdCktIAbQGVL3AOyK0OCcpAE4ogQBPSQGwtQ1QSAHBD1FIAcUI
129=UigpAFMoKQBUSAHZBlVIAcndVkgB2QZXKCkAWCgpAFkoKQBaSAHVe1tIAckXXEgBxQhdKC
130=kAXigpAF8oKQAYSFHRYRkoKQAaKCkAG0gBh0oCABxIAZS9fWIlJKxCIm06JVwCXA1+YiUA
131=Izg5fGKXYgAABEjBJygAImQkJ1wMzAV8YsEEBkAJJykAJlABgA99YiWkYGXDJaR5fGIizE
132=VAD3xiwwQCACtYBoyMfGLUAmTD2AZ9YiW8xSIUJCLUJUQIZ8MlAI6GAQAxRAimAQAySQGx
133=oTszSAHVAjQoKQA1KCkANkgBzTE3SAHFrThJAYe9BjlIAaYBADooKQA7KCkAPEgBn3gAAD
134=1IASXpOT5IAdkGPygpAEBIAc1HQUgByU5CSAGHNAAAQ0gBI+coAABEKCkARSgpAEZIAZ+O
135=AABHSAHJDEhIAd0gSUgB1QJKKCkASygpAEwoKQBNKCkATigpAE8oKQBQKCkAUSgpAFIoKQ
136=BTKCkAVCgpAFUoKQBWKCkAVygpAFhIAdUuWUgB1S5aSQGKrRdbSAGmAQBcKCkAXSgpAF4o
137=KQBfKCkAYCgpABdYRclkGCgpABkoKQAaKCkAG0gBkFZ0ZSJkZEgPdGUioDpKAQMAIlxaIx
138=UkA1TIaFyUAiWQRbRlI/A7aAEi4C4ntAzQCXVlJrBhd8gmAAkihTIFWA4iJCVQCXZlJgCE
139=w3VlJqTDdWUmoMp0ZcAEdGXABHZlJgCA4HZlJgCQS3ZlJgCHwwEAL1AMgAR3ZSYAkFANSQ
140=AxVALdjjJIAUQCaQAzKCkANCgpADUoKQA2SAHFCDdIAd2vOEgB3TY5SAFkCU0AOigpADso
141=KQA8KCkAPSgpAD5JAa6ldj9IAdFhQEgB0WFBKCkAQkgB2Y1DSAGPBQEAREgBIxsqAQBFSA
142=GLZAEARkgBkCp0Zc8mAABIVQKSRBRJAElIAVgAaQBKSQGwrRBLSAGYJyLMMMA7dMgnKQBO
143=QATdV09IAcmFUEgBZAlNAFEoKQBSKCkAUygpAFQoKQBVKCkAVigpAFdIAckMWEgB1d5ZSQ
144=GGXAtJAFpIAVgAaQBbSAHdjlxIAWgCTQBdKCkAXigpAF8oKQBgKCkAYSgpABZcVMFnFygp
145=ABgoKQAZKCkAGigpABtIAZwjbWgnvHBsaCJ0cVARbWgnUMpJAQRNaCdIaokBIFgGjDxlzi
146=e00yIkJsQIIiQmxAhuaCcAlDluaCcAkDVvaCcAqnw2bWgnvBhsaCIQPokMKUgMI4Q9bGjA
147=BGxowARsaNQCbGjUAm1oJyQ0SWxowARsaMAEItw9zBAixHzMECLFfCdUDokANEAPgwEAAD
148=UoKQA2KCkANygpADgoKQA5KCkAOigpADsoKQA8KCkAPSgpAD5IAdXeP0gBi5AAAEBIAclk
149=QUgByWRCSAEJIgAAAAABAEMAJwD/EQAABhAAIAkBAAAAAQBEACcArgFIAQUCAEUAJwAFAk
150=sBAQBGSQEmRAFJAEdJAQF3AgAASEkBIkgCSQBJSAFYAGkASigpAEtJAbFzCQAATEgBdANN
151=AE1JAY1cAEkATkkBg1wASQBPSQGKXABJAFBIAVgAaQBRKCkAUigpAFNJAZN7AwAAVEgBpg
152=EAVSgpAFYoKQBXSQGQpQRYSQGIqQFZSAHVDVpIAbICAFtJAay9FVxJAaqpAV1IAcEEXigp
153=AF8oKQBgKCkAYSgpAGIoKAADFQAoAP//TwgDABYoKQAXKCkAGCgpABkoKQAaKCkAG0kBIU
154=AIAQADABxJAQJjMAMAHUkBJbUCHkkBHWsBBAAfSAGPBQUAIEkBHncCBQAhKCkAIkgBnzYF
155=ACNIAZsGBQAkSAGPPAUAJUgBjzwFACZIAc0FJ0gBiUMFQQEoq0MEAClQAZsGAwAqSAGPBQ
156=MAK0gBlwICACxIAZcCAgAtSAGXAgEALkgBiwwBAC9IAYMEAQAwSAGDBAAAMUgBgwQAADJI
157=AYMEAAAzSQGyuTI0SAFoG00ANSgpADYoKQA3KCkAOCgpADkoKQA6KCkAOygpADwoKQA9SA
158=HVDT5IAZMqAAA/SAGXLgAAQEkB/3sRAQBBSAGXIwIAQkgBlxgBAENIAY8FAQBESAGQYWVr
159=KEArQBdmaygAhzQBAEdABJkcAUdrKAAEbzwAAElUAp8KAABKSAFQBmkASygpAEwoKQBNSA
160=HNXU5JAYZnBQAAT0gBpgEAUCgpAFEoKQBSKCkAUygpAFQoKQBVKCkAVigpAFcoKQBYKCkA
161=WSgpAFooKQBbSAGTHwAAXEgB2RFdKCkAXigpAF8oKQBgKCkAYSgpAGIoKQBjKCkAFEhR0W
162=wVKCkAFigpABcoKQAYKCkAGSgpABpIAY88AwAbSAGcNn1tKbkVBF1tKVxoVQEETTYpWGSJ
163=AR9MBc1oIEgBhQgGXgQpAJU5BlkAKVByTAV9bSlAbYkBJE0FB2w8fm0pAMkBJlUCI14DAA
164=VahykAjCZ9bSmgRnxt3QoEXG3UAnxt1QIDXG3UAn5tKQCJhQJcbcEEAlxtwAR9bSlEGVkN
165=AVxtwQQBXG3ABHxt1wIAADREE0QFaQA1KCkANigpADcoKQA4SAHBqTlJAaZrZAAAOkgBeA
166=dNADsoKQA8SAHBXD1IAZsnAAA+SAGAMHxtwTABXG1IAWwmfG3UI3xt2TICXG0nxQNERQgD
167=bAV8bSdVAEZUApsyAgBHSQEfTREAfW0pKLwN3Ap8bVQNYwQAAEtNBZGpAUxJAYupAU1IAa
168=YBAE5JAZKtAU9IAaQBXG0nBQFRVQKwvSBSSQGoqQFTSAHZzFRIAckMVUkBiakIVkkBh6kB
169=V0gBpgEAWEgBzSZZSAHVAlooKQBbKCkAXEgB2e1dSAHRCV5IAdkGXygpAGAoKQBhKCkAYi
170=gpAGMoKQBkKCkAE0hRyW8UKCkAFSgpABYoKQAXSAGPPAMAGEgBi7wDABkoKQAaSAGEP3Vw
171=KlxoWRQEVt4qAIwFdXAq6W8eTAVZAwBVZR9JAf5wKnXeKrBsdXAqTNxIBHVwKqw8dnAqAI
172=wxdt4qAIwxdnAqAIwxdd4qWG9ZBgRbACoACXlIBEmNKkTqlQIpVA2YdHdwKgCyYQ8EV94q
173=AAZsBXRwyQwDVN7dCgNVcCq8eHVwKqlvAlXeKkyEXQoCVHDABHRw1QIBVN7IF3Rw3woAAD
174=VMEMVrNkgBXAdpADcoKQA4SQGvZxMAADlJAaWpATpIAWAFTQA7KCkAPEkBraEEPUkBAHQY
175=dXAqJDUoAVTezDF0cMAwdHDUAnRw1AJ0cNMUAwBEUAmfKwMARUgBnxUDAEZIASNoKXVwKr
176=CjdHDQH3Te2D10cNwgdHDUDSI+KSoAl3sAAE1QCYl6AFRwwA903tUuAFRwJ9kAUUwFm0gA
177=AFIoKQBTKCkAVEgB3QpVSAHdClZJAZJAJkkAV0gBjUcAV3AqAKetJllUApscAABaSAGbSA
178=AAW0gByXpcSQGIWAdJAF1JAYpcAEkAXkkBsqUIX0gBRAJpAGAoKQBhKCkAYigpAGMoKQBk
179=KCkAZSgpABJIUcFyEygpABQoKQAVKCkAFigpABdIAYxobXMr6W8ZVAKXyAQAGkgBiSIERe
180=QrXOFYFWxzzQUFRQIrtVoFWQArpXYFXTsrpHZtcytMBkgAbHMnKQAiXQomUAJdeCNIAYQ0
181=bHMnBQElVAKAD25zKwAjbCRtcyvpbyhABJiKZeQrtN5tcyuka21zK6hvbHPcCmxzJykALk
182=QIIyUmA0Tk2QYDTHPYBmxz1QICReQrUBpAFmxzwARsc8AEbXMrr/cAADZcCiWxMjdIAVAG
183=aQA4KCkAOUkBsbFAOkgBdANNADsoKQA8SAHBBD1IASduDisAhHZsc0QpZHZsc8siAgBBTA
184=WUOWxzxzQDAENUAoBcbHPcFWxz3BVucysAJ2wOzBtsc9MqAQBJRAiPMQEASkgBnDZsc8w8
185=bHPNEAFMc8QIbHPILWxzJykAUEUIJVgdSQBRSAGJOAFMcye1AVNUAtUNVEgBl94BAFVIAc
186=EPVkgBgwQAAFdIAYQIbHMniQFZVQIBdCNscydVAFsoVQBcKCkAXSgpAF4oKQBfKCkAYEgB
187=1Q1hSAGbEQAAYkgBRBhpAGMoKQBkKCkAZSgpAGYoKwARACwmXTgSKCkAEygpABQoKQAVKC
188=kAFkgBmxwDABdIAZgnZHZQCXlIBFXpLGgReeIaQASAJWV2LLRwZXYsSHVMBGV2LKF9BkV2
189=LEwAVQIGUFsnKQAgRAiYJ2Z2LADJASJUApVlBlzrJ60AJFQClSMGRQ0sVAhQCWV2LKhvZH
190=bECHTpJzkCKVgGRAV9FSpIAd0VK0gBiQwEQAHJDARU6ScpAC5cApUNBER2yAxldiytfgNU
191=6cwQZHbABGR2wwQBADRECJQNZHbEE2R2wwQAADdABIcTAAA4KCkAOSgpADooKQA7SAHdQT
192=xIAc1+PUgBJ8UOLCjFDiwkiCJkdiKEPFAMdOnYMmR21Dlldiz1nERQCZwVZHbQFGV2LKSi
193=duksACPjLQIASEwFme0CRHYn8QNKVAKTKgEASygpAExIAYQpZHbdQQFU6cstAQBPQATZBl
194=AoKQBRSAGUT2R20xQCAFNUAiMXJAEAVEgBIwQiZXYsJHclAQBWVAKFjABEdsQeZHYn4QFZ
195=QATVDVooKQBbKCkAXCgpAF0oKQBeKCkAX0gBwRpgSAGfxQAAYUgBmBFldiwk3ycAAGNVAq
196=pjZwAAZEgBRDFpAGUoKQBmKCkAZygpABBIUc3sESgpABIoKQATKCkAFCgpABVIAdF3FkgB
197=mCd9eC1zDgAABCFVLC2oQ3x4IsREQANk78EEBUXvLad2BQAc5Ah9eC2oenx4wQQHRXAtr+
198=EHACBMBZn4B1QHJ1UAIihVACNIAY0mB10PLUgHQA99eC2wd314LbyDImw6xAgibDonVQAp
199=RAifgwUAKkgBiTgFWJ0ngQAsKFUALUgBlw0FAC5IAZRafXgtsXcERO/MEHx4zBB8eMMEAg
200=Az+AZ8eMsMAQA1VAKdCgFF7y28Yn14LaxofHjEKSJULCcpADpYBlwdaQA7SAGD6wAAPEgB
201=kzUAAD1IAZA1IlcsLQCrYEZm7y0AkGx+eC0AmO18eMwxfHjUOXx41Dll7y0kXy0EAEVcCp
202=BhfHjcFX54LQCEVX14LSSUKX14La1oAkTvwTACXHgnSQRMUAmEKX14LUywXBl8eN1BAlx4
203=J60AUEwFjxsCAFFIAYlDAkTvJ4EAU1QC0QlUSAGAO3x4wAR8eNgyfHjXDQAAWEwFIztEAQ
204=BZSAHJDFpIAckMWygpAFwoKQBdKCkAXkgBizgCAF9IASWNPmBIAZgRfXgtvNB8eCcpAGNA
205=BJAUfHgnVQBlKFUAZigpAGdIAYsMAABoSAFYJGkAD0hRyXoQKCkAESgpABIoKQATKCkAFE
206=gBmxwDABVIAZREIqVXLkBtWQoEVvQuACPMJXV7LqBydXsupDR1ey5ABUgAdXsuuEh0e8UI
207=BkR7zAV2ey4AI8xRdXsuJB07CFV7Lr2ZCFAOJykAIlgRmVMIVvQuAJxMdXsuqHp1ey6peg
208=ZFAi6rbwYAJ1gGUxEAAAYhzDsnDQIpVAKJOAZUe9UYBlR7JykALEAEkSoGSSouqG91ey6t
209=XQVU9MwQdHvABHV7Lq9zAwAyRAiMPHR73QoCVPTFEwJVey6gk3R71Bh0e8AEd3suAI+OFw
210=A5UAmmAQA6KCkAO0gBJTEtPEgByfM9aAFzBQEAPkgBJ3YPLgAj1Dx0e9gydXsuQKRQBXR7
211=IhxbiQFDWAaYMnV7Lrz8dHvEHnR73BV1ey68V3R7JykASUQIjEd0e91BA1R7J9kATEAEj6
212=oCAE0oKQBOSAHZBk9IAdknUEgB1QJRSAEjkTkDVHsnMQFTVALRCVRIAZ82AgBVSAGECHR7
213=yUMBVPQnKQBYQAScCnR7w1ECAFpUAiPbIQMAW0kBpHOjAwBcKCkAXUgBg1EDAF5IAYBRdH
214=vbEQEAYFQCkUsBVPQntQFiVAKRFAFU9CdVAGQoVQBlKCkAZkgBlxgBAGdIAZQYdHsnaQhp
215=VAJINWkADkhRwX0PKCkAECgpABEoKQASKCkAE0gBwX0USAGcIG1+L2wKbfcWVAKESmx+1Q
216=IFRPonKQAZQASHCAUAGkgBmJVtfi+kgW1+L7R7bH7ZBgdJdC+oTm9+LwAIIjQzZPonKQAh
217=UQkodRAHTXgvtE9tfi9YelgCbX4vvY4HRQ0vUASVAiZYBoAlbX4vrFJsftsRBgApQAQjtU
218=MHTn4vAIE7B01+L7feBwAsQASUOW1+LyjNDy8k+Dttfi+8jmx+2BFsfswQbX4vJMkqA0X6
219=L73bA0x+2AZsftwKbX4vr4kBADdADyOUKW9+LwCSXBlJADlUAlgAaQA6KCkAO0gBlC5k+s
220=wbZPrAD29+LwCicFZn+i8AqakBQFgGJ0UfL1yqWApsfsQIIpxL0DVsfsQebH4nmQNGRAif
221=VwMARygpAEgoKQBJKCkASkgBnEFsfid1BExUAokXA01+L0BBTxADAE5UAt0KTygpAFAoKQ
222=BRSAHRCVJIAYdrAwBTSAGLZAMAVEgBhD9sft8KAgBWVAKdCgJMfidVAFgoVQBZSAGYXm9+
223=LwCvYCVtfi8kiCJsficpAF1MBYQpbH7IImx+zRsCTH7BXAJMfid9BWJYBs0QYygpAGQoKQ
224=BlSAGXGAIAZkgBlBhsft0KAUT6w0YAAGlABEQmaQBqKCsADQAwJt09DigpAA8oKQAQKCkA
225=EUgBwTASSAHRKhNIAZ8gAwAUSAGBBARV/zCnawQAFlQCmMFlgTB8DyJ1OxhUAo8FBQAZSA
226=GECGWBMLNLBgAbVAKTNQYAHEgBgARkgcQIZYEwWPNcCSKOPjAAI9VoBlT/IuR0lQIhWAaA
227=D2WBMKQ0ZYEwJnkgJEAEibEIRIEIMAAmAAAAAAcAJgARAABFEAAgDDAAAgIAAAAHACcAMA
228=AiAEMABwAoSQEnRAEBAAYAKUkBKKkBKkoBqwFPAQcAK0kBqakBLEoBBQJXAgYALUkBJkQB
229=AQAFAC5IAZMJBQAvSQEEYQQEQwEwALJ7BgQAMVEBBncCAwAySQGtdwIDADNIAYMPAgA0SQ
230=EjcwkCADVIAYcIAQA2SAGPBQEAN0gBhwgAADhJAa5nCAAAOUgBdAZNADooKQA7aAF3DQAA
231=PEkBsG8FAQA9SQGiqQE+SAGDGgEAP0kBIVgHAQABAEBJASWpAUFJAf9vBQIAQkgBlxgDAE
232=NJAf53AgMAREgBmwYEAEVIAZMqBABGKCkAR0kBHnMJBABIKCkASSgpAEpIAY8mBABLSAGH
233=KQMATEgBjxADAE1IAckMTkgB0QlPKCkAUCgpAFFIAdEJUkgBfA4BAAQAU0gB3QpUSAGHCA
234=MAVUgBnxUDAFYoKQBXSAHBBFgoKQBZKCkAWkkBAXMqAwBbKCkAXCgpAF0oKQBeSAGbEQMA
235=X0kBH38RAgBgSAGDGgIAYUgBmxwCAGJIAZcCAwBjSAHFE2RIAcUIZUgBlxgCAGZIAZcCAg
236=BnSAGfCgEAaEgBgwQAAGlIAYMEAABqSAF8Dk0AaygpAAxKUf//TwIDAA0oKQAOKCkADygp
237=ABAoKQARSAHFPxJIAZ8VBAATSAGfFQQAFEgBgxoEABVIAZsRBAAWSAHVAhdIAZsGBQAYSA
238=GXAgUAGUgBlwIGABpIAZcCBgAbSAFIFHl0HEgBi2QGAB1JAQljMAYAHkgBl2UGAB9IAZtT
239=BgAgSAGTFAYAIUkBJGkIB1N8MQAIewYHACNUApd7BwAkSQGva1kIACVJAaipASZJAaqpAS
240=dIAYB9fYMxWAxUCX6DMQCfYgYAKkEEsWwFfYMxXImBBCxUAsUTLUgBxRMuSAGQCXyD0Al8
241=g9kGA1kDMVQTRAh+gzEAjH5+gzEAhCl9gzFEGUAEfoMxACd+EDEAjBB+gzEAJ3wQ1AJ9gz
242=FMBokAOlAMmxEAADtIAZQjfYMxXJ+BBD1UAtEJPkgBmDJ9gzFEJEAEfYMxQCtLAQIAQUAE
243=kDV8g9QCfIPMBXyDwCV8g88QBQBGWAZdBwBJpkdIAYsMBQBISAGbSAUASUgBn1cFAEpIAZ
244=AffYMxSD5BBwRcgycpAE1ABI8QBABOSAHRCU9IAdEJUEgB0QlRSAHRCVJIAZx4foMxAI8F
245=BABUVAKNBQRcg98VBABWVAJZDgBNiVdIAYsMBABYSAHZBlkoKQBaKCkAWygpAFwoKQBdSA
246=HJDF5IAZB3fIMnjQdgVAKAGnyDJ1EFYvQCfIMnZQJkVAKbPQMAZUgBmcEDXoMxAJxMfIPc
247=CnyDzUcBXIPMR3yD0wkAAGtECJscAABsKCkAC0jVyYUMKCkADSgpAA4oKQAPKCkAEEgBgy
248=UDABFIAYMaAwASSAGAZ3WGMrENBVSGJykAFUAEmQIFVYYyv0wFABdUAoQIdIbNBQZVhjJA
249=eFQFd4YyAAd0e3aGMgDdgxxYBtVwHUkBrHh0doYyAJR7dIYnMQEgQASQYXSGJzEBIlQCiY
250=UGXXIyrH50htgGdYYyrX4HSHTADyJVITJcBUQTdYYyKNQQJ70CKlwKl5EGACtIAdEULEgB
251=l5wFAC1IAZQYIlQh0Al0htAJdYYyuH92hjIAjBt2hjIAkPt0htscAwA0UAndQTVIAYhOIl
252=QhyxcAADdUAowQIlQhzBt0hicpADpABFgZaQA7SAGcTHaGMgCHrQAAPVQCmz0BAD5IAZA1
253=dIbLOAIAQPQCdIbXAgMAQvQCdIbXAgQARPQCdIbMEHSGwwQFAEfgBHSGwwQGAElUApR7dY
254=Yyv6QFAEtUAoUTBVWGMqOIBQBNVAKd/AVVhjKrmwUAT1QCbBwBAAYAUEgB0QlRSAHNBVJI
255=AZN3BQBTSAGdIAVVhjJUP0AHd4YyAANgUXSGJykAV0wFiCJ2hjIAIycmBQBZVAKHzgUAWk
256=kBpntTBQBbSQH7qQFcSQHxqQFdSAGLOAQAXkgBhBN0hsMaAwBgVAKTFAMAYUgBlw0DAGJI
257=AVwSZZdjSAGTSwMAZEgBmD11hjL5zGZUAoyJdYYyJMsqAgBoVAKAD3SGyE50htQudIYnKQ
258=BsTAWXDQAAbSgoAAEKADMAwYgLKCkADCgpAA0oKQAOKCkAD0gBnzYDABBIAcEaEUgBiQwE
259=TYkzuH9tiTO41yIFIjP1hhVMBYwxbYkz7TwXVAKfCgYAGEgBlDltiTO4Mm+JMwCkdC5tiT
260=PphRxMBYAPIgUiM7jtbokzAJA1b4kzAPW5BiBMBYBybokzAIE7Bl1RM7RlbInIF2yJyRcH
261=QhQzAIT6bInYEWyJzBBuiTMAhDQiBiIzAJRPIgUiM6mQBU6JMwCboAUALEwQjDxsidAJbI
262=nQCW2JM7DEbInAD26JMwAjuDNuiTMAI3QwbInIDCIFIjOomyIFIjOom2yJxAhsicQTbYkz
263=iCZRADlYEVgAaQA6SAGEYCIEIsgMbInENG+JMwAdZAVsidc5AgA/WAaQQG2JM7tTAwBBVQ
264=IAfG1sicMPBABDVAKAk2yJxwgFAEVUAoj+bInUDWyJwwQGAEhABIBGbYkzQDZTEAYASlQC
265=nG1siSfZAExUAtlITUgBiW8GTYkzpYwGTokzAJQNbIknVQBRTAXJTlJIAZg9bInULmyJ10
266=8FAFVABN2DVkgBj9YFAFdIAVwSIvEkWCgpAFkoKQBaSAEjTCtsiSe5B1xVAvx7UwUAXUgB
267=gBpuiTMAJQ0jX1QCyQFgKCkAYUgBnRUETInQQCIEItBAbInQS2yJ1DkiBCLQS2yJ2AYiBC
268=LYBmyJJ8EIakgMgBpsiSfBCGwoVQBtKCkAbigpAAlY2tmKCigpAAsoKQAMKCkADSgpAA5I
269=AZ82AwAPSAGESmWMNKsQBAARVAKABGWMNLQ5ZYw0XHNMBGWMNCQjIAUAFUwFTQIAXcUWSA
270=GbBgYAF0gBnApljDSkw2WMNOVKGkAEI2wvZIzDDwYAHFQC0QkdKCkAHkgBI7wuZIwnrQAg
271=VAKMPGeMNAClYDtljDSkomWMNKWiBkUCNLhpZIzYEWaMNACMXWSMxBNljDSokGWMNPWcKl
272=QNnI5kjMwQZYw0v44EAC1ABCO3IgQALigpAC9IAYiQZIzcCmSM3ApkjMUIAlk6NPmKNFgG
273=g9UBADVIAYcIAQA2SAGUZWSMxAhkjNgRIrciNACPnicAOkwFjDFljDS8NmWMNKTDIgxE1A
274=JkjNQjZIzDBAMAQEQIkHdkjMwFZIzAD2WMNLC5ZIzECGSMxwgGAEZECJtpBgBHSAHdQUhI
275=AZc5BwBJSAGUcGSM30wGAEtUAs2JTEgB2QZNSAGBGgdFjDSldgdEjNsGBwBQQASbdAcAUU
276=gBI4cnBgBSSAGMJmeMNACvdERljDS8umSM2ycFAFZMBZQnZ4w0APmtBVhUApwVIrQiJ60A
277=WlQCzQVbKCkAXCgpAF0oKQBeSAGH5AUAX0gBJTkjYEgB3QphSAEjgCFljDS0ZWSMzFJkjC
278=eVCGVMBZxMIgxEJ8EIZ1QCmBxkjNAUZow0AJBWIrQi1AJkjCcpAGxYBpQYIrQiJ1UAbihV
279=AG8oKQAISFHRjQkoKQAKKCkACygpAAwoKQANSAGLDAMADmgBodUPaAF7AgQAECgpABFIAc
280=3WEkgBmz0FABNIAZhIIpU0NahZfY41q1kGABZABNVEF0gBeAoBAAcAGCgpABlIAZwgImUj
281=Nel6G1QCjAV9jjW06SJnIzUA92Q/ImYjNQCQNX2ONYgFVZwgKNkAIUgBI6QgfY41JpEjI1
282=QClBh9jjVMj0QHfY41tJF8jtUNCFKHNQCEP32ONaQ/fY41/aQqUAmIZHyO1AJ9jjWslH2O
283=NSTkM36ONQAj1yYEAC9YBiPMJXyO3Ap8jsQIfI7ECHyO2RECUT01oUYBXAfVAgFcjsQIfI
284=7ECHyOyCJ/jjUAjlQcSQA6QAcjMCJ8jicFATz0AnyO1wICAD5UAoAlfY41oLR8jsM7BABB
285=QASHPwQAQkgBlHt8jswFfI7IAX2ONajSfY41JCErB12ONST3KgcASEQIhEp9jjWz2gcASl
286=QCkY0HXI4nVQBMKFUATUgBkEt8jskXCF2ONUw3XB19jjW4tn2ONSQ0KHyO3Ct8jsRKfY41
287=JIAsfI7YJ3yOJykAV1UN9ndPBQBYSQHvqQFZKCkAWkgBjFIiZCMn2QBcVAIjPCkiZCPHHg
288=UAXlQCSBQimSRfSAEl6SNgSAGPywQAYUgBjMt8jsAafI7AGnyO1xgCAGVMBSNAL3yOzF0i
289=ZCPIQ3yOyEN8jtgGfI7QFHyOJykAbFAJhBN8jidVAG4oVQBvKCkAB1xP3Y4IKCkACSgpAA
290=ooKQALKCkADCgpAA1IAZQNaZA2oHIi6SM2oHIi6SM2rIki6SM2pIwi6SM2pEppkDaACFl/
291=FPMJBgAVaAF8mWiQwwQHABd0AnQFaZA2tEQi6SM2tERrkDYA/WA7Iugj2AZpkDb9jh1FCO
292=2hBB4oKQAfSAGcQSJ5VzbhkyFUApDaaZA2sNoi6CPYHGiQ2RwGXBrUAmqQNgAj8EUi6yM2
293=AC69FShQCZNsBwApSAGAyiJzNTYArrkRK1QCmJVpkDYoCRI2JMA0aZA2JPBFa5A2AKd4Bm
294=mQNrRwIvlnNqCeaZA2o54CADNcCoAPaJDUAmmQNrigaJDPEAEAN0wFkLlokNQCa5A2AJJ3
295=GAAAOkAEIxhLaJDQHyLoI9AfaJDUAiLpIza8jmiQyAFokMQ/a5A2ALJ1GAVIkMQTaJAnlQ
296=hEVA0jpDZokMgMaJDIDCLoI9BLaJDYBmiQ1QIISJDZHAhIkCdVAExcCo+fCABNKCkATkgB
297=gCVokMAwaJDYSGiQ3CtokMAEapA2ANl/VEQInHhpkDas1mmQNiQQPyLqIzYAlE9okCcpAF
298=lYBtUCWkkB8KkiW0gBky4FAFwoKQBdKCkAXigpAF8oKQBgSAGIOGiQyDhpkDawz2iQ1C5o
299=kNQCaJDcTGiQ0EtokNBLIqBG0B9okNAfaJDUI2iQJykAbEwQiBdokCdVAG4oVQAGRE2LZA
300=IABygpAAgoKQAJKCkACkgBJVEmCygpAAxIAcUIDUgBIxNVAgAOSAGc0GmQN1ByVxADABBU
301=AphIaZA3t5EFABJUApDPaZA3QAVLAAYAFFQCQAEiyTUVSAGI6GmQN/GNF1QCmBEi9TU3/Y
302=4ZVAKEP2mQN6Q/aJAnXQEcQASQzyIVJDewQCIUJCcpAB9ABJBAaJAnVQAhVAKI0miQJzEB
303=I1QCgGdpkDewrmqQNwAjdUYGSX83va8GWRY3tHAiFSQ3qOhpkDekjGmQNySITiKtWDegiG
304=iQwwQEAC1UDSMkJmmQN7ugBAAvVAKL3QMAMEgBjzEDADFIAZfeAwAySAGRFANJkDe0T2mQ
305=N6GeAlTQ1AJokMwQaJDUAmmQNyQ8KWiQ0B9okMQIaJDQH2iQxB4ifUc3pB5okMgBaJDIAW
306=iQ2AZokNgGIhQkJ2kIQ0gXn4MFAERIAdVERUgBgBppkDckeDZokNwKCQcASAA3ACEAAAAA
307=CBEAAFYQACAKAEkANwAlAAAAAAgASkoBJgBDAAgAS0kBJUQBVQJMSgGwAU8BCQBNSQGqqQ
308=FOSgEFAlcCCABPSAGbBgcAUEkBIlACAQAHAFFJAR9rAQYAUkgBgwQFAFNIAYMEBQBUSQGv
309=cwkFAFVJAampAVZIAXQGAQAFAFdJAfa1AlhJAe2pAVkoKQBaKCkAW0kB76EEXEkB9akBXU
310=gBixcFAF5JAaa1Al9JASdvDAQAYEkBI6kBYUkBrWMEBABiSAGPGwMAY0gBjwUCAGRIAY8F
311=AgBlSAGPBQIAZkgBgwQBAGdJAQhrIgEAaEgBjwUBAGlJAQR3AgAAakgBcA1NAGsoKQBsKC
312=kAbSgoAAIFADgACXsGAQAGSQEoTgYAAVoqOADVDQhVAgehBAlIAcEECkgBaAUBAAIACygp
313=AAxJASF7AgIADUgBgzsCAA5JAf9nHgMAD0gBfAMBAAQAEEkB/ncCBAARSQEdewIFABJIAY
314=cIBgATSQEDYw8GABQoKQAVSAGfCgYAFkgBhx4GABdJAbJzCQYAGEgBbAlZGRlIAYc/BgAa
315=SAGHPwYAG0gBwQQcSQH6uQYdSQHyqQEeSAGTQAYAHygpACAoKQAhKCkAIkgBk0AGACNIAd
316=0KJEgBn0EGACVIAYtZBgAmSAGFHgZPKzgAJHMFBwAoVAKLOAcAKUgBwRoqSQGxuRErSAGX
317=RAUALEgBgwQEAC1IAYMEBAAuSAGTNQMAL0gBkwkDADBIAZcCAgAxSAGLOAIAMkgBmz0CAD
318=NIAY8FAgA0SAGTCQIANUkBBncuAQA2SAGVAgFaRTgAlQIATwI4AI9rFwAAOVABpgEAOkkB
319=q38VAAA7SAGHYAAAPEgBhx4AAD1IAY88AQA+6wECAD9IAZ8gAwBASAGTSwMAQUgBjwUEAE
320=JIAY9HBQBDSAHNPERIAdVERUgB1URGSAHJQ0dIAYcIBwBI6wEIAElIAZkGCUuQOAAebRcJ
321=SJAnKQBMQQQBcB9qkDgAg4gJAE5UApiKaJDVAghJkDhYQ0gIaZA4UDtIAWiQwQQGSJDUAm
322=qQOACcCmiQwwQFAFZcClEGAIqQOAAnChI4AJdPBQBZQATJAVooKQBbSQHway0FAFxIAcUI
323=XSgpAF5IAZeGBQBfSAGIF2iQww8EAGFUAoAEapA4AJBLapA4AJBLa5A4AKxoDGuQOAClqQ
324=FmWAaQCWiQ0AlokMmFAEmQOFRggRJqTAWDAQAAaygpAGwoKQAEVkf//0kEAVofOQDJAQZU
325=ApxBaZA5sQkBTcM5QAVLAAEACUAETY4ATZQKaAFQAlkBCygpAAxoAWg4aJDZBgNJkDm8bW
326=mQOUxuXQYDSpA5AJREaJDIAWiQWBFkHmiQxQgHSJAnKQAVaAxACFWkFkgBiCJpkDmgRmiQ
327=zwUGABlBBPuxCRpIAcmFG0gBYAhNlBwoKQAdKCkAHkgBwZMfSAHBkyAoKQAhSAGRQAZQDi
328=e1ASNVAq61DSRIAckMJSgpACZIAZwraJDdIAZZITlEklUFBkiQ1y4GACpMBYOIBQArSAGI
329=hWmQOaxdaJDEHmmQOaxHapA5AIwQaZA5tIZqkDkAhKJrkDkAqHAUapA5AIiFaJDNEAFIkM
330=wQaJDVAgBIkNQCa5A5AJJYFUkAOUQTWABpADpIAScKEjkAlL1qkDkAJwgSzDxokNxBaJDd
331=IAJIkMAEaJDIAWiQyAFqkDkAg4gGAERUDdGNRUgBl2UHAEZIAYMaBwBHSAGAD2iQxAhokM
332=gBaJDRCQpLkDkAAnNWCgBMWAafjgoATUgBkEtokMstCQBPVAIjvCNokMwxaJDDBAcAUkAE
333=mAZpkDm3nAYAVFQCnwoGAFVIAYB9aJDMRyIWJDkAi04FAFhABIhOaZA59ZFaKFUAW0kB9G
334=g4aJAnBQFdVAKMPCIXJDkAoqEEX1QCg+AFAGBIAZTIapA5AIzLaZA5KAgS2EhrkDkAr2QI
335=a5A5AKepAWZECJMJAgBnSAGEl2iQ2AZokNgRIhQkJykAa0wFaERNAANI1YPgAAAEKCkABS
336=gpAAZIAZHlAF57OgDJAQhUApXTAEmQOq+JAQAKVAIlJSYLSAGDBAEADEgBjNZpkDpMDkgA
337=aJAnKQAPQASIQ2mQOigIEsgBaJDIDGqQOgCJDAZIkCcpABVECNUCFkgBgA9qkDoAgDtpkD
338=q0cGiQwA8iFCQnKQAbWAaTVgYAHEkBpH0rBkoROgDJAR5UAogtIhQkJ9kAIFQCWRkARZch
339=SQH8uQYiSAHVAiNIAYE7BlAkJ9kAJVQCiEMiFiQ6AN0KJ1QCnCBpkDq06WmQOrWRBUmQOq
340=zAaZA6qNJokMcIBQAtRAiQQGiQ0B9pkDqwS2mQOrBLaJDfCgEAMlgGjyYBADNIAZwVapA6
341=AJhTa5A6ALJsG2iQ1AJokMwQaJDMECIUJNkcAEgJwA8iFSQ6qIVqkDoAiIUiFCTAO2mQOk
342=CvVyYBAD9AB5zQaJDQQGiQyAFokMgBapA6AJBLaZA6r6oHAEVECIhkaZA6rJ9pkDqsn2iQ
343=xAhokMgBaJDQCWiQxR4LSJDEHmiQ1wIKAE5IDIgtaZA6rMBpkDpA0FcYCABRQAScjmmQOr
344=+OBwBTVAKdjgdIkCeNB1VUAowFaJDECGiQwBpokNwrapA6AJ9MBQBaWAaTVgUAW0gBmEho
345=kMMwBQBdVAJQESJJJV5IASOQIyIUJMQ/IhQkxEpokNcCAwBiTAWc2yIUJNhIaJDcCmiQzw
346=UBAGZMBYhvIhQk0AlokNgGaJDYBmiQJysAAgA7gBNRAAMoKQAEKCkABSgpAAYoKQAHKCkA
347=CEgBjPdpkDvhkwpUAotZAAALSAGYSGmQO7REaJDAD2iQJykAD0wFiG9pkDtcflwSIhUkO1
348=R2SAFrkDsAIEQBAQAFABNMBYkMBUmQO+1zFShVABZIAYQTaZA7pHZpkDu0cGiQwA9pkDuw
349=ViIhNju8umiQJykAHVAJjfcGSEgn2QAfVAJ0EV2OIEgBkUAGQWw7JPwgIhQkJ60AI0AEzQ
350=UkKCkAJUkB92h6a5A7APGpASdUAskXKEgBkEBpkDugqWmQO/2OK0AEIygsaJDcICIUJMQe
351=aZA7sJhokMMEAgAwWAacCmmQO6BnaZA7VJdYFGmQO6u8AQA07AVokMcIAAA29AJokNAqaJ
352=DEHmiQJykAOkwFVAppADtIAYw8aZA7UCVTAgEAPVQCI6whaZA7oJNokNBAaJDIAWiQyAFo
353=kMgBaJDURGiQyRcGSJAnKQBGSAyDRgYAR0gBjFJokMQIaJDIAWiQ0wkKAEtNBQgmFyQ7AC
354=5YFUXsTVQCgIhokNgnaZA7v44JAFBABIyJaZA7UEZfBggAUlQCmQYISJDYMmiQxAgiFCTH
355=CAYAVkwFhAhokNQCaJDQKmiQJykAWk0FsWxHaJAnVQBcVAJYDn2OXSgpAF5JAa2tBV9IAY
356=zLaJDYBmmQO6TOaZA7pM5okNAUaJDYEWiQ1BhokCdpCGdcCiWJImhIAZxMaJDLDAAAASEQ
357=PocTAAACKCkAAygpAAQoKQAFKCkABigpAAcoKQAIKCkACSgpAApIAd1MC0gBmD1pkDysiW
358=mQPKBcIi1IPLfeAgAP7AVokMwFa5A8ACBjFgQAEkAEmUgESJDABGmQPKeMBQAVQASTdwUA
359=FkgBmwYFABcoKQAYSQEJZ0oFABlIAZNLBQAaKCkAGygpABwoKQAdKCkAHkgBjRAFRXs85Z
360=cgVAKY7WmQPPGYIlQCI2AzIi1IPCaRIyRUAnwZRZclSAEjiC1qkDwAIwQtIiE2PCapJihA
361=BCXJNSlIAZQ5apA8ACNgMyIVJDyw+2qQPACc8WmQPLWyA1Bm1CNpkDywjWmQPLxiaZA8oG
362=ciITY8UBpME2iQxQgASJDDMAAANewQaZA8uFNpkDxMBokAOEAEgAFokCdVADpUAiMEOCIV
363=JDwkBCJpkDyo0miQxx4CAD5MBSNENSIhNjy0kWmQPKjSaJDIAWiQJxEIQ1gGm14FAEQoKQ
364=BFSAHRNUZIAYBRaJDECGiQyAFokNAJapA8AJAJIixI21MJAEzkCCIWJDwAI1wtaJDfIAoA
365=T0AElIZokN8rCQBRVAKdjglIkNwraJDMMWiQwzAHAFVMBYQIaJDXAgYAV1QClA1okMhOaJ
366=DESiIUJMgtaJAnKQBcWAYjiC0iFSQ8JBQvIiA2J8EIX0AEwUZgSAGfTAMAYUgBnExokNAJ
367=aJDcQWiQxEpokMAaaJDLIgAAZ0QI0UBoKCkAAkDN1QIDKCkABCgpAAUoKQAGKCkABygpAA
368=goKQAJSAHFSgpIASeyET0AmH9xjT23hgEADUAEk0ABAA5IAZBAcI3MBXCNzwUDABFABI0F
369=A1CNwARxjT2vlAQAFEAEI2hKcY09JJRKcY09vW0EUI0nrQAYTAWEHnCNJ4EAGlQCk0sEAB
370=soKQAcKCkAHUgBjRAESHTMEHGNPammBV4aPQDRmCFMBdGYIigpACMoKQAkKCkAJUgBnQoF
371=VYA95ZcnVAIldSUoSAGL0gUAKUkBrKHVKkgBJZEjK0gBl0QEACxIAZREcY09QApAHXGNPS
372=TYQnCNJykAMEwFh2ADADFIASOsQnGNPSiwEcQIcY09tJFxjT1QCokANlkGk4YBADdIAaYB
373=ADgoKQA5KCkAOkgBjOxxjT0osBFQNWAaco09AIAEcI1IDHjBcY09vJki4FnYBnCNwDBwjS
374=dhB0NIDNUjREgBI39HBQBFSAGDUQUARkgBnExxjT2kl3CNzBBxjT0kEClxjT0kyCpwjcAP
375=cI3AD3KNPQCILXCN2EgivSM97ZRQVA2ESnCNzAVyjT0AlIZxjT2jyggAVEwFjDxwjVAfay
376=kHAFZUAoSBcI3MMXKNPQAjJF1wjdgycI3QCXKNPQAjBC0iyTU9JAQtcY09JJgvcI3fFQQA
377=X0gMlBgivCPEE3CNJ9UFYkAEdREAco09AJgRcI3HCAEAZUAEhAhwjcQIcI3VGABBBz6ACF
378=EABFzIWABpAAUoKQAGKCkABygpAAhIAZykIhk1PiRvWwAAClQCjIkiGTU+qy0AAAxUAo1o
379=AFmKPqA7eYo+vI54is8FAgAQ7QUCWIrABHmKPq+JAwATQASIDHiK1wIEABVUAsWMFkgBnC
380=B4iscIBAAYVAKPfgQAGUgBiyIEABpIAYxSeYo+t70EABxUAplTBEwVJwUBHlQCI20kBERw
381=J+EBIFQCYCYBAAUAIUgBwX0iSAHNBSMoKQAkSAGdIARE9NwKeYo+7ZQnQASRFAVVHT68V3
382=mKPiQMTyINIz4m4SIrTAWMUnmKPrRweIrUOSIZNT67lQQAL0wFI5c/BAAwSAGUI3mKPkQZ
383=UBd5ij60kSINIz6siSIZNT6wYXiKyAwiDCPIDCIMIycpADhcCkgJaQA5KCkAOkgBI5gveY
384=o+KFkRPigNIz64XniKyCJ4itwrIgwjzAV4iswQeIpAD2uQBABDSAwjhFMiDCMndQRFVAIn
385=WBHITniKyAF4itwKeIrcK3iKxAh4itgReIrYUyI8a8QTIjBZ1CN5ij7hk1BAD4xHeYo+vN
386=siGDXUOXiKxB56ij4AiDh4ikAacCd4iswxeIrMMQYGAFgAPgCuAQARAAAtEAAgAAMAAAYA
387=WQA+AAYCAAAABQBaAD4ArQGJAVtJAfqpAVxJAfSpAV1JASdcAwEABABeSQEjqQFfSAGXAg
388=MAYEgBlwIDAGFIAZcCAgBiSQEIawwCAGNIAYMEAgBk6wEBAGVIAY8FAABmSAGBBABRDD9g
389=DG4ABQAnKQAGKCkABygpAAgoKQAJSQGvfxUAAApJAaipAQtJAaqpAQxJAf6pAQ1JASRjDA
390=EADkkBKKkBD0kBrmMEAgAQSQEAqRcRSQGydwIDABJIAZsGAwATSAGbBgMAFEgBlwIEABVI
391=AYceBAAWSAGDGgQAF0gBmxwDABhJAQd/CgMAGUgBxQgaSAGLFwQAG0kBp3cNBAAcSQGpqQ
392=EdSAHFCB5IAdkGH0gBwQ8gSAHBDyFIAcEPIkgB2QYjSAHZBiRIAdkGJUkBIHMfBAAmSAGH
393=EwQAJ0gBjwUEAChIAZMfBQApSAGTCQQAKkkBCXcYBAArSAHVDSxJASGxCS1JASKpAS5IAZ
394=sGAwAvSAGbBgMAMEgBmwYDADFJAQRzCQIAMkgBwTAzSQEFdwIBADRJASZzCQAANUgBnwoA
395=ADZIAbICADcoKQA4SAGHCAAAOUgBwQQ6SQGPrQE7SAHRQDxIAZ8gAQA9SAGFEwFZUD9UHl
396=EFAU8CPwAdRAFBQUBQAY8FAwBBSAGXIwMAQkgBlwIEAENIAcEwREgBgwQEAEVIAYcIBQBG
397=6wEGAEfrAQcASEgBhwgIAElIAYcICABKKCkAS0gBkwkIAExIAY8bCQBNSAGbBgkATkgBhy
398=kJAE9JAa9jRgkAUEgBj0cJAFFIAYN9CABSSAGHCAgAU0gBmzIHAFRIAYcIBwBVSAFgHgEA
399=BwBWSAGDBAYAV0gBgwQGAFhJAbFoDGKIPwCcCmGIPygBET9cR08IBABcTAWDGgQAXUgBhA
400=hgiMMEAwBf9AJgiMB9Yog/AIQ/YIjNBQFCiD8AhQgBQIgBPwD//0kMAkCIJysABQBASAKJ
401=AAYoKQAHKCkACCgpAAlJAY+IBUiFJ9kAC1QCsgIADEgBnysAAA1IAYEwAEuFQAD/cx8BAA
402=9UApwgaoVAAI8FAgARVAKZSAJJhUC5SAJIhcAEaoVAAJFsA0iFJykAFlgG1QIXSAGYHGiF
403=xBNohScFARpABJEqA0qFQACVDQNKhUAA1QIdQATFCB5IAYcTAwAfSAHJDCBIAY9+AwAhKC
404=kAIkgB2QYjSAHZBiRIAc0FJUgBnSADSoVAAJCCaIXEE2iFzRAESYVAsDVrhUAAsGwma4VA
405=AKapASxQCYsMBAAtSAGDDwQALkgBhIFrhUAArGwFaIXYBmmFQKhOaoVAAMEwM1gGgFFqhU
406=AAgVwBSIXMBWiF1QIASIXTKgAAOFkGr2gMaIXLDAAAOlUCkrVAO0gBkxQAADxIAZEfAEiF
407=0B9qhUAAjIlohd0gAkQFJ+UHQVABhAhqhUAAxSlDVAKTCQMAREgBnINphUCwjWiFyAFohd
408=wKaIXHCAcASVgGkQkHSIXXDQcAS1QCmFNqhUAAjBtqhUAAgOBphUCtcwhIhc1HCEiF3TYI
409=SIXcNmiF3CtphUCgcmiFxQgGSIXFCAZIhdgGaIXBBAVIhd8KBQBZRBOMPGiF3woFAFtUAo
410=B9aIXZBgNIhSddDF5ABJgGaIXcNmiFJykAYUAEhAhohcwQaIVYdL2DZEAEyYUGQLe8OlGb
411=QcYBAAhVApGxAQlJAYOpAQpJAYWpAQtJAYepAQxIAaQBUYJBpD9xgkG4f3GCQbdwAQAQTA
412=WNPAFRgkGsUnCCzAVxgkH9gxRMBc1dFUkBpG9SAwAWKCkAF0gBiDhxgkGrOAIAGVQCi3oC
413=ABpIAZUNAlGCQaxzcIInrQAdQATNBR5IAc0FH0kBsrUNIEgBlb0CUYJBp1UCACJUAp1MAl
414=h5J1UAJFQCxQglSAHBXCZIAdWRJ0gBlQ0DSBzZBgNQgicpACpABIcIAwArSQGrbxAEACxI
415=AZgccILJFwNRgkFQD1wucoJBAIwFcoJBAJzbcYJBuFNwgtsGAQAzUAmMR3GCQaiFcYJBoI
416=hxgkGs1nCCJz0IOFgGTA1pADlJAbFkE3CCJ4EAO1QChIxwgtQ5cILXOQAAPkAElHBwgswx
417=cILNBQJYA98gAgBCUAGfIAIAQ0gBhIFxgkGkgXCCyAFwgsQIcYJBt8gGAEhYBoktBlCCzR
418=AGUILYBnCCyAFwgtcjCABNWAafxQgATkgBgCVwgtwVcILNBQdQgtcNBwBSTAWbBgcAU0gB
419=mAZygkEAmLZxgkG4tnGCQbyOcILENHCC3QoEUILfIAQAWlAJnQoEUILYPXCC3ApwgscTAw
420=BeTAV5MwBwgtgycILfCgIAYUAEhBNxgkEmpSBjVALFgQdcLoUIAFl/QsYBAAlVAoyxAQpI
421=AcWBCygpAAxJAYuhBA1IAZheeX9CrzEAAA9UApU5AFl/QialIBFUAoixeX9CqCJ4f0APIn
422=srAgAU4AQiTyBCAKdoTnl/QuFcF0AEzXMYSAHNGxlIAZB3eX9CqJB6f0IAl3ACABxABM0F
423=HUgBzQUeSAGLFwIAH0gBlS4CXX1CsGx5f0KljAFYf80bAVEDQkx5VR8BRA3PGwIAJUUIrL
424=0VJkgBxZcnSAGc/Hh/0QkCWH/HCAIAKkAEiGR5f0Ksc3h/zwUDAC1ABIgXeX9CJPwgeH8n
425=SQQwQATJIjFIAYwFeX9CoFF5f0Kwrnh/3Aoi+DDYHHh/wA94f0wxSBtJADhQCVgAaQA5KC
426=kAOigpADtIAZQ5eH/UOXl/QvnBPkAEnCt6f0IAnSsBVdBCTCxZCgFYUN0gAUUFQqB9eH/I
427=AXh/yAF4f8gteX9C5WtHQAeILXl/QiRIJXh/zBB4f8QIeH/IQ3h/0B94f8kiB1h/xxMHAE
428=9cCp8VBwBQSAGQKnl/QqHKB1h/2QYGWH/XGAYAVEwFJ/gP0Cp4f88FBQBXQASQCXl/QlhO
429=XCB4f8EEA1h/3UwDWH8nKQBc+AZ4f80FAlh/0yoCAF9ABJ8VAgBgSAGIDHh/TCa1/2JUAs
430=1+CECsWA5pAAlJAZBgASKfQEMAiKkBC1UChqkBDEgBpAFd/EPGAQAOVALBvw9IASPcJ2F9
431=Q0BiTAR9/EP5PRJABIeBAQATSAGcQWF9Q+1zFVQC2XQWKCkAF0gB1RgYSAGBXAFc/NkGAV
432=38Q/VwG0AEyXocSAHNBR1IAZ8KAQAeSAGFwwFFLkOtlAFRUENMAJ0VIUAElA1hfUOsPGF9
433=Q6hZYX1DsJhhfUMkPCki8S9D7ZQnRAjR8ChIASUlJilIAYTZYH3UI2B91SMDXfxDXIlMEG
434=B93CthfUO/jgIAL0QIlxgCADBIAZMUAgAxSAHZHDJIAZQCYX1DuPhhfUPx+zVABNE1NkgB
435=TA1pADcoKQA4KCkAOSgpADooKQA7KCkAPCgpAD1IAZQ5fPzTKgAAP1QCiS0AQH3FNABBfU
436=O0e2B9yAFgfcgBYH3IAWB9yC1gfcgtf/xDAKJ4q2N9QwClqQFJVA2UT2B93CtgfcM7BwBM
437=QAQj1SYHXPzILWB93SsGQH3JFwZAfd0VBlz8J4EAUkQInSsGQH3IDGB90Al8/M8FBQBW7A
438=VgfdcCBABY9AJifUMAnINhfUOwmGF9Q6/hAwBcTAV4M0X6XUgB2UheSAHZPV9IAZkRAUB9
439=QCW1e2FUAtd7CQBEgAhRAAooKQALSAHBfQxIASfsHietAA5UAiPcU273RADBOxBUAtU5EU
440=gBn3gAABJIAYAEaXpE9XAUVQKwezICABVJAaipARZIASMjKwIAF0gB1RgYSAHVGBlIAZB3
441=aHrDDwEAG1QCmV4BTfdEqWQBSUhEoOBqekQAgL9pekS4J2l6RKNnAAAhRAjJFyJIAckXI0
442=gBgHJoetQNaXpEu5UCACZABIEPAkAJJ1UAKFQCnBVs9yfZACpUApNLAgArKCkALCgpAC1I
443=AYMPAgAuSQEEJJEjL0gBI6QgaHrIF2l6RKd2AQAy4ARpekQk6CNoesAEbfdEJKQgbfdERD
444=2JADdYBoABIjw/J1UAOVQCnCsi6C4nVQA7VALNBTwoKQA9KCkAPkgBlDlpekSg62l6RKSi
445=aXpEXDFMCGh6yAFoesgBaHrIAWh6zCZoesNGBQBHSAwj/CBoetgcbPfMBWl6RKO0BgBLTA
446=WJLQZIeidVAE1UAp0rBk/3RAAEfCtpekSkuGh6JzIBUQDZSAZM9yeBAFNUAo1SBUz33woF
447=AFVUApg9aHrMBWh6wDBpekREH0gAaHrUAmh62DJoesAEaHonKQBdXAonSA/ZEQFN90QmZS
448=5gQATfeAoARVwLiQALKCkADCgpAA0oKQAOSAGEKXF3RbxiffFF/TYRQASEdnF3RaV2AF3x
449=RaN9AQAUQASZXgFRd0WzYQEAFlQCI1UhAVF3RfVwGFQChEp98UVYZJEUGlQCjTEAUXdFoD
450=BwdyeBAB0ogQAeSAEjODlwdyeBACBUApQucHfHCAAAIlQCibwAXA8nvQIkVAKfQQEAJUgB
451=gQ8BUHfYBnB33QoBVR1Fu0gBAClMBdkGKigpACsoKQAsSAHRCS1IAYwmcHfQH33xRahvcH
452=cniQExTAWIF3F3RfHwM1QCk0sAADRIAYAEcHcnYQc2VAKQJyLgLSdVADhVAo+5AjlIAaYB
453=ADooKQA7KCkAPEkBjaUEPUkBiakBPkgBybw/SAGILXF3RSjxDkUo8A7IAXB3yAFwd8gtcH
454=fDRgQARlAJiCJxd0UkAycFAEhUAo9HBQBJSAGfKwUASigpAEsoKQBMSAGdKwVc8dQNcXdF
455=TDdMF3F3RUg+iQFQTAWcTHzxyS0FUHfZUwVc8dgycHfBBARQd9k9BFzxzwUEAFdQCYAwcH
456=fPBQMAWfQCcHfXAgIAW1QCmV4CXPHHCAIAXVQChAgi4S1F5XZfVALFdgtcI0AXaQAMKCkA
457=DSgpAA4oKQAPSQGvZOR5dEYkEykAABFUApDle3RGAAB8mXl0RvXeFEEEpngGeXRG6W8WVA
458=KRKgBZdEbpbxhUAtVPGUgBixcAABpIAYg4enRGAJ02AE3sRlRrZBdZQkazggAAHkwFwQQf
459=SAHFCCBIASU9KSFIAZAGeHQn2QAjVALF7yRIAcUTJUgBgA96dEYAnSsBRBjAD3h0J0EDKU
460=wFxQgqKCkAK0gB0QksSAHRCS1IAYlOAU7sRgCbBgEAL1QCixcBADBIAYsXAQAxSAGQ2nl0
461=RuHrM1UCBqktNEgBiE55dEbKGwA2VALNATdJAZGtAThJAYqpATlIAaQBWHQn2QA7KFUAPE
462=kBkqUEPUgBI2RwItssRgADoQ8/VALJAUBJASWtBUFIASW1IkLoAXh0yC15dEZYm1EFA1hQ
463=1AJ4dNcCBABHWAaEHnl0RrjBeHTJLQRZdEaxowRM7CfZAExYBoAPeXRGTEJIDHh02AZ4dN
464=w2bOzXAgUAUVgGiC14dNUCBFh02TIETOzYBnh0wQQDWHTBBANYdCcpAFjwCXh0zwUCAFr0
465=Anh01QIBWHTdCgFZdEbtc15MBc1zDEQhTBhpAA0oKAABDgBHABEAADYPACABAAAAAEMADw
466=BHVACJABAoKQARKCkAEkkBJJ4DABNJASipARRKAbEBTwEBABVKAQUCSwEAABZIAc0FF0kB
467=CbUCGEkBI54DABlJAa57BgAAGkgBsgIAG0kBsLUCHEkBqKkBHSgpAB5JAaS1Ah8oKQAgSQ
468=GptQIhSAHRCSIoKQAjSAHVDSRIAcUTJUkBB6UTJigpACcoKQAoSAHdFSlIAcUTKkkBqrUN
469=K0gB0QksSAHRCS1IAdUjLkgBmwYBAC9IAYMaAQAwSAGHCAEAMUkBJ6EWMkgBwSUzSAHBDz
470=RIAb4DADUoKQA2KCkANygpADgoKQA5SAHFHjpIAcUIOygpADxIAcEEPUkBAL0gPkgB3RU/
471=SAGLLQEAQEgB3RVBSQH+cx8BAEJJAf9rAQIAQ0gBiwwDAERoAXMJAwBFSAGLDAQARkgBgS
472=UEQgFHAJcjBABIUAGPRwUASUgBj0cEAEpJASF3CQQAS0kBJakBTEkBHWsBBQBNSAGTCQYA
473=TkgBgyUGAE9JAbJ7EQYAUEkBBm8QBQBRSAGPEAUAUkgBlwIEAFNJAaxvBQQAVEkBpqkBVU
474=gBgwQDAFZIAYMEAwBXSAGTHwMAWEgBkzUCAFlIAYMPAgBaSAGXAgEAW0gBlwIBAFxIAZcC
475=AABdSgH//08XAgANTB5AAWkADigpAA8oKQAQKCkAESgpABIoKQATSAGTHwAAFEgBwUYVSA
476=GAD2pvSACLOAAAF1QCi04AABgoKQAZSAHVZRpIAWwRTQAbKCkAHEkBjUgCSQAdSQGHXABJ
477=AB5JAa9jJQAAH0gBxQggSAFQA2kAIUgB2QYiSAHZBiNIAdkGJEgBhykAACVIAWwGTQAmSA
478=HdFSdIAd0VKEgBzQUpSAFcBGkAKigpACsoKQAsSQGTewMAAC1IAdUjLkgB1SMvKCkAMCgp
479=ADFIAc0mMkgByRczSQGLsQk0SAGkAUlvSMYBADYoVQA3KCkAOEgBg0YAADlJAaKhJTpIAd
480=UYO0gByQg8SQGtoQQ9SAHdFT5IAZ9iAAA/SAGABGpvSACTYQEAQVQCkGFqb0gAkGFob8AE
481=aW9IQCtQDGtvSACraAxqb0gAwVxHRAiUDWtvSAAIaWQESm9IAJwgaG/cCmhv3AoBBQBMAN
482=wKam9IAJgcam9IAIwbam9IAI1dBUhv0Alqb0gAlBhqb0gAhGtobydlAlRcCptIBABVSAGA
483=BGpvSACQgmhv3QoCSG/cCmhv1QIBSG/UAmhv1QIASG/XAgAADlQbQCJpAA8oKQAQKCkAES
484=gpABIoKQATKCkAFCgpABUoKQAWKCkAFygpABgoKQAZKCkAGkkBkWUQAF/bSQCJqQEcVQKD
485=qQEdSQGIqQEeSQGLqQEfSAGmAQAgKCkAIUkBjLkCIkkBhqkBI0gBpgEAJCgpACVJAY25Ai
486=ZJAYWpASdIAc1zKEgBsgIAKSgpACpIAd0VK0gB2REsSAHNBS0oKQAuSAHRdy9JAahpTgBd
487=20mpQwBd20nWBgAyQQSSsQEzSAGmAQA0KCkANSgpADYoKQA3KCkAOEkBq6kMOUkBqakBOk
488=gB0Qk7KCkAPEgB3Y49SAGHVQAAPkgByd0/SQGxZAhwbFAUcGFwbEgBdQkCXttJAIndAl7b
489=SQCI3XFsSbmrBF/bSQCnZAhybEkAmBF920mxYQNOWkkAI00gA00NSbXeA13bSbB3cGzcCn
490=Bs3QoGXNvQCXBs0QkFXdtJuHRwbMwFcGzMBXFsSSiRDUmsaHzbxQgDUGzECHBs1QICXNvU
491=AnBs1QIBXNvUAnBs1QIAXNvXAgAAD1wYfCRNABAoKQARKCkAEkgB1U8TSQGHQAVJABRIAV
492=gAaQAVKCkAFigpABcoKQAYSQGsfysAABlIAck4GkgBeAdNABsoKQAcSAHRSx1IAVADaQAe
493=KCkAHygpACBIAcUTIUgB1XAiSAEnOQ1KdAdtACRVApFgAW/WSgCIqQEmVALJASdJAYq1Ai
494=hIAaQBWGknBQEqKFUAKygpACwoKQAtKCkALigpAC8oKQAwKCkAMSgpADIoKQAzKCkANCgp
495=ADUoKQA2KCkANygpADhJAbG9KzlIAckXOigpADsoKQA8KCkAPSgpAD5IAYDKbdZKo1wAAE
496=D0Anhp1AJt1kq4XnlpSlyUXA17aUoACWhvbtZKAIvSAwBGRAjJAUdIAZTTeGnQKnlpSqxz
497=eGncCnhpyAF5aUq0cGzWywwFAE7wCXhpwQQETNbDBAQAUUAEgw8EAFJIAYAPbNbPBQMAVP
498=QCeGknOQJWVAIj9Cp4ac0FAU3WSqR2eGnVAgBO1koAJTcoEABLUCCJABEoKQASSQGQkgIA
499=E0gB2VMUSAHFuBVJAYuhBBZIAaYBABcoKQAYSAHBOxlIAcEEGigpABsoKQAcKCkAHSgpAB
500=4oKQAfKCkAIEkBjLUJIUgBxRMiKCkAI0gBwX0kSAGqBQAlKCkAJigpACcoKQAoKCkAKSgp
501=ACooKQArKCkALEkBrLFWLUkBqqkBLkgB1Q0vKCkAMCgpADEoKQAyKCkAMygpADQoKQA1KC
502=kANigpADcoKQA4KCkAOSgpADooKQA7KCkAPCgpAD0oKQA+SAEjWDJhZ0uwYWFnS+1oQUAE
503=I4QnYGfABGBnwwQCAERABIQeYWdLrV0CQ2dLACB7AgIAR0AEIz8pAgBISAEjEClhZ0tcMU
504=QEYWdLoHJgZ8gBY2dLAARgcmFnSySwJ2FnS6T6YmdLACOoJmBn3FdgZ80QA0JnSwDV3lNA
505=D4xoYGfMBWBnJykAVkAEJ+EMS/VlWFQCyWRZKCsAEQBMXBaJABIoKQATSAHVZRRJAYqeAw
506=AVSAGmAQAWKCkAFygpABgoKQAZKCkAGigpABsoKQAcKCkAHSgpAB4oKQAfSQGRuQ0gSAHF
507=wyFIASeKDEwAyQEjVALBBCRJAYm5BiVIAcFnJkgBsAJQOifFAygoVQApKCkAKkgBJeUzK0
508=gB2QYsSQGxvWItSAHVAi4oKQAvKCkAMEgB2WkxSQGmuQYySAHZBjMoKQA0KCkANUgB2QY2
509=SAHZBjdIAdkGOCgpADkoKQA6KCkAO0kBsrUNPEgB2QY9KCkAPkgBJQEnP0kBqq0FQEgBI1
510=MmAABBSAGQz2lkTKNnAQBD9AJqZEwAk7kCAEVUAoBRaWRMJEQ1aWRMsGFpZEywYWhkwAQi
511=PDTABGlkTLh0aWRMpFVpZEwkoCVpZExANl8YBABP9A1oZNUCA0zL2AZqZEwAm38DAFNMBV
512=IGAABoZNg9aWRMsMQiqCYnKQBXTAXdYlgoKwASAE2ACFEAEygpABQoKQAVKCkAFigpABdI
513=Ac1HGEgBVAdpABkoKQAaKCkAGygpABxJAZFlBQBeJU0A3dAeVAKyAgAfKCkAICgpACFJAY
514=ylBCJJAYqpASNIAaQBTCsnFQMlVALJeiZIAclkJ0gBweAoSAHVZSlIAcUIKigpACsoKQAs
515=SQGPpQQtSAGmAQAuSAHVAi9IAdUCMEkBq71MMUkBp6kBMkkBqqkBM0gBzQU0KCkANUkBr6
516=EENkkBqakBN0gBzQU4KCkAOUgB1S46SAHBBDsoKQA8KCkAPSgpAD4oKQA/KCkAQEgBhGBx
517=YU2nYAAAQvQCcWFNq7EBAERUApeyAQBFSAGHwwEARkgBI2AzcGHAMCKhJU0mdSVJ4ARwYc
518=EEBU2yTe1dTEAEnQoEQQFNJC8nBABOUAGcbXJhTQCAfXJhTQCIx3FhTSQYNXFhTSTsNHFh
519=TfleVEQIjF1wYSdVAFYoVQBXKCkAE1wNxSkUKCkAFSgpABYoKQAXKCkAGCgpABkoKQAaSQ
520=GsqTgbSAHJmxxIAckMHSgpAB4oKQAfSAGZHABB8E7IBUONTgCSsQEiQASkAVCHJ4EAJChV
521=ACUoKQAmKCkAJ0gB0WEoSQGKqQgpSAGmAQAqKCkAKygpACxJAYylBC1IAcFnLkkBhrUCL0
522=gBpgEAMEkBsaUeMUgB1QIyKCkAMygpADQoKQA1KCkANigpADcoKQA4KCkAOSgpADooKQA7
523=KCkAPCgpAD0oKQA+KCkAPygpAEBIAZSneV5ORIeFFkJUApVaAE3ATiTgInleTiT0S3leTr
524=RaeF7YBnleTqBnbcBOTJpQCWzAwAR4XsAEbsBOACNtJARVr068V3teTgCoeCd5Xk4kmCR5
525=Xk6rZAMAUEQTkGF4XsQ/eV5O7V1TQATNXVQoKQBVKCkAVigpABRUy0gUaQAVKCkAFigpAB
526=coKQAYKCkAGUkBsHAUIr5lTwAlfVIbVALZlRxIAXAKTQAdKCkAHigpAB8oKQAgKCkAISgp
527=ACIoKQAjKCkAJEkBj1AKSQAlSAFYAGkAJigpACcoKQAoKCkAKSgpACooKQArKCkALEkBkG
528=gJItFXTyZ1JS5VAoi1Ai9JAYupATBIAaYBADEoKQAyKCkAM0kBrLUjNEkBpqkBNUgB2QY2
529=KCkANygpADgoKQA5KCkAOigpADsoKQA8SAHJDD1IASNkZSI9Sk+gRiIdME/SDQBAQQSvrR
530=BBSQGqqQFCSAEl7UpDSAGABGFcT7SnYVxPsGFhXE+3WgEAR0wFIyQxYFzABGBcwAQiHDDU
531=AmFcT1CTWBBhXE/9V01ECIVrA1hQJ1UAT1QC1VpQSAEj/1cCAFFIAY8FAgBSSAFICSJlI1
532=NIASeBC0/5XlUoVQAVUGSMBSL9YlDGAQAXKFUAGCgpABkoKQAaSAHFlxtIAd0GHCgpAB0o
533=KQAeKCkAHygpACAoKQAhSAElWUgiSAHJpiMoKQAkSAElFS8lSAHBBCZJAYelDydIAaQBUC
534=8nFQMpKFUAKigpACsoKQAsKCkALUgB3cUuSAHRCS8oKQAwKCkAMSgpADJIAdFLM0gB1Xs0
535=KCkANUgB2Ug2SAHdCjcoKQA4KCkAOSgpADooKQA7SQGwoVE8SQGnqQE9SAHBiD5IAd0KPy
536=gpAEAoKQBBKCkAQkgBJeEiQ0gBIwNIAABEKCkARUgBm0gAAEZIAZxXaVlQoFxpWVBMLF8N
537=AgBJQASQCWpZUAAjMyIDAEtUAskBTEgBxVVNSAHNBU5IAdUCT0gB3VdQSAGUAmlZUCTQV2
538=hZ1DkiiCJUAiIwbyK8LicpABZAX1ARaQAXKCkAGCgpABkoKQAaKCkAGygpABwoKQAdKCkA
539=HigpAB8oKQAgKCkAIUkBjHsOAAAiSAHZUyMoKQAkKCkAJSgoAAkmAFEAigAAAAAAACcRAA
540=BuDwAgAQBRAAChACgoKQApKCkAKigpACsoKQAsSgGwAZ0GLUkBpKkBLigpAC9JAaq1AjBI
541=AYcFAAAxKCkAMkkBr6EEM0kBp6kBNEkBpakBNUkB96kBNkkB76kBN0kB8akBOEgB3Qo5SA
542=HNBTpIAcEEO0gBwQQ8KCkAPSgpAD4oKQA/SQH5vQpASAHZBkEoKQBCSQGPuQJDSAHRH0RI
543=AdkcRUkB/qUIRkkBJG8FAQBHSQEoqQFISQH/YwQCAElJAaxrAQMASkgBmycDAEtJAaa1Ak
544=xJASd7BgIATUgBhwgCAE5IAXACAQADAE9JASZvAQIAUEoBAgJNAQJDAVEAJUQBAQACAFJS
545=Af//TwEDAFMoKQAXXAJMAmkAGCgpABkoKQAaKCkAGygpABwoKQAdKCkAHigpAB8oKQAgKC
546=kAIUkBkG8NAAAiSQGIqQEjSQGDqQEkKCkAJUkBhrUCJkgBpgEAJygpACgoKQApKCkAKigp
547=ACtJAa57JwAALEgB0TUtSQGrtQIuSQGpqQEvSAHBBDBIAdUNMSgpADIoKQAzKCkANEkBsa
548=UINUkB9qkBNkkB7akBNygpADhIAdFWOUgBwQQ6KCkAO0gBwQQ8SAHRVj1IAdkRPkgB1Vo/
549=SQHwqQxASAHBBEEoKQBCSAHJLUNJAYmlBERJAYepAUVIAY9SAABGSAGFSgBbU1IAHWMEAQ
550=BIVAInewpSAK90DXtTUgCnqQFLQASPcwMATEkBBalOTUgBnAp6U1IAnQoCWVNSdQoARVVQ
551=QASNAQNaUFIAzVJSVALJARhAVIMEAAAZKCkAGkkBkbkCG0kBhakBHCgpAB0oKQAeSQGHoQ
552=QfSAGmAQAgKCkAISgpACIoKQAjSAHNJiRIAdlTJUgBJyEKU8wJQFEnKQAoQASTdwAAKUkB
553=pncjAAAqSAHRBStJAbG1AixJAY65Ai1IAdUCLkkBjbUCL0gB0WEwSAHdNjFJAYuhBDJIAa
554=YBADMoKQA0SAHJQzVIAdFLNkkBerEFN8gBWRA4SQFbtQI5yAFVAjpJAV21AjvIAVUCPEgB
555=0Qk9SAHZUz5IAdUCPygpAEBIAdFWQUgBrgkAQigpAEMoKQBESAHdIEVJAa5IDV0FRkgBya
556=ZHSAEnIgpTAMVKSVUCCL1MSkgB0UtLSAGEKWNRUwAGoQRNVAJNCgBNn05oAbUCT2gBeQID
557=XaRT9U9RVALXTxkAVHgDbQAaKCkAG0kBjG8CAAAcSAHFNB0oKQAeKCkAH0gB2VMgKCkAIU
558=gBzVIiSAGuCQAjKCkAJCgpACVJAZKlBCZIAaQBSE4nZQIoVQKrrSYpSQGpqQEqSAHNBSso
559=KQAsSAHJFy1JAYmlBC5IAdUYL0kBhrUCMEkBsLEJMUkBpqkBMkgBvANITicNAjRVAvqhBD
560=VIAd1BNkgBaE5VLTfIAQEDAAA4SAFoTlUCOcgBVQI6SAFoTlUCO8gBVQI8SQFZuQ09yAFV
561=DD5JAX+1Aj/IAVUCQEgB2aBBSAG8A0hOJ5ECQyhVAERIAdEqRUkBrVgHXQVGSAEnyQlUvE
562=xtn1RYhVkDAUnzVLGYAUjzwQQCSvNUAMFRTEUII0gFXUxNSAGV9AFL81QABEAbQQNPVALR
563=S1AoKwAaAFVMA4kAG0kBkIQBUktVANkyHVQCyQEeKCkAH0gBwZMgKCkAIUkBiqUIIkgBpA
564=FQSyeJASQoVQAlKCkAJigpACcoKQAoSAGYaXyZJwUBKlQC3QorKCkALEgB0SotSAHdeC5I
565=AclOL0gB1RgwSQGLqQgxSAHJDDJIAbACUEsntQE0KFUANUgBJ2MdVQBksQU3VAJoAVU4OE
566=kBOlwAQQM5yAFVATpIAXBLAQQAADvIAQEFAAA8SAFwS0UzPcgBSU4+SAFwS1UCP8gBVQJA
567=SAHVWkFIAcmbQkgBRA1pAEMoKQBEKCkARUgBzRtGSAGEl2PrVQAHXAtdBkhUAoWXAFFLVe
568=lOSlUCIFYDAAFRS1X1T0woVQBNSAGcTHFLVShxCVXzmBsAVnwHbQAcSAHFSh1IAcFGHkgB
569=1UQfSAFgBU0AICgpACEoKQAiKCkAIygpACQoKQAlSQGsXCxFCCZJAaqpASdIAUQCaQAoKC
570=kAKSgpACooKQArKCkALEkBsKUILUkBqakBLkkBjGsJAAAvSQGGqQEwSAHdTDFJAZG1AjJI
571=AdFLM0gBJekuNEgBvgMANUgBJxsJVgBjuQI3VAJoAUEOOEgBeEhRNDnIAVFAOkkBPFQDWQ
572=U7yAFVATxJATtcAFUCPcgBVQE+SQF1SAJJAD/IAVUCQMgBXQpBSAHFSkJJAfVUA00FQ0gB
573=WABpAEQoKQBFKCkARigpAEcoKQBISAHRS0lIAdFLSigpAEsoKQBMKCkATSgpAE5IAYRKcd
574=pXfA9uAB0AJykAHigpAB8oKQAgKCkAISgpACIoKQAjKCkAJEgBwTslSQGlpR4mSAFoDU0A
575=JygpACgoKQApKCkAKigpACsoKQAsKCkALUgB0UAuSAHNXS9JAYpcC0kAMEkBsaEPMUgBJZ
576=kkMkgBJTkjM0gB2TI0SAHVAjVIAdUCNkkBY0QJSTg3yAFJQzhJAUK9CjlJAUOpATpIAWBG
577=TQU7yAFNBTxIAWBGVQI9yAFVAj5IAWBGSQE/yAFZlUDIAVmVQUgB3dtCSAFIEGkAQygpAE
578=QoKQBFKCkARigpAEcoKQBIKCkASSgpAEooKQBLKCkATCgpAE0oKwAdAFh8D20AHigpAB8o
579=KQAgKCkAISgpACJJAZNxBgBI0icFASRUArICACVIAcU0JkgB1QInKCkAKCgpACkoKQAqSQ
580=GPsQUrSAGmAQAsKCkALSgpAC4oKQAvSQGysTUwSAHFEzFIAd2DMkgBxT8zKCkANEkBea0M
581=NcgBUQg2SQFgtQI3yAFVAjhIAXg9QQM5yAFVAjpJAURcAFUCO0kBPakBPMgBVQE9SAFokE
582=EEPsgBVQI/SQFzSAJJAEDIAVUCQUgB0RRCSAEnLBEnfQVEVAJIBmkARSgpAEYoKQBHKCkA
583=SCgpAEkoKQBKKCkASygpAEwoKgAeAGzpZgwAHygpACAoKQAhKCkAIigpACMoKQAkKCkAJS
584=gpACYoKQAnKCkAKCgpACkoKQAqSQGOihAAK0gBpAFQQCdlAi0oVQAuKCkALygpADAoKQAx
585=SAElTSsySAHdKzMoKQA0SAFwQF14NcgBUXc2SAFwQFUCN8gBVQI4SAFwQFUCOcgBVQI6SA
586=HVhjtIAXBAQQQ8yAFBBD1IAXBAVQI+yAFVAj9IAXBAVQJAyAFVAkFIASd8ECfFA0NUAt0g
587=RCgpAEUoKQBGKCkARygpAEgoKQBJKCkASigpAEsoKwAfAFrGDAAgKCkAIUkBjb0CIkkBha
588=kBI0gBJeUzJEgBsAJMficFASYoVQAnKCkAKCgpACkoKQAqSQGSqQgrSAGkAVo9WgDBDy1U
589=AtUNLkgBwQQvSAHBBDBIAcEEMUgBwQQySAHZfzNJAWW5AjTIAV1tNcgBQTA2SAFovE0EN8
590=gBQQQ4SAHNwDlIAWg4QQQ6yAFBBDtJAT5cAFUCPMgBVQE9SAF0RFUCPsgBVQI/SQFySAJJ
591=AEDIAVUCQUgBJ7gHJ/kEQ1QCXARpAEQoKQBFKCkARigpAEcoKQBIKCkASSgpAEooKgAgAC
592=LINnoKACFJAZCGAQAiSAElQS8jKCkAJEgB2T0lKCkAJkgByS0nSAGiCAAoKCkAKSgpACoo
593=KQArKCkALEgBJQkoLUgBJQkoLkgB0QkvSAHBBDBIAcn+MUgBwQQySAEnYgdbAGA7QWc0VA
594=JoAVntNcgBWe02SAFgO008N8gBTQU4SAHZtjlIAWA7QQQ6yAFBBDtIAWA7VQI8yAFVAj1I
595=AWA7VQI+yAFVAj9IAWA7VQJAyAFVAkFIAdGNQkgBJQUiQ0gB3bpESAHBGkUoKQBGKCkARy
596=gpAEgoKQBJKCsAIQBcwAhKOFwAzSYjVAIlxSQkSAHBOyUoKQAmKCkAJ0gB1TkoSAHVCSko
597=KQAqKCkAKygpACxIAdUNLUgB1Q0uSQGJqQgvSAHdNjBIAbICADFIASeqJlwA1SMzVQJhpQ
598=Q0yAFdYjVIAWgtQQM2yAFVAjdIAd02OEgBJ24OXADdrzpUAnyvWQY7yAFZBjxIAWw8VQI9
599=yAFVAj5JAXZIAkkAP8gBVQJAyAFVOUFIAdEUQkgB2XRDSAFIBmkARCgpAEUoKQBGKCkARy
600=gpAEgoKAABIgBdAMGeI0gBZAlNACRIAdEqJUgB3TYmKCkAJ0gB1WUoSAFIBmkAKSgpACoo
601=KQArKCkALEgB1ektSAFsBk0ALigpAC8oKQAwSAEl+SUxSAEn3RxdKLIGXQBwNVUjNEAEaA
602=FNXTVIAXA1VQI2yAFVAjdIAWhvVQ04yAFdKzlIAck4OkkBRUgCQQQ7SAF8NlkGPEgBcDVR
603=CT3IAVUCPkgBcDVJAT/IAUF9QMgBQX1BSAEnswZdAPS9CkNUAlgLaQBEKCkARSgpAEYoKQ
604=BHKCsAIwBeaAZtACRIAd2kJUgBzV0mKCkAJ0gBzV0oSAFsBk0AKSgpACooKQArKCkALEgB
605=2T0tSAHFrS4oKQAvKCkAMEgBxT8xSAFYC2kAMkgBJxsUXgBibwIAADRUAmgBXR81SAFkKU
606=EDNsgBVQI3SAF4Ml0rOMgBUSo5SAEnWgZeAHQ5WQY7VAJoAVkGPEkBb0gCSQA9yAFVAj5J
607=AX5IAkkAP8gBVQJASAHNMUFIAc0xQkgBXARpAEMoKQBEKCkARSgpAEYoKwAkAF9oBm0AJS
608=gpACYoKQAnKCkAKCgpACkoKQAqKCkAKygpACxIAcE7LUgBwTsuKCkALygpADBIAc08MUgB
609=bBFNADJIAScBBl+AMFEqNFQCYDBRKjVIAWAwVQI2yAFVAjdJAUJUJEUIOEgBYARJATlIAd
610=2ZOkgBdC5ZBjvIAVkGPEgBYDBVAj3IAVUCPkgBYDBVAj/IAVUCQEgB2ZVBSAFYC2kAQigp
611=AEMoKQBEKCkARSgqACUAIvQrdgYAJigpACcoKQAoKCkAKSgpACooKQArKCkALCgpAC0oKQ
612=AuKCkALygpADAoKQAxSQH7oSUySAHFSjNJAXuAE05dYABoAU0ENVUCbrUCNsgBVQI3SAHR
613=KjhIAWgtQSU5yAFBJTpJAW25BjvIAVkGPEkBfbUCPcgBVQI+SAHNED8oKQBAKCkAQUgB0f
614=tCSAGiCABDKCkARCgpACaYqIkEJygpACgoKQApKCkAKigpACsoKQAsKCkALUkBwI4JAC7I
615=AQkBAAAvAGEAwAAAAAIRAADIBOgJBgAAMABhAJEAAGAAAjEAYQCLYwEAADJKAfYBjQEzSQ
616=F7RAEBAgAANMgBAQMAADVJAW61AjbIAVUCN0kBa1QCSQA4yAFRCDlJAWxIAkkAOkkBbVwA
617=UQk7yAFZBjxJAX21Aj3IAVUCPkkB7VgHQQM/SQHyqQFASQH0qQFBSAFQA2kAQigpAEMoKw
618=AnAGJwA20AKCgpACkoKQAqKCkAKygpACwoKQAtSQHAXAdZES7IAQEEAAAvyQEFeydiAAFY
619=EUkAMVQCaAFNGzJJAfpIAkUHM0gByRc0SAHBGjVIAXgnUQk2yAFRCTdIAXgnRQg4yAFBDz
620=lIAXgnXQk6SAF4J1kGO8gBWQY8SAHdCj1IAdUNPkgBwSU/SAFIEWkAQCgpAEEoKQBCKCsA
621=KABjfARtACkoKQAqKCkAKygpACwoKQAtSQEGRBRdBi7IAVUBL0gBaCJRFDDIAQEGAAAxyQ
622=EHfUxjmCcBCAAAM9UCCX5MYwDZJzVUAsEaNkgB2Rw3KCkAOCgpADlIAc0FOkgBzQU7KCkA
623=PEkB8FgSURQ9SAFYAGkAPigpAD8oKQBAKCkAQSgrACkAZGgGbQAqKCkAKygpACwoKQAtSA
624=FoIlU5LsgBVTkvSQGPfAdtR2SRHwtoIqkBDGgiqQENaCKpAQ5rImQA9VgGVRc1RAhEAWkA
625=NkgBwSU3SAHRHzhIAcU/OUgBYAVNADpIAc0FO0gBzQU8SAHNBT1IAVwEaQA+KCkAPygpAE
626=AoKwAqAGV8BG0AKygpACwoKQAtSAFwH0VVLsgBUUAvSQGScAZwHycFATFUArACXI4nVQAz
627=VAJkHkUINMgBRQg1yAFZSDZIAdkGNygpADgoKQA5KCkAOigpADsoKQA8KCkAPSgpAD4oKQ
628=A/KCsAKwBm0g0ALCgpAC1IAXgcWREuyAFVWi9IAdEFMEgB2T0xSAHVAjIoKQAzKCkANEgB
629=ZB5FYDXIAQEKAAA2yAFVRDdIAcUIOCgpADkoKQA6KCkAOygpADwoKQA9KCkAPigrACwAZ9
630=oKAC1JAQdQTF0BLsgBVQEvSAFEAmkAMEkBjGABc1ZnAIWpATJVAoepATNIAaQBXMUnXQE1
631=VAJsG0lZNsgBAQ8AADdJAfhQBUkMOEgBRAFpADkoKQA6KCkAOygpADwoKQA9KCgAAS0AaA
632=BoF5xtqAGdbWhsCm0AMEAEJ+sCaACDbAJ/bWgAhqkBM0AEpAFIFyfZADUoVQA2SAF8FV0K
633=N8gBWVM4yAFZUzlIAcUIOigpADsoKQA8KCsALgBpnBVZBi9IAdkGMEkBkK0BMUkBiKkBMk
634=kBiqkBM0gBpAFRFGnEAVzxJykANiiBADdIAXwVTVI4yAFFrTnIAVUuOkgByQg7KCsALwBq
635=0gIAMCgpADEoKQAyKCkAMygpADQoKQA1KCkANigpADcoKQA4SAFkE0UpOcgBRSk6yAFKIj
636=AAZOGZEDEoKQAyKCkAMygpADQoKQA1KCkANigpADcoKQA4KCkAOUgBbBBWIzEAZOyVDTIo
637=KQAzKCkANCgpADUoKQA2KCkANygpADgoKgAyAHj1nQozKCkANCgpADUoKQA2KCkANygqAD
638=MAIpwghQg0KCkANSgpADYoKwA0AG+ABVEANSgoAAEAAAAAEQAA

[Terrain]
55089=TIBTRE02
55031=TIBTRE02
25065=TIBTRE02
85048=TIBTRE02
36055=TIBTRE02
75058=TIBTRE02
63018=TREE14
67033=TREE14
65046=TREE14
53045=TREE14
48043=TREE02
39046=TREE02
57053=TREE02
48035=TREE02
63023=TREE02
68027=TREE04
66018=TREE04
58019=TREE05
62019=TREE06
66025=TREE06
64038=TREE06
53047=TREE06
55046=TREE07
47044=TREE07
40040=TREE07
41049=TREE08
40038=TREE08
49054=TREE08
49050=TREE10
58049=TREE11
55041=TREE11
47032=TREE11
49033=TREE12
48034=TREE13
67039=TREE13
65034=TREE12
65036=TREE11
64034=TREE10
67036=TREE08
66022=TREE07
62032=TREE06
62033=TREE05
63032=TREE04
60043=TREE04
70050=TREE11
69047=TREE12
68048=TREE13
62057=TREE13
46059=TREE13
62013=TREE14
64009=TREE13
67016=TREE11
72018=TREE10
65020=TREE08
64017=TREE07
64020=TREE05
45047=TREE05
62050=TREE08
47101=TREE08
45085=TREE08
42068=TREE08
50062=TREE08
67070=TREE08
78069=TREE08
79072=TREE02
65064=TREE02
62074=TREE02
53078=TREE02
68088=TREE02
50103=TREE02
49101=TREE03
41071=TREE03
42070=TREE04
59083=TREE04
44083=TREE04
59066=TREE04
72064=TREE04
80070=TREE05
64065=TREE05
51071=TREE05
47084=TREE06
55100=TREE06
65085=TREE06
77071=TREE06
67083=TREE07
65082=TREE08
75080=TREE10
75078=TREE11
73080=TREE12
74079=TREE13
68076=TREE14
72071=TREE15
57075=TREE07
39068=TREE07
52101=TREE07
62095=TREE07
87067=TREE08
84069=TREE07
83066=TREE06
100045=TREE06
12059=TREE06
28044=TREE04
30048=TREE02
24048=TREE05
26058=TREE05
14056=TREE07
14054=TREE08
13055=TREE10
19061=TREE10
23061=TREE11
17051=TREE12
19048=TREE13
30056=TREE14
31054=TREE02
29052=TREE04
28058=TREE07
28060=TREE06
25060=TREE12
83056=TREE12
95050=TREE13
99055=TREE14
89064=TREE08
84060=TREE08
88053=TREE06
85054=TREE05
82057=TREE04
83059=TREE02
84063=TREE14
98056=TREE12
98053=TREE11
82054=TREE10

[Infantry]
0=Neutral,COW,256,62,16,2,Guard,0,None,0,-1,0,1,1
1=Neutral,COW,256,62,18,2,Guard,0,None,0,-1,0,1,1
2=Neutral,COW,256,45,91,2,Guard,0,None,0,-1,0,1,1
3=Neutral,COW,256,47,92,2,Guard,0,None,0,-1,0,1,1

[Structures]
1019032=Neutral,CAHSE07,256,49,101,0,None,0,0,1,0,0,None,None,None,0,0
1019033=Neutral,CAFARM01,256,45,94,0,None,0,0,1,0,0,None,None,None,0,0
1019034=Neutral,CAFRMA,256,62,9,0,None,0,0,1,0,0,None,None,None,0,0
1019035=Neutral,CAFARM02,256,66,16,0,None,0,0,1,0,0,None,None,None,0,0
1019036=Neutral,CAFARM01,256,64,17,0,None,0,0,1,0,0,None,None,None,0,0
1019037=Neutral,SNODUSLAMP,256,65,25,0,None,0,0,1,0,0,None,None,None,0,0
1019038=Neutral,SNODUSLAMP,256,89,55,0,None,0,0,1,0,0,None,None,None,0,0
1019039=Neutral,SNODUSLAMP,256,58,75,0,None,0,0,1,0,0,None,None,None,0,0
1019040=Neutral,SNODUSLAMP,256,48,85,0,None,0,0,1,0,0,None,None,None,0,0
1019041=Neutral,SNODUSLAMP,256,31,55,0,None,0,0,1,0,0,None,None,None,0,0
1019042=Neutral,SNODUSLAMP,256,55,36,0,None,0,0,1,0,0,None,None,None,0,0

[OverlayPack]
1=FgAAIIH//jsc/4HMQAH++AH/Qfn/vQFDHIBjAAAggf/+QgD/gcz+/wH///oFQwCBzDAB/v
2=oB/4FmEAH++wH/IgD/+wFCCv/8AT4Mga5R///6AUIMIfz/+QFCEIGvVAD++gH//wACPhQi
3=Av7oA/+BqUAIgaj+AAL/gaz+ygH/gf+AcwAAIIH/8wAAgmZm/vsB/4FmMAH++QH/QgD/+A
4=E6AlH///wBOwQwBf7zAf+Bqv/6ATEEgaj/CAIsAkIB/uwB/4Gp0CUI/vwB////ATgQ/gUC
5=/2oQ/h0C/4Gu/tUB/4Gr/hkC/4Gv/tAB/4GxQAiBrP7UAf+B/4DUAAAggf/sAACBrP7uAf
6=+BZjAHgbDbAQKBrf7XAf+CZmZCANIdAMpFAsgwACA0ADvYHgT+owH/IcHRWQQh94Gq4f4F
7=/70BXARhx9I+AoKuqeE5Bv+9AVkG9lgI/8YBVAj0GQqBrv/IAVEKQb/KXAwB3eb1Df++AV
8=cEy1MI014Oga//UwAACv6JAf/7Uwj/wgFWDOEXEHABgavcCgj+sgH/3RgUgbHj+RX+wAH/
9=/R0S/scB/9RdGEwQ0zAA/8sBWxjbGwDPRQLCOAj/3wFbGuX+Af6eAf+B/4B/AAAggf/wAA
10=CBsNoXAIGuQAiBZv7QAf+Bqf77Af+Bq/4RAv///AErAmABga3+/wH/gaxZ7f7uA/+Brw3e
11=AAH+7wH/yT8KEf//8QE6Ds4sEGIBgar+7wH/Qf//+QE8ECH8//sBOhRUAIJmrP73Af//AA
12=I2FM02Ev7xAf9h//+/AScEgFgAACCB//YAAIJmZv7zA/+BZv/+AToAAf8iAoGp/vcB/zIA
13=//kBMQQR+8wxCIGs/uwB/0P/yTQKgav+7AH///8BLghSAv73Af+BzGAB/vYB///3ATQS/9
14=4JIhSAEAAAIIH/5wAAgcxQAf7LH/+B/4AJAAAggf/+/h//gf+ACQAAIIH//v4f/4H/gAkA
15=ACCB//7+H/+B/4AJAAAggf/+/h//gf+ACQAAIIH//v4f/4H/gAkAACCB//7+H/+B/4AJAA
16=Aggf/+/h//gf+ACQAAIIH//v4f/4H/gAkAACCB//7+H/+B/4AJAAAggf/+/h//gf+ACQAA
17=IIH//v4f/4H/gAkAACCB//7+H/+B/4AJAAAggf/+/h//gf+ACQAAIIH//v4f/4H/gAkAAC
18=CB//7+H/+B/4AJAAAggf/+/h//gf+ACQAAIIH//v4f/4H/gAkAACCB//7+H/+B/4AJAAAg
19=gf/+/h//gf+ACQAAIIH//v4f/4H/gAkAACCB//7+H/+B/4AJAAAggf/+/h//gf+ACQAAII
20=H//v4f/4H/gAkAACCB//7+H/+B/4AJAAAggf/+/h//gf+A

[OverlayDataPack]
1=HgAAIIEA/jscAIIGCiABgQz++AEAgQEwB4EF/rsBAIEAgHIAACCBAP5CAACBBf7/AQD/+g
2=VDAIICChABgQn++gEAhQQHBwcG/vsBAIUHCwsLCv/7AUIKgQgCAIILCP75AQCDBgoLGAH/
3=+QFDDAX/ggoA//sBQhA0AP/6AUMOgwAGCAIC//wBQgqCAAb//QFBCv7BBQCBAIBsAAAggQ
4=DzAACCBgb++wEAhgQHCAoKCP/6ATgAgggLEAGBCv/4AToCiQYKCwoKCgsLB/73AQASAIEA
5=//sBOAYGABQA//kBOgQUAQABgQj++gEAgQcCAf/6AToKIgGBCv/5ATsI/wICMgD+ywsAgQ
6=CA9wAAIIEA/h4CAIED/v0BAIMGCAf17AGFBgcHBwT+vAEAiAMGBwgKCwoI71wEAjYQO4ML
7=Cwj+vQEAgQgBwvJZBoEHMDmBCwI9ggcG/7oBHwJBx4IKBvYjCP++AVkGFACDCgoK714KgQ
8=YV/BA68R8K/okBAIEHIcCBAAgD7h8EgQYYOQA6/7sBXQqBAyH/M8bwHwaBCEQA/7oBXwpJ
9=/vRZCiYDEDn/uQFcBMlTCvEgCjIB/7oBXhCBBMBZBE/H8lsUNEDxHwT+jQEAwVgEAgeBCO
10=4mFIEEEjv/uwFeDMwRGPBfEgoE/8EBXhb74QP/yAFeGPTiFf6kAQCBAIBrAAAggQD+WQAA
11=gQH+3Q0AhAYHBwb++wEAhgYKCwsKB/76AQCCCAsAAYEK//kBOw4D/4UKCgoLCP74AQCBBw
12=P9gQACBP/4AT0SRACBC//5ATwQgQcB/QAB//oBPBD//wE3EoYABAgKCgj/wwE+HIBqAAAg
13=gQD2AACCBgb+8wMAggYH//0BOwCFBgoLCgj/+wExBIMICgoCAv/5ATMGiAYKCgAKCwsH/v
14=gBAIIHC//+AS8IggQIA/6CCwj++wEAhQYHBwcE/vcBAAf+MAH/9wEzDoEF/v8BAP/VCSsU
15=gBMAACCBAOcAAIIDCjABgQj+yx8AgQCACQAAIIEA/v4fAIEAgAkAACCBAP7+HwCBAIAJAA
16=AggQD+/h8AgQCACQAAIIEA/v4fAIEAgAkAACCBAP7+HwCBAIAJAAAggQD+/h8AgQCACQAA
17=IIEA/v4fAIEAgAkAACCBAP7+HwCBAIAJAAAggQD+/h8AgQCACQAAIIEA/v4fAIEAgAkAAC
18=CBAP7+HwCBAIAJAAAggQD+/h8AgQCACQAAIIEA/v4fAIEAgAkAACCBAP7+HwCBAIAJAAAg
19=gQD+/h8AgQCACQAAIIEA/v4fAIEAgAkAACCBAP7+HwCBAIAJAAAggQD+/h8AgQCACQAAII
20=EA/v4fAIEAgAkAACCBAP7+HwCBAIAJAAAggQD+/h8AgQCACQAAIIEA/v4fAIEAgAkAACCB
21=AP7+HwCBAIAJAAAggQD+/h8AgQCACQAAIIEA/v4fAIEAgA==

[AITriggerTypesEnable]
0CAD0DCC-G=yes
0CAD0C7C-G=yes
0CAD0B2C-G=yes
0CA6621C-G=yes
0CDF8EDC-G=yes
0CDF8D8C-G=yes
0C0C7AEC-G=yes
0D62199C-G=yes
0CDF899C-G=yes
0D6216FC-G=yes
0D6215AC-G=yes
0D62145C-G=yes
0D0803CC-G=yes
0C32599C-G=yes
0CE23AAC-G=yes
0CA1F84C-G=yes
0CE26CAC-G=yes
0CE26B5C-G=yes
0CAD145C-G=yes
0CAD130C-G=yes
0CE2395C-G=yes
0D084B5C-G=yes
0D084A0C-G=yes
0D0848BC-G=yes
0CAD2AEC-G=yes
0D08461C-G=yes
0D0873DC-G=yes
0C8E2C3C-G=yes
0CAD25AC-G=yes
0D087D8C-G=yes
0C8B81BC-G=yes
0CADDEDC-G=yes
0C92C45C-G=yes
0C9565AC-G=yes
0C92C1BC-G=yes
0CADD99C-G=yes
0C9561BC-G=yes
0CE2EA2C-G=yes
0CE2E8DC-G=yes
0C955C3C-G=yes
0C955AEC-G=yes
0C8C71BC-G=yes
0C8C6EDC-G=yes
0D052AEC-G=yes
0CE44D0C-G=yes
0CA5945C-G=yes
0CAD2C3C-G=yes
0D535EDC-G=yes
0AA846FC-G=yes
0AA845AC-G=yes
0C8C645C-G=yes
0AD2BAEC-G=yes
0C96F5AC-G=yes
0C96F45C-G=yes
0CB2CEDC-G=yes
0C91D45C-G=yes
0CAD5AEC-G=yes
0D2C45DC-G=yes
0D2C448C-G=yes
0C8C56FC-G=yes
0D2C41EC-G=yes
0CA6AEDC-G=yes
0C0D251C-G=yes
0C8C51BC-G=yes
0CA24D8C-G=yes
0C8BC5AC-G=yes
0C8C4C3C-G=yes
0D53430C-G=yes
0ECCFCAC-G=yes
0ECCFA7C-G=yes
0C8EEEDC-G=yes
0C0D184C-G=yes
0ECCF68C-G=yes
0C8C430C-G=yes
0C87B99C-G=yes
0ECCF29C-G=yes
0ECCF14C-G=yes
0C8EEAEC-G=yes
0C87B45C-G=yes
0ECCBC3C-G=yes
0C8EE1BC-G=yes
0ECCB7FC-G=yes
0C32D84C-G=yes
0ECCB55C-G=yes
0ECCB40C-G=yes
0ECCB2BC-G=yes
0CB29EDC-G=yes
0C8C2C3C-G=yes
0C8C2AEC-G=yes
0A31295C-G=yes
0C87E5AC-G=yes
08A3EEDC-G=yes
0D022B1C-G=yes
0C1246FC-G=yes
0C1245AC-G=yes
0D0B3B9C-G=yes
0CA2A04C-G=yes
0CA2B06C-G=yes
0CA2FEDC-G=yes
0D2769BC-G=yes
0A452E5C-G=yes
0A452C6C-G=yes
0A44F2CC-G=yes
0A44F17C-G=yes
0D53099C-G=yes
0612B11C-G=yes
06C551AC-G=yes
0612CD8C-G=yes
0ABC484C-G=yes
05FFB18C-G=yes
05FFA7DC-G=yes
06002BFC-G=yes
05CB5B6C-G=yes
07C04EDC-G=yes
07C04C7C-G=yes
07C0B14C-G=yes
05FC1A8C-G=yes
05FC50EC-G=yes
05FC3C9C-G=yes
05FC37CC-G=yes
05FC333C-G=yes
05FC0C9C-G=yes
05FC088C-G=yes
05FC75CC-G=yes
05FC747C-G=yes
08B9154C-G=yes
08B911BC-G=yes
08B9213C-G=yes
08B9356C-G=yes
08B9305C-G=yes
08B9483C-G=yes
08B9423C-G=yes
08B940EC-G=yes
08B9586C-G=yes
0611A33C-G=yes
0611A1EC-G=yes
08B9641C-G=yes
08B97C6C-G=yes
08B9767C-G=yes
08B9708C-G=yes
05FC1C5C-G=yes
0612EAEC-G=yes
0612F9AC-G=yes
05FC13EC-G=yes
08B90B1C-G=yes
08B902EC-G=yes
0612F46C-G=yes
044082BC-G=yes
07C310BC-G=yes
07C329FC-G=yes
07C3266C-G=yes
07C33DDC-G=yes
0616004C-G=yes
07C330CC-G=yes
07C30A5C-G=yes
07C4853C-G=yes
043F521C-G=yes
043F874C-G=yes
043F40BC-G=yes
05CBC2EC-G=yes
05CBC19C-G=yes
05CBC04C-G=yes
078F4B2C-G=yes
05CB830C-G=yes
05CBAEDC-G=yes

[Triggers]
090AC3BC=Neutral,<none>,@Sounds,0,1,1,1,0

[Events]
090AC3BC=1,13,0,0

[Actions]
090AC3BC=8,99,7,_Amb_BirdsTemperate1,0,0,0,0,AA,99,7,_Amb_BirdsTemperate2,0,0,0,0,AB,99,7,_Amb_BirdsTemperate1,0,0,0,0,AC,99,7,_Amb_BirdsTemperate2,0,0,0,0,AD,99,7,_Amb_BirdsTemperate1,0,0,0,0,AE,99,7,_Amb_BirdsTemperate2,0,0,0,0,AF,99,7,_Amb_WavesLake,0,0,0,0,AG,99,7,_Amb_WavesLake,0,0,0,0,AH

[Tags]
090AEDAC=0,@Sounds,090AC3BC

[Digest]
1=NOy3JWf36kuesiaOB0B2EY8ZRok=

