[GAYARD]
Name=Allied Shipyard
TechLevel=11

[NAYARD]
Name=Soviet Shipyard
TechLevel=11

[YAYARD]
Name=Yuri Submarine Pen
TechLevel=11

[Header]
StartX=228
StartY=35
Width=55
Height=41
NumberStartingPoints=2
NumCoopHumanStartSpots=4
Waypoint1=233,57
Waypoint2=278,57
Waypoint3=0,0
Waypoint4=0,0
Waypoint5=0,0
Waypoint6=0,0
Waypoint7=0,0
Waypoint8=0,0

[SpecialFlags]
TiberiumGrows=yes
TiberiumSpreads=yes
TiberiumExplosive=no
DestroyableBridges=yes
MCVDeploy=no
InitialVeteran=no
FixedAlliance=no
HarvesterImmune=no
FogOfWar=no
Inert=no
IonStorms=no
Meteorites=no
Visceroids=yes

[Ranking]
ParTimeEasy=00:01:00
ParTimeMedium=00:01:00
ParTimeHard=00:01:00
UnderParTitle=GUI:NoUnderParTitle
UnderParMessage=GUI:NoUnderParMessage
OverParTitle=GUI:NoOverParTitle
OverParMessage=GUI:NoOverParMessage

[Houses]
0=Americans
1=Alliance
2=French
3=Germans
4=British
5=Africans
6=Arabs
7=Confederation
8=Russians
9=YuriCountry
10=GDI
11=Nod
12=Neutral
13=Special

[Americans]
Country=Americans
TechLevel=0
Credits=0
IQ=0
PlayerControl=yes
Color=Gold
Allies=Americans
PercentBuilt=0
NodeCount=0

[Alliance]
Country=Alliance
TechLevel=1
Credits=0
IQ=0
PlayerControl=no
Color=Gold
Allies=Alliance
PercentBuilt=0
NodeCount=0

[French]
Country=French
TechLevel=1
Credits=0
IQ=0
PlayerControl=no
Color=Gold
Allies=French
PercentBuilt=0
NodeCount=0

[Germans]
Country=Germans
TechLevel=1
Credits=0
IQ=0
PlayerControl=no
Color=Gold
Allies=Germans
PercentBuilt=0
NodeCount=0

[British]
Country=British
TechLevel=1
Credits=0
IQ=0
PlayerControl=no
Color=Gold
Allies=British
PercentBuilt=0
NodeCount=0

[Africans]
Country=Africans
TechLevel=1
Credits=0
IQ=0
PlayerControl=no
Color=DarkRed
Allies=Africans
PercentBuilt=0
NodeCount=0

[Arabs]
Country=Arabs
TechLevel=1
Credits=0
IQ=0
PlayerControl=no
Color=DarkRed
Allies=Arabs
PercentBuilt=0
NodeCount=0

[Confederation]
Country=Confederation
TechLevel=1
Credits=0
IQ=0
PlayerControl=no
Color=DarkRed
Allies=Confederation
PercentBuilt=0
NodeCount=0

[Russians]
Country=Russians
TechLevel=1
Credits=0
IQ=0
PlayerControl=no
Color=DarkRed
Allies=Russians
PercentBuilt=0
NodeCount=0

[YuriCountry]
Country=YuriCountry
TechLevel=1
Credits=0
IQ=0
PlayerControl=no
Color=DarkRed
Allies=YuriCountry
PercentBuilt=0
NodeCount=0

[GDI]
Country=GDI
TechLevel=1
Credits=0
IQ=0
PlayerControl=no
Color=Gold
Allies=GDI
PercentBuilt=0
NodeCount=0

[Nod]
Country=Nod
TechLevel=1
Credits=0
IQ=0
PlayerControl=no
Color=Gold
Allies=Nod
PercentBuilt=0
NodeCount=0

[Neutral]
Country=Neutral
TechLevel=1
Credits=0
IQ=0
PlayerControl=no
Color=Grey
Allies=Neutral
PercentBuilt=0
NodeCount=0

[Special]
Country=Special
TechLevel=1
Credits=0
IQ=0
PlayerControl=no
Color=Grey
Allies=Special
PercentBuilt=0
NodeCount=0

[Basic]
NextScenario=GDI2A.map
AltNextScenario=GDI9C.MAP
NewINIFormat=4
CarryOverCap=0
EndOfGame=no
SkipScore=no
OneTimeOnly=no
SkipMapSelect=no
Official=yes
IgnoreGlobalAITriggers=no
TruckCrate=no
TrainCrate=no
Percent=0
Theme=No theme
MultiplayerOnly=1
TiberiumGrowthEnabled=yes
VeinGrowthEnabled=yes
IceGrowthEnabled=yes
TiberiumDeathToVisceroid=yes
FreeRadar=no
InitTime=10000

[Lighting]
Ambient=1.000000
Red=1.000000
Green=1.000000
Blue=1.000000
Ground=0.050000
Level=0.008000
IonAmbient=0.870000
IonRed=0.300000
IonGreen=0.400000
IonBlue=0.750000
IonGround=0.000000
IonLevel=0.000000
DominatorAmbient=1.500000
DominatorRed=0.850000
DominatorGreen=0.200000
DominatorBlue=0.300000
DominatorGround=0.000000
DominatorLevel=0.000000
DominatorAmbientChangeRate=0.001000

[Preview]
Size=0,0,111,41

[PreviewPack]
1=JSAAIAAAAAAAAAAAAAAAAAAAAAAAAAAAAAAAAAAAAAAAAAAAAA7NnFjip1emcj6Saj3YoF
2=bcql3YpFrOmVjXnla3d0G5fkq2hlOxdkbipV/Jk1TCkFKMXjiugEnJmFXaqFzXs2rTq2TM
3=o2LXr2fNqWSsgUzBnF3hu2zetGeqgk+4llnUs2m3llu3iE6KWze3iEzFlVSdd0vTmlPVk0
4=7Rkk/moFW5hlKzkVvKoV2keknDnl7NqmW5mFvRlk+IXDa4iErVolm3hEuJXDfCklPKllPX
5=q2HRrGXVq2TMpGLatWnDm1upgU3Vr2ffuGvQpV+ifk3Oq2S+m1yDZUfOiUikZDeOXDW/gU
6=bUlE/goVPMjE3WllDgmErepFbDiUiFXjjOmFHOm1eicEGWaT3KmFbYpl3YplrSnFnVnli+
7=klWbbEOYWzOdaTrAg0jLjE+rhVXJpGDVrmTUq2XPqWW/n2DGmVeweUCNZTvZolbNmlaUZD
8=ukdkO8fUHslkajaDerbjjPezvwqlXPkUvQl1DyrFSfYzenfknNq2bQpWDYpFfko1bZhUCV
9=YTm+iUizcjvsnEvqqFbUk03Sk1DmnlDIfD+BTzC2fULBfkPtlkWMVCynZjTgjUObakC3cD
10=yWYzrAiUfGgkKyeEPQmlLBk1Lcr13fplWZZ0OwdELCeD6EUjHAg0W+fUOgbULGfD6ZZDS9
11=cznZgz7EeT6ZaT3Bh0bAeDvzqFPko1TNjEvbm1LflUqsaDiLWTS9gUXTiUTSgjyBTyrHej
12=vQfDx9VT/HikzGi0q5kFLMm1LWnFPVoVXGmVbZpVTUj0X5pk23cjqbZTTIdznbhT6paTqo
13=d0G8f0LemE3Zmk7Kj03xsFjRjkivd0K/iEy8k1PLmE+6fkeTY0HnpFXcmlDMjU3qpFO4fU
14=auckCwbzinbDfQezvchz+cYzm3g0bdtmnbsGi5lVnCmVbMpmXJo1/EomLKpWjUrGjBnWbV
15=sXHpwn7ow37Zt27UrGnMoV7EoWLXtWrHmFPYolfgq1u8kFHOpFrmsVzUlU6xhlHHn1jPmV
16=LUmVSwhk/Djk3cm1fJlVPPpV/WsWvat2rPp2HPpmHQrmvLqm3QrWvKpWGohVLSmFPQlE63
17=jlTLoVfUnVPHlVPIomPHpWbIomHNo2LHn13IpmbYsWPFk0/fqFrVpFjDl1bftGDip1fIj0
18=27k1bLn1XfolbAjVG6jVDEjE3WllK/lFPWt27jwXbfvHPWtW/evHPgvnTauHLbtWvPqmPi
19=tWnGpGXYsmrQqWXdsWbTrGXWtGzfuWrgtmrUr2bAoF/UsGXSqGTMp2TYtnHTsm/duXK8lV
20=+1h1bepGDMm1vKnV/ot2XTmVjEl1nCoWbIo2HGnmHQpWHHo2PVsGrwzHzy0oXoxHngvHPm
21=wHbZs3TguHfgv2LeyEHq1Ujs1kLm0EHq00Ps00zlw2vXsnXguXbnwnflwnjeunPiwHbVsm
22=7ctm/YtXDLrGzZtnLUsW3Ws2/fvXT1zX/xzH+nmlbIqmjyyn3+0n/zyHnrw3jrxHjjvXTZ
23=s23huXHivHPwyHjrxnnmwnbuyXvnxHjrx3nmwHXpxXnjv3batXHeunPZtnHjvXTnwnjjvn
24=Xkv3XmwXXnw3fkv3Tkwnbkwnbsx3noxHflwnfhv3bpxXnjwnjkxHnauHDXs27Ur2zNq2nK
25=pmjfuHLnv3XTrGnrxHfqxXnlw3jrxnnsxXjtx3npw3jsxXj2y360oluPh0XzzH+dklFUXC
26=vOr3GlllOQhUjnvHzoxGvz2U7u2kXm0kPo1UHo0kXp00Try2j0yn71yX7btnDeunLlwHje
27=t3OZjE3wx3bvy4D61IPwynvYsGzevV7x20Dv5CHn4RTl4Q/o5A/m4g/m4hDm4BXn3CTu10
28=b1z3DyxnrtxHfbtG7iunLuxnjpw3ffuXHhu3LuxXn0yXj9z37rxHeJhUS4oF2JgD+lj1Jo
29=ai6ekkzvyYDiwHTnwnf1yn7uxXjsw3bvyHnNpF/nvW/2y3rctW/Srm/Zsm7nwHXnwXXtxH
30=b0yHn+0oD1ynrqwXXuxnf+1obxzH3yzX7wyoDnwXXlwHTkvXXfuXLkvXPowXXnwXXowXXs
31=w3bpwnbhvHTatW/lv3Townbkv3Tpwnbxx3f90nv3zHnyyHftxHbmv3XQrGvdt3DpwnbuxH
32=fxx3jZtGe0mFatlFfevXW5o1y+pGXdwHemkUq6qDTq3iXq4xXl4RDn4w/n4w/k4A/n4RTp
33=3x/x3EDzz2fxyH3ctGu0llTkwHWpl1PowXfwyXiml067pV3uyHfp1EHm3xfk3xPj3hPp5B
34=Sili3AtSLq5BTm4RLj3hPn3xzw1VD0yXfnwHbtx3vpw3flv3XqwnbuyHrvyHzcuWvsx3WN
35=h0SvmliWiUuHeD7XqmTVtG2PiUiWhkzsyX94ejm8oV+dkUzjvnLuxHftxXfpwHT3zHnxxn
36=fhunHivXPbtnDjvnTswnXyxnbhvm+jmlDWuW7+0n7lv22dlE3tx3ntxnn00oPryHjjvnPW
37=sW7VsG7Ys27vxnfuxXfowXbvxXbzyHfxx3fyyHjyyXjvxXX1ynr4zX3txHfrxHbrw3btxX
38=brw3bownbfu3LfunLsxHbwxXfpwHTIpFXDp2DRtm6jl06Bej7OrmrqwXPy1VHu5R7n4hTi
39=3RLr5hOxpiisoCjo4hPm4BPl3xPm4Bfs10P2zHT0ynyIgUJgZS7eu3fkvnLvyXixnFebhU
40=/EqE7u3DLn3xjk3xPl3xbq4xnLuUTHuDHl3xbl3xXi3RHm3hvp1jnpyGfnv3fMsGPoxnX7
41=1Ib3zHnyy3z614p+fTuij1RqbDZrazXZr2qViUHJqF2il1Odk0yVjUvcvHHTsmmtlFdUXS
42=eSf0vSrWnwyXrqw3bpwnXqwnbowXXlwHXyyHzvxnfvynzovnHHp1lhaSqBeD2PiETdvHCL
43=f0OwjlbYsGz71IDvy3vpwHXvxnf3zXn3zXrwx3jqw3fkv3bnwXbownbqwnfnwHfmwXj9zn
44=/bvGq6o1vrxHjzx3rqwXblwHXlwHbmwHXownbnwXXmwHXqwnXxx3ySiUhGUyCtk1fGqWNq
45=bDSpjljyzGnx3Dnp4Rvk3xPj3RTp4xbUxDzArzji2xbk3hbk3xLm3xjq2jL102LpwHbhtW
46=bCpV66pGXpw3fuxnq2oluullnxxXv+3ljz5yHl4BPi3g7i3g/n4xDm4hLk4A/k4BDl3xTp
47=3yPx0GDxxn/uw3N7dDKmkVLQtXDZu2/hum/mv3DYtGyWhkyskVLct2/kv3Obikmbhk9hZj
48=B0bThkZDBkZi3kvHPSuW5RXydcXC3Ysm/vxnnnwHXxxnrqwnfpwXXowXS4n1Txx3PwzoHq
49=yX3nvW/it2zgumqajE6rk1zTsm/ty4LTuGuflFHlx33vyXruw3XzyXnrxHfmwHXkv3XnwX
50=XrxXfnwXXUt27Cqmi+pl+rn1PJsmtjaDGGfkSQikXqwnfowHXpwnfwx3rpwXXpwXXmwHXm
51=wHXivXS5pmGwnVnBomLvxXjxxnjpwXbnv3vtzF7q3yTo4hXm4g/i3g/o4xDr5hLm4RDi3w
52=/j3hPp4B342Ffxw3zswG/rwnHhvHHTtG6SikWZj0uAe0FnaDDUrmvGr13Su0354kDv2zzr
53=2jXo3iDr4CPu2zrv3Tru2EL10mf2zHj0yXnxyHnWtG6rk1NhaSmHgj7nwHTsxHjhvXFscy
54=x1bzLpvnP4zXzjvnS5pWDAqmPYs23swnR2dDWpj1aznF7JsWfSsGzpwHP2zn3nxnu4o1rg
55=u237zXzZum5jaC2rik3DomHStHDju3HrwG/kuWu+p2WomFrau3H+1IPZuG1maC+UhUvwzY
56=Ltx3rlwHXmwHTpwXXowXXsw3bwx3jpwXenm1jHrGbPq1pgYyqgi1bIsGi/pGB/ejtOWSS/
57=pWbavHG0oFfxyXznwXblv3bowHXnwXXmwHbrw3jrxHfmwHXpwXXwxnfzyXnzynj10Wbz3E
58=Lt2znt2Tnr4CLr4SDo2DTt2Tvx3Tz42GSunVOmklOOfziej0/Fq2i2pV2bkkqAeD2Og0dk
59=bixxcDKHfEGVgU/Lpmjyx37uxXvyzWn10W/0yH70ynzzyHz3yn7yx3nmv3XmwHXuxHfHrm
60=h0eDiGf0LlwHfpwnbvxXflv3DVs2rwx3b0ynn1ynnrw3bfunDwxnf7z3z0xnvEoF/kvG76
61=04P51IbqxHLlw3XZvnNbaSd3czjsw3rGsGetm1q0lFOZhz+8ml7ftGjjuGjsw3jbuG/kvH
62=HTtmmBgkXLrmn1x3nctWzmwHTpxHbkv3Xlv3bmwXbsw3bwxnjpwnbmwHXbuXKyl1bBoFbc
63=s2qsnVq5pF/yz4D0zHzMrmHFqGa6ql+HfUC7m2DduXLsw3bxxnfzyHjwx3ftw3bnwHXlwH
64=brwnbyx3b4znn2zHruw3zrw3nyx3r6zYDuy2zqyWfzx3v3yn7txHrzyoOekVNUXiZ9czyo
65=j1NtbTOJgD9sdTNscDWrnFeQi0ePgkfVr2zTrWbWr2bowHTov3TnvXThuHHlvnTlvXPkvn
66=PrxHjpwnXnwHXowXXrw3bjvnXlwHfnwHbowHXowHXsw3XuxXnsxnnlwHXjvXLtxXX1z373
67=04fvyHrsxneckUrcuGvitWfiuW3rxHjPsmvOsGn0yHzdu3BlaS3CpmTCp2XauXHLql1VXh
68=1bYCXnvW7pv3LPsGTswXHswXLXs2yEez6UgEfmwnXsx3blvXPowHXsxHbvx3juxHX0ynj3
69=zHrrw3fjv3Xvw3PDqV9WXymrkVTdunKvoVqtoFzLsmzzx3zAqVx+ejumkFi4nl/pwnfvxn
70=ftxHbnwXXmwHTnwXXmwXflwXbmwXXowXbrw3fqw3bpwnbpwHXxxXfxxnblvHXrwHrtxHfr
71=xHfsw3jlv3XDrWSunliqmldrdTBCVhl8b0CYjVCDeD25mV3rwnfxyHrwznrqxHbmwHPlv3
72=Plv3PlwHTkvnHlv3PlwHTetWjetWnmwHbownbowXfmwHXowXbownbowXbowXXnwHTowXXl
73=v3XmwHXpwnbjum3juGjqw3ftyH3vynvKsmpnbTSLfEvFoF3esGDzx3zPs2u5pWGrnFXrxH
74=PSrWa4mFvjvHHyyHvfs2bVrV1WZCmIdUO6ol9sbTC/nl7huXHyynr1yHbwxHjowXPow3bl
75=wHblwHbpwXbsxHbsw3bxyHj4zXrrwnXownbmu27bs2aynVaumVu8pl+qnFXCqWLSs23fvn
76=LjwHOXiVCbh1Hfu3LrxXnmv3Xkv3XowXXnwHTlwHXmwHXqwnbnwHXkvXLivHHivXPiu2/u
77=xXftx3fjvXDjuWznvXDjvHLftmrqv3HowHXivnTjv3bnwnfCp16ehkfQqmfxynrtw3TmwH
78=TmwHTlvnLpxHfownbownbownfrxHjrw3fownbnwnboxHjkvnLZrV/lvXHqwHPlvXDpw3ft
79=xHfpv3TlvnTpwnbsw3bmwHXlwHbnwXXuxHXxx3frwXLowHPov3Ltw3bHrWm6pWPOqmPvwn
80=DduGqDgUKmllRseC9aYiWymVrWsm73zXz7z3r2zHnswXPlumzOrWq/oF3EqGC2nF2kjFDN
81=rGjxyXjUuGqUiUndt23wxXfnwXblv3Xmv3XnwHXkv3Xsw3b1y3j0y3j2y3j3y327pl9uaC
82=u8l1jNr22gk1JcYiq/oF7yzH710YLavHHmwXbowXXQqGHUrWjownfmwHbmwXXmv3Xxxnfx
83=yHntx3flvnDov3LsxHXmu23jum7ryHnrxHbyx3jzynjxyHjvxHXnvG7jvHDmv3PiuWvlvn
84=PwwnTtvW/zynrqxnXoxHjpw3fsxHfwx3jpwnbnwXbownbxx3fqw3fnwnbnwnbnwXbownbo
85=w3fmwnblwHXmwHTetWfcs2TZsmzRoV7kum/1zXv2zHn3zXrtxHbkv3XlwHbqwnX2y3n1y3
86=n0y3nxxnbtw3bwx3vlvXHhuGzfunF4dTqDdj6lkk+yk1i0lFrgunLvxXbyyXj1y3jzyHnq
87=w3jyx3rvxXjrwXXzyn3Kr2RXYSmxl1jhu291dzmWhUzyx3nyy3zqw3fnv3TmwHTmwHXnwX
88=bmwHXnwXXtw3bvxnjStG2tllexlVbQsGratWu1nleuklTlvHLlvnHpw3frw3jju3HLomDe
89=s2vmwHXmwHXlwHbkv3XsxHfowXXoxHTsxXjwyHnxyXnuxnjqw3bpwXXsw3XxxnfsxHfqw3
90=byyXnvx3rnwXbnwXbowXTmv3PmwXbhumzbr2HnwnXnwXbqw3brw3btxXfrxHbrw3ftw3b2
91=y3j1y3nsw3bnwXbnwnbrw3brw3bqw3jpw3fow3fmwHPguGvkvHDTp1/bsWfyyHf3zXr3y3
92=nvxXfnwHXpwnbpwnbnwXbnwHXmwHXmwXbpw3jgtm/RqGTeuXLowXbwyHvduXHov3buxXj1
93=y3vownfmwHXrw3jqwnbuxXjnwHTVtWnxyXj7z3vgwnR8ezufkVBCTiDOrWbUtmlSYiOpl1
94=Txy3331IfzzIDqw3jlv3Xlv3XlwHbmwHbmwHbnwXfwxXjowXXnwXbsxHfyyXr+0n7zyXrr
95=wnXnwHXmwHXnwHXownbrxXnmwHXmwXXlwHXqwnXtxHbnwHPvzHv00ILqxHjmwnblwHbmwH
96=XnwnXnwXbowXbpwnbnwXfowXbqwnbnwXbqw3fsxHfrxHfpwnbownfnwnbds2Xnwnbnwnbn
97=wnbqw3fnwXXnwnbow3frw3frxXftxnfpwnbnwnfnwnfnwnfqw3fvxnjqw3bnwXXnw3fqxH
98=jwxnj2zHrrwXPiuGrkuWvnwHXmwXXnwXbxyHzsxHjpwnbowXblwHXkwHbowXbnvHH1wnXw
99=xXbtxHbsw3btxXfuxXfowHXkvnXnwHXmwHXIrmPxyXf61IPjxHdycjDKqGTCp2TFrmelk1
100=aojVaRhEeYhErWsmuhkk6vlFfhtGvrxHj20YT+2IroxHfpv3Prw3blv3XnwHXlwHblwHbp
101=wnfvxnfxyHjrwnbnwHXowHTmwHXlwHXlwHXlwHXlwHblwXbmwXblwHXnwHbxx3jwyHjlvW
102=/lv3Prx3now3fpwnftxHbtxHfownbnwnbpwnbpwXbnwXXqw3fpw3fyyHj4znrqw3fmwXbm
103=wXbnwXbpw3jnwnbnwHbnwnfowXfownfnwnbowXbowXbmwXXmwXbmwXbnwnbowXbowXbnwn
104=bnwnbnwnbpwnbnwXbnwnfownbsxHbxyHnlvXDswW/ov3Djv3TnwXbhvnOhlVHIqmbqwnfn
105=wHbowHbowXXqwnbqxHijmE/aum3sw3fpwnblwHXmwHbqwnbzyXjwxnnXsmVwbi/Lp2TfuX
106=LxzX7OrWi5mFzeuG31z37nyIDmw3f+2IL304PyzX7+14b71ojxynvxynzdvHHBrmH714fy
107=ynzwxnj0yHvwxnjvxnfsw3bpwnbmwHXjv3TmwHXtw3bwxnfqwnbqwnbrw3bowXXmwHXmwH
108=XlwHXlv3XvxXbowXXpxXXpxXjnwnfmwXXnwXbtxHbxx3fsxXjownfnwXXnwXbownfow3fn
109=wnfnwXbvx3fwx3fpwnbnwHXvxXfrxHfnwnflvnLowXXownfnwnfpw3fqwnbnwXXnwnbnwn
110=fowXbowXbnwnbnwnfnwXbownfnw3fownfpwnfmwnfpwnbwxnfqw3fmwnflwHXftWfftmnl
111=wXbownbqwnV5dztzbDnSrWzqwXjrwn3uw3vyxH3evXhaaCx6bj/VsG3uxXfrwnXmwHbpwn
112=XvxXbxx3j+znrJpVxlYzLIqGL61IT+2Yn+0nzaum7Eq2fkxH3cv3KRiEXQsWztxnrSs2h+
113=fj7gvXPpw3TQtGd2cjbCpGntyoHSuWqOhEXWtGzyxnftxHbjvnTnwHXsxHfowHfqwXXrwX
114=rrwnztxHruxnnvxXj0yXjpwnbkv3Xtw3brw3bqx3bownXuxHfrxHfnwXbpwXbownbmwXbn
115=wnbnwXbwxnfrxHfnwXfnwXfmwXbmwXblwXbmwXbnwXbrw3fuxXf0yXjzyXnsxXnoxXjnwn
116=bowXbrw3fpw3bownbnwnbnwnfpwnbpwnbownbow3fqwnbmwXbmwnbownbsxHftxHbpwnXp
117=wnbmwXfownbtxnngt2vWqlrlwHXrwnbyxnr2yYLgu23lvXftxnLy01v00mbx0VvnxWbUsH
118=PWsXLowXblv3TnwXXpwnbnwnjjuW3atWSKhUOvm1t1dTt/cznKqmOEgkPCpmLeum+7k1Xd
119=t27duG14dTaPfUTmvHPjvXCsklS1mVzYt23wxXfrv3LUrWvuy3rFr2R0czechkzov3Xsw3
120=bowHbwxXz5zX7uxnbsw3vvy2n21GHtxnPqwnrvxnT3y4DswnnmwHbownXju2/pwHHtxXfp
121=w3bnwnbnwnbownbownfownbnwXbownfuxnjowXflv3XsxHbuxXftxXfuxnjnwHXnwXXnwn
122=bpwnbyyHfzyXjrxHjow3fnwnXowXbnwXfnwXfqw3fnwnbnwXbxyHjwx3jzynn2zXr1ynju
123=xnjpw3bpw3btxXfrxHfnwnbnwXbowXbpwnbuxnfqwXPbsGPiuWzuxHbzzG712VLy4TLq2T
124=Tp3Sfx6hXm4Bbn4Rfp3iLt10HwzGT1ynbyx3jpwnbmwHbium7wxXLWsmZucTlybDnTsmty
125=cDCvkVF5czuVg0fuw3T+0nv80X7315H+2o70yXf2ynbzx3jYt2y/rGL10oX+1YjYt2qkl0
126=y1o1l/fT7jvHfYtG7lwXblv3juw3j20mTx20Dt3jHp2DTr4h7s5Rjo3Cju3DXs3DHy11H1
127=zXDqwnbvzH331If1z4HsxHfpw3bownfnwXbpwnbqwnbuxHXrwnbownbmwHbtxXjwx3f0y3
128=r4zXruxnjsxnjvxnfpw3bnwXbownfmwXbmwHbrxHfnwnXnwnXowXbnwXbnwXbqwnbpw3bo
129=w3fqy3zqyXr1y3j50Hv513/3037vx3jmwXbmwXbqw3frw3fnwnbowXfnwXbowXbtxnnlvX
130=DYq17nv3Xy20Hp4hji3hHk4A7j3xG1rB/c1hfn4hLk3xHm4BXs3yn20WrxxnznwHXqwnbq
131=v3Hes2XVs2nUtnHkt2vlvGnMq2W/nWDtwnX6zXn2y37MuoGPj29qcGqKim/cv3z4zn7+03
132=7Ts2ZZYCqIfUOZlE/ErmRZYCSWg0nHpmbGqmnlxHjrwXnwx2vx2z7p3x7o4hLj3xDl4g7M
133=xhe8tB7p5BDl4Q/k3hLm3xfs2EH2y3rxxnnvyHvtynvpxHbvxnjqw3fmwXbnwnfowXbpwn
134=bvxnjsxnjrynrz0X35z3vsxXjpyXruzn3wy3vsxHjnw3fnwnbtxHfvx3fxyXrmvXHnw3bm
135=wnbowXbqwnbownbnw3fpxXj2jlX7eUj4s2r01X/10n36qmT5cUPwnF7ryXrqw3fsxHfown
136=fnw3fowXfowXbnw3fhum7swG/qwHLt0FPt3yrl3xXk3xPm3xXm3h+nkU3Huijm4Bbl3xTn
137=4RTl3B/y3ELzzG/xyHvwxnbuxnnlumzHo1Z5fDioj0jCnlVeZi6qlFT4y3n1ynrewoKOmH
138=Q/S1w5PFo5PltMUl2KkGzcxIX+0ILswXKmlFWFfUS4nWbrw3rFrWFYYiq+pmL41If20Ins
139=y2bq3iTl3xTk3xLj3RTo4hTNwDGjjkbi2hro4Rbj3RPj3RXs3ivw01brxXbju27rwXP1yn
140=jsxHfqwnbqw3fqwnbsw3byxnbsyXrsml7ybEH1pGL20n3y0n7yrmn3dUb6klfuyXnrxHfo
141=wnbqw3b2zHn4znrrwnXownfqw3fownbownfnwXfownbuxnf0xHX2mVzzZz/ycEP3b0L3cU
142=P2pWP2yXf1y3nsxHfpwnbowXbnwnbnwXbrw3bqw3fnwXXhuG3juW3rwmzv2zrl4Bbl4BLj
143=3xDk3xPr4iHn3xvm4RTj3hLk3hTp3iLszF/uxnrwxnfvxnjhuGvxxXLSrmWEfjyRfUPRp1
144=+6oFunj1PVsWh1djSypWmLlW1LUmVCRF5FR149P11GVF6cl27nxX/0zILpwnfHpWHUtG/z
145=znzgvG+wm1mvl1jivXDsx3/rymnr2zDm3xfk4BLk3xLj3hHm3xnp4B/l3xTj3xHk3xPm4B
146=br2Dnow2/vz37uyn3xx3j3zXn2zXrrw3bpwnXpwnbpwnbyyHnvyHnqv3TzoGD4cUT4cEP0
147=cUXzaD/2mVz1xHbrxXjpw3fnwXbmwXbtxnjxyHnov3PowXbqw3fpw3fownfnwnfnwnbpwn
148=bpxHfnzH3nxXnrml7ro2PnyXvnynvownbtxHb0yXjqw3fnwnfnwnfnwnbnwnbqw3b0y3ny
149=yXntw3bcsWjduVDo1D3r3yPn3CPp4Bzm4hHi3w7k3xHm3xnp2jD12FfvxnPpwHfkv3XowX
150=XpwXXLpGDSp2DyxHX0ynzds2bfsmXvx3z3ynykkE45SxVNXSdFWD1IUls6QVtLU2BiamhR
151=X2CXmXDt0Jb40IriuWvCpl/iv3Dux3jsw3bjx3X20oPtxHfvxXf3z3Tz1VXu3TDs4SHn3S
152=Lm3xXo4hPm3hvm2yLr3yPv2j/00Wbtw3fvyXz51Yj00oTrxHfyyHj0ynnpwXbmwnfnwnfo
153=w3fmwXfqw3fwz3zrzHzqomPqml7mxHjnzHzoxHfmwHbnwXXrw3fpwnXlwXbownbxx3jvxX
154=fxx3jsw3fnwXbqwnbqw3fnwXbnwnbmwnbnw3fnynrnx3rnwnfnwnbmwnbownfyyHjtxHbn
155=wXfnw3jnw3fnwnfnwnfnwnbsxXf0ynvtw3PbrmbmvXb30m72znX20mj33E3z11Tt1EnozF
156=jowXTqwX3rwnfowXXlwHXkwHXnwnfRq2TnvW3ku23qwXTrwnfbsWXQq1+RiUXivHCGfT1M
157=VBtfXieMgluhmXbPu3/w0Yvbxozrx3/7znr8zn7DqWNPWiOYhUvrwREAAJAUVRUAQHfLrm
158=JzcjXTtHHhvnPvxHbuxHnrwn7pw3LoxmruxnPw0Vvu1U7vy2btxnPpx2rpwHnqwXrwxXfv
159=xHTmvXDownTrw3bsxHftxnfpwnbnwXbqwnaAAQA6dejCdujCdurCdu7Le+zLe+jCdubBdu
160=bCd+3Ed/LJePfNeerDd+fCdujDdurDdefBderDdujCd+jCdu/Gdu3Fd+rCd+jCdufCdufC
161=d6ABBOnCd+fBded5CneQAnAFqAwA/OfCd+nCd/DIeuW8cOvBb/TLeurCdezDdu3EfeW/dm
162=5wOZmHUua8eu3DffLHfu3DeOvCdujAdunBdejBdeXAdeXAdenAc+u8bOi+cPDGePDHed+z
163=ZtKpW4R9Q5yFULWWVXZ2Mp6GS9u3bLalYe3FdfzOePvPffrMedi2aIR/PeXCddi4bMimY/
164=DGduvCdMipY7ebW9+4cOvEd+rDd+jBdefAd+nAee/FeezCfOe+eu7BeenAd+S9eOrBduvC
165=durDdu/MfPDLf+/HeO/LfufDeObBdufBdunCdenCdufCdufCdu7Fd+nCdufAdurCdujDdu
166=fBdurDdunCdurDdvLIePPJeOzEd+fBd+bBd+e/crAmlgB254kJ6rsQwnbnbChkDgHzyHjs
167=YS52nCl4BAjmwXbrw3fxx3jmwHACDea/cu3CcuK3Z+K8c+fBdul8KQCqd9u5cJqPUoR7RN
168=exbO7Ac+a/c+zEd/DGd+XAdenDeOjBduzCdv7TgOrFdYuAP7+cVc6xaHN2NdGuaOC1asSm
169=YLeeXNGpZ+i/de/FeNS0alpjK4x8ROvAdOa4bfLGeb6oYnl1PK+VXO7JgfjPfuzEdezGd+
170=7IevXMfOvBddywaty2b+jBdejBdevDdubAdOvDeO3EeOjCde3EePfKfOvDduXAdeS/dOrF
171=efLOg/LNfPPSf+rGd+bBdubBdumZRuZkIHkf6JwgCO3Fd+rDd+vDdvDGfkflwGVW5oQmBe
172=vDdu3Gd+zDeFhsKGAHl07Bd+psAWVZ52QmA3brxHfsxHwmrgrmwXRaAOvtxXfrxHfownXq
173=xXjrx3vmvm/jt2fqwnb0yXjwxnfkv3XmwXbbuXDdunHkv3bownfuwXbqwXbowHXmwHTyyH
174=3dvHHpxHjhvnGSikW5oF1+fEGFczrMo1qPhkt3cUC4oWDsw3fkum/nwHXhuWzfuGzKrmrL
175=rWW+oV3jvHLlvHHLr2i2oVq/o1zIrWbRtWrow3flvXLsx3ryz4Hrx3nlu3LDmFrZsWvpwX
176=bivnTaum/sxXnVt2zLr2jtx3vJr2axnlT8z33vxXbowXXkvnTmvnPku2/pw3Lpw3fmwXbs
177=xHbowXXnwXbnwHbnwXbpwnbpw3fownfqxHjpw3fsxHfojCsC68N268N8SgnnwXb2y3n1y3
178=nqwXSsUpQwsyl278ZgJQjsxHbyyHj0yXfnwHSEuAQB6cJ26ZQzAMXzyHjownfguW3ku2vz
179=0IP0zHnuw3TwxXf+0nz5zXvrw3fmwHTrwnbuxHf0yXzevXF1dzqsllbwyHvcvnaBgD1jaS
180=vDpGK9pGJnbTNcYS1nazSvl1jkuW7Tr2W4oVvOsWnov3Psw3XzyXf1yHjzxXfqwXbQsWbp
181=wXLpwXXrwHPVsmjguGz5y3vFqWFKVSCahUrjum7kvXPjvXHlwXbmv3XmwHTow3bvxnq/qF
182=54djbZtnOgklNSXSeaiVG0n1qLfULGoWXvxnfsw3flwHXtynrtyHvtxHbrw3x3BvLIeO3F
183=d+zCdrJx6MJwJoKdd+d0pWB2AejBdvOYBAAK6cN37MR48Md45b1y5blo8s1789GE8cx68M
184=1+5+kt52iubqnrxHA1tHsL68R37cV388l39s169MlksADF7cR368Bw47hp5cB0dHY5nYxP
185=d3Y5m4tN88h49cp56cJ458N4jYdCv6hjiIFGh3Y71rBo99eLmY5Nl4JMrpVgx6xn3bxxwa
186=djhH5DkYJI2rdx7cR36r9y6sF147pu4bdr68J1z69kiYA2q5RKc3AyyaVky6xlsaFZ3Lhr
187=5bpt6MBz5rxw1LNpwKJh5b5158F15cB25b927sR17cR25cB15MB04blqy6lju6Jn78l948
188=N3zrJx9s+EtZ5Zeng30rJs6MJ36MF17cd68c196MR36MJ26sN258Job2V6xGABmM2cdJQD
189=0MiAKAAN8sh46L9z579v9dSI9s586L1t68Z49s6B989+8tF86GCCC3rzyHnyyXfyynnvxn
190=fsmHkACuW9cu7EdPTOfPbUh/LMf/HLevLNgPLId/XLePJwJmzKAGO9pGBbZSiPg0aaiUzZ
191=s23zyXrmwHXpxHifi0qjiVDbunb70HvhuGvrxHjzynzowHXmx3locDSgjFDwxHf4y3zrw3
192=flv3Tnv3XqwnbowHXnwXblwXbrxHiun1tUYSZ/dT6slFiwklXDpWJgZi6VgknrwHXtxXd4
193=7gTDee7FeefAdN4C8ch48MV4sgAk6sJ28cd7sZ5ZXGApw55Y1rZsz7Vt0rVt5MN5+teFwK
194=1haGstq5JX6cN47MR57Ml35b9y68J2ePcKwHXnwHXqwnXnwXblwGKm7MSCncV4caHDcHcA
195=Y+O9cuO6avXShfTQhO/Gd+W5aeC5b+S9cvDGd9u1boyBQqWWVO7OffjVh6ieUbCiW/PJfP
196=LLevPLfPLId/DHeOe+ceK3ZejCdezJffHOgO/KevDOgu/Id+jCduTAduzEeX57OcytZYeC
197=QJOBSnVzNb+kYN24cmSDeEwAHnDftmjux3rsxHbxx3nzyXjzyXfxxXbwx3vGrmeikFHet3
198=D5znvxxnbtw3bowXbowXgZYLtoKgAHd9S1bcyuZ+jCdeG9c+O/devEee3FeNizangEAcJ3
199=5MB8yATnwXXsxHbtbLgiDiPpwWTFACznwnawoVxjbi9ZVySqk01uczelkk/euG+/ql6SjE
200=jowXnlv3Xhum/WsGrxz3/10oXwyXnyzX7yzHvyzn7txZxuDsV38sh59cx69cx59cl468J2
201=mEMIdurFeea7bua7a++cSgfwxnjguG3guXDuZNQALHirmFiEe0JrajGwoFykl1GIfEfVtn
202=T1z3z104fzz4XxyHn0ynjpv3HovnLlvnPkv3Tmv3TmwHXlwHblv3XpYBkAW3e+o2CojVXN
203=p2jqwXa8oV+njFXKqGbtxnnYtmxubiy8nlvhuG/8z37cu3HIrmfrwnbrw3TGrWPnwnT2y3
204=vuxXfmwHbowXXsw3bpwnbkv3Xqw3f1yXzqwnfsw3jUtGlYYSifi0/twnfzynzrw3giMSbD
205=IkggaBsBwXXqwWJJ68IiriXkwJQSAFu+ctq5bezFeNa3bragXn14PYR3QXVzOaCHTdm2bM
206=esZox/R6iOVua+dOnAc+O8ce/GefDMgO/Keu/Kfu/LfPTTgO7KfvDIefPNfe/Gd/PLefTS
207=hPHKfvDFePLHefTMefPTh/TOferAceK8ceXAZCwAN+jDd+G9dNGta+zIfbKgVqmZUcqpZb
208=ubXW1qNY2ASei+euzBfevCf/HOe+/Idu7BfPLEffDEfenBeOfAdO3Edu3DdeS/de7Geekj
209=ECsAN/TKfe/HevbKfO3GePPJfO/GeezEd+bAdeLAdb6fW6aESMOkYXV3OJuLTuO7cPTIee
210=a+cVxkK4N5Qea8c/TJeevCdejAdevCdetwtgAOd9q5brKfWdu5cfDGePfLedu4bcCkY8Sq
211=ZGluM7ugX+ojjSHpIgImdud0JyLlIOdsZAAedOfAdfPJfcOqYHJyNNGras2vZcSoYfjLfP
212=PHevfKfezDedC0bcKqZ9m4cOrFeOrDYIIG+s97+Mx48sh2dMAAIsN258B078l89NKG8Mx7
213=8c+D8st978R88MiF9dCP88558Mhy7MB88ceA8MV98sV788l568JgggAq6MN22rVuxKFk8t
214=GBl49IZWUs0Kto/tJ+y65njoU7yLI87tNP5c9G7uAq7d0v7tNN8ddM6M5R6MJv68J5JKwl
215=AA7txHi+p17Xt23mw3enl1PPrmePh0DSsmbOsWPnwnPuxnxoIkQwABTEeOrCdevCdaiVU4
216=9+Q9ewa+jAcryjWeC9ccuqZuS9c+nDeObBdWhdAFu/deS+devCdti2bF5kLId6ROG5ctqy
217=aeq+c9irZeK6cpyPTZeES+G7c+3Geu3EeO3EdufAdebBd+PAc+XBdvHIeuG9cq6fWcqxaK
218=6XWbOYXaiSV1VdKYF5P5aSR9q5a7CcV+jBdvHHeenCduS/bKwI9ct69ct57sR47MV1Cexo
219=OXKM7sR4hQAU57937MZv7NFR7tNK6c9M6twv690r7NRH8tdQ79VN7Mdr6cJ48cZgggBX58
220=F237ty2rZw8s5/68x9479178V488d//ttg9OUt5+EW5uEP5eEO1M8U4NsS5eEO5eEQ5uAX
221=7d0u68pl7sN9+sx84b50cHE0za5j+9WCgH9Fq59Uwqxp1LNudXE0p49Ty6po6sN36cF1vH
222=cF7cR28sl77sVkjwB07MR1eHY4sJVZ17Nu68V45cB15MB16MF278Z27sp88cuA88h578R2
223=y6tn4Lxy4r506bxx1LFojopE8MV58sd60rNoenk32rVv4Ltz5sF17cV6v6ZfVV8ow6Zhvq
224=xhRVcZpZJW+NGB+9aE99KG5sB1uqJclotLkoRMXmcu3Lpt9cp57MN16sIiBCgP78h39sp5
225=5L9w3Llw6sN478V4ZFwAHr9168N17MJ868pk7t4s6uMY494Q5uIO19IU3NcV5+MP4t4P5d
226=8V6N0m7M5Z7sN95pwXAFPqxHbwynntw3aAfT1lZzHTrWz20mfx3jfn4Bjk3hPl3xXr5Rah
227=j0Czpizo4xXl3xTk3xPo3xvl0j7pxWnVtWvXsmnqvGzkwHTNsWr0yn3zyHnwy36TkEqwl1
228=nQqWbfuG7qxHfkwGJA8scjGC8Bv3TrwyLkKQnauW++pWOwl1vatm8ipCEAAAD4wHXqw3ff
229=tmrqv23vyHvyzoLryHnsw3f1ynv0yXzrxHnrw3jmw3RnbTCId0PjvHPmwXOrklSrjlfYs2
230=3uxXfzynrGqmJJVBiYfUXct3DNr2fRsG3ux3rvxnn81ob30X7+3Iu0o2F3dTummFXEq2Xp
231=wnfqwnbzyXysnFZ7eTreunSXjEpQWiW3m1vlv3Pvx3rmwXXowHbxy2z13kHn3xvl4BPk3h
232=Ts5hSwoTajkjfn4BTk3hTj3RLn4Bnr2TfpyGTmwXnivHHkuGfvx3bnwnbduXG3nVvKqGjx
233=zGvw2zrm3xjk3hPk3hTk3hbi1DHb0Cfo4Rbn4RTh3BPl3Rr03Ef3z3NtbjVvajPRqmG3ol
234=vHq2feu3LVtGnownKLhUVjZTHYsm35znzZtG7RrW7WsW7pwXblv3bmv3XpwXXpwnbcunHe
235=u3HowXXowXbkwHXqwnbyyHfvxHXjum7ivHLivHDnwHXuxXnUtWpzczi6oV/owXfvxnvNrm
236=pOWiWWhkzmvXXwyHrtxHbyx3b3zHn7z3vsxHS8nFu1lVngtWf1xXbHsWrJr2q/qmKil1HV
237=uWupnVTcv3R6dzuRf0rat3DtxHfowHXjv3afllGGfUKnj1XMsWzEqWOJgEGAez3MqmrivH
238=Prw3jtxm7v10Tq4hzn4RPk3hTk3hTj2Crbzi7j3Bbn4RTm4BPm3xjr2Drwy2vlvXPpv3Dl
239=vGvIrGbnwXXsxHj4zHzvxnjnvnruzV/p3C7o4Rjl4RLm4g/n4wzn4w3l4hDp5RTt5B7v3T
240=j20Gzxw3viu3DAoFnVsGp1djlcYC3BomR8ejepllS4oWC3o1zivHTownfjv3boxHfmwXXm
241=wHXrw3bvxnfxyXjftnDkvXTivHLmwXbrx3rqxXjmwHXnwHTrw3brxHfpw3fnw3jmwXbpw3
242=bNsWuCfkGSgEnguXLpwnbqwnffvHGvlFnNqmvVr2zmwHXnwXbsw3bvxXftxHfpvm780Hvb
243=vGyUi0yunFq1ol2unFaNfD+UfUaBdD21lVnpwHbsw3fsw3d4rGBzAJh2y65n1bFk58Rv99
244=SG+9SC7Mt9wqhosJZby6hr4r106L978Mtp8d437OQc5uIS5uIQ5OEN5eMN4t4O494R5+AY
245=8OAw9dNi6L98475z5Lpr4bxwya1l37ly1rNw2bNs2LJt8Md67cR968Rz9dVY7Nk07ds059
246=ku7dwy4ssv0LEvyqxL8Ml52q1qz6Vj2q1n8MN278R34L10pZNTwadju6Vhoo1QwKRj68V6
247=5iL4PwAWdd+zaMmcWsajZN23b9mzbuK7c+vEdc6qad+1bdGqZM6kXsqeXc+raCKMNgAiwX
248=beunPSrWzbtnDlv3TmwnjtxnrYuXDivXT1yXr60Hv2ynnbuWyDfzzjwHbnw3fmwHbmwHD4
249=IngyInQtAADEdeK7bum/ccOqZltkLJ6HTea7cdGkX+m9cujAdtm0ctCtbuK8c+G7cejDeO
250=/GeeO6b7qXWfHJfqKTS0hYGqaPU+G7c9KvaOvEddy3ctKubtq0b/PKevLIffHJevLRX+fS
251=N+fWMe/fNPHhMvLgNvLfOPDPVOnAcNu1ddOvbMqlZ9u1cNSsZtGpZLuYWM+oYcWfYcSeX8
252=igYM2oY+S4b9avctOsY7mQVcCcWteuaM2hZM2eX7GMXNSpY8CZWc2qZNarYMKeXceiXrqR
253=VMShXs2oXLuZWqqNW9i4cOK7bsOdW82pZNCjXNKkXbqWWryYWr6ZWayGTsOgXOe5aMOdX6
254=KGVtaoXcebW7eUWdmtY8KdXNGrZb6XV6iDTMikX+W2ZrqXXayPW9m4b962a9erZfbLeubA
255=caWOUJt2QqyETtaxa+rCdeG6ceS/dOG8cuXAdeO/deK8cdypYMGWWMGgYOrBdNuzbea/dM
256=ynZ82pa8WfYcyYUbGIT8SfXuS6bdClYMWfX9qzadOuZ6mSUsGbWc6ZUbCIT8iiYOe/c9Ov
257=bdGqZs2lYcikYtu0bdKmaM6XU66HUtSrZeG2a921bdizbNmubNKmYNKmYJh+UsGdW7GJTr
258=CNUs+oYhEAAA==

[Map]
Theater=DESERT
Size=0,0,60,52
LocalSize=2,4,56,41

[Waypoints]
0=79034
1=34079
28=89057
29=58026
30=33054
31=59084
32=39075
33=75039
699=56057
700=56057

[IsoMapPack5]
1=Ng8AIAE8AAEAgAACBgA7AAKEAQEABgA8KCkAPSgrADoAA+EEOygpADwoKQA9KCkAPigrAD
2=kABPkGOigpADsoKQA8KCkAPSgpAD4oKQA/KCsAOAAF8Qk5KCkAOigpADsoKQA8KCkAPSgp
3=AD5JAY5zHgYAP0gBlwkGAEBJATtvAQYAN0AgZAFZADhMAMkBOSgpADooKQA7KCkAPCgpAD
4=1JAYypDD5JAYmpAT9JAVJ0CXQNeC0DAAACAgBBVAJwAlssNgAHhAFFAjcoKQA4KCkAOSgp
5=ADooKQA7KCkAPEkBkLUNPUgBwQ8+SQE5ZAtmHgcAaAEBAQIAQFQCnCBsEMMPAgBCVAJoBV
6=sRNQAIhAFZETYoKQA3KCkAOCgpADkoKQA6KCkAOygpADwoKQA9SAHdID5IAXgRXSA/SAGM
7=JmcTCACCdBhnEwgAiqkBQkAEnxECAENJAdm3AjQACZACURQ1KCkANigpADcoKQA4KCkAOS
8=gpADooKQA7KCkAPEkBOmcLBgA9yAFNJj5IAdEUP0kBh60QQEgBiC1/FQkA17UCQlUCz6kB
9=Q0kB1KkBREgBeApfKzMACoQBSRc0KCkANSgpADYoKQA3KCkAOCgpADlIAZsRBgA6SQGGaA
10=xiSwoA3Ss8VAJ0GF0rPUgBi0MCAD5IAd0VP0gBkBB3LgoA22QIdxgKANKpAUJABMkXQ0kB
11=J3MFAQBESQHpYwQBAEVIAXACQxoyAAuEAUEaMygpADQoKQA1KCkANigpADcoKQA4SAHBGj
12=lIAZBAbhsLAJwVbRsLSFRUDGyUqAFZMj1MBdUuPkkB0WUTAlR72BFsGycpAEFABF0HAF0V
13=QkgBwRpDSQEjeAJvGwsA3WQIbxsLACS1AkZABGQBWwYxAAyEAVkcMigpADMoKQA0KCkANS
14=gpADYoKQA3KCkAOEkBj3UNBl1yDPkcOlQC1ZE7yAFZHDxIAdkcPUkBzXgGdjkMAMkBP1QC
15=yU5AKCkAQUgBySJCSQHmeQYBT2gMAJF8GGceDACLqQFFQATRH0ZIAdEfR0gBfANTHzAADY
16=QBUR8xKCkAMigpADMoKQA0KCkANSgpADYoKQA3SAHFVThJATZkC34gDQBpAQFlPw1Y0k01
17=AlkADeVrPEwFxR49KCkAPigpAD8oKQBAKCkAQUkB0HAfd5wNACZ0DX8gDQAiqQFEQATRH0
18=VJAY21AkZJAYepAUdIAckiSEgBcAJLIi8ADoQBSSIwKCkAMSgpADIoKQAzKCkANCgpADUo
19=KQA2SAFkolEJN8gBRT84SAFoIl14OcoBAwJNfg7pIjtUAskiPCgpAD0oKQA+KCkAPygpAE
20=AoKQBBKCkAQkgBwUZDSAHBRkRIAcFGRUkBiG8eAQBGSQGKqQFHSAHZJ0hJAeBrLQEASUgB
21=fANDJS4AD4QBAQAGAC8oKQAwKCkAMSgpADIoKQAzKCkANEgBj9YGADVIAc1HNkgBbCZVIz
22=dIAYOIAgA4SAHJxzlIAcFnOkgBwSU7KCkAPCgpAD0oKQA+KCkAPygpAEAoKQBBKCkAQkgB
23=0UtDSAHRS0RIAdFLRUgB1SNGSQEhZyEBAEdJAeOhJUhJASW1AklIAd0VSkgBzzEtABB5Aw
24=BZJy4oKQAvKCkAMCgpADEoKQAyKCkAM0gBlyMGADRIAc2qNUkBQmULBlluEJirSU43VQKN
25=ZBNkKcEPAk+UEADWtQI6QAQnJQUQ6ZA8KFUAPSgpAD4oKQA/KCkAQCgpAEEoKQBCKCkAQ0
26=gB0R9ESAHRKkVIAc0mRkgBzSZHSAGHdgIASEgBhXYCVE8nvQJKVALFNEtIAWAeT1IsABGE
27=AVEqLSgpAC4oKQAvKCkAMCgpADEoKQAyKCkAM0kBkXQjfSsRSJZIC2RVqAFRKjZABIMwAg
28=A3SAGAMHwrzBB/KxEA2mQIdXsR8So7TAXJLTwoKQA9KCkAPigpAD8oKQBAKCkAQSgpAEIo
29=KQBDSAHJIkRIAZV7Akf6EQCFRBdVI0ZUAskBR0kBg7UCSEkBhqkBSUgB3UFKSAHRFEtIAd
30=02TEgBaAVTCSsAEoQBSS0sKCkALSgpAC4oKQAvKCkAMCgpADEoKQAyKCkAM0gBxYE0SAF+
31=5gICXoMSACW9IzZUAsktN0gByf44SAElDSM5SQEobRMBTaoS4Vw7VALBGjwoKQA9KCkAPi
32=gpAD8oKQBAKCkAQSgpAEIoKQBDKCkAREkB1bk9RUkBjG0QAk6qEgDJLUdUAoStdloSAISt
33=dFonkQJKQATRFEsoKQBMSAHBME1IAXgKQzAqABOEAUEwKygpACwoKQAtKCkALigpAC8oKQ
34=AwKCkAMSgpADJIAXyvXQozyAFNXTRIAZgNbDHBDwJGjBMAwTA3QAQlzSU4SQGTcQUBR4wT
35=AOBoIm0xE/FhO0AE2Rw8KCkAPSgpAD4oKQA/KCkAQCgpAEEoKQBCKCkAQ0gBJwQMARMA//
36=9QEGdgEwCQRAFNJkZABNUuR0gBcAJVAkhIASWtLElIAcUTSkgBJdksSygpAEwoKQBNSAHZ
37=Mk5IAdMJKQAUhAEBAAYAKigpACsoKQAsKCkALSgpAC4oKQAvSAGbigYAMEgBl94GADFIAd
38=1iMkgBZDRdYjNIAZkNAkzAwA9mNBQAJUU1NkAEyf43SQGPcQUBVukUAM3WOVQC0a46SAF8
39=A0kiO0gBxYE8SAHJIj0oKQA+KCkAPygpAEAoKQBBKCkAQkgBxSlDSAHRCURJAdNoQ2Y0FA
40=DFKUZUAs0QRygpAEgoKQBJSQHcuQZKSAGXGAIAS0gBl8gCAExIAZf0AgBNSAHNBU5IAd0K
41=TygrACgAFZACUTUpKCkAKigpACsoKQAsKCkALSgpAC4oKQAvSAHdxTBIASKkNl0KMcgBTW
42=gySAGbDQIAMygpADRIASV5IDVIAd1XNkgBJ98GFQCSfAZ9NhUmCTM5QAQnlhMVAIA7Il0t
43=FeGePEAE1S49SAHVLj4oKQA/KCkAQCgpAEFIAc0QQkgBzWhDSQHYtS5ESAHVAkVIAd3bRk
44=gBzZ9HSAF4FVlISEgBxTRJSAHFNEpIAYhOfDbBMANdNhUkFC9+NhUAzQVOTAXJAU9IAcE7
45=UEgBywwnABaEAUktKCgpACkoKQAqKCkAKygpACwoKQAtKCkALkgB0WwvSQE4ZAt1cBZEyS
46=PdMjFUAnACTRsyKCkAM0gByTg0SAHVLjVIAcUpNkgBJb0jN0gBlBh2ORYAJ50UFiidFBa4
47=PXY5FgDVLjxYBtUuPUgBzXM+SAHBOz8oKQBASAHNEEFIAcEEQkgBJTk5Q0gBwQRESAHdNk
48=VIAdE1RkgB1S5HKCkASEgB3TZJSAGfIAMASigpAEtIAZyOdDnZMgNUcCcpAE5ABNkGT0gB
49=g1wCAFBIAZcCAgBRKCsAJgAXkAJBOycoKQAoKCkAKSgpACooKQArKCkALCgpAC1IASIoIV
50=EJLsgBQXIvSAFsPEkBMEgBmQ0CRK3DDwIAMlQCxcMzSAEl6UQ0SAHNBTVIAc0xNkgB0Zg3
51=SAHZPThIAYQpbuEXAJgnbeEXJnVGO0AEzTE8SAHFoj1IAd02PigpAD9IAcVKQEgB3UFBSA
52=HNEEJIAcEEQ0gB1TlESAGMEGStzBAiXSIXJL85AwBHQASLQwMASEgBlxgDAElIAZgcbDwn
53=rQBLVAKcIGw8wCVtPBckm0UDAE5ABNkGT0gBnCBuPBcAzRBRVAKHYAIAUkgBjQUCRSMYhA
54=FGNCYAJykAJygpACgoKQApKCkAKigpACsoKQAsSAHdeC1IAWQ/UeUuSAGPDAIALygpADAo
55=KQAxKCkAMigpADNIASXtKTRIAZzxbewYJjkjNlQCyTg3SAHZaThIASUNLjlIASXhLTpIAS
56=N0RnR72xwCADxUAsUTPUgB1Tk+SAHRQD8oKQBASAHVREFIAcEPQkgBJ+UHGK+JAgBEVAKf
57=VwMARUgBzTxGSAGcCmU/GCRsUGY/GACECGQ/xBNlPxipkANM7CdVAExECJwVZD8nVQBOKF
58=UATygpAFBIAdGCUUgB3UFSSAHRQFNIAZEJAk3bGYQBUkAlACcpACYoKQAnKCkAKCgpACko
59=KQAqKCkAK0gBIpgkUQksyAFBfS1IAY8MAgAuKCkAL0kBkr3bMEgB0bkxSAGMJmaBGQDJAT
60=NUAohkIswl0BR8QScpADZABMkMNygpADhIASPIQCJdOBnpvDpUAs0FOygpADwoKQA9SAHN
61=7D5IAdk9P0gBlHAiNFQn4QFBVALRCUJIASXpI0NIASOcS35BGQAj0CBlgRkkpyADAEZABM
62=U/R0gBhAh+QRkAhAh8QcgMfEEn2QBLTAWcIGSBJ4EATVQCyU5OSAGPJgMATygpAFBIAdUN
63=UUgB1Q1SSAHJQ1NIAclDVEgBgAQCAgAjABqEAVU5JCgpACUoKQAmKCkAJygpACgoKQApKC
64=kAKkgB3YMrSAF0RF2DLEgBjwwCAC1IASMMLnZEGgAjLF51hhqrpgIAMEAEjGh9xRomaT8y
65=KFUAM0gBxTQ0SAHdCjUoKQA2KCkAN0gBiGQi9EDYHHREJykAOkAExQg7SAHZUzxIAYMwAg
66=A9SAHZwT5IAc0FPygpAEAoKQBBKCkAQkgB0cRDSQHipWBESAGA1XVEGiiVCBrphUdABJSc
67=dETQFHRE1CN0RCetAEtMBYAldUQaJJgvdIYn2QBOQASAnnREJ9kAUFQC2QZRSAHZSFJIAc
68=EPU0gBwUZUSAHBRlVIAdMfIgAbhAFBRiMoKQAkKCkAJSgpACYoKQAnKCkAKCgpACkoKQAq
69=SQE/ZwsGACvIAVmKLEgBcQIAb0cbAIulKS5UAiWtQi9IAd14MEgB3XgxSAGYHGaMGwDBRj
70=NUAtEJNCgpADVIAYRrIt49GwDNwDdUAtkGOEgB2QY5SAHNBTpIAZgnZc4b5VU8VALZBj1I
71=AdkGPigpAD8oKQBASAHZU0FIAcFGQkgB1URDSAGNUgNFzhu8pGTOwBpkjMwxZM4nKQBIWA
72=aAD21HG/GNSihVAEtIAYwmbEcnMQFNVALZBk5IAc2UT0gB1QJQSAHFSlFIAZscAwBSSAHB
73=BFNIAYMaAwBUSAElGSpVSAGDBAIAVigrACEAHJACWUgiKCkAIygpACQoKQAlKCkAJigpAC
74=coKQAoSAGbigYAKUgBIyghIp5AHABmSgIGREqoAQEDAgAsQASED2ZKHAAl9VYuKFUALygo
75=AAUwABwAAAAAABEAAKsPACAIAAIAMQAcANgBAABLATIAHFwASwACADNJAdm1AjRIAUwCYQ
76=Q1KCkANigpADcoKQA4KCkAOSgpADpJAdaxCTtJAdCpATxIAd0KPSgpAD4oKQA/SQHXrQVA
77=SAHZBkFJAeC1AkJJAdtrAQMAQ0kBzakBREkB1KkBRUgBiwwDAEYoKQBHSAHZBkhJAdWtBU
78=lIAc0FSigpAEsoKQBMKCkATSgpAE4oKQBPKCkAUEkB3L0KUUgB3QpSKCkAU0gBly4DAFRJ
79=ASZnBAIAVUkB43sGAgBWSQEitQJXSAFkAUc0IAAdhAEBAAYAISgpACIoKQAjKCkAJCgpAC
80=UoKQAmKCkAJygpAChJAZFjDwYAKUkBOnMMBgAqyAEBAQIAK0gBcAJNECxJAZBvBQIALUkB
81=iakBLkgBwQQvSAHdNjBJAc+hBDFIAYc0AgAySAHVAjNJAdKhBDRJAdOpATVIAZsyAgA2SA
82=HdCjcoKQA4KCkAOSgpADpJAdqlCDtIAcFGPEgBxQg9SAHVWj5IAdUCP0gB2QZASAHZBkFJ
83=ASRnBAIAQkkBKKkBQ0gB3TZESAFwAgEAAwBFKCkARigpAEcoKQBIKCkASUkB3XMUAwBKSA
84=HFCEsoKQBMKCkATSgpAE5IAYsXAwBPSAHZBlAoKQBRKCkAUkgBgzADAFNIAZQufkwdAJUu
85=A19MHQDRrRBWQQTmawECAFdIAZ8KAgBYKCsAHwAekAJJTiAoKQAhKCkAIigpACMoKQAkKC
86=kAJSgpACYoKQAnKCkAKEkBUnAMdk8eAHZPAgJUT8APdE8nKQAsTAVoBUFRLSgpAC5IAYce
87=AgAvSAGHHgIAMEgB0UsxSAHVAjJIAZyDd5weACd3CQEANFUC6X8gAQA1SAGZPQFUTyeBAD
88=dUAsEEOEgBwQQ5SAGVOQJYFieRAjtUApt/AgA8SAFkDF0VPUgB1QI+SAHVAj8oKQBASAHB
89=UUFIAcVgQkkB4GUTAlacHgCHCAMARFQChAh0T8APdpweAJ8gAwBHQATNPEhIAc0FSSgpAE
90=ooKQBLSAGXGAMATEgBzQVNSAHRCU5IAZgndk8eAJt0AwBQVALJDFFIAdkGUkgBlBh2Tx4A
91=gDB2Tx4AxQhVQASRbANWnB4AzZ9XVALNn1hIAc2fWUgBnQoCQQEfhAEBAAYAH0QAjwEGAC
92=AoKQAhKCkAIigpACMoKQAkKCkAJUkBjHEqBl8PHwCKqQEnVQI5YwsGACjIAU2fKUgBcAJJ
93=OCooKQArKCkALEgBgSUCRaIfs2wCAC5UAoQeblIfAMlOMFQC0QkxSAGUOWWiH+FRM1UCI2
94=QEb1IfAI+pATVVAt5wFG9SHwDkqQE3VAKTggEAOEkB4LUCOUkBkXgGb1IfAIepATtUAmQB
95=VRg8SAGbPQIAPUgB1QI+KCkAPygpAEAoKQBBKCkAQkgB0aNDSQHoYQ8CTVIfXCZZCQJEot
96=A1blIfAJT/blIfAMU/SFgGRQUAVadJSAHd8UpIAcVKS0gBwQRMSAHBBE1IAZMqAwBOSAHR
97=CU9IAc0FUEgBwbRRSAHVAlIoKQBTKCkAVEgBxVVVSAHFVVZIAcFcV0gB2RFYSAHFVVlIAd
98=lTWkgBiQwCQaYghgEABkRVJykAH0BUmAJkVSdVACEoVQAiKCkAIygpACRIAdlTJUgBjOxm
99=VSAA3aQnVAJkVV2kKEgBiQwCTPfIDHSnJykAKyiBACxIAYwxZVUgrHNlVSC5MgJUpyfZAD
100=BMBdVEMUgBgFFmVSAAn8UBADNUApxMZ1UgAIZwEHanIACIQ2ZVIADJWTdMBYxdZFUngQA5
101=VALBqTpJAY5nCAIAO0gBwQ88SAFwAlFWPUgBk0ACAD5IAdGjP0gBwQRAKCkAQUgBwXJCSA
102=GIOHenIAAhcAVnVSAAJakBRUAEZAFBUUZIAd1BR0gBh3YDAEhIAcEESSgpAEpIAc0FS0gB
103=mBF0p9snAwBNVAKILWVVIO2fT1QC0UtQSAHJWVFIAcnzUigpAFNIAd0KVEgBzRBVKCkAVi
104=gpAFdIAdkRWEgB2QZZSAGTNQIAWkgBhwgCAFsoKQAcoSIAUVYdKCkAHigpAB8oKADQJ20F
105=IShVACIoKQAjSAEjYSgGQkAhANFWJVUCO2QPfVchUjsAAE2qJ1QCcAJBOygoKQApSAHdNi
106=pIAYAldf8hp84CACxUAox+fFeMOSJZMi5UApBLfFcnVQAwVALJDDFIAdFLMkgBnHh+VyEA
107=nHh/VyEAkHAFfFdIF6kBNk0FhakBNygpADhJAYu1AjlJAeBtnwFU/8QIflchAIAEdP8nOQ
108=I9TAV0BkUePigpAD8oKQBAKCkAQUgBlDki7Skh7XNDVAKUDXxX3Ap0/ycpAEZABIgMZK0n
109=VQBIKFUASSgpAEooKQBLKCkATEgBkGx9VyHxVk5UApQudP8nXQFQVALBXFFIAclZUkgBzQ
110=VTSAHZEVQoKQBVSAGM1nT/JzEBV1QCzQVYKCkAWUgBkDV+VyEAJXkgW1QCnzYCAFxIAZsG
111=AgAbrDl5UxwoKQAdKCkAHigpAB8oKQAgKCgA1EFlCCIoVQAjSAHRriRJATh5DQZRhyKIWV
112=2vJlQCcAJBOycoKQAoKCkAKUgB2VMqSAGcunVaIiTYIXVaIqTkdVoiJGQudLKQHGFcL1gG
113=yQwwSAGYJyLlPiKwVnWyIv38M0AEjCZ0WtwYdloiAJgGd7IiAIx3CQEAN0wF2bY4SAHBBD
114=lIAcW4OkgBJdErO0gBzbU8SAFgCEUePUgBxXY+SAGfjgIAP0gBwQRAKCkAQSgpAEJIAZT0
115=dbIiWIVUBXVaIij8INAfIvwgJykAR1gG2VNISAGXDQMASUgBXAciKSFKSAGXGAMAS0gB1Q
116=JMKCkATUgB0VZOSAHRVk9IAd2vUEgB1QJRSAElTSBSSAHVAlNIAcEPVEgByQxVSAHdClZI
117=AYfOAwBXSAHBBFgoKQBZSAHVGFpIAc0FW0gBzbVcSAGbBgIAXSgpABqs6XlTGygpABwoKQ
118=AdKCkAHigpAB8oKADU8WUIIShVACJIASIqIQAGQgEjAGgBQbQkUAFsXUkBJUgB2REmSAHZ
119=PSdIAZ0gAkw2lPxlVSlUAs0FKkgBI0xBbV0jJFgybV0juIptXSPpmy5MBdkGL0gBlCMi/D
120=YnrQAxVALVDTJJAZJwBSL8NifhATRUApgnbl0jAJBLbV0jKK8LIwCKeAYiBiIjAJmrAVUd
121=I6zLZrgjAIkMAUd7IwDgvbo8XAp0Bo1dIyT0NSIEIifhAT8ogQBAKCkAQSgpAEJIAZQNbV
122=0j9XtEVAKIDCKuLCMAhB5sXcAEZLjIDCIEIicpAElYBpgRIvVAI7SGbF3UGCIFIiMkADJl
123=uCMkhCciBCInKQBPRAjJWVBIAc21UUgB3QpSSAGYlSL8NifhAVRUAsEEVUgBJ6wLxDRsXS
124=fhAVhABIcpAwBZSAHZBlpIAZsyAwBbSAGMlGS4YKxIBGxd1w0CAF5ABEwCZUoZtIMCAAAG
125=ABooKQAbKCkAHCgpAB0oKQAeKCkAHygoACXkKXEJIVQC3LpgkHheUbkjVQKOZT8CQAGQoG
126=0QJVABhzQCACZIASNjKAIAJ0gBJfVAKEgB3aQpSAHdpCpIAdUYK0gBjCZlYCQoBQwkKAQM
127=J7UBL0wF2QYwSAGMJnS9J4EAMlQClJxkYCdVADRUAicFDCSkVWZgJACUZXa9JAAjXC1lYC
128=QmZTk5WAaY8GVgJKzsZWAkTNxXEAEAPEAE1Q09SAFMAmkiPigpAD8oKQBAKCkAQSgpAEIo
129=KQBDSAHBGkRIAZAXZWAkUIhHCwIARlQCgARkYJgDfbpIVAJYA2kBSUgBjDFlYCQkWD1kYC
130=etAExABMUITUgB2QZOKCkAT0gBjDEiBEPPMQMAUVQC0VZSSAHZBlMoKQBUKCkAVUgBiHoi
131=DSMk8WxXVALZaVhIAcUIWUgB3RVaSAHJb1tIAcG/XEgBnDZkYNQYZGAnKQBfQASTCQIAGL
132=AyfVcZKCkAGigpABsoKQAcKCkAHSgpAB4oKQAfKCgAIjQ0IthNUWwhVAJoAUG/IkgBJbUi
133=I0gBI0AvfGIj5DRxQCVUAsUTJkgB0WEnSAGFeQFROiUm2SEpVAKLGgEAKkgByWQrSAGEKX
134=5iJQCY7WXDJShcDCe1AS9MBdHPMEgBzQUxSAGM9yIUJCfZADNUAsUTNEgBk40BADVIASMQ
135=KX1iJe1dN1QCI4ghfWIl9WU5VQLgZIF9YiX51ztUAtUNPEgBmD0iFEUnkQI+VALBDz8oKQ
136=BAKCkAQSgpAEIoKQBDSAHdIERIAYBRfmIlAIwQfWIlsNp8YtQNZMMnKQBJWAaAD3xiJ1UA
137=SyhVAExIAdleTUgBlBhlwyX9xU9UApAqfGLEKXxiJzEBUkAEyQxTSAGQgiJkTyeBAFVUAs
138=EEVigpAFdIAcHKWEgBwQRZKCkAWkgBkB9kwyfhAVxUApw2fWIlJBwkfGLXDQIAX0AEkwkC
139=AGAoKQAXSLSVAgZUZZwHAgAABgAZKFUAGigpABsoKQAcKCkAHSgoACJ0UpjBIs1RJibxRS
140=BABGhkXcUhSAEjzTsCQRQmJM07AlDXwA91ZSbtRyVMBYx+dcgmJhVFJ1QClFp1ZSanYAEA
141=KVQCkEB0ZWzOSxoBACtUAtnMLEgBzWgtSAGcKyLMMCfhAS8oVQAwSAFcB2V2MUgBkEB1ZS
142=b90DNUAsUTNEgBzQU1SAGHEwIANkgBwQQ3SAGQDHVlJu1oOVQCgDN1ZSYkdCUiJDwniQE8
143=QATd5j1IAckMPigpAD8oKQBASAHBD0FIAYRVIiU8JibxJENUAsUIRCgpAEVJAeBkdnRlzB
144=B1ZSYkhCd0ZScpAElMBYAadGWaGQAAdMgnKQBMQASAJSIcJdgydWUmoJMiJDwnrQBQKK0A
145=UUgBI9lCA1BFJ7UBU1QCiIV0ZSfZAFVUAsXDVkgB2RFXSAGPGwMAWCgpAFlIAd1tWkgBwQ
146=RbSAHRFFxIAYNGAwBdSAHByl5IAZgGdGXAD3RlJykAYUAEkwkCABYhQCOLAQYAFygpABgo
147=KQAZKCkAGigpABsoKQAcKCkAHUgBiMciNVQnvGJvaCcAQmwMIjRUqAFZzCFMBXECAGxojM
148=hlVSNUAtFAJEgBneYCWXwnqP5taCcoDQ0nJr0jKEwFzQgpSAGVZQBFzidM0ZEMK1QCiyIB
149=ACxIAcnSLUgBjwUBAC5IAcVrL0gBkAYiLDLUCiIlJick4C1taCcoDA0nKQA0WAbRVjVIAc
150=kXNkgBk0ACADdIASPnVAIAOEkBiW8MAgA5SAEl3Ug6SAFwAkkiO0gBIzgjIjRJJw0CPVQC
151=1SM+SAHVDT9IAZdPAgBASAHBD0FIAZy6bGgnkAICQwAnAM8RAACuDwAgCAEAAAACAEQAJw
152=DRqAECRQAnACRQAgEAAgBGSQHptQJHKCkASEkBKKEESUkB2GMEAwBKSAFwAgEAAwBLSQHX
153=tQJMSQHUqQFNSAHBBE5JAdy1Ak9IAdUCUEgB1QJRSAHVAlIoKQBTSAHBBFRKAf//SwQDAF
154=VIAUEBAEEPVkgB2RFXSAHVAlhJAdu1DVlJAdCpAVpIAcEEW0gB2QZcSQEnewICAF1JASOp
155=AV5JAdZ7BgIAX0gBwSVgSAF8A0ElYSgpAGIoKgAVAJgkAgAABgAWKCkAFygpABgoKQAZKC
156=kAGigpABsoKQAcSQGQbxAGAB1JAYmpAR5JATlzEAYAH8gBAQECACBIAXACRRMhSQHZbwUC
157=ACJIAdUCI0gBwRokSAGLIgIAJUgBkx8BACZIAZEfAVkZKEwAgQco9wIAAClJAY+SAgAqSQ
158=HgawwAACtJAdprAQEALEkB06kBLUgBjyYBAC5IAY8FAQAvSAGXRAIAMEgBjwUCADFJAc17
159=BgIAMkkB0qkBMygpADRIAcEENSgpADZIAc0FN0kBz7kGOEgB3Qo5SAHVAjpIAdUCO0gB0Q
160=k8SAHVAj1IAdEJPkgB1SM/SAGLTgIAQEgBg0YCAEFIAdUCQkgB0SpDSAHdCkQoKQBFSAHN
161=EEYoKQBHSAGXIwIASEgBlyMCAElIAZAJZmsoAJgGZmsoAJsRAwBMQASfLwMATSgpAE4oKQ
162=BPKCkAUCgpAFEoKQBSSAGLQwMAU0gB0QlUSAHVZVVIAcEPVkgBiyIDAFdJAdV/KwMAWEgB
163=2QZZSAGHPwMAWkgB2QZbSAHdFVxJASZwBWVrKFBRTwECAF5UApgcZmsoAIuFAgBgVAJZAw
164=BdV2EoKQBiKCkAYygpABRIUY8FBgAVKCkAFigpABcoKQAYKCkAGSgpABooKQAbSQFSdwkG
165=ABxJATapAR3IAQEBBgAeSAF+bQICXW0peANxFCBUAo8BAgAhSAGMlHxtJ4EAI1QClSMCSa
166=spqDh/bSkA5mQpfG3MBXxt1QIAUxwpAJGAC18HKQCGqQEqUAGAtH5tKQCBtABcbWhyhQQt
167=QASYU35tKQCESn5tKQDFEzBABIQFfG0nVQAyKFUAMygpADRIAckXNUgBxTQ2SAHFCDdIAd
168=0KOEgB1QI5SAHVAjpIAdUCO0gBhxMCADxIAdUCPSgpAD5IAd1BP0gBwXJASAHZaUFIAZNL
169=AgBCSAHVAkMoKQBEKCkARSgpAEYoKQBHSAGMUnxt1CN+bSkAmBx+bSkAnAp8bScpAExYBo
170=APfW0ps+UDAE5UApcYAwBPSAHBZ1BIAclkUUgBwQRSSAHJDFNIAcEEVEgBwQRVSAGPJgMA
171=VkgB1QJXKCkAWCgpAFkoKQBaSAHdCltIAdl0XEgByQxdSAGcTH5tKQDBMF9UAogMfm0pAI
172=/LAgBhVQKEb1ICAGJJAYapAWNIAc0FZCgpABNIv5cCBgAUKCkAFSgpABYoKQAXKCkAGCgp
173=ABkoKQAaSQE7dwkGABvIAUXZHEgBdHBdbR3KAQMCVXAqZAVpbx9UAtXIIEgBwakhSQGMqR
174=ciSQGKqQEjSAGcBnVwKv0gJVQCgJN1cCqgk3VwKlDglQUoQQQihAFLHyoAkqkBKlQCgA92
175=cCoAiC11cCq/bQAALUAEiC11cCpcflwGdHB45YkBMEAEQAF1GDEoKQAySAGbSAIAM0gBnw
176=oCADRIAc0FNSgpADYoKQA3KCkAOCgpADkoKQA6KCkAO0gBhBN0cCclBT1UAskMPkgBwQQ/
177=SAHd20BIAc1zQUgBiGR1cCq3ZQIAQyhVAEQoKQBFKCkARigpAEdIAScUDtQjdHDXIwIASk
178=AE1VpLSAHVWkwoKQBNSAGMEHRwwDB0cMMaAwBQQASDGgMAUSgpAFIoKQBTKCkAVCgpAFUo
179=KQBWKCkAV0kB3XhIdN4niQFZVALJDFooKQBbSAEjHyUCAFxJAeh4BnbeKgAjSCV1cCrpsV
180=9ABIQIdHDcCndwKgCPuQZiQQSFqQFjSAHNBWQoKQBlKCsAEgArnAMBAAYAEygpABQoKQAV
181=KCkAFigpABcoKQAYKCkAGUgBzeEaSAFsc1VwG0gBxWscSAHJhR1IAdFsHkgBnGJl5CvpQy
182=BUAtk9IUkBkaEaIkgBgRYCRSMrhAFJ/iRUAtVPJUkBJ3wCbXMrUARMAW5zKwCNMQFF5Cuo
183=6CJGKisAgWcAQSIrrOxtcytM8lgGb3MrACWEAU5zKwCIWW1zK7B3bXMrs3cBADBADyNsJG
184=TkJ2UCMlQCgAhscydVADQoVQA1KCkANigpADcoKQA4KCkAOUgBnxUCADpIAY/LAgA7SAHB
185=JTxIAdUNPUgBzQU+SAGbXgIAP0gB2QZASAHVAkEoKQBCKCkAQygpAEQoKQBFKCkARigpAE
186=coKQBISAHNqklIASPYIW1zKyTbIQIAS1QCIwciAgBMSQEoYxYCAE1IAYg4bHPAJWxzJykA
187=UEAEgBpsc8MwAwBSVAJhCAAiRConrQBUVALNBVVIASNMIGTkJ9kAV1QC2QZYSAHNBVlIAZ
188=SnIkQqJzEBW1UCJnAFb3MrAOKhUV1UAoi8bHPMBSJEKicpAGBABHQGWVNhKCkAYkgByVlj
189=SAHBBGQoKQBlKCkAZigrABEALIgFWXQSKCkAEygpABQoKQAVKCkAFigpABcoKQAYSQGSdx
190=gGABlJAUJnCwYAGsgBSegbSAHNiRxIASPjOAIAHUgB2XQeSAHNRx9IAYStIg05LPF3IVQC
191=3UwiSAHdQSNIAXANSSIkSAEj4CIiTSssoHJldiwk9CpndiwAi3AFZXYs4espWAaULmV2LL
192=zxZXYstHBmdiwAkRQBRXYsqHpldiyoemV2LKh6ZXYsqHpldiwkwDQiDDknKQAzVA2MR3bp
193=LADJATVUApdEAgA2SAFsFEEaN0gBm0gCADhIAcUeOUgBwQQ6SAGAiGZ2LADNJjxUAs0FPU
194=gBzQU+SAHNBT9IAcktQCgpAEEoKQBCKCkAQygpAEQoKQBFKCkARigpAEcoKQBIKCkASUgB
195=3TZKKCkAS0gB0RRMSQHgbEdkdsAwZHbYU2R2JykAUEwFgBpkdidVAFIoVQBTSAGXsgMAVE
196=gBzQVVKCkAVigpAFcoKQBYKCkAWSgpAFooKQBbKCkAXEgByQxdSAEnTCvURGR2J7kHYEAE
197=0R9hSAHFHmJIAYcTAgBjKCkAZEgB2cxlSAGfmQEAZigpAGdIAdkGEEhRiwEGABEoKQASKC
198=kAEygpABQoKQAVKCkAFigpABcoKQAYSAEiZTkAfngtAGgBUXcaVAKXewIAG0gBydIcSAGM
199=EH14LfleHlQCJXk2H0gBwQQgSAHVTyFIAdVPIkgBzQUjSAHNBSQoKQAlSAGcpH94LQDjdE
200=R9eC0mgSwoQASPMQEAKUgBjDF9eC0kZCN9eC0oHA/QFH14LSSUP314LShULCKMSFQQfHjM
201=BX14LeVrMkgM3RUzSAHRNTRIAdE1NSgpADYoKQA3SAGJ0gFdeC0kgTcCTSst+X86QATdCj
202=tIAUQQIjkuPEgBzSY9SAHJhT5IAcF9P0gBxSlAKCkAQSgpAEIoKQBDKCkARCgpAEUoKQBG
203=KCkARygpAEgoKQBJKCkASkgBzRBLSAElpSBMSQHgZDR8eMAwfXgtJONOAgBPQASfIAIAUE
204=gBmBx9eC2EAVntUlQCkEtk7ydVAFRUApyvIpVVLSbNO1ZUApwGIixIJ60AWChVAFlIAdEJ
205=WkgBzQVbKCkAXEgBiDgiVSwtJFgnZO8n5QdfQATdK2BIAcUeYUgBxR5iSAElWTJjSAGLDA
206=IAZEgBg1EBAGVIASPoRH94LQCHZwQBAGdUAiMPIwEAaEgBcAJXvQ8ALoQBAQAGABAoKQAR
207=KCkAEigpABMoKQAUKCkAFSgpABYoKQAXSQFSZwsGABhJATlKAQICVPTVDQJV9C6823V7Lr
208=/bAgAcTAVIBWFRHUgBweseSAHVAh9IAZgydfQuKJUeLqRrIuRJJ4kBI0wF2QYkSAHZBiVI
209=AcWiJkgBIyFXAlFFLqjzdfQu4X0pQASEgXV7LqSBdXsupO919C6sfnZ7LgCQCXV7LiaRLi
210=9FCOB4U3V7Lrz8dXsuRA5PEwEAMkAE3XgzSAEjlzQBADRIAZPwAQA1SAGRuQFV9C4mvS43
211=VALVOThIAcUIOSgpADpIAZteAQA7SAGTCQIAPEgB2Ug9SAFEEGktPigpAD9IAdl/QEgBwV
212=FBKCkAQigpAEMoKQBEKCkARSgpAEYoKQBHKCkASCgpAElIAcmQSkgB1VpLSAEjBC0iXS0u
213=vKR1ey4m4S1OQASAJXR7J4EAUFQChx4CAFFIAYwbIl0tLqyfdXsuJGwkdfQuuKt0e8xHIl
214=wtzEd0eycpAFhQCY9HAwBZSAGIIiJcLScxAVtUAodKAwBcSAGUcHR7J4ELXlQCmAZ09Cet
215=C2BUAsUeYUgB1S5iSAGQCXT0zBB0eyd5CmVABCPkKHd7LgCMfBx1ey4mlSloQATJTmlIAX
216=wDQ30OAC+EAQEABgAPKCkAECgpABEoKQASKCkAEygpABQoKQAVSAEjJDwidmcvACP7OwYA
217=F1UCQnAMbn4vAGgBWfgZVALVTxpIAd0gG0gBxT8cSAF0BlEUHSgpAB4oKQAfSAEjOERtfi
218=/hfSFUAtkGIkgBhDQiLT0v/dskVALVpyVIAdleJkkBkHwGbX4vs6MCAChUAoB9Zfov+X8q
219=VALd/CtJAY14BiJ3Zy8AiakBLVUCiqkBLkkBIakBL0gBI7A9bX4vvINtfi8mdTAyQASTxA
220=EAM0gBdQYAbH7ENGx+2AZtfi+rhQAAN0wFgVwARfovtacBRfovt9MBADpABNGCO0gBjQUB
221=TX4vp2ACAD1UAiXFLz5IAYAPIi09LyYdJUBUAsU0QSgpAEIoKQBDKCkARCgpAEUoKQBGKC
222=kARygpAEhIAcEwSUgB2V5KSAHJQ0tIAcEETEgBxRNNKCkATkgBzQVPSAHVGFBJAeB4q25+
223=LwCQKmx+xCltfi+wrmx+J1UAVVgGiAxsfidVAFdUAogMIp1LL6zLbH4nKQBaQASHSgMAW0
224=gBnFdsfsA7bH4nJQVeQATFKV8oKQBgSAGQuSKcS9wKIrVZL+HgY0AE1SNkSAGRFAJE+sgM
225=bX4vJBhWbX4vJjE4aEwFyU5pSAHZBmooKwANADCQAgEABgAOKCkADygpABAoKQARKCkAEi
226=gpABMoKQAUKCkAFUgBIxhAZYEwRFBUDGSBqAFZfxhABCV9XRlIAYiFdf8w/WIbVAIjQSQB
227=Vf8wq7wBAB1UAt1XHkgBVAph1R8oKQAgSAGY7SLdaTAk9Et1/zDlKSNABNkGJCgoAAolAD
228=AA2gEAAAACACYAEQAAGhAAIAwwANUBAAAAAgAnADAAkABDAAIAKEkBi0QBVQIpSQEmawEB
229=ACpJASKpAStJAZKpASxJASGpAS1KAeMBTwEBAC5JASVEAQEAAQAvSQHddQICQQEwWAxbAg
230=EAMVEBI0QBQQQySQHWYwQBADNIAZsRAQA0SQEnYwQAADVJAeljBAAANkgBmwYAADdJAd+1
231=AjhJAdprAQEAOUkBzakBOkkB0akBO0kBJHMJAQA8SAGTCQEAPSgpAD5JASihBD9IAZMJAg
232=BASQHSZwgCAEEoKQBCSAGLDAIAQygpAEQoKQBFKCkARigpAEcoKQBISAHdCklIAZMUAgBK
233=SgH//1MQAgBLSQHYoQ9MSAFNAgBNMU0oKQBOKCkATygpAFBJAeC5BlFIAZcYAwBSSQHTdw
234=IDAFNJAdSpAVRIAZ8KAwBVKCkAVkkB2aEEV0gBwQRYSAGHNAMAWUkB0KEEWkgBhzQCAFtI
235=AZMqAgBcSAGHNAIAXUgBmwYCAF5IAc0mXygpAGAoKQBhKCkAYigpAGNJAc93DQIAZEgBwS
236=VlSAHNUmZIAclOZ0gByU5oSAGLFwIAaSgpAGooKQBrKCkADEhRjwUGAA0oKQAOKCkADygp
237=ABAoKQARKCkAEigpABMoKQAUKCkAFUkBUm8MBgAWSQE6SAEBAgIAF0gBRAFhOxgoKQAZSA
238=GDMAIAGkgBnysBABtIAZMqAQAcSQGPfwYBAB1IAdVaHkgB3VcfSAF8A0FGIEkBjG8BAgAh
239=SQGHqQEiSAHRSyNIAckMJEgBizgBACUoKQAmKCkAJ0gByQwoSAFsCUkMKUgB3RUqSAHZMi
240=tIAdkyLEgB2TItSQHXtTkuSAGBfQJdgzHxgjBUAtkcMUkB228FAQAySAGQVnyDzQUAXoMx
241=AIwFfoMxAIwFfoMxAJREfoMxAJcjAAA4RAiJFwBegzEAn2IBADpUApdwAQA7SAGIZH6DMQ
242=CITn2DMbOjAQA+QASTCQEAP0gBwSVASQHosRRBSAGLDAEAQkgB2V5DSAHZXkQoKQBFKCkA
243=RkgBjxACAEdIAYdrAgBISAHFgUlIAdEJSkgBkBR+gzEA2QZMVAKfFQIATSgpAE5IAZ8gAg
244=BPSAHRNVBIAZcYAgBRSAGVGAJdgzFEvkkEAl2DMVwASwADAFRABEIBAAB+gzEAnzYDAFZU
245=AoMPAwBXSAGbEQMAWEgBmBx+gzEAkzUDAFpVAuZ0I3yDxAh8g9wrfoMxAJgGfIMnKQBfWA
246=bVAmAoKQBhKCkAYigpAGMoKQBkSAHZJ2VIAYsXAgBmKCkAZygpAGgoKQBpKCkAaigpAGso
247=KQBsKCkAC0hRnwoGAAwoKQANKCkADigpAA8oKQAQKCkAESgpABJJAYx3IwYAE0kBiqkBFE
248=kBOW8MBgAVygEBAleGMgCOYAR1hjJ4A7SGJykAGUwFyXoaSAGULneGMgCRdAV3hjIAg6kB
249=HUAEk/sBAB5IAZ/FAQAfSAF8A0l6IEgBJSEgIUkBhnsCAgAiSQHcrRAjSAHJDCRIAdWRJU
250=gBl0QBACZIAZV7AUZ7MgDJDChUAoMEAgApSAHNPCpIAd1XKygpACwoKQAtSAGHSgIALkgB
251=dBFRFC9IAc0QMEkBjXgCIlchMgCJqQEyVALZHDNIAYwFdoYyAJiVdIbYJ3aGMgCYJ3SGJ1
252=UAOFgGlGV2hjIAlWUAVIYnKQA7QASPfgAAPEgBlCN1hjJUHnAQVYYypWsAVIbfCgEAQEwF
253=JcUkQUgB0aNCSAHBfUNIAdUjRCgpAEVIAd0gRkgB3YNHSAHZBkhIAcUpSUgBzQVKSAHNBU
254=tIAZ8SAgBMSAGYoHWGMu2JTlQCwQ9PSAGLOAIAUEgB2QZRSAGYJ3SGwDt1hjK8r3WGMrSn
255=dYYy5YFWWAaZzAJUhskiAlaGMgCMJnSGzSYCVYYyvLp2hjIAzRtcRAjFE10oKQBeKCkAXy
256=gpAGAoKQBhKCkAYigpAGMoKQBkKCkAZUgByaZmSAGPcwIAZ0kBhLleaEgBmHQiVCHXOQIA
257=alQC1SNrKCkAbEkBS3sCBgBtyAEDAQYACgAzbAICAAAGAAsoKQAMKCkADSgpAA4oKQAPKC
258=kAECgpABFIAZMUBgASSQGJcBRtiTNAulcMBgAUVAJuiQICTokzAIwFbokzAIwFbYkzs2EC
259=ABhMBVEGAEVrGUgBkGEiBSIzTHlcAm2JM0iAiQEcQAQl8S8dSAHJWR5IAclZH0gBwX0gSA
260=HZSCFIAZgGbYkzqWQBST0zTACdCiTgBCIFIjOoQ26JMwDFjCdBBOB5HAFVajO4+G2JM/1X
261=KkAE1UQrKCkALEgBxcMtSAFMDXkcLkgByVkvSAGfgwEAMEgBkBRsidEUAEE4M/l/M0AEJd
262=khNEgBmFNtiTO4Xm2JM7DabIknVQA4TAWMc2yJJ1UAOlQCi04AADtIAdGNPEgB0Y09SAHV
263=DT5JAd9wH2yJ2EhtiTMkkyMBAEFABJSRIgQiJ3UEQ1QCg/YCAERIAd0gRUgB0YJGKCkAR0
264=gBgBoiBSIzs3cCAElUAs0FSkgB2SdLKCkATCgpAE0oKQBOSAGUeyIEItwVbIknKQBRKIEA
265=UkgBkB9tiTNQO1MMAgBUVAKECGyJzzECAFZUAogibInQH2yJxzQCAFkogQBaSAHBUVtIAd
266=0gXEgB1URdKCkAXigpAF8oKQBgKCkAYSgpAGIoKQBjKCkAZCgpAGVIAcktZkkBi3w2bIkn
267=6Q1oVAJQHGFRaSgpAGooKQBrKCkAbEgBbYkCbInbJwYAblQChwgGAAkhMCzJAQooKQALKC
268=kADCgpAA0oKQAOKCkADygpABAoKQARSQGRaBdljDRIVFAMZIyqAQECR4w0AJBgBGeMNACF
269=qQEWWAYjOC5ljDSwYWWMNKtkAgAZQATBMBpIAd2DG0gB1XAcSAEjyEAijjM0AM1+HlQCRB
270=BtJh9IAc2UIEgB1QIhKCkAIkgB0QkjSAGZEQFFZTQmQS8lVAIlbSQmSAEjkCMitSI0UARY
271=CWWMNKNRAQApQARMAmEPKkgByWQrSAHVGCxIAdFLLUgBgH0itSI07WgvVALZETBIAc0bMU
272=gBlAJmjDQAIw0jAFo6NAAj4CIitSI0oOBkjMQpZIwnKQA3RAiMECKMMydVADkoVQA6SAGA
273=UWWMNCQ0KCK1IjQkmyQAAD1ABNUNPkgBlHBkjNMfAABAVAKcpGSMJ3UEQlQCj5QBAENIAd
274=2OREgB1SNFSAEjdzACAEYoKQBHSAElXSJISAHRKkkoKQBKKCkASygpAExIAZA1IrQi1yMC
275=AE5UAsUITygpAFAoKQBRKCkAUkgBlC5kjNQYZYw0v7oCAFVABNmKVkgB1YZXSAHVOVhIAc
276=EaWSgpAFpIAZwrIrYiNADdpFxUAt0gXUgBhDQijDPHNAIAXyhVAGAoKQBhKCkAYigpAGMo
277=KQBkKCkAZUgBwQ9mSAGYdGWMNIQiWfhoVAKMASK0IidVAGooVQBrSQFMRAQBAQYAbEkBUU
278=kBAGSMzAVkjCcpAG9ABHwDQwQIADWEAUkBCSgpAAooKQALKCkADCgpAA0oKQAOKCkADygp
279=ABBIASWRRBFJAThwDH2ONZyOAQICABNVApKljBRIAYxSfo41ANEfFlQCdAZRHxdIAcEwGE
280=gBwTAZSAHVTxpIASNXIQIAG0gBJdlCHEgBJdlCHUgBJTkjHkgBzQUfSAEl2SwgSAHJQyFI
281=AZj4ImUjNSbFJCNUAtEJJEgBJeVUJUgBgFEiZyM1AI5gFn2ONSQkJn2ONeGeKUwFfANBGi
282=pIAcEaK0gB1RgsSAHBBC1IAZDlfY41JnUlL1QClFoiZCPcNiJmIzUAJ94RNQAjvCN9jjUk
283=lD99jjW4tn+ONQB6jgwANlAJaAFNMDdJAVm1AjjIAVUCOUkBXbUCOsgBVQI7SAGAJX2ONa
284=zAfI4nKQA+QASYJ3yO0B99jjUkhCd+jjUAiG8iZSM1JHxHfI7PBQEAREQI0R9FSAGIEHyO
285=xB4ibEUnKQBIKIEASSgpAEooKQBLSQGTaAgilDQnJQVNVALBnk4oKQBPSAHNn1BIAXQGUT
286=VRKCkAUigpAFMoKQBUSAHFjFVIAZQjImQj1C4iZiM1ANV7WEAE3QpZKCkAWkgBwVFbSAGU
287=IyJsRScFAV1UAtleXigpAF8oKQBgKCkAYSgpAGIoKQBjKCkAZCgpAGVIAcUTZkgBxRNnKC
288=kAaCgpAGkoKQBqSAFwjQECBgBryQEDfI7YMnyOJykAbkAEnwoGAG8oKQAHXE/VAggoKQAJ
289=KCkACigpAAsoKQAMKCkADSgpAA4oKQAPSAEilDRdmRDIAQEBAgARSAFokEkBEkgBgA9pkD
290=aEAU08FFQCJQUiFUgBmAIicTU2rGgi6SM2JlkyGEAExXYZSAHF2RpIASNIRmmQNqv+AgAc
291=VALRCR1IAc0FHkkBiHsCAgAfSAGD9gIAIEgB0YIhSAHZPSJIAd1BI0gBJXUlJEgB1ZwlSA
292=HVkSZIAZh/aZA2Jsk1KFUC4EV3ACLpIzYkaz8CACpUAsU/K0gBdBFdICwoKQAtKCkALkgB
293=hIwi+Wc26ZswVAIjG0AAADFIAYCTIugjzCZpkDb9jjRABIAaaZA2iZACIugjqQEDInI1Ng
294=BokFUCOEwFaAFVAjlIAWiQVQI6yAFVAjtJAVyCFgA8SQGAqQE9yAFFHT5IAYwbaZA2JAgo
295=aZA2JAsoAABBQASUBmmQNiSwSGiQzAVokM8FAQBFTAXV00ZIAZgGaJAn7QhIVALBBElIAc
296=EESigpAEtIAYMlAQBMSAGDJQEATUgBycdOSAGL0gEAT0gBI9cmAQBQSAHNlFFIAcGTUkgB
297=yQxTSAHdjlRIAZwrIugj1C5okCcpAFdABCVNK1hIAcVKWUgBjLUioEYnQQNbVALJDFxIAc
298=1SXUgByQxeKCkAXygpAGAoKQBhKCkAYigpAGMoKQBkKCkAZUgB2WlmSAHBD2coKQBoKCkA
299=aSgpAGpJAVBRBQFpkDYkPFVokNQYaJAnKQBuTAVLBQAABkUAN4QBQgEHACcpAAgoKQAJKC
300=kACigpAAsoKQAMSAElZSMNSAGfnAYADsgBWREPSAFokAECAgAQSAElpVcRSAGHDwIAEigp
301=ABMoKQAUSAHV3hVIAc0FFkgBwZMXSAHZSBhIAclDGUgByUMaSAGYf2mQN+WXHFQCydIdKC
302=kAHigpAB8oKQAgSAHVRCFIAdkyIkgB2REjSAEjYTMCVmo3ACUJaiVUAt2DJkgB1VonSAEl
303=NUkoSAEl+SUpSAHRCSpIAdFLK0gByZssSAHBBC1IAcVrLkgByQwvSAGAJSIVJDcm6SMxVA
304=IjXDhpkDestWmQNygIEicpADVNBWaMDEJDNwBoAVWGN9QCUY04SQEnSAJNBDlIAWmQBCKu
305=WDcAaQEFIvY1NwBokE0EPEAEaJBZBj3IAU2UPkgBJwgS3ExrkDcA4EwGXQpBQAScFWiQxB
306=NpkDcmQSREQASMBWmQNyTwJCIWJDcAwSVHQAQlhDIHSAA3ANwBAAAAAhEAACAQACAEAEkA
307=NwAAAEMAAgBKKCkAS0oB5gFXAgEATEkBkUQBAQABAE1JAYmpAU5JAYOpAU9JAYupAVBJAd
308=25BlFJAeCpAVJJAY9jBAIAU0kB2ncCAgBUSQHSqQFVSQHNqQFWSQHQqQFXSAF0BgEAAgBY
309=KCkAWUkB3KEEWkgBwQRbKCkAXEgByQxdSAHJDF4oKQBfSAHVDWAoKQBhKCkAYigpAGMoKQ
310=BkSAHFE2VIAcEPZigpAGcoKQBoSQFOZwQGAGlJAVBIAQECBgBqyAEBAwYAa0kBjXcYBgBs
311=SAFcAwIAAAYAbSgrAAUAOJACVQIGKCkABygpAAgoKQAJKCkACigpAAtJAVJvCAYADEkBPm
312=sBAgANSQE1SAEBAgIADsgBAQMCAA9JAZB7EQIAEEkBiakBEUgBSQUAQTASSQHXtQITSQHR
313=qQEUSAHBBBUoKQAWSAHFNBdIAdlIGEgByUMZSQHgZwgBABpIAcUIG0kB1ncCAgAcSAHFNB
314=0oKQAeKCkAH0kB1K0FIEkBJ2sIAQAhSQHpdwIBACJJASi1AiNJAZBrAQIAJEkBhqkBJUkB
315=JmsBAQAmSQHjuQYnSQEltQIoSAFkAVEfKSgpACpJAdhvBQIAK0gBwQQsKCkALUgBwQQuSA
316=HJDC9JASJzBQEAMEgBlwIAADFIAYMPAAAySAGDBAAAM0gBnyAAADRIAZ8gAAA1SQFmRAgB
317=AwAANsoBBABaRTgAdgIFAE8COAAoZxMAADlRASmpATpJASqpATtJAXZECEkAPMgBQQM9yA
318=EBAgAAPkgB1Q0/SAGPPAAAQEkBJEwGSQBBSAGTKgAAQkgBk2wBAENIAY8xAQBESAGPBQEA
319=RUgBzTFGSAGbBgEAR0gBk0ACAEhIAU0KAF0rSSgpAEooKQBLSAGAJWqQOACAJWmQOFA7Qw
320=cBAE5BBJJEAUGTT0kBIakBUEgBzQVRSAHVOVJJAY5gBGiQxGtokCcpAFVABJcuAgBWSAGf
321=IAIAV0kBz1QkURRYSAGLIgIAWUgBbAlVAlpIAd1iW0kB1a0FXEgBwQRdKCkAXigpAF9IAd
322=UNYEgB1Q1hSAHZlWIoKQBjKCkAZEgBiy0CAGVIAckMZigpAGcoKQBoSQFWZARrkDgAjGQT
323=a5A4AISpAWtABIB9aJDfIAYABFRHdAYBAAYABSgpAAYoKQAHKCkACCgpAAkoKQAKKCkAC0
324=kBQHQJapA5AGkBAWmQOW4CAABokCcpAA9MBZgCaJAnVQARVALdKxJIAcElE0gBybEUSAHZ
325=BhUoKQAWSAHRghdJASNnBAEAGEgBn9ABABlJAeB8IGiQJ7UBG1QC2TIcSAHVDR0oKQAeSA
326=HBMB9IAXgKVRggSAHVnCFIAYBcapA5AMkMI1UC2XQNapA5AJNWAgAlVALFCCYoKQAnKCkA
327=KCgpACkoKQAqSAHRFCtJAdO9CiwoKQAtSAHJFy5IAdFWL0gB0RQwSAHRFDFIAckiMkgBgA
328=RqkDkAiAxqkDkAkAlokCcpADZNBXuMF0qQOQBoAVkQOFUCbrUCOcgBVQI6SQEnXABBAztI
329=AWiQUZg8yAFRmD3IAVGYPkgB1Q0/SAGMPGqQOQCTFAAAQVQChIxqkDkAhYwASpA5AIWMAE
330=qQOQCARmqQOQCDcgEARlgGzTFHSAFIEXVPSEkB22cTAgBJSAHBJUpIAcEESygpAEwoKQBN
331=SAHBk05IAdGNT0gB0Y1QSAHFCFFJAZFvAQIAUkkBiqkBU0gBZAFNR1QoKQBVSAGMqmiQyC
332=1qkDkA0YJYQATJAVlIAcU/WkgBzVJbSAHdClxJAZNvAQIAXUgB0fteSQGGpR5fSAHVDWBI
333=AcUIYUgBdAZFE2IoKQBjKCkAZCgpAGUoKQBmKCkAZ0kBT2sIBgBoyQEBaJBIOGAPapA5AN
334=2Oa0AEaAUDAAYAAwA6hAFJAQQoKQAFKCkABigpAAcoKQAIKCkACUgB1ZwKSQGKtQ0LSQFA
335=RQsCapA6AGkBA2iQ1A1pkDqgRiIWJDoA1b0QWAbJARFIAY9SAgASKCkAEygpABRIAc1HFU
336=gBUA0CAAACABZIAZtpAQAXSAGQQGqQOgCQQGmQOv2DGkAE2QYbSAHZMhxIAdk9HUgBk2EC
337=AB5IAc0FHygpACBIAc1SIUgBzVIiSAHNUiNIAYh6aJAnmQMlVALZHCZIAZdlAgAnSAHJDC
338=goKQApSAGHawIAKkgB2RErSAHNBSwoKQAtSAHVGC5IAdFLL0gBySIwSAHJIjFIASNTJgEA
339=MkgBgARqkDoAhAhpkDqkYGmQOvWRNkwFfY4CIhUkOoiQWYo4VAJokFUCOcgBVQI6SQFslh
340=QAO0kBfakBPMgBQUU9SAGMPCIUJCeJAT9UApgcapA6ACMQKWuQOgCFpQhCQAQj5DNokNQ5
341=apA6ACMIKGqQOgAlXSJGTAXNMUdIAYAIIhQkJyEKSVQCxTRKSAHZMktIAdkyTEgBjyYCAE
342=1IAY8QAgBOSQGHdwkCAE9IAWQBVU9QKCkAUSgpAFIoKQBTKCkAVEgB1dNVSAHFCFZIAZQY
343=aJAnkQJYVALBBFlJAY1vAQIAWkgBnyACAFtIAcXvXEgBgbQBSZA6o7QBAF5VAotILlEUX0
344=gBm3QCAGBIAWwJVQJhKCkAYigpAGMoKQBkKCkAZUkBS38GBgBmyAFRjWdIAWiQTX5oSAF8
345=A1mKaSgpAGooKQACRELBBAMoKQAEKCkABSgpAAYoKQAHKCkACCgpAAlJAZFvGwYACkkBO2
346=MLBgALyAEBAQIADEkBjmAEaJCYA2mFDlQCxT8PSAGAUSIVJDuvXQIAEShVABIoKQATKCkA
347=FEgBh1UCABVIAXwORSkWSAHRghdIAdGCGCgpABlIAc1SGkgBj+wCABtIAcUIHCgpAB1IAd
348=1BHkgBwQQfKCkAIEgB3YMhSAHdVyIoKQAjSAHNGyQoKQAlSAHdgyZIAd0KJ0gB0QkoSAHR
349=CSlIAcUIKkgB2QYrSAHZBixIAclZLUgB1QIuKCkAL0gBySIwSAEjyzUBADFIASN0MGqQOw
350=CABGmQOySoMWiQ0DVpkDsmbSQ2WAaAtGiQ0DUiIzY7AG5FDwQiIDaqAQUAQ047AGxUAlE/
351=O1gGaJBNlDzIAU2UPUgBjBtokCcxAT8oVQBASAGYzGqQOwCcFSIVJDukjGqQOwCUOWmQOy
352=gJEjv5zEZECEgQaU5HKCkASCgpAElIAcFRSkgBxUpLSAHZBkwoKQBNSQGQeAJpkDuw2mmQ
353=O/XpUEAE3TZRSAEltSJSSAHVAlNIAdUCVEgBkx8CAFVIAdUCVkgBzRBXSAFwDVVaWEkBjW
354=wBIiI2OwCIx2mQO1zWWQIBSpA7ACXFL1xNBZNRAgBokCcdBF5UApt0AgBfSAF8A10KYCgp
355=AGEoKQBiKCkAYygpAGQoKQBlSQFLSAhRjWZJAYxAPFGNZ0gBI6AlIhQkzEciFCQnKwABAD
356=xQBkkABkgPJykAAyhVAAQoKQAFKCkABigpAAdIAY+JBgAISAFJCQBBDwlJAVJsAWiQeEtV
357=PQJJkDwkBDhpkDwk+CVpkDzxNQ5YBsEwDygpABAoKQARKCkAEigpABMoKQAUKCkAFUgBzT
358=wWKCkAF0gBn1cCABhJAZFzFAIAGUgBI0tRAgAaSAEjSFFqkDwAwcocVALFgR1IAZxtIhUk
359=PCRvLwIAH1QCbAldKCBIASPRIAJNYjwk0SACTHgnKQAjQATZHCRIAcGIJUgBxQgmKCkAJ0
360=gB0QkoSAHBDylIAdkGKkgB2QYrSAElJTEsSAHNBS1IAclZLkgB2fgvSAHZBjBIASO8I2mQ
361=PCSAIWiQ0x8BADNABNWRNEgBmJVqkDwAI4BNIixIzEdpkDzhkzhMBYwQaZA8tMhokCcpAD
362=tABJ0gAEABJ1UAPVAB1QI+SAHFCD8oKQBASAGQH2mQPCQcO2uQPADgeF5okMRKIi5IPACQ
363=dyIUJMAEIiA23xUCAEdQCcE7SEgBwSVJSAGMECI4WifdBktUAtknTEgB2SdNKCkATkgB0Q
364=lPSAGLFwIAUEgBnxUCAFFIAdkGUkgBxdlTSAHVAlRIAZAqaJAnkQJWKFUAV0gBzQVYSAHN
365=n1lIAScKEjwA1TlbVALdjlxIASWxPV1IAYAlIhQkJ4kBX1QC3QpgKCkAYSgpAGIoKQBjKC
366=kAZEkBTFwGAQEGAGVJAVFJAQAiFyQ8AI9vMQYAZ1UCiakBaEgBfANDBAIAPYQBSQEDKCkA
367=BCgpAAUoKQAGSAHdmQdIAdEJCEgBIz8oBgAJyAEBAQIACkgBJZE5C0gBjAVxjT3ljA1UAs
368=E7DigpAA8oKQAQKCkAESgpABIoKQATKCkAFCgpABUoKQAWKCkAF0gBlE9wjcQeco09ACV5
369=IBpBBJJkIXCNJ4EAHFQC0UAdSAF8A1mKHigpAB8oKQAgKCkAISgpACIoKQAjSAHdTCRIAd
370=EJJUgBzRAmSAHVAicoKQAoKCkAKSgpACooKQArSQGPfwYCACxIAWQBURQtKCkALigpAC8o
371=KQAwSAGMiXGNPSY9VTJUApiKco09AMVVNFQCjAVwjcwFcY09UKmdDTdABIAlIrwj2CdxjT
372=3pkDpABJVwAEXhPemQPChVAD1IAYxzIr4jPQCH+gAAP1QCgL8iyDUnXQFBVAIjGDVxjT0m
373=kSNDVAKAtHKNPQCQCXGNPbSRcI3ECHGNPaimIsg1J1UASUQIxTRKSAGHGwIASygpAExIAd
374=26TUgB0dpOSAGUDSK8IycxAVBUApRlc409AIpobyLURyfhAVNABJgcIuJZPQDV3lVUAiX9
375=NlZIAc0QV0gB1URYSAHVAllIAdFWWkgBhDQivCPHNAEAXFQCJZkvXUgBIzQocI0nkQJfVA
376=LRCWAoKQBhKCkAYigpAGNIAWSMAQIGAGTJAQNwjdAJcI0nKQBnQAScCiIkRyOpaQBGjAQA
377=JykABSgpAAZIASP7JQYAB0gBJbUiCEgBeooCAliK2AZ4iicpAAtABM0xDEgBkEsiDSM+sE
378=siJEcnKQAPQATRjRAoKQARKCkAEigpABMoKQAUKCkAFSgpABYoKQAXSAEnWBEnZQIZVAIl
379=2SwaSAHB1RtIAYgiIjxrJ60AHVQC1RgeSAHV3h9IAdFLICgpACFIASXFJCJIAdEJI0gB0V
380=YkSAHVAiVIAdUCJkgB1QInSAHZ4ihIAdUNKUgB3QoqSAElJSYrSAEjaEp6ij4A0RQtVALF
381=Ey4oKQAvKCkAMEgB3QoxSAHdCjJIAdlTM0gBxYw0SAGbEQEANUgBjwUBADZIAYwFIg0jPq
382=CTeYo+8Y05QATRjTpIAYyfeYo+qHoiDCPdKwBYUCcpAD5MBZRleoo+AMGIQFUC42xzIg0j
383=Pu2JQlQCnG0iPGvMBXuKPgDhbAV4iswFeYo+9chHWAbJLUgoKQBJSAHdQUpIAZgceIrHEw
384=IATFQC2QZNSAGPGwIATkgB1QJPSAGYHCIOIz4AlGV4iicFAVJABM0FU0gBmBx4iieBAFVU
385=AiWJIlZIAYyqIiVHPiRcOAYCAFgAPgAAAAARAACJDwAgBgAAAgBZAD4AAGAAAgIAWgA+YA
386=F1AltKAd0BVwECAFxIAUABdQJdKCkAXigpAF8oKQBgKCkAYSgpAGIoKQBjSQFQVAkBAQYA
387=ZEgBRAECAAAGAGUoKQBmKCsABAA/nANBBAUoKQAGSQE5fwIGAAfIAQEBAgAISAFwAkEaCS
388=gpAAooKQALKCkADCgpAA1JAdq5HA5JAc2pAQ8oKQAQKCkAESgpABIoKQATKCkAFCgpABUo
389=KQAWKCkAFygpABhJAc+1DRlJAdSpARpIAdUYGygpABxJAdmhBB1IAcEEHigpAB9JAdahBC
390=BIAdUYISgpACJIAdUNI0gB1Q0kSAHRCSVJAdylCCZIAdUCJ0gB1QIoSgH//18CAgApSAHV
391=DSpIAd0KK0kB0aUILEgBzQUtSAHNBS5IAcUTL0kB0K0FMEgBVApxSzFIAc0FMkgB0QkzSQ
392=HmbwUBADRIAZM1AQA1SQHStQI2SQHTqQE3SAGbBgEAOEkBJoILADlJASKpATpJAZCpATtJ
393=AYupATxIAY9dAAA9SQEhtQI+SQHjfQoAQwE/ACW1AkBQAYcBAQBBKCkAQkkB2G8FAQBDSQ
394=EkZwQBAERJASipAUVJAddjBAIARkgB0R9HSAF8A1FWSCgpAElIAd0gSkgB0TVLSAHNBUwo
395=KQBNKCkATkkBjWcEAgBPSQGKqQFQSQEnawEBAFFJAelvEAEAUkgBxRNTSAHBBFRIAcEEVU
396=gBwQRWSAFgCFEUV0gBmxwCAFhIAdUCWUgBzRtaSAGDMAIAW0gBwQRcKCkAXSgpAF4oKQBf
397=KCkAYEkBS38GBgBhyAFJhWJIAXSGAQIGAGPJAQNgiCd9EGVUAnQGiYVAXBtRAQZRAUBUP0
398=1LAkmFQEgCSABohScoAAEJAEAA0R8KSAHRHwtIAdEfDEgBUAYEAAACAA0AQIQBAQACAA5I
399=AcU0D0gB1VoQKCkAESgpABIoKQATKCkAFCgpABUoKQAWKCkAF0gBg1wCABhIAdFAGUgBkx
400=ACABooKQAbSAHBMBxIAdkGHUgBn2ICAB4oKQAfSAHdFSAoKQAhKCkAIkgB2VMjSAHVDSQo
401=KQAlKCkAJkgBwZMnSAHNfihJAdt8TGqFQADVDSpUAskBKygpACxIAcGILUgBwQQuKCkALy
402=gpADBIAc0FMUgBzQUySAHdFTNIAYx+a4VAAONsEGiFJykANkAEh4EBADdIAYg4aoVAAJFW
403=AVJFQACHCAAAOkAEhwgAADsoKQA8KCkAPUgB0YI+SAGBMAFaUEAAkRQBTgJAAIAwaIUnKQ
404=BCXAKENGuFQADVsRREVQLgqQFFSAGEE2qFQADNG0dUAs0xSCgpAElIAcFySkgBwQRLKCkA
405=TCgpAE1IAdE1TkkBknAFaIUnBQxQVQIjdAJqhUAAjAVqhUAA3ZlTKIEAVEgBi6YBAFVIAc
406=kXVkgBxT9XSAHRVlhIAXgKQWdZSAGEuCKuIUAAnCBohdwgIq0hQIgFAQACAF1MBY8BAgBe
407=KCkAXygpAGBIAWiFUYJhSQGMeycGAGJJAYqpAWNIAYQIaYVAhQEAcYJBqAFwgicpAAhYuZ
408=sCAgAJSAHFzgpIAd0gC0kB4H8KAQAMSAHNBQ0oKQAOSAHdNg9IAdlTECgpABEoKQASKCkA
409=EygpABQoKQAVKCkAFkgBxSkXSAHBDxgoKQAZKCkAGkgBwTAbSAHNRxxIAdkGHSgpAB4oKQ
410=AfSAHZMiBIAdkyISgpACJIAc0QI0gB0QkkKCkAJSgpACZIAd0gJ0gBg1wCAChIAd2DKUgB
411=wQQqSAHBJSsoKQAsKCkALSgpAC4oKQAvKCkAMCgpADEoKQAySAHVGDNIAZdwAgA0SAHZET
412=VIAdUYNkgB2T03SAGcIHGCQbhTcYJB/Xg6QASFCAFQgs9HAQA8VAKTCQEAPUgBxYE+SAGM
413=G3GCQbx4coJBACOAIXKCQQDVkUJMBdUCQ0gBnI4i/SBBJNshAQBFVAKEE3KCQQDNMUdUAo
414=MPAgBISAHFP0lIAcEESkgBwQRLKCkATCgpAE1IAcGITkgBzeFPSAHFgVBIAYcIAQBRSAEj
415=NChwgifxA1NVAo9nBAEAVEgB1RhVSAGTowEAVkgBfAMBAAIAVygpAFgoKQBZKCkAWigpAF
416=soKQBcKCkAXSgpAF4oKQBfSQFPbwwGAGDJAQEi/yBBAI1kdnCC3BUi/CAnKwAHAEJxBgBF
417=EwgoKQAJSAHdQQpIAcUeC0gB2aAMSAEleSANSAGICCJOIEIAxTQPVAKHPwIAECgpABEoKQ
418=ASKCkAEygpABRIAdFWFUgB0XcWSAHJDBdIAZCuIk0gQrtIAgAZVAKARiJNIEKnSgIAG1QC
419=ixcCABxIAZsyAgAdSAHNBR5IAZdPAgAfSAHBBCBIAcEEISgpACIoKQAjSAHZBiRIAcUTJS
420=gpACZIAcVKJ0gBzX4oSAGcYiJNIEIoTCAnKQArQATNJiwoKQAtKCkALigpAC8oKQAwKCkA
421=MUgBzSYySAHFEzMoKQA0KCkANSgpADZIAYj+Ik4gQgCQH3h/xCl7f0IAkXcJAQA6TQWJqQ
422=E7SQGFqQE8SQGHqQE9SAGLmwEAPkgBlDl5f0Kkdnt/QgDebFJ5f0IkrSEBRQVC4X1DUAEl
423=FS9ESAEjhTICWH8npQpGVAJwDVFWRygpAEgoKQBJKCkASkgBm9cCAEtIAdkGTCgpAE1IAd
424=E1TkgB2V5PSAGPiQEAUEgBwZ5RSAHdIFJIAdEfU0kBhmALen9CAMXkVVQCwQ9WSAF8A10V
425=V0gBlPQi+zBCAIZ8ICL8QSdtA1pABM0FWygpAFwoKQBdKCkAXkkBTFAFQX1fSAF5fwJ7f0
426=IAkHwKe39CAImpAWJABEsFAAAGIZ1AQ4QBWxEJAEPhMApIAZdaAQALSAGQbH/8QwDgZwgB
427=AA1UApwGYH0nBQEPVAKYPWF9Q/VaEVQChz8CABIoKQATSAHZUxRIAdEJFUgBwTAWSAHVcB
428=dIAYBRYX1DqENgfcMPAwAaQASQVmF9Q7BWYH0nrQAdQASLDAMAHkgBzQUfSAGXsgIAIEgB
429=gXIDXYhDJMkqA1GHQyQrLAMAI0AEn0ECACRIAZEJAkgRzRACSSdD4Z4nQAQj0Ct8/CcdBC
430=lUAsl6KigpACsoKQAsKCkALSgpAC4oKQAvKCkAMCgpADEoKQAySAHBDzNIASMUL3z8J5EC
431=NVQCyRc2KCkAN0gB2VM4SAGUI2B9xClhfUNMIUAHfvxDACPIQH78QwAjWD1+/EMAmKthfU
432=NIKI0FP1AJnDZgfcwxYX1DoYgCWlBDAIFnAkQF0wkCAERQAdkRRUgBSAlp0kZIAYNRAgBH
433=SAHVAkhIAZ82AgBJSAElZSNKSAHRS0tIAc0FTCgpAE1IAZ8VAgBOSAHFHk9IAdleUEgBlE
434=98/CfxA1JVAox3CQEAU0gB0R9USAHdYlVIAcVgVkgBwTBXSQGLYGdgfUQeqQFZVAJsCUlv
435=WigpAFsoKQBcKCkAXUgBdHtJel7IAQEDBgBfSAGECGB9zDxgfScpAAlMKYMEAgAKSAHZHA
436=tJAeNsEGl6RExYSARpekRcAEgAaHonKQAPTAXZ+BBIASUdJRFIAcXZEigpABNIAdEfFEgB
437=zTEVSAHZBhZIAYMlAgAXSAFPDQAAAyE8P9UNA0z3JykAGiiBABsoKQAcKCkAHSgpAB4oKQ
438=AfKCkAIEgBiBdpekQk9CppekQk7ClpekRUdlQQaXpE9YYlWAaQQGh62xECACdUAs0bKEgB
439=3XgpKCkAKigpACsoKQAsKCkALSgpAC4oKQAvKCkAMCgpADEoKQAyKCkAM0gBxSk0SAFAF3
440=1iNSgpADYoKQA3SAHdFThIAdGCOUgBzVI6SAHdQTtIAd1BPCgpAD0oKQA+SAGcpG33RCQn
441=PAIAQFQCzRBBKCkAQkgBJS09Q0gBzXNESAHNJkVIAYjoIuguJ30FR1QCzQVISAHZHElIAc
442=kMSkgBxXZLSAHVAkwoKQBNKCkATkgBwYhPSAHZHFBIAdUYUUkB5KVgUkgBnBVpekTll1RU
443=As0FVUgBxSlWSAHFE1dJAY9kCGt6RACCqQFZVAIjsD0iPD8nbQNbVAIiYD4BAAYAXMgBVf
444=RdSQFRexgGAF5IAWQBQQRfKCkAYCgrAAoARZwDSYULKCkADCgpAA0oKQAOKCkAD0gBJfEk
445=EEgBxa0RSAEjfCZ+8UUAI2cjAgATVALNGxRIAY+fAgAVSAGLQwIAFkgBiCJwd9gRcXdFvE
446=FwdydVABpMBYMWAwAbKCkAHCgpAB0oKQAeSAGTNQMAH0gB2QYgKCkAISgpACJIASN4IHB3
447=J7UBJFQC2QYlSAGYPXF3RazWcXdF6fMoQAQlMSIpSAHNUiooKQArKCkALCgpAC0oKQAuKC
448=kALygpADAoKQAxKCkAMkgB0SozSAHJpjRIAc1dNUgB3aQ2KCkAN0gB0RQ4SAHRFDlIAdHa
449=OkgBI5M5AgA7SAGbJwIAPEgBnyACAD0oKQA+SAHVDT9IAdkRQEgBzQVBKCkAQigpAENIAZ
450=SnffFFqKYi4C3ULnB3JykAR0wFmDIi3D0nVQBJVALJDEooKQBLSAHdFUxIAcEETUgB0RRO
451=SAHFHk9IAcWXUEgBxZdRSAEjJyYBAFJIASNMIHF3RSZxKlRUAtEJVUgBxR5WSAHVDVcoKQ
452=BYSQGR8Hcn6QJaVALNBVtIAXB3Re9cSAEjvy4GAF1IAYB9cHfYBnzxJysACwBGgAhFdgwo
453=KQANKCkADigpAA9IASNUISLbLEYAg2MHAgARVALJARJIAcV2E0gBfANdChRJAeCpFxVIAZ
454=UCA1h0wQ8DTOwnKQAYQASENHh0J1UAGlQC2QYbSAGHgQMAHEgBj1IDAB0oKQAeSAGUT3h0
455=JwUBIFQCxQghKCkAIkgB1Q0jSAHBBCQoKQAlSAGRQANB8EZMAEgEeXRG8fAoQATR8ClIAc
456=FRKkgByUMrKCkALCgpAC0oKQAuKCkALygpADAoKQAxSAGDGgIAMkgBzXMzSAHNRzRIAcEE
457=NUgBSRQAVS42KCkANygpADhIAdEUOUgByU46SQGOfAZ5dEYkgCx4dNgneHQnKQA+TAXd2z
458=9IAXQGVQ1ASAGDJQIAQUgB1QJCSAHVAkNIAdUCREgBwdVFSAHVZUZIAcEER0gBmDJ4dCfh
459=AUlUAsEESkgB0R9LSAHVGExIAcEETUgByQxOSAHNMU8oKQBQSAHNJlFIAYixeHTAO3l0Ri
460=bBKVRABNkRVUgByQxWKCkAVygpAFgoKQBZKCkAWigpAFtJAVZoCG7sRgCIenh02Bx4dCcr
461=AAwAR2QFdTkNKCgAAQ4ARwARAABGDwAgCQAAAAAAAgAPAEcAjEQBAQACABBJAYOpAREoKQ
462=ASSQGKtQITSgHdAU8BAgAUSQEkRAFZBhVJASipARZIAWQBAQADABcoKQAYSQHYewYDABlI
463=AcEEGigpABsoKQAcKCkAHSgpAB5JAdylCB9IAcUIIEkB2bUCIUgB1QIiSQHatQIjSQHVqQ
464=EkSAHBBCVIAcEEJkkB06EEJ0kB0akBKEkBJnMFAgApSQEiqQEqSQHWYwQCACtJAc2pASwo
465=KQAtKCkALigpAC8oKQAwKCkAMSgpADJIAY8QAgAzSAHdCjRJAdKpDDVIAYcTAgA2SAF0EV
466=UuNygpADgoKQA5SQGRZwQCADpIAdU5O0kBibUCPEkBi6kBPUgBZAFRCT4oKQA/SQHXoQ9A
467=SQHUqQFBSAHNBUJIAZc5AgBDSAHVAkRIAZMqAgBFSAHVGEZIAc0bR0kB0LEJSEgB2QZJSA
468=HVDUpIAcEES0gBwQRMSAHBBE1IAckiTigpAE8oKQBQSAHdFVFIAcUIUigpAFMoKQBUSAGH
469=SgIAVUgBzQVWKCkAVygpAFgoKQBZKCkAWkkBTFwGAQEGAFtJAVFIAQEABgBcSAFkAUkBXS
470=grAA0ASJACSS0OKCkAD0kBkHwCa29IAIipARFVAoapARJIAWQBWQYTKCkAFEkBIXsCAgAV
471=SQElqQEWSAFkAYhv1w0DABhUApgya29IAM9jMAMAGlQCyQEbSAGTSwMAHEgBxQgdKCkAHi
472=gpAB8oKQAgSAGbJwMAIUgB2QYiKCkAIygpACRIAZeGAwAlSAHNBSYoKQAnSAHRCShIAcEE
473=KUkB5n8VAgAqSAGUGGpvSADRQCxUAskBLSgpAC5IAdVPLygpADAoKQAxSAHVRDJKAf//XA
474=1qb0gA1Vo0VAJNAgBVLjVIAYQTaG/TKgIAN1QCgxoCADhJAY9zBQIAOUgB1QI6SQGStQI7
475=SAFkAVEJPEgByVk9SAGDMAIAPigpAD9IAcVgQEgB2QZBKCkAQkgB2RFDSAHBBEQoKQBFSA
476=HBBEZIAcEER0gB2SdISAHBD0lIAdknSkgBySJLSAHZBkxIAdEJTUgB1QJOKCkATygpAFAo
477=KQBRKCkAUigpAFMoKQBUKCkAVSgpAFYoKQBXKCkAWCgpAFlIAXxtAQIGAFrJAQNob9gyaG
478=8nKwAOAEmYFVUuDygpABAoKQARSAHJbxJIAcWiE0gBxWsUSAHFaxVIAZcJAwAWSAHFzhdI
479=AdUCGCgpABlIAZDEcmxJAINRAwAbVAKcK3BsxxMDAB1UAoNGAwAeSAHRCR8oKQAgKCkAIS
480=gpACJIAZtIAwAjSAHRdyRIAcUIJSgpACZIAckMJ0gBwQQoKCkAKUgByd0qSQHjvW0rKCkA
481=LCgpAC1IAc3hLkgBxUovSAGbHAIAMEgBmxwCADFIAcVrMkkB270KM0gByU40SAGL8wIANU
482=gBhBNybEkAnCtybEkAxdk4QAQlBSI5SQEncQUBX9tJAOl/CgEAO1QCIwciAQA8SAHFEz1I
483=AdUNPkgB0RQ/SAHVAkBIAdXTQUgBhykCAEJIAWQMTUdDKCkAREgBxRNFSAHBBEYoKQBHKC
484=kASEgBwWdJSAHNBUooKQBLKCkATCgpAE1JAYxjGgIATkkBiqkBT0gBxQhQKCkAUSgpAFIo
485=KQBTKCkAVCgpAFUoKQBWKCkAV0kBS2MLBgBYyAFF2VlIAcXZWkgBfANF2VsoKwAPAEqQAl
486=UjECgpABEoKQASKCkAE0kB4LUYFEgBnQYDTNbECHppSgDVZRdABICTbtZKAJgybdZKtL16
487=aUoAkEt4aScFARxYBt0KHSgpAB4oKQAfSAHFYCBIAc0FISgpACJIAYBGeGkniQEkVALNBS
488=VIAYc/AwAmSAHVAidIAd0KKEgB1QIpKCkAKigpACtIAcV2LEgBn0wDAC1IAclvLkgBxWsv
489=SAHd0DBIAc1oMUgBjxACADJJAY14DW7WSgDFlzRUAnACWTI1KCkANkgB0Qk3SAHBZzhJAe
490=h5MgFN1kpQiEAHeWlKqG96aUoAI2wveWlK8Ww9WAbRbD5IAd0KP0gBXAdx5UAoKQBBSAGA
491=O3ppSgDBfUNUAs0FREgBwQRFSAGLIgIARkgBwQRHKCkASCgpAElIAZUuAkAB00ACAEtQAd
492=UCTEgBxQhNSQGReBx4aSetAE9UAsEEUEgB0SpRSAHVAlIoKQBTKCkAVCgpAFUoKQBWKCkA
493=V0gBeGlV01hIAZ94BgBZSAGceGzWzxAGABBEFtUNESgpABIoKQATSAGAMCKeNUsAlC4isC
494=dgDEAHYWdLKOEMS/1iGFgGWgMAAGBnJ60AGihVABsoKQAcKCkAHSgpAB4oKQAfKCkAIEgB
495=gCUisCcnXQEiVALVDSMoKQAkKCkAJUgBlERgZyfZACdUAtkGKEgBh8MDAClIAc1+KigpAC
496=tIAZu2AwAsSAGYtmJnSwCDRgMALlQCJY0oL0gBnHh90EugiHzQ1CNiZ0sAJVEmM0wFjxAC
497=ADQoKQA1KCkANkgBxbg3SAGbdAEAOEgBmHRiZ0sAiHphZ0u8/GFnSySILWBn0xQBAD1YBp
498=ugAQA+SAHRFD9IAYOeAgBAKCkAQUgBlJxgZ8wmIpw1JykAREAExQhFSAGIImBnJ8UDR1QC
499=3QpISAHJb0lIAcUeSigpAEsoKQBMKCkATSgpAE4oKQBPKCkAUEgB1SNRSAHdClIoKQBTKC
500=kAVCgpAFUoKQBWSQFPfwYGAFfIAVHPWEgBhHZgZ8QeAQYAEQAi1CdTBQIAEigpABMoKQAU
501=SQHgoX0VSAFEBWVgFkgBkBQiKELECG3LTLScaGQnVQAaTAWAiGzLJ1UAHFQC0QkdSAHBBB
502=5IAdUCHygpACBIAZyZaWRMs0ADACJUAowxbctM8VYkVALFCCVIAdkGJkgBkzUDACdIAcEE
503=KCgpACkoKQAqKCkAK0gB2RwsSAHZBi1IAclvLkgBJ4gMzBtoZCcpADFABJgGaGQnVQAzVA
504=KMc2hkyBciqCYngQA2QAQlfSY3SAHd0DhIAZQNaWRMrJRpZEwoiQxMpPpqZEwAI7gzaWRM
505=5c4+RAiDngEAP0gBlCNoZM8FAgBBVALdFUIoKQBDSAGPlAIAREgByd1FSAEljShGSAHdCk
506=dIAZUjAiUcMVsJAgBJVAJBAQBJ6EooKQBLSAGBfQJAAcM7AgBNUAGAO2zLJ1UAT1QCizgC
507=AFBIAdEJUSgpAFIoKQBTKCkAVCgpAFVIAWQsUWFWSAFoZEHKV0gBkAkiqCZ4A1EBBlFhTV
508=wASwACABNAEkABaRcUSAHJxxVIAYceAgAWSAGABHBh2AZyYU0AzUcZKIEAGigpABsoKQAc
509=KCkAHSgpAB4oKQAfSAGDJQMAIEgB2bYhKCkAIigpACNIAYU/A1Q+JzkCJVQCmDJ8xSdVAC
510=dUAoE7A1zgJ1UAKVQCwRoqKCkAKygpACwoKQAtSAHdCi5IAZO5AgAvSAGQuXFhTbC5fcVN
511=uHRwYdQNIqAlJykANFgGkAlwYSdVADZUApyDIt0yTUB4TBN9xU0mdSU5QASIWXFhTfleO1
512=QCI/RAcWFN9WU9VAKc237FTQCIm3JhTQDBv0BABJgncGEnDQJCVAJYDnFAQ0gBgDtyYU0A
513=wXJFVAKTFAEARkgB3QpHSAHNBUhIAcUISSgpAEpIAZAUIqAl0BRxYU2oenBhJykATkwFxR
514=NPSAHRCVAoKQBRKCkAUigpAFMoKQBUSAFoXFleVcgBAQMGAFZIAZAJfMXFHgZZXk6QAkZ2
515=FAAnKQAVSAGMG3he1AJ4XicpABhABJwGbsBOAIgiInwxJ4EAG0AEyU4cSAHNBR0oKQAeSA
516=GTowMAH0gBzV0gSAGc8W3ATrQjbMAnKQAjQATNBSRIAYCIIkxMJ4EAJihVACdIAYQpeF4n
517=ZQIpVALZESooKQArKCkALCgpAC1IAYBGIpkkTiQNLgNZXk68QXleTuVKMUwFhBN5Xk6413
518=heJykANEAEmBF4XtgRIrg+JykAN0AEhGt5Xk5E31gUbcBO9Vo6QASECCKZJE4kJCZ4XieB
519=AD0ogQA+SAGIOHheJ4kBQFQCxVVBSAFADG1dQigpAEMoKQBESAHZEUVJAeMieCB6Xk4AI1
520=NHAQBHVALFCEgoKQBJKCkASkgBJbkoS0gBhCl5Xk6413heJykATkAEJdUmT0gB3QpQKCkA
521=USgpAFJIASNvIwYAU8gBVb1USAEl3T1VSAGECHhe0B8BBgAUAHDBXAIiHTBPWKaJARZUAs
522=m8F0gBTAIi6SMYSAHVWhlIAdUCGigpABtIAZCYIjxK3AoiPUpPJm0kHkAE2QYfSAGULny6
523=J60AIVQCnJlhXE/tXSNUAphIfLonVQAlKFUAJkgByWQnKCkAKEgB0WEpSAGPnwMAKkgBzR
524=ArKCkALEgBzXMtSAHBBC4oKQAvSAGEP2FcT6BRfbpPoFFgXMQTYVxP9Tk0WAaIF2FcT+3A
525=NlQCiAx8utAfItFXT6xoYVxPrGh8utAJYVxPrGhgXCdVAD1QCZREfbpPKFwX1C4ikCMniQ
526=FBTAXBD0IoKQBDSAGcjny6yAwivGUnKQBGQASZJwJAXCcxAUhUAtEJSSgpAEpIAZREfLon
527=rQBMVALNBU0oKQBOKCkATygpAFAoKQBRKCkAUkgBYFxFuFNIAZMJBgBUKCkAVSgrABUAUJ
528=wDRbgWSAEl4SIXSAHVWhhIAYQEbbVQKKwW2AYivS5QJg0jHCitAB1IAdFWHkgBxQgfKCkA
529=IEgBJbUiIUgBhD9pWVAoKQtQqENoWSdVACVMBYg4IogiJw0CJ1QCyQwoSAGIhSJJO1AmYT
530=4qVALBBCsoKQAsSAHNBS1IAZw2bLUnXQEvVALZBjBIAZj4aVlQKCgLyAxoWdgGIrwuJ4EA
531=NVgGnBVstSeBADdUApwKallQAJRlallQAN2kOkAEI2wkaFncK2pZUAAjdFwivC4nrQA+TA
532=XNqj9IAZiKaFkntQFBVALVDUIoKQBDKCkAREgBnCBoWdQuIkg7J20DR0AExQhIKCkASSgp
533=AEooKQBLKCkATCgpAE0oKQBOKCkATygpAFAoKQBRSAGbYQYAUsgBQbRTSAGMEGhZzBsBBg
534=AWAJC2fdAXSAHdVxhIASPXMQIAGUgByVkaSAGECHBW2AZ9r1H1Wh0ogQAeSAGAfSKBIVEk
535=MEN9r1HtUiFABCfRClEkPCkikDknXQEkQATFYCVIAcAPCSYAUQAAAAAAAAMAJxEAAEUPAC
536=ABAFEAAGMAAwAoKCkAKSgpACooKQArSgHdAVMFAwAsSAFAAQIAAAMALUkB2LUCLkgB1QIv
537=SQEnbwECADBJASOpATFJAdxvBQIAMkgBcAIBAAIAM0kB27UCNEkB0KkBNUgBwQQ2SAGDDw
538=IAN0gB1QI4KCkAOUkBk3sCAgA6SQEmawEBADtJAeNzCQEAPEkBJbUCPUkB13cCAgA+SQHT
539=qQE/SQHSqQFASQHRqQFBSQGNewYCAEJJAYupAUNIAWQBSRdEKCkARSgpAEYoKQBHKCkASE
540=kBjL0KSUkBiqkBSkgB0QlLKCkATCgpAE0oKQBOSQFNcwUGAE9JAUipAVDKAQEGQQFRRAMD
541=AAACBgBSUAF8AwEABgBTKCkAF1wClwICABgoKQAZSQEkewICABpJASipARtIAWQBTTwcKC
542=kAHUgBjzEDAB5IAcEEHygpACAoKQAhSQHWexwDACJJAc2pASNJAdWpASRIAcUIJSgpACZI
543=AckMJ0gBwQQoKCkAKSgpACpIAc0FK0gBzQUsKCkALUgBJ3kKUpwDQRovVAKURHtTUgDiex
544=ECADFVAiJoBHpTUgCcCnhT2wYCADRABJMJAgA1SAFoBVFANigpADdIAclZOEgBmxwCADlI
545=Ac0FOigpADsoKQA8SAHZBj1IAcVgPkgB2QY/KCkAQEgBzRBBSQGSZAR6U1IAxQhDVALBD0
546=RIAXwDURRFKCkARigpAEcoKQBISQGRvSBJSAHZBkooKQBLKCkATCgpAE0oKQBOSQFQXAZB
547=UU9IAUUBAFVPUCgpAFEoKQBSKCkAGEBUjwUCABkoKQAaSQHguREbSAGDBAMAHCgpAB0oKQ
548=AeSAGTHwMAH0gBkx8DACBIAdkGIUkB2nAJY1FTANSpASNUAsEEJCgpACUoKQAmKCkAJygp
549=AChJAdmlCClIAcUIKigpACsoKQAsKCkALUgBzRAuSAGHjAMAL0gBxQgwSAHdCjFJAeZoDG
550=FRU5wDSTgzVALFlzRIAZQYYFEngQA2VAKECHykJ1UAOFQCiAhiUVMAwQQ6KFUAOygpADwo
551=KQA9SAHdTD5IAcUIP0gBiy0CAEBIAcVVQUgBwQRCKCkAQygpAEQoKQBFKCkARigpAEcoKQ
552=BIKCkASSgpAEooKQBLKCkATEkBTEQPSU5NSAF0TwECBgBOyQEDfKTfIAYAUFQCSAVtUlEo
553=KwAZAFSQAl0rGkgB2aAbSQHpoTAcSAHFoh1IAZAFbJ/YBmhOJykAIEAEl4YDACFIAc0FIi
554=gpACNIAcEEJEgBwQQlKCkAJigpACcoKQAoSAHNRylJAc9nEwMAKkgB2UgrSAHRCSxIAckM
555=LUgB1QIuSAHJsS9IAcUIMEgBiTgDTp9UACfICcAabp9UAMH2NEwFkAlpTlTxjTZUAsFRN0
556=gBwQQ4SAHFVTlIAYgMaPMnXQE7VALZSDxIAdHwPUgB0fA+SAGPGwIAP0gB3QpASAHZEUFI
557=AdUCQkgB1Q1DSAHZBkRIAcEERSgpAEYoKQBHKCkASCgpAEkoKQBKKCkAS0gBfExRS0zIAV
558=FLTUkBkmwxaE7MG2hOJykAUEAEjRAGQetVhAFeTBsAJykAHEgByU4dSAHdTB5IAZAFcUtV
559=pHZ8mdgGcEsnKQAiKK0AIygpACQoKQAlKCkAJigpACdIAdVEKEgB1Q0pSAHVRCpIAY8xAw
560=ArSAHNqixIAc0FLUgBly4DAC5IAdH7LygpADBIAYhDcUtVKHAJyBdwSycpADRMBcGTNUgB
561=iwwCADYoKQA3SAGXDQIAOEgBlA1+mVUAJ3AJJzEBO0AExQg8KCkAPSgpAD5IAZhpcktVAI
562=wbfJknBQFBQATVDUJIAdUNQ0gBgxoCAERIAckMRSgpAEYoKQBHKCkASCgpAEkoKQBKSQFP
563=awgGAEvIAVGYTEgBcAIBAAYATSgpAE4oKQBPKCsAGwBWiAVFShwoKQAdSQHgb1ICAB5IAY
564=QEeUhWvHh4SNgGeUhW8UsiKK0AI0gBkx8DACRIAcmFJUgBgyUDACZIAd0KJygpACgoKQAp
565=SAGIx2yUJ7UBK1QC2QYsKCkALUgByU4uSAHJTi9IAYstAwAwSAElJTExSAElJTEySAGQCX
566=lIVvWRNFQCmAZslMAPeEgnKQA3QASUDXpIVgCUDXhIJykAOkAE1ZE7SAGTHwIAPEgB2Yo9
567=SAHBDz5IASVBLz9IASVBL0BIAcEEQUgB3UxCSAHFE0NIAcEERCgpAEUoKQBGKCkARygpAE
568=hJAUt/BgYAScgBQUZKSAF4SEGTS0gBfAMBAAYATCgpAE0oKQBOKCsAHABXiAVNRx1IAcmQ
569=HkgByZAfSAGEBGJGVwDdQSFUApxtIhwlxwgDACNUApgcYUZXJnUlJVQCxQgmSAGXewMAJ0
570=gB1QIoKCkAKUgBmDJiRlcAiC18jieJASxABNkGLUgBjMB9jldACl8CAgAvVALB9jBIAdVE
571=MUgBWQMAWRwyKCkAMygpADQoKQA1KCkANigpADdIAZQNYEbXDQEAOVQClw0BADpIAYwmIr
572=45VwCcIGFGV/FLPUAEgBoivjlXACWJLT9UAsUTQCgpAEEoKQBCSAHRS0NJAYapekRIAdkG
573=RSgpAEYoKQBHKCkASEgBYEZJQ0lIAZMJBgBKSAGQCXyO3CtgRicpAE1ABIgMAgYAHQBYhA
574=FZJx5IAdVEH0gBhx4CACBIAYQebYlYpB5pQ1isqmhDxAhoQycpACVYBoALbYlY4ZMnKFUA
575=KCgpAClIASdqCFgAiLFoQyeJASxABNEJLSgpAC5IASU5Iy9IAYAEIqw3zBAirDcnKQAyQA
576=SAXG2JWLRPIqw3J4EANUAExQg2KCkAN0gBgZMBSdJYVGBIBGlDWKyqaUNYRKiVAjtMBYwm
577=IitCWACPUAJRKj1UAtFLPkgBcAJVAj8oKQBAKCkAQUkBkLFAQkkBgqkBQ0kBhakBREgBxQ
578=hFKCkARigpAEcoKQBISAEirCxBiElJAY9kCGtDWACJqQFLVAKQCWhD3SAGQcpZkAJTFB8A
579=WawbckBZAI8bAgAhVAKEBHBAzAVwQCcpACQogQAlKCkAJigpACdIASNgKCI+SlkAn68DAC
580=lUAoy1fYNZ5YwrVALVDSwoKQAtSAHRjS5IASWVPy9IASVpPzBIAYAEcEDEEyKeNVkAnExx
581=QFmoWXBAzBBhylnpQzZECMk4N0gBnExxQFmgO3BA0AlxQFmwYX+DWQDgfCtzQFkAkG8XAg
582=A9RQiHqQE+SAFkAV0rPygpAEAoKQBBKCkAQkgBnzYCAENIAZw2IlwiJ0EDRVQC0QlGSAEi
583=9CpZPUdIAWQ/UYJIyQEDYMrYBnBAJykAS0AEhAgCBgAfAFqEAUUTIEgBxYEhSAHFPyJIAY
584=QEeD3MBWx+JykAJSiBACYoKQAnKCkAKEgBkGF4PSfZACpUAt0KK0gBmHQi+VFa6UMtVALR
585=gi5IAYStIlk9WibBKTBUAsE7MUgBhEp5PVq4SHg9AVoA//9QDHk9WvFANUwFiN0i/iBaAC
586=WZRTdUAie4B9QCej1aACO8I3k9WvFAO0wFgCV5PVqpZAFbPVoAjlANRSk+QARkAUkBPygp
587=AEAoKQBBSAEjfDEifEfIIng9JykAREAExQhFSAFsPEE7RsgBQTtHSAGDBAYASCgpAEkoKQ
588=BKKCsAIABbiAVZESFIAYsXAgAiSAGJ3QJFnFu1GAJIf88FAwAlQAScBnC5J1UAJyhVACgo
589=KQApKCkAKkgB1TkrSAHJOCwoKQAtSAHNfi5IASPwJGE7WyhhB1vxNTFABNE1MkgB1TkzSA
590=GIDGE7W6jHfXhb9Xs2QASARiK+RFsAiIV9eFtUHkgaYTtbKGEHW7w2fXhbJGxQYTtb6Xo9
591=UAknYAfcICJ8MScpAEBABFQKIjEiQSgpAEIoKQBDSAFg9gEABgBEyAFFdkVIASOPXgYARk
592=gBhwgGAEcoKQBIKCkASSgrACEAXIgFVTkiKCkAI0kB4GiQaDjABGg4JykAJkAEnAYiqSZc
593=JnUlKFQCwX0pSAHBBCpIAYRrffFcsCptc1ykayJoYCcFAS5MBdlIL0gBJX0mMEgBhAhpsV
594=zlNDJUAtl0M0gBiENpOFwmrTc1VALNPDZIAcUIN0gB1Tk4SAHZdDlIAZiKbXNcvHhrOFwA
595=43wgaThcTFhIGm1zXKw8IqgmyCJoOCcpAEBQCUQFqDgnVQBCKFUAQ0gBaDhVcERIAY8FBg
596=BFKCkARigpAEcoKQBIKCsAIgBdlAZdNiNIAdVwJEgBwTAlSAGEBH1tXeU0J1QC0SooSAHZ
597=BilIAdkGKkgBnCBwNSfZACxUAtkyLUgBxQguSAHBZy9IASU9NDBIAc0xMSgpADIoKQAzKC
598=kANCgpADVIAdU5NkgBxQg3SAHFdjhIAclvOUgB2TI6SAElxWY7SQGRaB4iXy1dAImpAT1V
599=AoqpAT5IAWQBTSY/KCkAQCgpAEEoKQBCSAEiwjQABl3mXSO0ZFFsRFQChAhwNcAwfG0nKQ
600=BHKIMAIwBeiAVVDSRIAcktJUgBxSkmSAHFKSdIAZEFAkSnJ9kAKVQC2QYqSAHZBitIAdkG
601=LEgBwTAtSAHBMC5IAc0mL0gBxWAwSAHFYDFIAd0rMigpADMoKQA0KCkANSgpADYoKQA3KC
602=kAOEgB3TY5SAHNEDpIAdUCO0gBI0RAeDInbQM9VALFHj4oKQA/KCkAQCgpAEFIASU9a0JI
603=AXgyQWdDSAGECHig3Ap4MicpAEYogwAkAF+IBU0xJSgpACYoKQAnKCkAKCgpACkoKQAqKC
604=kAKygpACxIAYf6AgAtSAHJLS5IAcktL0gB3SAwSAHVLjEoKQAyKCkAMygpADQoKQA1KCkA
605=NigpADcoKQA4SAHZPTlIAc0QOkgBn3gCADtIAZQfYDAnHQQ9KFUAPigpAD8oKQBAKCkAQU
606=gBIjQoRWBCSAEliThDSAEjMENgMNwKYDAnKwAlAGCcDlUuJigpACcoKQAoKCkAKSgpACoo
607=KQArKCkALEgB0SotSAHRKi5IAdEqLygpADAoKQAxKCkAMigpADMoKQA0KCkANSgpADYoKQ
608=A3KCkAOCgpADlIAdVaOkgBnBxoLSfFAzwoVQA9KCkAPigpAD9IASIkJlEqQEgBfCtVWkHI
609=AQEDBgBCSAEjGEBokNwKaC0nKwAmAGGcDl0rJygpACgoKQApKCkAKigpACsoKQAsSAEjYD
610=59V2Gr8wIALlQCJ1AFBGEAzQEAAAARAADUBOgJAAECADAAYQDNAQAAAAIAMQBhAM0BiQEy
611=KCkAMygpADQoKQA1KCkANigpADcoKQA4SQHUsQk5SAFUCmkMOigpADsoKQA8KCkAPSgpAD
612=5JAUxcBgECBgA/yAEBAwYAQEkBjn8KBgBBSAFcAwIAAAYAQigpAEMoKwAnAGKcA00bKCgp
613=AClJASd/AgEAKkkB6XMJAQArSQEotQIsSAFkAVkGLSgpAC5JAdZvBQIAL0gBwSUwKCkAMS
614=gpADIoKQAzKCkANCgpADUoKQA2KCkAN0kB0KkMOEgBzRA5KCkAOigpADsoKQA8KCkAPUkB
615=Tn8GBgA+SQFRqQE/SQGQfAp7J2IAiakBQVQCfAOYJ8AlAgYAKABjkAJRHylJAeZsBWMlYw
616=DdqQErVQIkawQBACxIAdknLUgB2ScuSQHabAVjJWMA0qkBMFQCzSYxKCkAMigpADMoKQA0
617=KCkANSgpADYoKQA3SAHRSzhIAXQRXRU5KCkAOigpADsoKQA8SQFPcwUGAD3JAQFgJcQefE
618=wnKQBAQARoBVUjQSgrACkAZJACVQ0qSQEicAFvR2QA23gcayJkANWpAS1BBOCpAS5IAWgF
619=WQYvKCkAMEgBxUoxSAHBJTJIAcElM0gB1QI0SAHVAjUoKQA2SAHdIDdIAckMOCgpADkoKQ
620=A6SQFLZwQGADvIAVEfPEgBaCJRbD1IAX0DAGgi2BxoIicpAEAogwAqAGWIBUEaK0gB3SAs
621=SQEhfwIBAC1JASWpAS5IAWQBTQUvKCkAMEkB2HQjfI4BZQD//0sEAgAyKFUAM0gB1QI0SA
622=HBJTVIAclkNkgBUQYAXQo3KCkAOCgpADkoKQA6SAFwH1kcO0kBjGMPBgA8SQGKqQE9SAGQ
623=CXAfzBtwHycrACsAZpwDVQ0sSAHNGy1IAZsCAgAuKCkALygpADBIAdFhMUkB03QNeRxm/W
624=IzKFUANEgB2T01SAHBOzZIAckMNygpADgoKQA5SQFMRARVOTpIAc1+O0kBkXQNeBzIF3he
625=JykAPkAEVAZ3pywAZ4QBTRstKCkALigpAC8oKQAwKCkAMSgpADIoKQAzSAGDtAIANEgBgw
626=sCADUoKQA2KCkANygpADhIAXQYRTQ5yAFVvTpIAYUIBlBW0BRgGicpAD0ogwAtAGiIBVUY
627=LigpAC8oKQAwKCkAMUgBhKJvMWgAiGMlAgAzVAKQo2gXJzEBNVQCgwsCADYoKQA3KCkAOE
628=kBVmcEBgA5SAHRSzpIAdFLO0gBfANFazwoKwAuAGmQAl0VLygpADAoKQAxKCkAMigpADMo
629=KQA0KCkANSgpADYoKQA3SQFMUAxJQzhIAclDOUgByUM6SAFcA3FAOygrAC8AapACRRMwKC
630=kAMSgpADIoKQAzKCkANCgpADUoKQA2SAFsEEE7N8gBQTs4SAGMDGwm1w0GADooVwAwAGuc
631=A00QMSgpADIoKQAzKCkANEgBaAxZHDVJAUphBwZSNWsAxR43VAJwAkEwOCgpADkoKwAxAG
632=ycA1UNMigpADNIAXwKSRc0yAFJFzVIAc08NkgBzTw3SAGLCAYAOCgoAAEyAG0A2REzSAHZ
633=ETRIAZVPBl1ibf3xNlQCxQg3KCsAMwBukAJJFzQoKQA1KCkANigrADQAb+0FNSgoAAEAAA
634=AAEQAA

[Terrain]
62017=TIBTRE02
17062=TIBTRE02
51096=TIBTRE02
96051=TIBTRE02
45068=TIBTRE02
68045=TIBTRE02
58051=TREE23
58065=TREE23
50055=TREE23
63058=TREE23
67059=TREE23
56047=TREE23
50049=TREE23
48057=TREE23
54067=TREE23
66067=TREE23
67066=TREE22
47051=TREE22
62052=TREE22
59049=TREE21
56051=TREE21
52058=TREE21
61062=TREE21
51063=TREE21
65069=TREE21
71058=TREE21
71060=TREE21
69058=TREE21
48048=TREE21
46049=TREE21
49050=TREE21
52053=TREE21
60053=TREE21
57049=TREE21
60069=TREE21
55064=TREE21
47060=TREE21
50060=TREE22
49061=TREE23
52060=TREE23
53048=TREE23
60058=TREE23
60059=TREE23
60056=TREE23
61058=TREE23
61059=TREE22
60057=TREE21
81052=TREE21
82051=TREE21
83053=TREE20
83055=TREE23
85053=TREE23
56026=TREE23
60024=TREE23
60026=TREE22
54026=TREE21
57028=TREE22
41038=TREE22
40044=TREE21
48043=TREE20
47045=TREE23
39040=TREE23
41040=TREE23
47039=TREE23
47041=TREE22
43045=TREE21
77074=TREE21
73074=TREE20
71076=TREE23
77079=TREE23
70069=TREE21
70072=TREE21
74076=TREE21
74069=TREE21
31054=TREE21
36053=TREE21
37058=TREE21
31051=TREE21
33051=TREE20
31053=TREE23
33058=TREE23
31057=TREE23
39056=TREE23
17070=TREE23
17072=TREE23
18072=TREE22
12066=TREE21
10066=TREE21
18069=TREE21
58090=TREE21
60089=TREE23
58092=TREE23
62092=TREE22
66039=TREE21
62043=TREE20
74050=TREE21
52031=TREE21
50033=TREE21
49030=TREE23
53033=TREE23
49032=TREE23
71016=TREE23
67014=TREE23
69019=TREE23
70018=TREE22
69016=TREE21
73018=TREE21
96042=TREE21
94044=TREE20
96044=TREE23
98044=TREE22
96046=TREE21
101047=TREE21
81061=TREE21
76055=TREE21
74060=TREE21
78063=TREE21
81058=TREE23
78055=TREE23
74057=TREE23
73057=TREE23
81065=TREE23
63079=TREE23
69080=TREE23
67085=TREE23
66086=TREE23
62083=TREE24
65079=TREE22
70084=TREE21
67078=TREE21
62081=TREE21
61084=TREE21
63085=TREE21
53076=TREE21
58077=TREE21
58080=TREE21
59079=TREE21
53080=TREE22
52078=TREE23
56082=TREE23
55075=TREE23
21054=TREE23
18057=TREE23
19055=TREE21
24057=TREE21
22058=TREE21
56040=TREE21
49037=TREE22
51040=TREE23
56036=TREE23
54041=TREE23
55041=TREE24
50026=TREE23
54029=TREE23
49027=TREE22
52026=TREE21
53030=TREE21
88056=TREE21
93056=TREE21
93059=TREE21
89060=TREE21
92061=TREE23
90055=TREE23
87057=TREE23
87059=TREE23

[OverlayPack]
1=IwAAIIH//j8W/4Go/vsD/4FmAAH++wH/Ef//+wE9GkH//78BQRyANAAAIIH/9gAAgWZQAf
2=73Af8h+///AT8AyD4Agan+8QH/yzwAgaz+8QH///4BPABCAv6/Ff+B/4BhAAAggf/5AACB
3=qf7/Af+CqKz+9AP/gar+9AX///UDPgL+QQD//+UBPQCDZmZm/vsB/wH+EAH++QH//94BQR
4=SBqOQhFv/hAUYUgavYKRgwBf7qAf/JKAz/6AFAGN0oGP+4ASwSgJgAACCB//0AAIFmMAHu
5=LAD+yQH/2GAAyF0Agaj+8wH/Qf//4AFiANspAv//AWEE/9MBYASBrmAKgazSHgqBqc5TCP
6=7hAf+CrK3/ywFIAFHM00cM3R0K5jQC/pUF/9VfDnnU/t0B/9ZdDIGt0z0K6hoO/qIB////
7=AV0E//0BWwTBaALrXAaBsf7QAf+BqeQNGuM/FoGw/qQB/4H/gGoAACCB/8oAAIFmMAFgEI
8=GszQIA/t8B/80OAIKtrtIEAoGq/toB/9csAM0OAv7vAf9B///5AS8EIfvkLgaBqP7TAf//
9=AAIpBmIB/vgB/9orDP/UAVUI6P8DganKHgD+4AH//+0BRxD+3gv/gf+AOQAAIIH//kMI/4
10=Gq/v4B/4KrrP7tDf+DZmZm/vsB/wH+EAH++QH///gBMBrERAhB/wIBgqyt/sQB/4H/gDQA
11=ACCB/+sAAIFmAAEwBYGu/vUB/xH7IAH++AH//wcCMAL++wH///8BMwb+AQT/gan+zBH/gf
12=+ACQAAIIH//v4f/4H/gAkAACCB//7+H/+B/4AJAAAggf/+/h//gf+ACQAAIIH//v4f/4H/
13=gAkAACCB//7+H/+B/4AJAAAggf/+/h//gf+ACQAAIIH//v4f/4H/gAkAACCB//7+H/+B/4
14=AJAAAggf/+/h//gf+ACQAAIIH//v4f/4H/gAkAACCB//7+H/+B/4AJAAAggf/+/h//gf+A
15=CQAAIIH//v4f/4H/gAkAACCB//7+H/+B/4AJAAAggf/+/h//gf+ACQAAIIH//v4f/4H/gA
16=kAACCB//7+H/+B/4AJAAAggf/+/h//gf+ACQAAIIH//v4f/4H/gAkAACCB//7+H/+B/4AJ
17=AAAggf/+/h//gf+ACQAAIIH//v4f/4H/gAkAACCB//7+H/+B/4AJAAAggf/+/h//gf+ACQ
18=AAIIH//v4f/4H/gA==

[OverlayDataPack]
1=KgAAIIEA/jsaAIQGBwcG/vsBAIcHCgsLCggE/vgBAIEGAf8AAYEI/r0BAIEAgE8AACCBAP
2=YAAIkHCwsKCgoLCgb+9wEAEgCFAAoLCwf+9wEAgQYD/P/8AT4AgwAICxABgQj++QEAggQI
3=A/6CCAT++wEAggYH//kBQgT+xxMAgQCAUgAAIIEA/kISAIMGBwb++wEAhwQICgsKCAT++Q
4=EAgggLEAGBCP74AQCBBgP+gQoABP/4AUUSiQcLCwoACgsLB/73AQASAP/8AUQYBgDZQxb/
5=oQFDEoCLAAAggQD9AACHBwoLCwoIBNIsAIMECArWRAD+yQEAhAYHBwbUKwKCCAsQAYEI/v
6=gBAIEGA/6BCgAE1UUC/uABAIEHBhqBAAYfgQf+9wEARAD/+QFjBkgA//kBYwQsAIILCv/5
7=AWQI2z8C/pUFAP//AV8O2UEA/uMBAA+x//0BXwLBXAb/AwRgBP/sARQagHcAACCBAMoAAI
8=IICxABgQjLAABQAYQGBwcG/t8BAIcECAoLCggE0xYAggoL1hEC/soBAIEG1i0A2g4A/uIB
9=AAP/ggoKAAT/4AEuANUQCIEHBf6BAAYDgQf+9wEARAD/+QEwCEgA//kBMAZMHP/5ATEM2g
10=0E/rkPAIEAgDMAACCBAP4xGACDBgcG/vsBAIcECAoLCggE/vkBAIIICxABgQj++AEAgQYD
11=/oEKAAT/yQE0GIBIAAAggQDrAACJBwsLCgAKCwsH/vcBAIUGCgsKCv/7ATQAgwAICxABgg
12=oG/vgBAIIECAP+gQr/+QE3AhYDggcH//kBNwT+0RUAgQCACQAAIIEA/v4fAIEAgAkAACCB
13=AP7+HwCBAIAJAAAggQD+/h8AgQCACQAAIIEA/v4fAIEAgAkAACCBAP7+HwCBAIAJAAAggQ
14=D+/h8AgQCACQAAIIEA/v4fAIEAgAkAACCBAP7+HwCBAIAJAAAggQD+/h8AgQCACQAAIIEA
15=/v4fAIEAgAkAACCBAP7+HwCBAIAJAAAggQD+/h8AgQCACQAAIIEA/v4fAIEAgAkAACCBAP
16=7+HwCBAIAJAAAggQD+/h8AgQCACQAAIIEA/v4fAIEAgAkAACCBAP7+HwCBAIAJAAAggQD+
17=/h8AgQCACQAAIIEA/v4fAIEAgAkAACCBAP7+HwCBAIAJAAAggQD+/h8AgQCACQAAIIEA/v
18=4fAIEAgAkAACCBAP7+HwCBAIAJAAAggQD+/h8AgQCACQAAIIEA/v4fAIEAgA==

[AITriggerTypesEnable]
0CAD0DCC-G=yes
0CAD0C7C-G=yes
0CAD0B2C-G=yes
0CA6621C-G=yes
0CDF8EDC-G=yes
0CDF8D8C-G=yes
0C0C7AEC-G=yes
0D62199C-G=yes
0CDF899C-G=yes
0D6216FC-G=yes
0D6215AC-G=yes
0D62145C-G=yes
0D0803CC-G=yes
0C32599C-G=yes
0CE23AAC-G=yes
0CA1F84C-G=yes
0CE26CAC-G=yes
0CE26B5C-G=yes
0CAD145C-G=yes
0CAD130C-G=yes
0CE2395C-G=yes
0D084B5C-G=yes
0D084A0C-G=yes
0D0848BC-G=yes
0CAD2AEC-G=yes
0D08461C-G=yes
0D0873DC-G=yes
0C8E2C3C-G=yes
0CAD25AC-G=yes
0D087D8C-G=yes
0C8B81BC-G=yes
0CADDEDC-G=yes
0C92C45C-G=yes
0C9565AC-G=yes
0C92C1BC-G=yes
0CADD99C-G=yes
0C9561BC-G=yes
0CE2EA2C-G=yes
0CE2E8DC-G=yes
0C955C3C-G=yes
0C955AEC-G=yes
0C8C71BC-G=yes
0C8C6EDC-G=yes
0D052AEC-G=yes
0CE44D0C-G=yes
0CA5945C-G=yes
0CAD2C3C-G=yes
0D535EDC-G=yes
0AA846FC-G=yes
0AA845AC-G=yes
0C8C645C-G=yes
0AD2BAEC-G=yes
0C96F5AC-G=yes
0C96F45C-G=yes
0CB2CEDC-G=yes
0C91D45C-G=yes
0CAD5AEC-G=yes
0D2C45DC-G=yes
0D2C448C-G=yes
0C8C56FC-G=yes
0D2C41EC-G=yes
0CA6AEDC-G=yes
0C0D251C-G=yes
0C8C51BC-G=yes
0CA24D8C-G=yes
0C8BC5AC-G=yes
0C8C4C3C-G=yes
0D53430C-G=yes
0ECCFCAC-G=yes
0ECCFA7C-G=yes
0C8EEEDC-G=yes
0C0D184C-G=yes
0ECCF68C-G=yes
0C8C430C-G=yes
0C87B99C-G=yes
0ECCF29C-G=yes
0ECCF14C-G=yes
0C8EEAEC-G=yes
0C87B45C-G=yes
0ECCBC3C-G=yes
0C8EE1BC-G=yes
0ECCB7FC-G=yes
0C32D84C-G=yes
0ECCB55C-G=yes
0ECCB40C-G=yes
0ECCB2BC-G=yes
0CB29EDC-G=yes
0C8C2C3C-G=yes
0C8C2AEC-G=yes
0A31295C-G=yes
0C87E5AC-G=yes
08A3EEDC-G=yes
0D022B1C-G=yes
0C1246FC-G=yes
0C1245AC-G=yes
0D0B3B9C-G=yes
0CA2A04C-G=yes
0CA2B06C-G=yes
0CA2FEDC-G=yes
0D2769BC-G=yes
0A452E5C-G=yes
0A452C6C-G=yes
0A44F2CC-G=yes
0A44F17C-G=yes
0D53099C-G=yes
0612B11C-G=yes
06C551AC-G=yes
0612CD8C-G=yes
0ABC484C-G=yes
05FFB18C-G=yes
05FFA7DC-G=yes
06002BFC-G=yes
07C0372C-G=yes
07C04EDC-G=yes
07C04C7C-G=yes
07C0B14C-G=yes
05FC1A8C-G=yes
05FC50EC-G=yes
05FC3C9C-G=yes
05FC37CC-G=yes
05FC333C-G=yes
05FC0C9C-G=yes
05FC088C-G=yes
05FC75CC-G=yes
05FC747C-G=yes
08B9154C-G=yes
08B911BC-G=yes
08B9213C-G=yes
08B9356C-G=yes
08B9305C-G=yes
08B9483C-G=yes
08B9423C-G=yes
08B940EC-G=yes
08B9586C-G=yes
0611A33C-G=yes
0611A1EC-G=yes
08B9641C-G=yes
08B97C6C-G=yes
08B9767C-G=yes
08B9708C-G=yes
05FC1C5C-G=yes
0612EAEC-G=yes
0612F9AC-G=yes
05FC13EC-G=yes
08B90B1C-G=yes
08B902EC-G=yes
0612F46C-G=yes
044082BC-G=yes
07C310BC-G=yes
07C329FC-G=yes
07C3266C-G=yes
07C33DDC-G=yes
0616004C-G=yes
07C330CC-G=yes
07C30A5C-G=yes
07C4853C-G=yes
043F521C-G=yes
043F874C-G=yes
043F40BC-G=yes
05C56EDC-G=yes
05C5392C-G=yes
05C504DC-G=yes
078F4B2C-G=yes

[Triggers]
059EA50C=Neutral,<none>,@Sounds,0,1,1,1,0

[Events]
059EA50C=1,13,0,0

[Actions]
059EA50C=6,99,7,_Amb_WindPlains,0,0,0,0,AC,99,7,_Amb_WindPlains,0,0,0,0,AD,99,7,_Amb_WindPlains,0,0,0,0,AE,99,7,_Amb_WindPlains,0,0,0,0,AF,99,7,_Amb_WindPlains,0,0,0,0,AG,99,7,_Amb_WindPlains,0,0,0,0,AH

[Tags]
059F38CC=0,@Sounds,059EA50C

[Digest]
1=g+5Bx2P+9ZagTMdZQ/yFzcOUOyQ=

