[General]
DefaultMirageDisguises=TREE34,TREE35,TREE36

[GAYARD]
Name=Allied Shipyard
TechLevel=11

[NAYARD]
Name=Soviet Shipyard
TechLevel=11

[YAYARD]
Name=Yuri Submarine Pen
TechLevel=11

[Header]
StartX=228
StartY=35
Width=55
Height=52
NumberStartingPoints=4
NumCoopHumanStartSpots=4
Waypoint1=234,65
Waypoint2=256,45
Waypoint3=276,65
Waypoint4=256,84
Waypoint5=0,0
Waypoint6=0,0
Waypoint7=0,0
Waypoint8=0,0

[SpecialFlags]
TiberiumGrows=yes
TiberiumSpreads=yes
TiberiumExplosive=no
DestroyableBridges=yes
MCVDeploy=no
InitialVeteran=no
FixedAlliance=no
HarvesterImmune=no
FogOfWar=no
Inert=no
IonStorms=no
Meteorites=no
Visceroids=yes

[Ranking]
ParTimeEasy=00:01:00
ParTimeMedium=00:01:00
ParTimeHard=00:01:00
UnderParTitle=GUI:NoUnderParTitle
UnderParMessage=GUI:NoUnderParMessage
OverParTitle=GUI:NoOverParTitle
OverParMessage=GUI:NoOverParMessage

[Houses]
0=Americans
1=Alliance
2=French
3=Germans
4=British
5=Africans
6=Arabs
7=Confederation
8=Russians
9=YuriCountry
10=GDI
11=Nod
12=Neutral
13=Special

[Americans]
Country=Americans
TechLevel=0
Credits=0
IQ=0
Edge=North
PlayerControl=yes
Color=Gold
Allies=Americans
PercentBuilt=0
NodeCount=0

[Alliance]
Country=Alliance
TechLevel=1
Credits=0
IQ=0
Edge=North
PlayerControl=no
Color=Gold
Allies=Alliance
PercentBuilt=0
NodeCount=0

[French]
Country=French
TechLevel=1
Credits=0
IQ=0
Edge=North
PlayerControl=no
Color=Gold
Allies=French
PercentBuilt=0
NodeCount=0

[Germans]
Country=Germans
TechLevel=1
Credits=0
IQ=0
Edge=North
PlayerControl=no
Color=Gold
Allies=Germans
PercentBuilt=0
NodeCount=0

[British]
Country=British
TechLevel=1
Credits=0
IQ=0
Edge=North
PlayerControl=no
Color=Gold
Allies=British
PercentBuilt=0
NodeCount=0

[Africans]
Country=Africans
TechLevel=1
Credits=0
IQ=0
Edge=North
PlayerControl=no
Color=DarkRed
Allies=Africans
PercentBuilt=0
NodeCount=0

[Arabs]
Country=Arabs
TechLevel=1
Credits=0
IQ=0
Edge=North
PlayerControl=no
Color=DarkRed
Allies=Arabs
PercentBuilt=0
NodeCount=0

[Confederation]
Country=Confederation
TechLevel=1
Credits=0
IQ=0
Edge=North
PlayerControl=no
Color=DarkRed
Allies=Confederation
PercentBuilt=0
NodeCount=0

[Russians]
Country=Russians
TechLevel=1
Credits=0
IQ=0
Edge=North
PlayerControl=no
Color=DarkRed
Allies=Russians
PercentBuilt=0
NodeCount=0

[YuriCountry]
Country=YuriCountry
TechLevel=1
Credits=0
IQ=0
Edge=North
PlayerControl=no
Color=DarkRed
Allies=YuriCountry
PercentBuilt=0
NodeCount=0

[GDI]
Country=GDI
TechLevel=1
Credits=0
IQ=0
Edge=North
PlayerControl=no
Color=Gold
Allies=GDI
PercentBuilt=0
NodeCount=0

[Nod]
Country=Nod
TechLevel=1
Credits=0
IQ=0
Edge=North
PlayerControl=no
Color=Gold
Allies=Nod
PercentBuilt=0
NodeCount=0

[Neutral]
Country=Neutral
TechLevel=1
Credits=0
IQ=0
Edge=North
PlayerControl=no
Color=Grey
Allies=Neutral
PercentBuilt=0
NodeCount=0

[Special]
Country=Special
TechLevel=1
Credits=0
IQ=0
Edge=North
PlayerControl=no
Color=Grey
Allies=Special
PercentBuilt=0
NodeCount=0

[Basic]
NextScenario=GDI2A.map
AltNextScenario=GDI9C.MAP
NewINIFormat=4
CarryOverCap=0
EndOfGame=no
SkipScore=no
OneTimeOnly=no
SkipMapSelect=no
Official=yes
IgnoreGlobalAITriggers=no
TruckCrate=no
TrainCrate=no
Percent=0
Theme=No theme
MultiplayerOnly=1
TiberiumGrowthEnabled=yes
VeinGrowthEnabled=yes
IceGrowthEnabled=yes
TiberiumDeathToVisceroid=yes
FreeRadar=no
InitTime=10000

[Lighting]
Ambient=1.250000
Red=0.950000
Green=0.850000
Blue=0.850000
Ground=0.050000
Level=0.008000
IonAmbient=0.720000
IonRed=0.300000
IonGreen=0.400000
IonBlue=0.750000
IonGround=0.000000
IonLevel=0.000000
DominatorAmbient=1.500000
DominatorRed=0.850000
DominatorGreen=0.200000
DominatorBlue=0.300000
DominatorGround=0.000000
DominatorLevel=0.000000
DominatorAmbientChangeRate=0.001000

[Preview]
Size=0,0,111,52

[PreviewPack]
1=oR0AIAX9ynz9ynv9yugAAEnLfP3MfvzKe/rDc/m+a/rBbv7Kd/7HdfnAbvrBcfrEcvrDcv
2=vFdP3LfP3LfP3Kev7OfOG0dbeNXN2vZvLGeP7Vgv7Wgv7Qfv3Ofv7Qf/7bgv7cgv7bgv7c
3=g/7cjAEO3YP+3oT+3YP+1YD+0H7+0X9oAAAE0H/+2YHfvXhnVEniuHf+2IL9z339znAIC/
4=3Pfv3Off7Sf/7XgP7UiAAADtJ//tWB/tB//tB+8sZ82LF2/tGA/tB//c5+/tJ+/tuBcgvc
5=g5QAxBED/c9//c9+eQfSeARuCtF/kAIEgP3OgP3OfWQCAArPf/zOffi9a+u1Zr+JSt+xa/
6=7Sgv7Nff7MfP7MlAAGy3v+zHv9y3z8YB8ACnv9ynr90Xv90X3+34f+2YT+2or3vmr9ynz8
7=ynuIAA96/cp7/Md5+sN0+8d0+9J8/dBkHQAG88Z89s9//tiB+8p2+sJv+8Vz+b9u9rdloA
8=cABv7Vf6WDYaRrS9+TVcGRXey9b/DBdfzQf3QhAc99/dGdKdssPAUAFNmC/tWB9MV69MR6
9=9MR798d78sF6+c991LN0Z1ZJsZJi58F0/M19YBwB0H7+1GwQYh/OfnQAA89+/s9+/GwBAA
10=d+/tN/4rh4l3ld9cl+/NF9/tqB/tmB/tuCkTWCcCkB3YP+03goYwfQfv1gLgAHff3Pf/7O
11=gf7OgP7Nhf7QgP7Ve/7OhP7NgZgNAEB//tOC/taB3bRs0qho7LBi9L5y+MV69MF59MF49s
12=R58b11+sd5/ct8/c19/dSA/dGB/cx8/tWE/tSA/tiG/dN+/tF9/tR+/s98/cl6/c18/deC
13=aA8AQM17/tqI/uKK1rN1f2dSrJBq/tyF/tqE/MZ19bRg/Md4+b9u+cFv/tB99cV5rYBTuY
14=VQvnpJv3xO4qNe0plX9MN0/M59/c99/cx9/dKA/tF+/tuQUwLXgf7YgXhMABrQf/XFee28
15=dOazcey6dPXGevHAdv3SgdKtbbqYXtuybfzPf/7Pfv3Pff7SfnwpbwF/+817KPrKe2Q1AB
16=TQf/7Sf/LFe6WIXK+YXebIdf7fhf7Zgv7Ygv7WgPzVgP3VgPrTgH5Z0X9uT859lAAAB4H9
17=z3v80nX8z3z52F/z4T7w4jX33lD81nNoLXg0AB59+Mx52qdlvYtY14A/1JFR4K1p6rVx57
18=Bu8r927rtz9sN3/st8/s18/taE/t6J/c2UZg7Se/7Ref7TgP3OfP7Qff7PfmR9AA7Jev7W
19=hf7eiP3Mff7NfPzciLibbmNSRXtnUseqb/fZiXxTABTIdfrBcvvLdf3Kdf7Nfea1cOGnYP
20=K6bMKOVs6MTOWvX/a+bv3OfW03z3NH/dF/fBQB0X/90WB/vAJwbnYhgPuEUA/+0X7+0oD+
21=04H+14T+1oP+1IGEgAKA/tKC/WAcAAF+/M9+/dGA8MF36bhz8b91/M9+YQfOYAoF/tSA+N
22=J9/NOcgGxPD3/9zn/wv3fwu3XuunbwvXT+05wycCkALIH71W/04zvr4Cfl2iXu6Rjv6xLi
23=3hLm4Bnz30b90oD90H/1yHryxnHWi0u2c0TLej7Ullb2yHv8yXr7yHn+dI0ATIL+zYL4w3
24=nwu3T8ynv+2Yb+3o740nPnzp7gyJb+6Y7+zX73w3Tkr2rhsG39zX38yXr+2Ij+25D+1YL+
25=4Y3lw36ig1eNdU6wklzvyHr+24T+14j90Hv5wW3wvXHxv3Jkng7Ne/G+duKlZdGXV+W4cv
26=vNfXlD0WRHAv7Vgf3RkJIBzn790IygYJRslABT/tKA/M19+819+8x8+819+st78b1w6bJn
27=8r5w+sp5/NF9+cx77LZq5q9k5Kth5alf4qhf5q1i5ati6rFm7rlr77ls8b1w7bdr6K5k6r
28=Fm8Lxw875y8r5y77pt6LBm67Jm8r1w/c97Cv7Rf2h4AHTPfv7Ng/nXZ+7lJujjFevnEcS9
29=HLGoI+jjFOfhG/HeSPzUgv3Pf+69d/THed2PS8WDR+CsZuGsavfEeP7LfP7Jgf3Jgf3Tbv
30=zXb+3CZNyxVv3LgP7Mgv3Nfti8c6OYh395brOea/XIatW7lsmqhf7Icv7Kff7Og/7QgP7X
31=b/zQc/7Qif7fjnSQBdmB/uCO/tV+YEYAGNeG/dR+/tF+7r9r6rlu/tV+9cN34Ktt36Jj15
32=ZY26Zk3bJu/tR+/Mx8/nBBgCgFz37904D90ICwGnBNAFfNfe24a+auY+WrYeasYuitY+Kn
33=XeSpYOKlXemsYeqxZearYuqvZO64bPjHePrLfPG8b+erYPvKevvKevvLe/zNfPzNffzNfP
34=rJePrJeP3Off7Qf/3RffzOfPrMe/rKevS/ceGjWffEdf5sVWw3jGEAJIL512fv5Sjl3hjp
35=4xbPwjiunUXi2xzu5x/04Ub8zX/0xHndqmPcomCxckamgFjzwnn3xHj7yWzNAH760mby2k
36=Tt4Sbq5Bjr4x7x5yb04EH52Gj9z3i/pH19fXpuaV6Ygl3MsXiTioFuZ1urkWL5znf62WPz
37=4T3v4if010/61GL422v+0nz+zH3+0oD+0n3+1nv+1nr+1Xr5x3vcmX+4YH+3ZXvAbXzlqn
38=zwvWTtnk/QgU25glXhq2XWoF/rvXP91of904L904H91IR8KQAE04P9zX78zXz0vnHwuW35
39=yHn9zH38zngiA/zMe/7TgGkA0GAEAAPtunTqt3LzxHv+0YDvvXbyvnLxuW1gInhMgPGIM2
40=z6mIhseQLYgf7bg2yFCNKB77hr5alf98V3iQaAJGIg/s5wKQDM7OMn5eAU4+AR6OMX8Oke
41=6+Qk8NxA9Mxl+9F+lGtH0I5O3qBfeldDcGBP/c6A/s59/cl/+dJg8+A69OBF+OZBtqg0tK
42=sf6uYO6OMV6eEg99tV/s9/47l4161w+sl5xat7h4R7e3FhrJVn79lP7OUe5+IT498R494V
43=5N8T6N4c9NlT/NV5+NJ6+dJ/1pZ/2JF80Id8pkp9jyZ+ih5+iR1+kyx+vWZ/1Zh036Jbq3
44=VIxntG6J5SvYZK3rZt/uaW/t+N/tyF/t6L/tqC/uOS/tiF/dB9/dN+/tSA/teB/tJ/erXP
45=fyJ6I9SAce/QaJwG/NF+9858/NF9eKkI0H/4xnbwum38zHxw43PRfv3OkHci2SB+gF4k/C
46=Bs/QDb/s9/+8t79MBx8btu8Lhr98R2/tGB/tCA/c6B+9Nv9eE67eIn7OEp7OMo9uFJ/dxy
47=/M+B1J5kvYlWmWhAzpJPy55it5NmiW9OupZd6Llx/tJ8+9d3+dpk999Q+uJS4cNt17te7+
48=Az5d8Y698r+Nle/tGB8Ltw0ZlX16hk/tuE/dSE/daK/tiE/Nlh7d4u6eIa7OYWnpExxbJA
49=++VO+N5Y+ttm88163Kl+yYB7mTV8hxd9iBp9ih1+jB9+ih59iRt+ix99nTh/4qB75LJl6K
50=5i05dL1aZd/N2N/uWV/t+M/tqC/t+O/dKC/taB/tuDeqzdg3SHAt6D/teBekbPftri24J5
51=/dkjrijfhCKQIwjhhv7fh/bEdu64a2LZ2IMikSnPZOZ1UdUitClwj3QqI/wgiC1kAgvRgP
52=7PfvjFdu+0aPS+cGAxAFPOff3Nf/7PevzSdf7Yf/7Zd/rLgc6lbLSFVt6LSMB4RtWZTuC3
53=a/zNfP7Wf+7Bdeayae+3bP7SgfrVbfbcVvbfT/fgUPniUPPkNujeIOjiHPXZU/7Lgv3KfP
54=rFd/3Jev7Ofv7ainKh3IwiLCQAQ8mB+dlV7eIm6uIe1cVA2cc78eI19N1M+d1n7sJ7x4B9
55=oT97jiJ9iBp+hhd9iBh9hhd9hxh8ix19li98umV877Z898R08cN168Fy/tuJ/uGO/tuH/d
56=Jk8mDfBdyG/tyE/uGLIi4n04F599aIUSPQKGhOAtB//dJ/IuIt3IMikCMO3oT+zXr+gEz+
57=l1z3wXTpvW1w4wAIk1r1bkP8wnb70YD1xnrwwHfzw3nvvnj1xnpoLSNwLmgJIs0vfXQtCN
58=aB/dB++ct4/diGIkAxAA7Xg/7XhfzId7mQXLmGVsSETdB+Q5BcRb92QKl0RO26aWz0adV8
59=YIgAFsl6+sV3/cl/+9Rn9eA/9dxP9txR8OE07N4u7t4y+dVb/M12/cp8/csiMC8i8CMIzX
60=z8yHr8yHr+z35oQgBfzH3+1X303kvp4hvn4hDo5A7i3wzo4hv33lnRjYGZNH2NIX2RJX6a
61=MX21XnutUnyyW3yzWHy8anvnqnn+znn+0nv+0H7+z3/+14b+24f+1oL+34r+1IT+0n7+24
62=j+55T004TWrGnovHXtsWjww3f+1IGbUn/9zGh1ZFZiTH/9JGY014Fg8QAatm/+gE/6Zj3y
63=b0D+a0H+gE77s238z37uvXTnt3DotHD0wnj3yHv1xHn+0H59fc4mjzPPff4i/CAHffrGcf
64=7Xfv7ciyIoIgAg34v+34j+1nqcek1aPDG5dEDfika4gk3crGrdq2v1wnf+zHz8yXr8ynr9
65=y3v9y3z+y3sixCgAB8qA/ct7/cx2/s55/tB7/s1+/ct6/sqD/ssiQDF8JgB02IH+1oD+2I
66=D+y3r2wnTzuGruum32xXr6yID621Tz5ivr4iLs4yTw3EX14Er63Wb6zoPjo3zqrHvkpXvq
67=rXr+03r+ynn+1Xz+14H+3Ib+237+1YT+0nz+2YP+347+2IT+24n+2YX904T+2Yb+2YT+5J
68=X924mbd0mDXDqwfVDHnmH7z37+z394HwHRf/7WfCYD9cR698l7YEzMVSMkIAAB1IH924b5
69=tW3ygUv7uXD924b91XTYIj4v0H9wg2QvAX7+1n9+htqCaVrTIrw5ZAsAB89+/tGA+bpl+b
70=9u/Mp4/td//t2N/tuG/toi4DMABrCIUqJwQee0afjGdO65cvXAePvIev3IeiJ+Pct8lCcB
71=fP3MeyIsMwBJy3z+zX77yHzuuXXwunfuuHT3xnv1xnjtu2/hr2bhtWm9mmfUqnHqvXTisW
72=nps2zBhVDJmF7msmjZoF7pvGPzxWz80mz81nH+0oX+0YD90nz+1YD+1nz+0Xv+04gABdB+
73=/Ml3+sRuiGkACoX+14L+24r9znv9ynn8zXv8y3n9z3z+3ov+1YZkywAF2YD+3pLUpmSjdT
74=+NZD6lYjuqfk77y3ciVDioIQjVgP7SgPLBd+28dHEp0JDLdC0Ofv7Pff7Rf/bJeOSyZfrN
75=fP5o1SIgPwL+0n/9zZUtzr6tfv4kPD4F3YP0z37Zs3RsbQAB0ID7z3z4x2/+zXj5xXD6xH
76=L+z2T7DPnAbP7Sev7NdOWxY/bAcmwKCct8/sx7/s58/c98/SIwPgN8/st8/MkilD0Anv3L
77=fPrHe/K/dvK/d+SvbuizcPXAd+a0ZtinXey2acSNUdusaLGNYpFwTINlQu7HWO3DUOPBRv
78=reXPvKdN6kWMWDS+aucffAe/7MgPzMevvFdvm9bfrCcP3MfPzKffvEdfvJdP7bhf7djvnB
79=bv3Kd/7Re/7VgP7cjv7Yiv7Vg/7biv7Whv7Ygv7ilf7bjvjYV/PdNfTbQebEVuWqXtmoZt
80=eVUdKYWO2+du67dfzNff7PzCJ4fCLkI2h+fEqoKgrOff7QgPXCdOWrYfvLiJkC1n/+3oN6
81=atWAIu5C14F1ANomFEUAINyDuJhoaFZK98t//tR/5rZrtYVN7cNw/tyC/dF5/tuJ/tiE+8
82=x2+sFy+sJx/cRx/Mh3IsIg14Bp0tiUAAXZgfvOfPjHeCJMQwA9yXz9yHn6xXftuXLrtW/u
83=u3PuuG/1vG7Wk0z3xnb6yXvpt3D7x3zqvnfCnWLVr2n64Vfz7CPBuiTRySPz4zPsv1Daml
84=PxtGD3umj7ynn80CIwNQAY/MZ49LNh+8R0/s99/Mp4+L9u+cFx/Mt8+cFx9r1o/cx7+8V2
85=/Ml5/tSFfGgAHOGR/tqJ/c17/dGD+NVs8dwv5+AV6N0c8tg199JI/tp67K9r0Zda365q4K
86=xp/dAj5T7UI5kk2YWP0SKYSG2p0HCnIshICNCA98V277hr+8l6IiAquAQE2oL+2IH81SOx
87=P9kiPD4izCAAC9aA/tWBwJ5sb1xLwqBm4bxq2ZVUh1g9xJRS+M52d3vei/0ixEkjfEkANN
88=iH/c9++cNu/MRy8cV75rx4/s18/tF//Mh34Kdg2qNh/s9//M17+8Z0/Md2/cZz/MVz/MZz
89=+L5n+Mdv+sp2/M17/tF//tKIOQAm2IH+34T+4of641r27Si3pku1pTzw5yf401X7u2r6wW
90=/1tWH8xnb8zHj5w278yXr9z3r6w2/+zHp4QAAHz379xnb8x3j9yXn2uGb2umr5vm70s2H9
91=yCJERQAq/M19/NF9/Mt4+tRQ7Nsn7N0l8tU99c5S+8dz+8ds+cNx7K1k55tV3qJg15pY4b
92=Bn6Ldq4rRs5710/tiAcKecTWVTzyNQPyKrI3/6yWO7+8t7cCwjaE4iRCoI0X/msG/tuXL1
93=xXl0WiJ8OgA6f/nKff3RgdiuasGPVeS+c+KZU8eBRNGmYOKuX/bIcv3Vf/3NffrBb/3Se/
94=7ZiP7Yg/7SfOm5dolvVYRsV+3Afv7TgPfEeO62beizbWCFDduC/tSB/dR+/c18/s5//doi
95=cEME/uGM/uGN/SI0TyKcUGLQ3oMiFCcAg9yD+eFY6+Ij6+Im6eAk6uEl9M1V97No/Mt7+8
96=h1+Lxp+sZy+8l19LFd+Lxl57Vq3atp88B7+MJ598R3/s17+s18+sBw+bZi/s57+8Jx+sN1
97=+cBv+L1s/Mx7/tuK/dd7+tVj+tFo9tJN8t48+Mpf/Mh7/M9n5rhi5aRc5qxh9q1b1YdF3o
98=9KzoFNypRZ0aRl68F1/tiCIrg6AtOA/c18Ip9Hz379bVV+IhVRzSPmR818aAMEz37+1YL9
99=ziLEQwAa8sZ5+9B/9MZ47sJ56btz88V6989/469l2aZk04JGzIhN/tCA+sh2/NSD/tN0kA
100=P7ynz6wXCw9QAo/s982rR3eGRQaFVEp4li06Vg36BUv45T4LBo9sV2+815+cJu+MJs97tn
101=+8Z0/dKB+9B6+8p2/M57/SIZJn9ohABT2ID+3YL+3YT+3YP54lnp4R/l4BPk3xLl3xzu1j
102=v0wFr8yHr9z3z8y3n8yHj6xXP4v2z5v2z4x3fqtWjRnFykfVPerGLHlVXQpF7tumjeo1vT
103=qG/2xHn9x3X7xXf7w3T9yHn9yHgiTVXLIugoACr13Uvu4SXx2zP2zkn3ylT61VDz0lffuF
104=nttGfsrGTdol2Wa0/JhFKKWkDMj1XgrmjapGHyxXn91ob90YBiYdWBIpBQCNyI/tqG/tqE
105=/tmJIsgkAGvOeeCybN2tacuVWe6tXuGZUJhgOtmaU+uxYt+kYNifWq59TtugYMx9SdKhZv
106=rJfeq5YvfeSvLcRvLdPPjXYP7OfvvIeu3AdO3HeOvBcqaFVJJ1SJ5+Q9arZO68dem2c9el
107=ZduxbP3Qf/zLe/3NffrGdPrFcvvJePzIdf7RfyM8NYy7BdB9+c1++9SAIiQ7ABrYgfziVe
108=zkH+PeFubhFObhF+niHfXXVv3Ngf7OfvzLe/zLe/7Tf/7Zg/7dhHBiAA3OeOm6Z9GqaPbF
109=eeGvbOy5c+iwZs+fX5RzWMieaPrMbJoM98t99cN16LJm57tv+teDeB8AKuKP+91y/t58/u
110=F9/M98+sVm89w59uM68MFs5bJxnX9ealZIqIRjiWdO5pNN4ptRu4hM58J2/ueY/t2J/iKo
111=LwGI/tZ9Im5Q2IUi+jPgkSKsKABT2HqngU5aPjKuajvtmkvdhUCvZjXbezrklEnWjkrtol
112=K7dkrLmmHZs1v12kPr2C7axibn4Bbi3Q3r5Bbr0zzqs2jjrl/ou2/0xnfosGjotm36yHX9
113=y3j3w3b5zH77y335yXr+0X8jJFkjACYE0oD+0YD8zJx6IpBfJrwhAB7UgMGebtGrdP7bhf
114=7Ofu3RWeXdI+bhEuPfEujiHPXiSvzYev3OgPfEdfK9cPrJev0kwF8C04D90n4iCCQAINiE
115=/tiD/NCA+st9/NF+9sh4+9F/wqBqlHlOn31J5b9z6b9s361g7sB13a5mvZVa5bZuYOsALN
116=uP47Nw9NB09dxO7d8o6OAX5uAV6NYw4dAzkntWb1hEhW1RdmBJsIJKwIlC265k/uGQ/uSS
117=/tyH/t2H/t6OIrg0AtN8/tuIIyQ1AECI/t2K/tuA9sx2lnJJk2I736Vd3Kdl3qpo3qVi4a
118=pn46dq7bNr5LhS6tM67uQh5+ES5OEN6OUR6eIX69s2379K3LFZ6r50+sx88L52/tB/8sF6
119=cibTgSKVQM0joTrUI9QqAtB//cx9IlA2DtV//taA/dB/+8l6+sZ49LxvIohGI+AhAB7+14
120=K8mWmaf1nWtW381X+3mWfIuD/68iHn4B3x4jj53G/+1of9zX3vt2v1wnT+0H8ibGUnME2E
121=CCO9Nn8iwDUO04D3yXzyw3n0xnrxwnjpuHIiqCAAU8t7+sp78sF49MJ467dw57Fj151S5K
122=1l7MxO690k6OAV5eAU7eMc3MsyfHE31r5Imn5Vh21SnHlRgGlRq41e37pu/uGQ/uSR/uOQ
123=/teE/dB+/tyM/tqG/tN7/tKB/taE/dOC/teDIiQjACbbgf7UetOgWemyZ/zFdduhYPC+ee
124=eyau3FWevVOO/mH+fiEujhFe3fJ/HUSfDNW9axSuu5ZemxbWYa04EkUGYiWknPf5mIgyLW
125=Y9WAItIl2IFvoNeB/iJoYCKQZSJ0YCOEVgn90H/zv3HnrGL5x3hkCAAI0oHww3nNqWnXsG
126=rvwni3kGaXfFLLs0731GUiMFwBz4P90XQwA+qxZvG6biJENnzpnIMlpDbEXGgqDs5++cp8
127=8cB36bVx8Lx1+cl7akjcg2DcAFPZgv7XgfrNfPvKd9qeU82LSvjEYfLJSfjSYPfRVPzRZ9
128=WseFxMSLeSbKqIYFhKQ4JrWHJbSbmYcf7Yi/7gjv7YhP7bhv7Yg/3MfP7SfP7Yhf7VhP7T
129=e/7dif7ah/7Te/zPef7WfiLgMwAi0Hv8yXj+zX3wvHHaqGn0yWXz5Sfn4hTo4Rbt3Cz0z0
130=zutmL+zITalVflrWj5x3zhrWn7zyadIM502yJaZNqBJc4v3oQiESvbmQHaI7xFCNqC/tF/
131=9MJ46rVwIvUl3CKUTwPut2rzvnEi5krOfiJcYAAFz37ptG/lr23ap2fLnGXhtHT9zoP+z4
132=FoJCKAJwd/5qxi8bxv/tGAxQLPI4lV0uQpI+RcIv1ozyLcRmWA0Y5V0H91OdJ0FSK4IgAo
133=14L+14T7xnP2uGL2tWTzrGD5vHH8xXz6vG/1u264k2V4YE6+mmeOc1VzX0hiUTp4ZUe6lF
134=v70X3+1CK3Kf7fjXLO03siOGMC2YX+0HwiuCII1YP+0H/5wGz6xHEi9XDPIpRzAB79zHv6
135=xnjYp2b5ynT41k/y2Dv0zlH7xnD7wnr2vGz4wGzzw273x3Xvvnbvv3jyw3dwRCOIJSIeK9
136=R/IvVt3CP9dNoiLiT+0iJ0YG3f3CN0SwTcgvzXgPnTI/hCCNSA/tKB7bZq7bVqcRHPIuhk
137=CfjJe+67dO+8dPnKemoS0YAigTbQaBgijCcFzX3ss2f3xnd51s8kQGojQGd9LH54JQLXgP
138=7ZgCJCcNiBItFq3SLodiJ8NyPAIGYIzn4igC0i2CAAIof+3477yXP8zHb4vmr5vWz2uGX7
139=xXX+xXL7y3eiflSyjlrNpmPasmvdt3HguHHzxnr+1oR4KAXVgv7Zhf7biyJEObaN0H0iGj
140=jZhyKASwvRe/nAbv7Te/7chf7cjCKxJMloxgAJ/sp+/s6C/Mp5/suB/Mh5+8V0/dJ6/dB9
141=/uGIetnSf3xQrm3OfWYL0n5hGd1k7An80oDuvXftunb1wnhmKdqCcCwjqCl4ASQALCPgaQ
142=PpsWbtt2siUCGsTHAdhAsiaVGDwVjdIoJR/tAiBHkD5Khf8LhrZFOkBSTEaiTRdt0jjirZ
143=giJSS9WBIr4q4IV1ANYiDFZgUgXQgfvEcvrJcSJoLQAaz3/7y3j91Xz+2YL8zHn9znv8yn
144=f6w3L3umj7x3DotGnGlljnsWb+2n7+4oOGy379YVKJIsxcAs9+/tqMIhYh2YUiRCQACtV8
145=/tSE/c+B/tGE/s+B+sJ3+MJp/Nha/tqD/tkRAABsHgAgAD2K/c19/s97/s99/tiB/tN//N
146=B6/dB9/tWC/daD/s9+/tWE/uKM/taD/c19/c5+/c9+/tKA/s9//NJ//tqB/tqC/taA/c19
147=+cl7+cl798d5cAgL3oT+3IP+14L90H/9zn5oAA7Pf/7Rfv7Rfu62afTBc/7RgGsDz379cA
148=4KgP7dg/7dhP7cgv7agngHDtiC/tWA/tKA/tGA5qti871vswX+2oNkBQjcg/rPffHDevTF
149=eXgEACDUgfbEdvPAc/TGdfHAcfLBcfPDc/O/cvjGd/3NfvrFc/e4ZP3Me/7UgPzId/rEcv
150=vIdmQRAKTTf/7QgPzLe/rJcva5ZPW8a/S6bPnCdfi+aPbPTvTcQ/bbP/vVe/7Yiv7Th/7W
151=j/7PgP3Tgv3Rgf7Sf/7Vevzce/7Ygv7deP7ZhfnXZ/LXPO/cLffaUvvVgP3Pf/3Me/zId/
152=vHdP3WgP3Whf3Off7Ugf7hj/7hjf3Qf/7Zhf7ijv7TgP3OffzOffTFeuq5dvLCeP7SgP7Q
153=f/3Pf/3Qf/7Qf/7Rf/7Wg/7TgP7Ugf7Rf/3Pf/3PfmAEAALQf/zPfvG/d/jJe+iuY+yxZv
154=7Qf5wCmDcC3oT+3oSVJIJ8MgHOfv7PaDAP9cV157Bl7rZp/dWC/teD/taBcCkA096E/tmD
155=985/9cp+8r938b5z6bFl5q1j6bBm67Fm6rFn67Jn561k561i8rtt+cd4/c5+/Mt6+sVz/M
156=18+sRy+sVz+b9t97to/s1//c1/+sNx+sdx+8d0/c53+8Zz/s1++b9y9rVk79o26+Ah7do6
157=689b+N5L+N9s/deE/diG/diE/c97+tBq8t435too49Um6t0n6eEZ6OIW69or99Nm/Mt5/c
158=h7/dJ8/Mt5/ct6/tKA/dWC/dF+/c18/MZ1/Mx5/dB9/Ml3/M16/dF//tB/+8t98cF38sJ5
159=9MJ3+85++8t7/M5+/c90SAAY+sl6775x7sFx+Md4/Mx9/tF//c59+9OA/NWC+8198sF5/M
160=5/7LRo8LpteCULz3/9z3/+1ID+2YL+24JxKdlkWQAe/tGA+st66bBl5Kti5q1i77ls+qVj
161=9KJg8Md19s1699B998p5+6Fi9KZi6rZo7LVqfFwEz33+1YH+2WxhYC5hAYNwNZBiYAEAdN
162=KA/tKB+8d097pm+cBv9rdk/Mh4/tN+/teA+8Z2+Lpq9rZk/s5/+sFx+8t1+NFY7d0q6+UX
163=2tIcjX0429IY6d8d9NlS+tVj99lb+NhX+N1R/ONU3slKkYA84NkW6eIY690o9tZb+819/s
164=x9/c99/M99/c59/dB//tiD/dmH/tSD/tqE/dqHeHwAW9iA/dJ9/Ml6+sh5+MZ39sBy8bts
165=7bJm56xi6rNp7LVp77ls7bVp6a9k4qtf441P5H1E6rFk6blq5rNm675u75ta8pdY8b1w7L
166=Vp5apg5qxh8btt/s9//c5//c19/dJ/8sd8881+/tmB/dJ//c9kLAA07rVp8r1v/tOC/s9/
167=9sV09phZ92E59mk+96Ri9pZZ92I692k+86Ng98l3/tOA/tOB/tJ+/tWA/dGA/dF//taA/t
168=aB/dCA/aKL1YBkAgAI04D70Hn+3IH90nr90nv6w3D6w3P5wm78y3hkPgCwzXv5wm75wXD8
169=yHr5w2/4zVPt3yvo4Rfm3x7ZzDzh2R3m4hfn3SDw4jP24UX34k324kbu3y7p3i7bzD/i2x
170=vo5Bjq2yr11mP+3o3+0X/+0YD+35D+24X+2oT+1YP+2In+4Iz+14P+3Yf+2ob+44v+3In+
171=z379znz8zXz8zHv6yXr6yXn6znv9zn3+z3/5yXz2xXr0wXb2x3n+uHD+dkj8aD76m136qG
172=X8ckX9akD9oGP70H76zXr4xHbrsmbzwHH+zn5sUgAB1YD+3oOOe1qhiWH+2IL90n/+02Qs
173=BemvZPTAcv7QdF0AC/7Tgf7YhP7Vgv6nZv5yRf59TP60bv7Zhf7Xhf7RfLCQiQAHf/7Tgf
174=3Qfv7Rf/XGeuy6c+y6c/zOff7Tf2i3AGvchPvMesWUVdmrYv7fg/7ZgP7Yg/7Yh/3RevnC
175=bv7Rff7Vfv7Vf/vHdvrAcfrJcvnTVu/gK+nhHOvYK/TTP/bcPvHKTfS7W+/FQ/PZRfjPW+
176=zVNO3jIe3ZLPXTPPDXO+7OQfDaLvLaOvvSdf3RgP3Je/rIe/TBdf7Ygv7di2TRAtaC/t+M
177=fKQI5pTZs23Kn2PsvXV2vdKBbFUC0X/+14Foxg7Tf/vMfem2c+e0c/C9dvnJenIX2oR8HQ
178=d8S/5xRv6kZP3ToXCAbHkACNGA7LNo8bxv/M5+9cl898x9+c9/hnFXgGxSeXzefMsP/c9+
179=46de77dq/tOC9cR688J3ckfRf3yVbOIBhP3Vg2EozZ/azn39dNhsrGRrCM5+/M5+98d6+s
180=t7aC0AAtKB+Mx7tJBd15NVn2I9o3hI78FskCkAAYL+24n+0n76wnH6xnD+z339ynt4uABD
181=y3z4wXD3ylj210r2zVj7xnX0tnL3wHX9xnv8xnr3tmv2uGn7xXn4vWj6ymn4vmv6vXT6wX
182=X8wnv7xnL6zGv6x3T8ynz9zH38ynr7xXb+0oD92ITyzmCOAAb+3oz+55betWx6WjibaD/a
183=pGP5ynn90H5xF9B4anDvCN2D/tqB+9R/+M58aS3clJ8C1YH+3IRoJwLZg/3ZhGAfAtB9/t
184=iAfCwACNB/56xi7bNm+Ml78L128L129sR46MV5tJ1gcHEABdiB+tB/+Mp87rZq8Lhs+cl5
185=+8x9+cp8fHcCz37+0H2f+3/+12Z3/dWZWM8kgCFwgyLNINZsfABT/tKA+8x+/c2A4rZvs3
186=lKmWBAuXFG0349x5ta3Khd78Bq/tSA/t6O/tmI/dN8+cFv/ch5/cx84a5l7r5y/s+A/cl/
187=/cd+/cd//dGA/c96/Md2/Mh2/Mp4/s59+8R0+sV1+8Z3+8V4JQA9+8Z0+8V197dl+cBx/c
188=uB/ct8/s99/tB8/teA0a9xtpVoz6p1sZZu/umL0rJ1h3NYwpFOqXpEtnlI36tk7r9z/tKB
189=+sx8/s9+/teB/t6E/iQmI9mCeL5k8gGE/tuDYknPfpWZgIwBeEZlbth8mwPut2vxvG9qeN
190=eBaM8AJtWA/tmB/uKE/c5+/tB/8b517bxz/c99871w6q9l7bVo9sN1/dB+/tOA9sZ68L53
191=8sR68cF3+9B9kzWC/tMiiCV62c5+eHwAGtqC+9B++ch86Ldzz6ZpuoxVjlc20IJHl3dZ8b
192=lvzptX4LFo98l3/s19/s5/bDQBznv9zGxJCf7NffG/dPnGefbCdnUDzWxGBPzOef3Uffwk
193=0ijTfnTwAEnJePzLef3Ofvi8avnBbvzJePa3Y/a3ZPa5Z/vEdP7Ke/G5b/3Me+i7eIFpVW
194=9ZSbWUb5d5WsakbJyAXGNRRb6caLmPYOiiW96ZWMyYYOGzbe+8dfG/dvrMfP3ScPWRa31o
195=wKXy23BTCfvMffHAd/LBeffIfHHpz2QdBfvPffnNf+u1bNYD/tGA/tCAbknNfWRNC92D/c
196=5//c19/taC/tSAYAEAEtWA/tB/9MBy67Bl56tg+Md3+85+9MR56bhy6Ldx7Ldy98V4/qQI
197=cAuIKgAg14D+14Luu3HnuG7jq2SSYkO1dEjImVHzw3STc1bGn2jqw3L924b+25L+2ob+3o
198=3+z3+sUgAe9cJ49L126bZx4aday5BQypxe9cN0+s15+8l0+MBs+cFs+8h3/Mp6/c16/Mt3
199=/c97IiguAEPKePrGc/nAbfOxXfW0Yfm8afW+bfnEdeWrZvzLeu7AeJV5WGtXRI11XYBpUn
200=BbTMutd7KSXaGCW4pvVdKaU+COSq9uSM6PUOe3bO+8d+u2c/bGev7QgZfPdAAipCEi7C0N
201=g/7bg/3YgfPFePTCd/zOf3iCDs9//tWB+cp967Zv6K5j9sN1ZizOfmow14Ai5C8O24L+1H
202=/+3oS5m2nIqW/+3oMi6i7UgSK8KgrTgfXAcu2zaPfDc/3NvGgDf/3Pff3Ua4390X4ifSXR
203=IoQvAD360IDvxHPruWnMl1nej1K5ajyyglL5xm390ILOp22uiVjWpGH83FX13U/33En92n
204=X+1YP9yXr9ynvlsWzgrFzpt2TsvXXuvHLcol/hr2n7IoAqAAR7/Mt6/Mt5+sVz+sRy/daA
205=/NJ7+sZ0ItIoy3hwESLoMQA3ffrKePG7cPrNfN6wZdSiYPjEdv7OfvnLesqhanpgTnReTG
206=BNPZ2EXuG1cPC/fLiSZa+IWcOOVrh+S9CHTtOeYtqpZOGwbPrKe2rtzn5+8teAdiHVgG4B
207=1H98dwLWgf7SgIQpAAp+/Mx8+sl69cJ07bVp98N2/s+A/tGE/tKF/tSCnFNkXAz+3YL63Y
208=VwYE+Pelv+5YdgrKoz14F0eAjPffvLe/zRf/7UhGow2IF8iQAs1oD+0n/8zX30w3v5yX3v
209=u3fqunf0wG/JfkW4g1LmrGHrtmj+0n3+2X3+34/+3Hz71lPu3Cfm3xXt3iX82Gwi+CcAB9
210=B/77Vpz5ZX6L5y6rlx4q5v77x177xx9cl80XS9IsQ3YLIK/Mt6+8t6+8p7+8p7/XCYIkgs
211=YAEAQ9KA/dGA+819/dCA6rlz5rVu47Jp469m8cB0/Mx9wptjrYxZoX9Vr4he3rRl/dhj/t
212=hm9MxX7rps67Z10phc6qNe4aNd2KJhv5hi+Mt5/tOA+M57/tMjGiPNfiPJOX2UAGxGBP3S
213=f/zOfPpoyQR8+8p//tB+YHkI2oP74Gv64Wn92YJ4LgAI2oD+1oX91YD51IG2mWiOeFLEqW
214=Tw0Xz+4IUi8CkACNB+/dB//Ml4/M53/tuE/uOR/t2I+sV2+cd5IqAuAGvYgvnKe+m7c+y8
215=c/C5b7eKWNGQVMh1POCwa/bFfPO2a/e5Y/fYS/TdPe3eKOjiFubgFOneG+/XOPnLaf3Lff
216=7Qf+2xadWcW/C/c/nLe/nIefzMfP7Tgf7Qff7Qfv7agf7agv7VgP3VgP7TgP3PffzLe/fB
217=c+ywZfTAcv3Pfm1J0CL0N8xGC85+7rt3+sx93JxV15RSfUrRIqgsACTftE361lb82Vfw3S
218=zr1yrr4h3u3irvzUnYqlvnrGPpsGPNiU6AUDjnpV3Dk1zjp2LQn2TqvHIiviTYg2QLAc58
219=/tFsfwP91ID+2IZw0QAg14P73Gzz4jvv4jTr3zDn3xzo4hrt4i7u4TXw4jn532rsunTtu3
220=XxvXbltm7vzXr+3IJ9LNVsWwBX/M59/dF8+cRs/Mh5/tKB/uWM7b5z6r1v6bhsuZFbwIhR
221=25lV2ZxY6aBWxHdC0oZIw4FH88R4/sx8/ct597tq9Ng+5t8V5eAS494T7N4k681Zg2xU3a
222=5z/tF+/tB/wpZmsYRX8sBy/tGAhLl4ZG7Z039u3N2DItIi4YVmZdaAeI4M0H73xHbss2fp
223=r2TvuGz7I/I1/dB8RwBJ+Mx62bBrqIBV2YZHz4hM/dGB/M1x9NpA8OIk7uAm9NtI+cxo+8
224=Ny9shT7NMx8OYh8OQr6dBB6MFdzpVWqG082Z1auH5O55FPsHFK1Jpe1qBd3a5o99CB/tqK
225=/iLoMQF//tZ+IrwqABbgjP7OgfjaWO3nIeXhE+fiEObiEuDbE+LdEuTgEeffGvTfVv7Rf/
226=zNaRL+vobQfiKYMHDLBH/7xnT4wWp0WgBT0H3+1oH+45L+5ZH+4ILmuWlcRziDUTXUikjX
227=kkzwo1Kmaj3JklTntGr7ynz7wnT6w2741lTw4Crl4Bbn4hXn3R704S7XtWVaSkm2lWf0yn
228=jywGiVclLRnWb+1ID6zH37zn34y31p4c6SaNuCbCgF04DotXD5ynsicEYi3UB+bC4L0oH6
229=ynrvtmnlqV/4x3d0jQAUz33zynXdnFWfakXRgkXKmFz+zoP70Wvv3yrr3iHz2D/8znz+zo
230=NsBwAgz4P8xHb0wFPv1Tjr4SHw4Sn00VDwunXjsWvrt2bNlFarbkTum0/MjkrHmln53Iz+
231=5ZVsmgAm2oD+2oj91IP+34j+3Iv+14H33FDq4xzl4Bfs5xWqnTesny/q5Bnp4CH24Ffyw3
232=f+03/90X3+1YEivS3PIqQkYCgO0X/8y3v5u2j5vmz6yHL+14IiiijgjiLsLQAK3oPdsmmR
233=aEHAik/ptWvpsW3ZqGjms23yvXX8y3CeACT5vW/ztlnw2zfr4x3p4R/z01f82Gf703S7lG
234=GWckO9lVTsvW/mtGz5zH3+04D0xHnptnHxv3hwDgLVf/7agWxSIiAtAYL3ynp4tQLQf/7U
235=gCKYSw7RgP7TgvrMfO+8buSnXPbDdHDgYKkARoH6wHPkrGjVnFbaoV/+0IT60Gvy4C7v2T
236=f62HX914j+zn3+0Xz+2oH+0oD5uHH2wFvy4DDp3R/w3TP61Gfts3nXl23dqmL80XbfplfP
237=nVPz0IL+55f+4pAiME0C1X7+3YtgSQCN45D+4Iz+3Y381HHy3j3o4h3n4hbe0jnUxjPl4B
238=nq4iL24FezfUjjpl/krWXYrGz0xXb2w3j5ynz4yX34yXz+0oD6znn7xW36xXD4wG39ynr+
239=04L8x3X6yHL+1n3zv2zirGD6xnn5x3r5xnn4xHj+z33+zHv9zXz9ynv6wHL2yFby2Dz11E
240=b41VH6zHLbsXfAk1znuGvsu3Prt3T9zn79Ih0rfiK6K9mBIhYh2oEiOjbdg3h8JBoy3IN2
241=A9qCcBoO1ID5yXvqsmbqsmbvu2/8zX0iZSLPcsX+z2xbABLnum3em1XTiE33xoD+0m7y3T
242=bs3iXz2kn824r+1Yf+z37+1oQiHE8AGs199rNm9sdY7uAq8ese3b08rE59njl+rlR53Jx+
243=7L93+tiG/t+O/t6K/dKAIvQiAc97/s5u3/zTIwQ0AF/Sfv7Ph/vYZvLlK+nkGenlEevlGO
244=niIe/kKfjeX7+FRsmCRdyITLp/Uc2bXsSaYuy7cuu6cuq4c/TEd8+gXcqcWv7cgf3Tev3U
245=fv7aiv7UffnEb/zIdfrCbP7Kef7MfPnEdvvJev7MfPzJe/3JevzJeiJIMgAOzX79yH/8yH
246=38x3/9zH7ksmyGZlOscUvco13uu3P1xXmoISJOMdyDIkgmIlhVI2Im2YJqwNuCoB8iOC0M
247=z339z336yXrqsGTzvXD+IspRgP4iYUp9IoxCdBsAQH78z376zXjks2nIlFTWo2Xzv3n6yn
248=X61lr42kb421z834X92IL934P+3ZT+04j9zHn3zlH06Cnq0Ta4b2iVLn6JG32NIX2iQX3Y
249=l3790Hz9y3kiFkLejiMgQiKEWQCN/tyH/uSP9dKB7cR7+cx+88B77sFr89dR++BQ/ddx+d
250=Jw6r9l6rd07L5w7bZitn5MvXhGpmhCn2Y/9blh56lb3ZxY66RZr2xAk2pD5bRj/tqA/tiC
251=/tuL/tJ/+8Jx+cRv/cx6/cx6/tF+7rlv88F2/ct8/Mp7/ct6/ct8/Ml5+sNz+sNz/cl8/c
252=p8/st8/c16t4hWuI5V1J1Z+sl5/tB+IuY10X9oTrFQ3Yoq1oBqSNF/IoQ1JcQ6fOkG/tGA
253=879y7rZq3qfRfnTkZFaNgtkjwCYAN9SB/tWB675xzqJi2qJc57Jt/suE/cx5/NRe+NtL99
254=tL991G89xX/uJl8dhF6tA38+MszZdXlzCBjSF+jSB8kCl+xXd9/uKA/tYjCjPQgGYp3o54
255=pgBf4Y7+6ZbgvHaRbEGsfE7grWjDiFC5hVTstXDqunXuv3juuHTcpmryxHn+xnX+y3rqsm
256=fqs2a2gUi7dzz6tVjbmE/foVb3slfRdzvElVXXpl7rumb91H7+2YT+04D8zn30smD9yXn+
257=03/9y3z+zH3+y3t4KAAEyXr9yXr9zn380Xv9ynz4vGz2t2X+zCKAIQv+0YDtr2PZnFL0xX
258=b+0iOsKCNAOnxoItBJDX7+14H5zX3xwXr1xXrzxHsijzbQfv3MBCJAWwb3xHbwuW37y3xi
259=u9eAfqregyIUJ7qC0n8i+ULNIzBiAJLXg+66ZMaFQuCoZP7RgvnGgPG/b/zNb/vIdPjTXO
260=y/TrdobqBBfJ9EcpIngY0ifosefY0ffpInfbZge+3Eh/rSgvTLiv7div7Ne/zGePrFcP7f
261=jPTVhLCARXxcOZthPeiIQ6ZbNbR5QcmARuOhYNGWV+aoXsGFS7aGUPrEcvnBcfzBb/i3Y/
262=rCcOi+geGwc+OuaOOvaey4bPC4bfjEdPnGePXCcyKoLAvXhP7Ygv7civvKdf3IeSJGJ9SA
263=IiREABrUfv7Ufv7LfP3MfPzMeP3Nev3LefnAb/W0YfvFdfnBcPe+afK4ZPC7a/3Pf3XG04
264=7KzX11eM4iAEp0LQe5dOeyb+m3cvnLZwL90H8iXCEOzn392YT+1oP3xHXvvG7914Mi1UXY
265=IvA7CPXGe+2+d/TDeP7VI7Yy14Ei0EYiWGQAxX/6ynfjq1/mp1bzsFztsGHgrGb6wXL8x3
266=j+zID4wHninXK5YXiSJoCLHHyJHH6KHn6LHX2MHnyMHn6YMX2mRnzGeHz+4YX+4on+0X75
267=wmz8y3vqvnPWpV7QnVzGjVPqoFXTlVfXpmDfp1nqqlrtrWD9pEnBbDOvYzT+3Iv90n35w2
268=z3vmvswmXFtJ2vn4Txv3P3wnz2v33+zIX+zID+yoH+yn38yHj9yHz8yHr9yXr9zHz+zn3h
269=r2jVnVvqtGz5zHv+z378ynz+0n/+3Ib+1oP+3Yr+14b9bCsEevvKdPzRenj0AtKB/c+AIv
270=tU14L+IqRpaE5kTSKAVAeA+ct998h79sZ6IuBpABbQf/3SgP3Bdv10R/2HUv7FefTNeuum
271=X/2GUv50SP3Bd/3SgPbIevXGIqtQ/dJ9jNaW1d2DInQtAJLOf/7Ufv3Pd/i/avjAav7Idf
272=zHd/i9avzFdfzIcvnLeNKHdqJCfpIpfpAnfosdfYkce48lfpAnfYwhfJInfpw6e8N2gOi5
273=if3YgP7OfP3Le/7Sff7Tg/7ThfzJfui1eeq4duq0cfC8deGzZOe1YOy5ebmLYd2bUf7Zif
274=7WgP3KePzGbbWkgXFwclBPSol0WPjRaf7Ua/jTX/LePPThOfPeOvfXXiJcMAAIy3r8yXv9
275=ynr9zH3mtW3cqGXzvHH5xnj+y3xoAA7PfvvWif7ThvvKfPrJc/rDcyIWadyFIkY/2YIjgD
276=YDff3RgPzNIlAzD/zMfPnLevXEdvfFdvfHePvMfCJwLmWzgiKRNdGcKQABw3j+jFX+bUP5
277=b0LvVC78iVP+wyJ4KXZR4IV6fOGFIg4s0oEiWjHVgSJUawCq1IH+0H/4vGf7yXX7x3T80H
278=n8ynn9ynn0sl72tmL3uGLrrW7qrIHxtnzjpHvqsnvMgHzCcH3gon3ssHvipHvorn3ionvr
279=rXvnpnn8yXr9ynn90n343V7v3jrw4Dr03z7702P4xXr3wnz4x3nvuHPlu2XCs5mZkIPitn
280=D6wXH9zHv9y3v+ynbismq8pH29pHnft2303Efs4yPo4hjp5Q/FvR7o1Ef74ln62m/70nj+
281=zn39ynv9y3zzvnH1xHciFCcAC819+MZ66r91461p98hv+NBY+Mld/stz+bls+sJ3ImQiB9
282=GC/c2C/M1++8kiCGYABvnEdfO9b+60aOqwZeeuY+itY+SpYemuYyIMQQAAl8V2+sx79MR0
283=9sV3+cp7+s9++taC+cF1741S6Kdf9s98+Mx698h398h398p4+ct5+9B9/Mx79cN288Bz9s
284=R19sZ29sd3+ch69bxr+L1r+8d2+8d3+8h2+sVw+sVy+cFv/Mp4+Mt22rBi6Ltu9sR3/cx5
285=/tZ9/tB7/tN7/tB7/tJ7/tJ7/tJ6/s96/s56/s99/dV699hp+Ntc9uND7uIp5eES5+AZ8t
286=83+9pq/teE/ct5sZt8dXZ3W1hSi3ZT/M55+cNu+8R0/MZw/tF7/s55/tCA/t9P6eEc5N8T
287=5uEU6eQYppRHzLRR+eFY+tdy/NB5/cl8/Mp7/cp898Z4+sp69cJ32qZnzqJl7sNj6ctA8e
288=Ms6uMd6N8hw7BC8NNk9dNJ9dNY991W+dRj/c5//s6A/s9+8MV8i3NY3rV0/tSB/tKB/taA
289=/tWA/tB+9sBz8Ldr7bNo7bVp8r9y9MFz879y8btv57Bl57Rn77xv7rhr6bFl6rJm77pt8b
290=xu875x6bJp2qRj67Fl6a9l6rFm46de5Kde6rFm6LFm98Jy+8p4/c19/Mt5/dGA/tEjWDoA
291=BdOB/tOA4rVry59i1KNg1J1g+sZ7/tJ+ZEoCynv9ynufbnv9y5RvACzSfPvYdffaX/bfT/
292=jnObKiO6ygKunkE+bgGvPfRPvXeO28dNOmaM20hMSteuS2bf7ag/3Ld/3KdOm3aeeya2Bt
293=cEEAGmDv4DLs5Rrl4BLk3xTr4Srl3R3l3h3v3EX603D9yH39yXv9ynv9y3z+0YHyEQAAmw
294=OkAwAAfbduyoxU4bNt9NxD6+Ub5eEU5uEU5eAcoI9Ix7wp7OgY5OET5d8S6OAd8949+tJy
295=/teE2LN1WUtFsIti98p6/dB+/t6D/t+E/tuC/tqD/tiC/tJ//tGA/tCA/s5+/tB+/teB/t
296=WA/tmC/tSB/tB//tB+/tGA/tF//tB//tR/47p5qYxn/tyH/tiD/tKA/taB/dB9+sh5/Mx8
297=/c59/c9//c9//tSA/tyD/tuB/t2D/tuC/tF//tCA8r5147Js4LBp3aJd67lw/taA/tGA/c
298=l6/Mh7/tB9/tV//tWC+91l8t9B8N815+AZ5eAP18o3y7o65uAW5+AX6OEa8ttO/tWD/s9+
299=/sx2/tN3/s16+Lxq/Md5/ch04Kpg3Kdi/s19/cp8/cqB/c15+9te8OA36+Ic6OMW5uEW6u
300=If8dw7+s5r/s2A/sx7/Mh6/sx99cV167Vo1ZpW7rtv8ts/6eQY4t8P5eER5eIT7eUl5N8Y
301=5OAQ4uAO5OAP5eAW8eQt8s1s8cN96r13r49fpIhWz6to+9R+bRzdkincgmwBABTSf/3Nfv
302=3Off7Ygf7Xgf7cgv7fhP7YgvnKfv3Pf/7SgP3Pff3OfmwBAATTgOrAe5N3V7ibYenHdv7V
303=gf7Sf/7QiAAAAtN//s9+/c5+/tSA/tuC/tmB/t2EaCoA49yD/taB/tOA/c5+7rp198p31p
304=BM4Z1b88R43Ktn/ct8/Ml7/Mp7/cx7/tJ+/tl8+dti8eA67uQe5+EZ6OIW6uUV5d4Y6eEd
305=8+E5+NFl/Ml7+8Z0+sp0+8l3+sVz9rhj+8Nz/tF//s9+/sp3+MBs/Ml6/cp7/cl9/s6F/s
306=99+9Vi+9lq+9pm+dNp/cuA/suA7Lp07Ltz/tJ9/NB/zaBh269f/s5z/taE/Nhk9uE/9d9D
307=9uQ88d1B9eQ58t5A9eQ78+BD9+U/+d9Q9sls67t277p09L519sN3+cx7/taB/tuD/t+F/t
308=+E/uKH/t6E/uCF/tyD/t2EeB8ABuGF/uCF/tuE9cZ677156LRz8Lt19MJ3/mlUfnQADtKA
309=/tKA6r5147ly98l7/tSCdBgC04H+0390AwfQfv7TgP7Sf/7VlF0F2IL+2oL+4IZ4BAAF14
310=T+zXvWomDcuG/dlU7emVXzw3baqmV4ZAjRff3MfP3Ke/7Oe2AxAAXUhf7Ug/7bavrZZ/rY
311=Z/fXY/rZafvZZWgMDsyC/dR9/c16/tuI/uCP/tmCEQAA

[Map]
Theater=DESERT
Size=0,0,60,62
LocalSize=2,4,56,52

[Waypoints]
0=86043
1=44045
2=44085
3=83084
26=51052
27=48077
28=73073
29=76049
30=64021
31=105065
32=19064
33=64106
699=62063
700=62063

[IsoMapPack5]
1=zg4AIAk8AAEA//8AAAACADtMAAH//wAAWQA8TADJAT0oKAABOgADANUCOygpADwoKQA9KC
2=kAPigrADkABPkGOkkBIUQMTQo7SgHhAU8BAgA8KCkAPSgpAD5JASJcA00FP0gBZAFLATgA
3=BfEJOSgpADpJAd6xCTtIAYkMA18KBQDidwIDAD1UApMJAwA+SQEmdwkCAD9IAZcCAgBASA
4=FwAksMNwAG6Qw4KCkAOSgpADpIASe3AQYA36kMPFQChQgEVg0GAIgMdg0GAIkMA1QN1AJ0
5=DdcCAgBB+AYCAgA2AAfhDzcoKQA4KCkAOSgpADpIAScPAgcAJGQPZx4HACipAT1BBCepAT
6=5JASOpAT9JAdm9FUBIAZAUbxAHAON3AgIAQlQCaAVfIDUACPkRNigpADcoKQA4KCkAOSgp
7=ADpIAZgRZUoIuBFtPAjxFD1ABNkRPkkB12APdyMIAM2pAUBVAtWpAUFIAZkRA0cTCADmdw
8=ICAEP0AgICADQACfEUNSgpADYoKQA3KCkAOCgpADkoKQA6SAGIDH8VCQDgqQw89AJvRwkA
9=23QCdTkJ8RQ/QQTUtQJASAGILWcpCQDpdAJmKQkAmBx9FQmEDFEqREwFjAECAgAzAArpFz
10=QoKQA1KCkANigpADcoKQA4KCkAOSgpADpIAd0KO0gBwTA8SAHZET1IAYlDAkdgCgDccBR2
11=LgoAyRdAQATdFUFIAdEJQigpAEMoKQBEKCkARSgrADIAC+EaMygpADQoKQA1KCkANigpAD
12=coKQA4KCkAOSgpADpIAdkROygpADwoKQA9SAHFHj5IAcUeP0gBwRpASAHFCEEoKQBCKCkA
13=QygpAEQoKQBFKCkARigrADEADPkcMigpADMoKQA0KCkANSgpADYoKQA3KCkAOCgpADlJAY
14=x7MgIAOkkBiqkBO0gBhHZtaAyQGFlIPVQCjAF0OSdVAD9UAs0FQEgBwQRBKCkAQigpAEMo
15=KQBEKCkARSgpAEYoKQBHKCgAAjAADQBIYwsGADHIAQEBBgAySQFFtQIzyQEBbXMN4SU1VA
16=LJxzYoKQA3KCkAOEgB0R85SQGFsR86SAGdgwJX0w0A0LUCPFQCcA2dIA2EAUkBPlQCzQU/
17=SAGMiWetDQDPuQZBVQLRqQFCSAGcBmxzJwUBRChVAEUoKQBGKCkARygpAEgoKwAvAA67HA
18=YAMCgpADEoKQAyKCkAM0gBYiUEBkaXDgBoAQEFAgA1VAIndATTCQIAN1UCkL0VOEkBh6kB
19=OUkBiakBOkkB1qkBO0kB0qkBPEgBxR49KCkAPkgBySI/KCkAQCgpAEEoKQBCSAHFCENIAc
20=0mREgBzSZFKCkARigpAEdIAdVPSEgBzQVJKCsALgAP4SUvKCkAMCgpADEoKQAySAGFCAZd
21=pA9U5FABbCaoAVFLNUAEJ8wE3ApsJicpADgogQA5SAGEuGZrDwCYtmVKD1AKSABmaw8AxS
22=k9TAXBJT4oKQA/KCkAQCgpAEEoKQBCKCkAQ0gBxVVESAFBDABZU0UoKQBGKCkAR0kB2L02
23=SEgBzQVJKCkASigrAC0AEPknLigpAC8oKQAwKCkAMUgBkAltcxCFAQBlKRCFKQJkKakBA3
24=RP3AoiBCInKQA3RAjdKzgoKQA5KCkAOkgBgAtkKcgMZSkQKCUFELDlbJQnKQA/WAbdK0Ao
25=KQBBKCkAQigpAENIASckBSeJAUVUAsEPRkgBzX5HSAHdCkhIAdFWSUgBzQVKKCkASygrAC
26=wAEfEqLSgpAC4oKQAvKCkAMEgBkAltnxGEAVEqMihVADNJAVh8An8rEQBHqQE1VAJoAV2k
27=NkkBSbUCN8gBVQI4SQFGtQI5yAFBXDpJAY6pQztIAXwDWUg8SQHatQI9SAHFHj4oKQA/KC
28=kAQCgpAEEoKQBCKCkAQygpAERJAdO9CkUoKQBGSAHJDEcoKQBISAHZMklIAcUTSigpAEso
29=KQBMSQFWZAQCBgArABLpLSwoKQAtKCkALigpAC8oKQAwSAFgCEktMSgpADIoKQAzKCkANC
30=gpADUoKQA2KCkANygpADhJAUBjCwYAOcgBly4SAI29IDtUAsVgPEgBaAUBAAIAPUgByYU+
31=SAHVIz8oKQBAKCkAQSgpAEIoKQBDSAHZJ0RIAd0KRSgpAEZIAckMR0gByQxISAHFl0lIAd
32=kGSigpAEsoKQBMSQFVZwQGAE1IAWQBWycqABPhMCsoKQAsKCkALSgpAC5IAdkGLygpADAo
33=KQAxKCkAMigpADMoKQA0KCkANSgpADYoKQA3KCkAOEkBQFgNQZM5yAFBkzpJAZHsMcgXZY
34=wTRAVIAG0xE/GNPkwFwSU/KCkAQCgpAEEoKQBCKCkAQygpAERIASPVMQJY8ieJAUZUAt1t
35=R0gBwTBISAFEEH26SSgpAEooKQBLKCkATEgBbDFBfU1IAZsGBgBOKCsAKQAU+TIqKCkAKy
36=gpACwoKQAtSAHFCC4oKQAvKCkAMCgpADEoKQAyKCkAM0gBlPRtlBSMCUlDNVQCjwEGADYo
37=KQA3KCkAOEgByZs5SQFFcwUGADrIAUFnO0gBcQIAZDTcCmY0FADZJz5ABCeFBhTlw0AoVQ
38=BBKCkAQigpAENIASe0DCddAUVUAtUNRigpAEcoKQBIKCkASSgpAEooKQBLKCkATEkBUFQJ
39=hDTIDGQ0JykAT0AEXQMAQyUoABXxNSkoKQAqKCkAKygpACxIAdkGLSgpAC4oKQAvKCkAME
40=gBhNluyxUAgFFt9xWACEEPM0AEkIJ9NhUkTysGADVUAiOoJn42FQCX3gYAN1QCnwYGADgo
41=KQA5SAGAyn02FVBcAwAABAYAO1QCdTkFfDbUDXw2JykAPkAEyTg/SAEllSlASAHVOUEoKQ
42=BCSAHBBENIAdVlREgBmBFmaxUAjxACAEYoVQBHKCkASCgpAEkoKQBKSQFMSAhFNEtIAXA1
43=SYVMyQEDdJzcFX42FQDBXE9ABFQGfTZQKCsAJwAW6TgoKCkAKSgpACooKQArSAHFCCwoKQ
44=AtSAHRNS5IAdUuL0gBzQUwSAEjhD11ORaQAkk4MlQCjAEiJSYWpJd1ORawYXQ5JykANkwF
45=nCt1ORb5PThUAtUNOUgBkKN1ORYjWCdJDDtVAkFNDAF0OcAPdDknKQA+QARcA2WXPygpAE
46=BIAc08QUgB3TZCSAHNBUMoKQBESAElpTZFSAElpTZGSAHNBUcoKQBIKCkASUgBaDhdNkrI
47=AV02S0gBn0EGAExIAYQIdjkWAN0rTlQC3SBPSAHNXVBIAd0gUUgB2wYmABfhOycoKQAoKC
48=kAKSgpACpIAdkGKygpACxIASOjMAYALUgBi1kGAC4oKQAvSAHBDzBIAcUIMSgpADIoKQAz
49=SAEnxQ4XKIwHJykANkAEzRs3KCkAOEgBgJ4iXSIXhAxBOzpVAkFQAVknO8gBReQ8SAGAJW
50=08F7REIrUtF6CIIoRTxAgiJDwnKQBBWAZMCXFAQigpAENIASW9I0RJAY+l70VJAYKpAUZJ
51=AYapAUdIAcUISEkBa1QCAQECAEnIAVEUSkgBI/M6BgBLSAEjxDpsPMwQbTwX5WBOQATdIE
52=8oKQBQKCkAUUgB1S5SSAGADwIGACUAGPk9JigpACcoKQAoKCkAKUgB2QYqKCkAK0gByYUs
53=SAHBBC0oKQAuKCkAL0gBI6Q2IpU/GIgFWTIxVAKMAWy1J1UAM1QCJ+UHGCjkBycpADZABM
54=UeNygpADgoKQA5SAHFHjpJAURtDAZOtRgAaAFJLTxUAsV2PUgBgEZkP8wQZD8nKQBAQATV
55=REFIAZwKInxSJ4EAQ1QCJ+QH0CpvtRgAi0A7RfpGQASLOAIAR0gBeD0BBAIASMgBScdJyA
56=EBBgUASsoBBwVEP9AJZT8YJBBVZD8nHQROTAXdIE8oKQBQKCkAUSgpAFJIAYsXBgBTSAFk
57=IkMwJAAZ8UAlKCkAJigpACcoKQAoSAHZBilIAYsiBgAqSAHZiitIAdkRLEgB1Q0tSAHZBi
58=4oKQAvSAHJvDBIAcEEMSgpADJIAckMM0gB3Qo0KCkANSgpADYoKQA3KCkAOCgpADlIAYw8
59=db0ZkA1RHztVAkRQAVn4PMgBTTE9SAGEE3xBzAV9QRmsqmaBGQCImyK9WhkmOURCWAZMCX
60=GCQygpAERIAZx4fkEZANFARlQCzQVHSAF9QQh+QRkAagEJA0SBqgEKBFxBqQELfEEnsQZM
61=WAaECH1BGSSMKG33GfVlT0AEzSZQKCkAUSgpAFIoKQBTSAElxSRUSAHfCiMAGulDJCgpAC
62=UoKQAmKCkAJygpAChIAd02KUgBzRAqKCkAKygpACwoKQAtSAHBRi5IAc0QLygpADAoKQAx
63=SAHZzDJIAYwxIk0gGvEfNFQCwQ81KCkANigpADcoKQA4KCkAOSgpADpIAdkRO0kBQH8RBg
64=A8yAFBiD1IAXECAHREwCV2RBoAlJx1RBqcA0EEQSitAEIoKQBDKCkAREgBjCZ1RBrxz0ZU
65=AiMobnWGGly1XAl3RBoAHUUBAHREyAF1RBokIG10RNgRdIbMEHREJykATlwK2atPSAHBJV
66=AoKQBRKCkAUkgBIzgjdIYnXQFUVALBv1VIAXQRW2kiABvhRiMoKQAkKCkAJSgpACYoKQAn
67=SAHFCChIAZeyBgApSAHFEyooKQArKCkALCgpAC0oKQAuSAHVkS9IAck4MEgByQwxKCkAMi
68=gpADNIAcEPNEgBwQ81KCkANigpADcoKQA4KCkAOSgpADpIAdGNO0kBQEQPRfo8yQEDIq0h
69=GyYVLz5UAsnHP0gB3Y5ASAFUBm2JQSgpAEJIAZQuItVdG54DAAJB2hskNGpuRxsAwUZGTQ
70=UlaARsR9UCA0XOG7hIbUcbuEhtRxskbHFvRxsA6G/WBQBMRAgjw2sFAE1IAWwJTTxOSAHB
71=JU9IAclvUCgpAFFIAdEfUkgBjBttRxu3pwYAVFQC3StVSAHFNFZIAcsMIQAc+UgiKCkAIy
72=gpACQoKQAlKCkAJkgBxQgnKCkAKCgpAClIAckXKkgBzRArKCkALCgpAC0oKQAuKCkAL0gB
73=xB4FMAAcANMBAAARAACADwAgCAAGADEAHADRAQAASwEyABxcAEsABgAzKCkANEkB1qEENU
74=kBzakBNigpADcoKQA4KCkAOSgpADpJAdC5BjtJAT9EDFUNPMgBAQECAD1JAY1jBAIAPkoB
75=//9HBAIAPygpAEBJAdehBEFJAc+pAUJIAZ8KAgBDSAFQBgIAAAIARCgpAEVJAeCtBUZIAY
76=MEAwBHSAGXAgMASEkB3WMEBABJSQEkZwQEAEpJAee1AktJASi1AkxJAd93AgUATUkB2WsB
77=BgBOSAF8AwEABgBPKCkAUCgpAFFJAditBVJIAY8bBgBTSAHRKlRIAdEqVUkB1K0FVkgB3Q
78=pXKCgAASAAHQDFCCEoKQAiSAGXIwYAI0gBlyMGACRIAcE7JUgB0QkmKCkAJygpACgoKQAp
79=KCkAKkgB0RQrSAHRFCwoKQAtKCkALkgByRcvSQGMtRgwSQGKqQExSAHdIDJIAdkRMygpAD
80=RJAdqtBTVJAdKpATZIAcEPNygpADgoKQA5KCkAOkgBzRA7SAF8TAECBgA8yQEDf0wdAJF8
81=CnxMxCl+TB0AmycCAEBMBZcNAgBBKCkAQkgBJ50JHYQXnkwdAI9HAgBFQASPRwIARkgBgU
82=YCXUwdUDBYBX5MHQCVAgNfTB0A22wQf0wdANWpAUtZBt6pAUxIASeeCR0AzSZOVAJICXl0
83=TygpAFAoKQBRSAHZJ1JJAdNwCX5MHQCDGgYAVFQC1SNVSAHFNFZJAYatBVdIAYcTBgBYSA
84=HPRx8AHulOICgpACFIAY8mBgAiSAHJDCMoKQAkSAGPJgYAJUgByRcmKCkAJygpACgoKQAp
85=SAHNECpIAd0KKygpACwoKQAtSAHBGi5JAZC1GC9JAYmpATBIAdEJMUgBzQUySAHZETMoKQ
86=A0KCkANSgpADZIAdEqN0gBzVI4KCkAOUgB3Qo6SAHNcztJAWdNEAF2Tx4AaQECdU8enA5N
87=Rz5ABIwFdk8eAJBsdU8esDV0TycpAEJMBYQpdJwnBQFEVAKUCXRPJ1UARlQCwVFHSAGJTg
88=JVnB5cOVQFd08eACFFAQB3Tx4A4VAUSQFLTQUltQJMSAEn9AnEE3WcHqRVdJzXDQYAUEwF
89=dAZNn1EoKQBSKCkAU0kB3GgMdE8n2QBVVQKLtQJWSQGCqQFXSAHBUVhIAdleWUgBywweAB
90=/hUR8oKQAgSAHBUSFIAcFGIigpACMoKQAkKCkAJUgBwVwmSAHJDCcoKQAoKCkAKSgpACpI
91=AZM1BgArSAHVDSxIAYc0BgAtSAGDOwYALkgBn4MGAC9JAaJvDAYAMMkBAWfvHwCotQIyVA
92=JoAVUCM0gBcAJRKjQoKQA1SAHRCTZIAcEENygpADgoKQA5SAHNEDpIAXRPAQQFADvKAQUF
93=RaIfjVIGbFKpAQdloh/5oD9MBYwbbVIfKE4KHwCHYAIAQkAEmF5tUh+UEVVaRFQCjAFsUi
94=dVAEYoVQBHSAGUnG1SHyhMCsgBbVIfu1MFAEtNBeJrQwUATEgBmFNm7x8AxUpOVAKUDWxS
95=1A1sUicpAFEogQBSKCkAUygpAFQoKQBVSQGPdw0GAFZJAYKpAVdIAc2JWEgBJ0wKJ4kBWl
96=QCzxAdACD5Ux4oKQAfSAHZUyBIAZEqBkkcILAqdKcnKQAjKIEAJCgpACUoKQAmSAGfxQYA
97=J0gBwQ8oKCkAKUgBwZ4qSAHVDSsoKQAsKCkALUgB0QkuSQG4VgkCBkZVIABpAQNnVSAAol
98=QCSQExQAR4U0EEMsgBVQIzSAHVDTRIAdEJNUgBVAZh1TYoKQA3KCkAOCgpADlIASelCiCN
99=UghkVaoBCQREVagBAQoDAD1NBWdZMgtmVSAAlLJ1pyDtUkBABM1SQUgBjBBlVSCEAVlTQy
100=hVAEQoKQBFKCkARigpAEdJAWxVDQRmVSAAagEFAk/3IABtVAIBAAUASkAEaQEBZFUn5QdM
101=VAKbDQYATSgpAE5JAdJ4AmRVXBVIAUF9UNQCUSpRSQGmVAJNflLIAUEEU0gBzX5USAF8A0
102=EEVSgpAFZIASM7IwYAV0gBwQRYSAHNlFlIASU1KFpIAcGeW0gBzQUcSFHBMB0oKABoxNQC
103=eHHRCSBABMVKISgpACIoKQAjKCkAJCgpACVIAZsyBgAmSAHBDycoKQAoKCkAKSgpACpIAY
104=w8Za0h9WUsVALRCS1IAWVVBWWtIZFWBnxXqgEHBkatIQAlkS4xTQWVZw8GADLIAV0rM0kB
105=y7UCNMgBVQI1yAFZMjZJAdChBDfIAUEEOEgB2TI5SQEnYwQFADpJASOpATtIAYSEfFdw0l
106=gCfVchQCBIAX9XIQDjeEh8VycpAEBZBiJcA0VVQUgBZAFJAUIoKQBDKCkAREgBmIpmrSEA
107=gDsi7CmJ+wBZBkdABMUISEgBfVcJflchAHBWTRtKVALNPEsoKQBMSAHJek1IAZwKdv8hAH
108=1XA3xXqQEEZK2oAUEwUUwFfFddClLIAU0FU0kB2VAQTSZUSAHdClVIAcmFVkgBXANphVdI
109=AcEEWEgB3UxZKCkAWigpAFtIAcUTXEgBxwgbACL9rxwoKQAdKCkAHkgByQwfSAHJDCAoKQ
110=AhKCkAIigpACMoKQAkSAHd/CVIAcEPJigpACcoKQAoKCkAKSgpACooKQArSAHF2SxIAWlZ
111=CCL9ICKJWQl0WqkBCnVaIqjzdloiAM0QMVgGdFpVLjLIAVUuM0gBdFpJATTIAVE1NcgBUT
112=U2SAF0WlkGN8gBTQU4SAHJWTlIAclZOkgBlwIEADtIAZQCdVoiqFl0WmglRyEDAD5ABI9S
113=AwA/SAGPPAMAQEkB5q1dQUgBRQUAWVNCSAGMBSL+ICIAjJQi5T4ioH12WiIAgH10WpRieQ
114=ZHWQZLawgGAEjIAVFLSUkBUbUCSkgBZAFdpEtIAdl0TEgBzV1NSAHdmU5IAYAPdloiACXB
115=NFAoVQBRSAHdTFJIAWhZRSlTyAFFKVTIAQEGBgBVSAHBD1YoKQBXKCkAWEgBwQ9ZSAHVT1
116=ooKQBbKCkAXEgBwQ9dSAHfChoAI+FcGygpABwoKQAdKCkAHkgB2QYfSAHBqSBIASMAJyIF
117=IiOoLSIFIiOo6CL0QCcpACRMBYAwIvw2nD55dCZUAt0KJygpACgoKQApKCkAKkgBwTArSQ
118=G3XAZJTizIAUlOLUgBeV4NbV0j4VwvVALVIzAoKQAxSAHFNDJIAZBLIpRKJ2UCNFQCRAxx
119=FDVIAcF9NkgBzTw3SAHRKjhJAeZvUgUAOUgBkBRmuCMAlAJtXSMmjT48QASXDQQAPUgBgA
120=RtXSMkYD5uXSMAiGQirSwjSARUECL8NsQTIgUiIyaBN0NYA4wbbV0jvHhsXSetAEZABFwH
121=rl0jAGxdTSZIVAIluT5JSAElQUVKSAHd20tIAcFcTEgB0R9NSAGUDWS41A1sXScZCVBABM
122=lDUUgBzQVSSAHBJVNIAXheVZFUyAFVkVXJAQsirCzIFyIEIicpAFhABCesCyedCVpUAskM
123=WygpAFwoKQBdSAHBD15IAZ8gBgAZIQxFzRsaKCkAGygpABwoKQAdSAHZBh4oKQAfKCkAIC
124=gpACFIAd2vIkgB2QYjKCkAJCgpACUoKQAmKCkAJygpAChJAY5nSgYAKUgB0QkqSAF4XkmF
125=K8gBAQYGACzJAQd1vST5Xi5UAs1zLygpADBIAdVwMUgB3QoyKCkAMygpADQoKQA1KCkANk
126=gBzTw3SAHRCThJASZ0CWRgeNpMAWVgJLy6ZGDUAnW9JKBcdL14gkwFZWAkJCA2ZWAkoGdk
127=YCP0QX1XQUgMRAVpAUJIAZxBdb0kvI5lYCS8jmVgJCgMIycFAUdZBlRoCHW9JCTjTgYASV
128=QCcAJJvEpIAZ0KBkRlxwgGAExUAsFGTUgBwQROSAHd5k9IAcEEUEkBkr02UUgBzQVSSAHN
129=BVNIAdUNVEgBcWEOdr0kAGkBD2dgJADYRARd0FdABN0KWEgB0QlZSAHBO1pIAScEDNMfBg
130=BcKFUAXSgpAF5IAdFhX0gBRAxrmxgAJe3AGSgpABooKQAbKCkAHEgB2QYdKCkAHigpAB8o
131=KQAgKCkAISgpACJIAc2JI0gBwakkKCkAJUgB0RQmSAHVDSdIASUxTihIASUBPSlIAXBhAQ
132=gGACrIAVmKK8gBWYosSAHVDS1IAcVVLkgB3QovKCkAMCgpADEoKQAyKCkAM0gBzTE0KCkA
133=NSgpADZIAd0KNygpADgoKQA5SAHJZDpIASMPIgUAO0gBJ2wvIhBJTAh9YiWoZCJtLyUkpF
134=cibS8luGl8YiXAKGTDIyhDvWIlJh07Q1wKhB58YieBAEVUAoyUIhQkJ1UAR1QCfGJJTkhI
135=AUQQaUNJSAHZJ0pIAclOS0gByU5MSAHJOE1IAdUCTigpAE9IAcEEUCgpAFFIAc0FUigpAF
136=NIAZjiImRPxBN9YiWRYQR8YqgBTZ9XTAVoZE2fWEgBgxoGAFlIAcU0WkgB1QJbSAHVAlxI
137=Ac1oXUgBzRBeKCkAX0gB3RVgSAHBURdMLsUIGCgpABkoKQAaKCkAG0gB2SccKCkAHSgpAB
138=4oKQAfSAEjpyAGACBIAdgGJUw3YDAlTCxpASNABMgXZKrMMXRBjDwiJDyIS20FJ0wF0Qko
139=SQGxTAFBOynIAVX/KkgBYWcNIiQ8J9kALFQCSAVlCC0oKQAuKCkALygpADAoKQAxSAHVIz
140=IoKQAzKCkANCgpADUoKQA2KCkANygpADhIAc0QOUgB3Qo6SQFmbKp2ZSYAaQEBdMipAQJ0
141=ZakBA3RlJTxqdWUm7WhARAgjMCF0ZcQeIhwlJykAQ0AEgA90ZSdVAEUoVQBGSQFPZwQGAE
142=fIAVEqSEgBcAJJx0lIAd0VSigpAEtIAd02TEgByU5NKCkATigpAE8oKQBQKCkAUSgpAFJI
143=Adk9U0gBwQ9UKCkAVSgpAFZIAWhkRaJXyAFFoljJAQt1ZSYks2kGAFpUAskXW0gBzX5cSA
144=HdFV0oKQBeKCkAXygpAGBIAd3bYUgBxRMWWC/dChcoKQAYKCkAGSgpABpIAdkGGygpABwo
145=KQAdSAHFEx5IAc1zH0gB2QYgSAEl9SohSAHVAiJIAdgGIlQt2Ccl/CFsXdysaAHYRWkBJ1
146=gGYmcDBk6vJwBoAUmQKdQCSZAqSAHJDCsoKQAsSAHJei1IAcEELkgBzRAvSAHFjDBIAdUY
147=MUgBwSUyKCkAMygpADQoKQA1KCkANkkB2X9iBgA3SAHFCDgoKQA5KCkAOkgBYGcj3V4njG
148=gj3F6pAQYi3F6pAQdsaCUgKmxoJVQ2ZM4jUDJ5zEFQCYwbbGgnVAACQwAnAAARAABUDwAg
149=BgAAAAACAEQAJ1wASAAEAgBFACcATUQBAQAGAEZJAU9IAQECBgBHSgGOAU8BBgBISAFBAQ
150=BBBElJAde1AkpJAc+pAUtJAc2pAUwoKQBNKCkATkkB0qEET0gBzQVQKCkAUUkB0KEEUkgB
151=1Q1TKCkAVCgpAFUoKQBWSAHRFFdJAdhcBgEOBgBYyAEBDwYAWUkBslQCAQEGAFpJAd2pDF
152=tKAf//WwIGAFxJAda1Al1IAcUTXigpAF8oKQBgSAHRFGFIAVwHaSJiKCgAARUAKADdChYo
153=KQAXKCkAGCgpABlIAcUIGigpABsoKQAcKCkAHSgpAB5JAdq9FR9IAcEwIEgBxRMhSAHdCi
154=IoKQAjKCkAJCgpACUoKQAmSQGcfQYGWhkoAGgBTSYoVQKxVAIBBwYAKcgBAQgGACpJAdpU
155=AkEEK0gBRAF9ICwoKQAtKCkALkgBySIvSAHJLTBJAdS1GDFIAcEEMkkBjLUCM0kBiqkBNE
156=gByU41SAHFHjZIAdE1N0gB1QI4SQHRuQY5SAHdCjooKQA7SQFmQAQBCQYAPMgBAQoCAD1I
157=AZcYAgA+SAGXRAIAP0gB1QJAKCkAQSgpAEIoKQBDKCkARCgpAEVJAVVoCGRrJ2kIR1UCkU
158=wQWWlISQHbqQFJSAHBGkooKQBLKCkATCgpAE1IAdk9TkgB2RxPSAHdK1BIAdEJUSgpAFJI
159=AdUjU0gBYBNNEFQoKQBVKCkAVkgB0RRXSAGIImZrKAB5aQNka6kBBGRrqAEBBQYAW0wFwR
160=pcSAHNEF1IAdl/XigpAF9IAcEEYCgpAGFIAdU5YkgB3RVjSAHdFRRIUcUeFSgpABYoKQAX
161=KCkAGEgB2QYZKCkAGigpABsoKQAcKCkAHSgpAB4oKQAfSAHJbyBIAd1XIUgByQwiSAHBJS
162=NIAdUCJEgB3VclSAHBGiZIAXBsRa0nyAFRKihIAcUIKUgBcGxdKyrIAV0rK8gBAQYGACxI
163=AckMLSgpAC5IAcEwL0gB0RQwSAHNJjFIAdFsMkkBhbVPM0gBwQQ0SAHZSDVIAcU0NigpAD
164=coKQA4SAHBUTlIAcUIOkgBxRM7SQFYbAF/bSkARakBPVQCaQEBfW0pbAJp0j9UAo8BAgBA
165=KCkAQSgpAEIoKQBDKCkARCgpAEVIAXxtQZNGSQGSrRtHSAGcCmTZ1w0GAElUAtkcSkgB2R
166=xLKCkATCgpAE1IAdkcTkgB2RxPSAHdQVBIAcUIUSgpAFJIAdkGU0gBzRBUKCkAVSgpAFYo
167=KQBXSQG3UAVJQ1jIAUlDWUkBslQCSbFayAFJsVtIAXTeRR5cSQHcpR5dSAHNPF5IAcGpX0
168=gBxR5gSAHdFWEoKQBiKCkAY0gBxVVkSAFcDmm8E0i/fCtVhhRIAd0gFSgpABYoKQAXSAHZ
169=BhgoKQAZKCkAGkgB3WIbSAHVDRxIAdkGHSgpAB4oKQAfSAHNGyBIAc0bIUgB2QYiKCkAI0
170=gB0WEkSAHJkCVIAd1iJkkBl3wGdt4qAGgBRSkoVALNGylJAZKxKipIAWBySccryQEKdnAq
171=AHQCAQsGAC1UAmwJVSMuKCkALygpADBIAd0KMUkBi70KMkkBiakBM0gBwQQ0SAHRSzVIAc
172=kXNkgB3TY3KCkAOEgB3Uw5SAHFCDpIAdkROygpADwoKQA9SAF0cEWMPskBBXXeKpUGAHRw
173=JykAQUAEmwICAEJJAdl/FQIAQ0gB1QJEKCkARUkBVngCdd4qJkEkR1QCcAJVI0goKQBJSA
174=HNUkpIAc0bSygpAEwoKQBNSAHZHE5IAdFAT0gB0UBQSAHRCVFIAdEJUkgB2T1TSAHNEFRI
175=AZcYBgBVSAHVAlZIAWhvRa1XyAFFrVjIAUlvWUgB2QZaSAFob1knW8gBWQZcyAFZBl1IAc
176=noXkgBzV1fSAHFE2BIAcE7YUgB1QJiKCkAY0gBxR5kSAHRFGUoKwASACu/KwIAE0gBbHNd
177=VxRIAdFAFSgpABZIAc0QF0gBzewYKCkAGSgpABpIAdkRGygpABxIAdkGHUkB1XNABgAeSA
178=HNMR9IAcHKIEgB3RUhKCkAIigpACNJAbpnBAYAJMgBSRclyAFNnybIAU2fJ0gBbHNJAShI
179=ASXFLylIAc0xKkgBxR4rSAFhcg5tcyuNcw9vcysA21QNSQwuQAREAX2ZL0gB1XswSAHFCD
180=FIAd02MkgB1QIzSAHJ8zRIAdUCNSgpADZIAdVPN0gB2Sc4KCkAOUgB1Zw6SAHNEDsoKQA8
181=KCkAPUkBQWcEBgA+yQEBbXMrbQIAjHMnKQBBQASYAm5zKwCMEG5zKwCXDQIARCiBAEVJAV
182=NwBWxzxAgirDcnKQBIQAR8A1l0SUgByZBKSAHFVUtIAc0bTCgpAE1IAcVVTkgB2SdPSAHB
183=JVBIAdEJUUgBwXJSSAHVDVMoKQBUSAHF2VVIAWBySd1WyAFdr1fIAV2vWEgBybxZSAHFE1
184=pIAZAfIkYqKwB4dFkGXFQCaAFZBl3IAVm2XkgBxRNfSAHVGGBIAckXYUgBkyoGAGJIAckM
185=YygpAGRJAdOxYWVIAd1iZkgBzxsRACz5dBIoKQATSAHdpBRIAdUNFUgB2QYWSAHBDxdIAc
186=EPGCgpABkoKQAaKCkAGygpABxIAcEaHUkBkLEUHkkBh6kBH0gB0c8gSAHBDyEoKQAiKCkA
187=I0gBZHZBniTIAUGeJcgBQZ4myAFdpCdIAdUNKEgByQwpSAHBGipIAc2JK0gB0TUsSAF4dE
188=kMLcgBSQwuyAFJDC9IAdEUMEgBzSYxKCkAMigpADMoKQA0KCkANSgpADZIAdkRN0gB3Ss4
189=KCkAOUgB2Sc6SAHVDTtIAc0QPCgpAD1JAUFYAkWXPskBA2V2LEwCSAB06ScpAEFABEwCfX
190=hCSAGMEGZ2LACUDWR2J60ARUAEZHZFl0ZIAZgGZHbABCJMKycpAElABNEUSigpAEtIAYsM
191=BgBMSAHZHE0oKQBOSAHBME9IAcUIUCgpAFFIAcEPUkgBcEBdg1PIAUUTVMgBUR9VyAFNtV
192=ZIAXB3AQ0GAFdIAcUIWEgByQxZSAHFE1pIAcUTW0gB2RFcSAFkdlG5XcgBUbleSQHcVAlB
193=D19oAalZYEgB3QphSAHdCmJIAd0KY0gB3Y5kSAFACG3AZSgpAGYoKQBnKCsAEAAt8XcRKC
194=kAEigpABNIAWQ0SSIUSAHdChVIAcGTFkgBzRAXKCkAGCgpABkoKQAaKCkAGygpABxIAYtD
195=BgAdSAHJDB4oKQAfKCkAICgpACEoKQAiKCkAI0gBaDhNqiTIAVGjJcgBUaMmSAHB6ydIAd
196=EqKEgBJf0gKUgBwRoqKCkAKygpACxIAck4LUgBaHpJDC7IAUkML8gBXa8wSAHJDDEoKQAy
197=SAHVDTNIAdEJNEgBzQU1SAHBBDZIAdkRNygpADhIAc3WOUgBxT86SAHZJztIASXhIjxIAS
198=URKT1JAUJkBGbvLQBpAQF9eC1sAmV2QEAEjwECAEEoKQBCSAGUyH54LQCUDX94LQBrWFNF
199=CEVABGgBSWRGSAHJQ0dIAcnHSEgBycdJSAHZHEpIAc0FS0gBwRpMSAHFHk0oKQBOSAHVRE
200=9IAcUIUCgpAFFIAcE7UkgBcEBFrVPIAUWtVMgBRa1VyAFRuVZIAYQefngtAMUIWChVAFlI
201=AZAfIi5ILQDRFFtUAtEUXEgByThdSAFwd12DXsgBTRBfyAFNEGBIAckXYUgB3QpiSAHNG2
202=NIAdkRZEgB0UBlSAHBymZIAdUNZ0gBzQVoKCsADwAu6XoQKCkAEUgBjwUAABJIAYwQIl4t
203=LgB0e1GNFFQCgwQGABUoKQAWSAHRjRdIAcUeGCgpABkoKQAaKCkAGygpABwoKQAdSAHdQR
204=5IAd1BH0gBwQ8gKCkAISgpACJJAbxnBAYAI8gBXRUkSAFsPF2vJUgBwSUmSAHFKSdIAZsc
205=BgAoSAHVGClIAdUYKigpACsoKQAsKCkALUgB0RQuSAFgfU21L8gBTbUwSQHZRBNZETFIAd
206=UNMkgBwTszSAHVDTRIAck4NUgB1QI2KCkAN0gBh2sGADhIAVgKZbg5KCkAOigpADtIASUZ
207=KjxJAVJzBQYAPUkBPGsBAgA+SAEjJDF1ey5sArR7JykAQUAEmAIiXC0nVQBDVAJ9eAR1ey
208=6VewUiDGWoAQEGBQBGwAQBBwUAR0gBxYxISAHFjElIAd0gSigpAEsoKQBMSAHVI01IAdlp
209=TkgB0R9PSAHFCFAoKQBRSAEl2SxSSAFkP0m8U8gBXa9UyAFdr1VIAY8bBgBWKCkAV0kB2F
210=iVRdlYSAHBBFkoKQBaKCkAW0gB0RRcSAHRFF1IAclvXkgBYH1BiF/IAVkRYEkBqUALXUFh
211=SAHVGGJIAdVPY0gB0UBkSAHRQGUoKQBmKCkAZ0gBzQVoSAHBD2lIAUQMa0MOAC/hfQ8oKQ
212=AQKCkAESgpABJIAZgGb34vAFRvAQYAFPQCbX4vbAJ9ChZUAtEfF0gB0RQYKCkAGSgpABoo
213=KQAbKCkAHEgB1XAdSAGACyIsPSeJAR8oVQAgSAHRriFIASLYWEU0IsgBRSkjSAF4f02qJE
214=gB0QklSAHRFCZIAcU0J0gBzSYoSAHJFykoKQAqKCkAKygpACxIAd0VLUgByQwuKCkAL0gB
215=YH1RuTDIAVG5McgBQcoySAHZPTNIAdk9NEgBzRA1KCkANkgB1Q03SAElJTE4SQGEuVM5SA
216=HZaTpIAdkRO0kBOm8BBgA8yAFF7z1IAZRwb34vAIlnCAIAP1QCaAUjLD3ULmT6JykAQiiB
217=AENIAW1+CG1+L4x+AQkDAEXWAgoETH61Agtufi8A3Y5IQATRrklIAdlTSkgB3SBLKCkATC
218=gpAE1IAYOTBgBOSAHNBU8oKQBQKCkAUUkBuVgYAQIGAFLIAVFAU0gBeH9Bv1RIASX9IFVI
219=Ac0QVkgBVAZpWVdIAc0xWEgByUNZKCkAWkgBybxbSAHZBlwoKQBdSAHVhl5IASVBRV9JAa
220=lQBUUTYMgBRRNhSAHJImJIAcU/YygpAGQoKQBlKCkAZigpAGcoKQBoSAHVRGlIAVANYRpq
221=KCsADQAw+X8OKCkADygpABAoKQARSAGFCAJV/zCEAUlDE1QCZIFRbBRIAckXFUgBxSkWSA
222=GTBQYAF0gB3W0YSAHdbRlIAdkcGkgB1QIbSAHVAhxIAdUCHUgByS0eSAHdCh8oKQAgSAHJ
223=vCFIAWSBXSsiyAFdKyNIAdkGJCgoAAolADAAAAAAAAAGACYAEQAAIxAAIAEwAAAAQAAFBg
224=AnADAA2gGJAShJAc2pASlJAdKpASpIAdUCK0gB1QIsSQHQoQQtSgH//4UILigpAC9JAdmh
225=BDBoAVwDAQkGADHIAQEKBgAyyAEBCwYAM0gBzRA0SAHVDTVIAdUNNigpADdJAdG9CjhJAZ
226=GpATlIAUQMAgAABgA6SQFSbwEGADtJATpIAQECAgA8SQGQbwUCAD1JAYmpAT5IAVwDAgAA
227=AgA/KCkAQCgpAEEoKQBCSQEhcwUCAENJASWpAURJAR1rAQMAResBBABGSQEkdwIFAEdJAS
228=ipAUhIAdkcSUkB1G8QBgBKSAF8A0kXS0kB27UCTEkB1akBTUkBi6kBTkkBiqkBT0gB1S5Q
229=SQG5SAgBBQYAUcgBAQYGAFLIAQEHBgBTSQHduQZUSQGOqQFVSQHWqQFWSQHPqQFXSAHBMF
230=hIAcEwWUgB3RVaSAFQDWktWygpAFwoKQBdSAHZHF5IAdUYX0kB838GBgBgyAEBAQYAYUgB
231=zRBiSAHBD2MoKQBkKCkAZSgpAGYoKQBnKCkAaCgpAGlIAdVEakgBfA5dK2soKQAMSFGbJw
232=IADSgpAA4oKQAPKCkAEEgBhwgCABEoKQASKCkAE0kBVWcEBgAUSAHRHxVIAc0mFkgBfANN
233=EBcoKQAYKCkAGUkB3KEwGkgBzQUbSQHYtQIcSAHVAh0oKQAeSAHRbB9IAcEEICgpACFJAf
234=V7AgYAIsgBVS4jSAFwAlkRJEgBxQglSAHVAiYoKQAnKCkAKEgB0RQpSAHNBSpIAdUCK0gB
235=1QIsSAHVAi1IAYstBgAuSQHXoRovSAHVIzBIAdkGMUkB2U0BDn6DMQBpAQ9/gzEA31QCSR
236=c0QATdCjVIAVACYVE2KCkAN0gBwQQ4SAHBDzkoKQA6SQFnTBBRCTvIAZ2DMYwJRYE9VAKP
237=AQIAPigpAD8oKQBAKCkAQSgpAEJJAeBcCkUIQ0gBkyoDAERJAd50An6DMQCQgn6DMQCRgg
238=Rcg9cCBQBITQXpbwUFAElIAYEEBV6DMQDRd0tUAocTBgBMKCkATUgB2aBOSAHFHk9IAXCC
239=AQgGAFDJAQl+gzEAdAJdr1JUAt0KU0kBjGMPBgBUSQGFqQFVSAHNc1ZIAc1zV0gBwb9YSA
240=HZEVkoKQBaKCkAW0gB0Y1cSAHNBV0oKQBeKCkAX0gBfYMCfoMxAGkBA36DMQDNEGJABM0Q
241=YygpAGQoKQBlKCkAZigpAGcoKQBoKCkAaSgpAGpIAcmFa0gB0RRsKCkAC0jVkyoCAAwoKQ
242=ANKCkADigpAA9IAYcIAgAQKCkAESgpABIoKQATSAF0hkFRFEgBmwYGABUoKQAWKCkAFygp
243=ABgoKQAZKCkAGkgBxWsbSAHFNBxIAd0KHSgpAB5IAdmKH0gBwQQgKCkAIUgBdIZNMSLIAU
244=0xI0gByQwkSAHNMSVIAdknJkgB0QknKCkAKCgpACkoKQAqKCkAKygpACwoKQAtKCkALkgB
245=yXovSAHJDDAoKQAxSAHJWTJIAWmFBHWGMpSGWeI01AJZ4jVIAcUINigpADcoKQA4SAGbPQ
246=YAOUgBaIUBBAUAOsgBAQUFADvJAQYiViEyAGEEByJVITKYCll/PkAEjAEiVCEnVQBAKFUA
247=QSgpAEJIASfWEDIAmBx2hjIAlAJ1hjK4f3SG1AJ2hjIAI6Qgd4YyANVkdnWGMqSMd4YyAO
248=m1AktIDM2JTEgBhxMGAE1IAc0mTkkBwVgCWT1PyAFZPVBIAWmFDXaGMgCcmSJWITIA1SNT
249=QQSPaAx2hjIAI0slBgBVVALFdlZIAdVEVygpAFhIASWtIVlIAc1HWkgBI38mBgBbSAHRCV
250=xIAUATAgAABgBdKCkAXkgB2RFfSAFohVk9YMgBWT1hSAHNEGJIAc0QYygpAGQoKQBlKCkA
251=ZigpAGcoKQBoKCkAaSgpAGooKQBrSAHVGGxIAd0VbSgrAAoAM68mAgALKCkADCgpAA0oKQ
252=AOSAGHCAIADygpABAoKQARKCkAEigpABNIAYRNIgciMwA2aAhsiagBAQEGABZBBDW1AhfI
253=AVUCGEkBV7UCGUgBZAFJLRpIASUNIxtIASctETOcA0EEHVQCl08GAB5IAcEEH0gBhwQGAC
254=AoKQAhSAHNBSJJAdOhRiNIAdkyJCgpACUoKQAmSAHRKidIAd0KKEgB0VYpSAHVAiooKQAr
255=KCkALCgpAC0oKQAuKCkALygpADAoKQAxKCkAMkgB1Q0zSAF4igEJBgA0yAFJ6DXKAQsGRS
256=4z6WQ3VALJZDgoKQA5SQFnUR8IbYkzloYJBEyJqAEBCgMAPMEEC26JMwCErSIGIjMAnCBs
257=icMwAgBATAWTHwIAQUgBk2ECAEJIASODIQIAQ0gBj34CAERIAZQCbYkzJNshAwBG9AJtiT
258=OrhQQASFUC6VAUAQAEAElIAYcIBABKSAGLDAUAS0kB4GMEBQBMSAHVI01JAcFcEUlvTsgB
259=Ra1PyQEHIgUiM7iVbokzAMU/UkAExYFTKCkAVCgpAFVIAc0FVigpAFcoKQBYKCkAWSgpAF
260=pIAd0KWygpAFxIAYQpbInHKQYAXlQCzeFfSQHzVBhJF2BIAYAwIgQiJ70CYlQC2RFjKCkA
261=ZCgpAGUoKQBmKCkAZygpAGgoKQBpKCkAaigpAGtIASXJNWxIAZ+6BgBtSAFAE3mgbigpAA
262=lIUZ9MAgAKKCkACygpAAwoKQANSAGHCAIADigpAA8oKQAQKCkAEUgBmz0CABJIAdkGE0gB
263=ZIwBAQIAFEgBZIwBAgIAFcoBAwJGjDQAZIxVAhdUAmgBVQIYSQFUawgGABlIAZ8KBgAaSA
264=FwAgEABgAbSAHBMBxIAdUCHSgpAB5IAZviBgAfSAHBBCBJASdvAQUAIUgBk1YFACJIAZNW
265=BQAjSAHRmCRIAd02JUgB3SsmSAHFlydIAWwJWREoKCkAKUgB0UAqSAHNRytIAcHVLEgBJT
266=U+LUgBxQguKCkALygpADAoKQAxSAGcNiKNMzSUBkEPM1QCjAFljDQj4iIOBkAqqQEPZYw0
267=JHsgBgA3TAXRHzhIAdEfOUkBI2gIZYw0UCVMAWSMyAFnjDQA5HB3ZYw0JFwtZow0ACMgNm
268=SM2BFkjCcpAEFcCpTpZYw09ZFDVAKYimWMNLuKAgBFVQLfaAxljDSsfmeMNADTdAJkjMQI
269=Z4w0AOC1AkpYBpBAZIzUAmaMNAB5iggitCKoAQEJBgBOTAV0Al2vT0gBxUpQSAHRKlFIAZ
270=wVIrUiNPGNU1QC0UBUKCkAVSgpAFZIAclDV0gBzQVYKCkAWSgpAFooKQBbKCkAXEgBxUpd
271=SAFaLwAAZYw0JoFNX1QCnCAijjM0ANUNYVQCyQFiKCkAY0gBzRBkKCkAZSgpAGYoKQBnKC
272=kAaCgpAGkoKQBqSAHFE2tIASWtN2xJAYZgMGSM2z0GAG5VAj9vFwYAb8gBTX4ISFGfKwIA
273=CSgpAAooKQALKCkADEgBJaVMDUkB42gMfo41AMkBDyhVABBJASJ0DSJtRTWgJX2ONSRPKw
274=IAE0AEfQMAfI5wilABfo41AJRwfo41AJcYAgAXKK0AGEgBfY4BfI7cCn6ONQDFwxtABMki
275=HEgBjxsGAB0oKQAeKCkAH0gB3W0gSAHRbCFIAVIRAAB9jjUm4S0jVALJkCRIAcWXJUgByQ
276=wmSAHBkydIAcm8KEgBkwkGAClIAd1XKkgB0UArSAHNBSxIAc0FLSgpAC4oKQAvSAHdYjBI
277=AcEPMSgpADIoKQAzSAHQCXy3wZ41VALBnjZIAdEfN0gB0R84SAGbBgUAOUgBgwQEADpIAY
278=AEfY41qJB9jjUo3RE1sJh+jjUAmwYBAD9ZBul3RAEAQEgBmycBAEFIAYAlfY41tGUiZSM1
279=6ZBEQAQjbUUCXI7AMH2ONSQ7IwMAR0AEkwkDAEhIAYSMf441AOB0DSJkI9gRfI7ECH2ONb
280=+ZBQBNWQbBXRwNfY41v5kGAE9UAs1HUEgBXgMAACJkIyedCVJUAsl6U0gByThUKCkAVUgB
281=xQhWSAHFNFdIAcU/WEgBxQhZSAHFCFooKQBbSAHBBFxIAYS4ImQjyGR8jicpAF9ABNEUYE
282=gBly4FAGFIAZcuBQBiSAGDJQUAY0gBly4GAGRIAckMZSgpAGZIAdkRZygpAGgoKQBpKCkA
283=akgBxRNrSAEltThsSAElgTdtSAHFE25IAX2OAn2ONUxCAwAAAwIAcFQCgwQCAAchkC2DJQ
284=IACCgpAAkoKQAKKCkAC0gByZAMSAElsV4NSAEjLzIDAA5IAYuxAwAPSAGHawMAEEkBJngN
285=dZE2+ZUSVALNlBNIAXwDlZE2hAFJARUoVQAWSAEjsF51kTbhkxhUAiN8UXeRNgCSdE91kT
286=agniIWJDYAwSUcTAWYHHeRNgBkTAUBAQUAHlQCagECBVZqNgCTbAUAIFQClzkEACFIAZc5
287=BAAiSAGVOQRdBDbhkyRVAmVQCVmVJcgBXQomSAHVDSdIAYUaBlRfzBt2kTYAzVIqQATRFC
288=tIAc0FLCgpAC1IAcGILkgBxa0vSAHNXTBIAdUNMUgBzZQySAHUAiS8OkQLIhQkJ3UENUAE
289=wQ82SQHmtRg3SAGHCAUAOEgB3SA5SAGUI3SR1Bh3kTYA5XgGdpE2AM08PUwFwTs+SAEjbC
290=R1kTYkxEV0kdgndZE2u4oBAEJMBZ8rAQBDSAGYiiIXJDYA4GgMdZE2q4UDAEZABICpdJHA
291=BHWRNrigdJHIDHeRNgDoZwgEAEtYBosMBABMSAEjoCV2kTYAyThOVAJoAUk4T0gB2cxQSA
292=FSJwAAdJHQHyIUJCcpAFNABNV7VEgB3XhVSAHdK1ZIAc0xV0gB3QpYSAHVAllIAd1BWkgB
293=wTtbSAHBD1woKQBdKCkAXkgByUNfSAGIIiIWJDYA1TlhVAKECHSRyCJ0kckiBVSRJykAZU
294=wFlyMFAGZIAcEaZ0gB2ZVoKCkAaUgBzRtqSAGLDAYAaygpAGwoKQBtSAEivHBZJ27IAQEB
295=AgBvSAGYBnSRxykCAHEoVAAiQC6UI22UNyaqRwgAJykACSgpAApIAcGTC0gBwZMMSAGXAg
296=MADUgBI5gkbZQ3qJBslCcpABBABJNWAwARSAEjCz4DABJIAYQpIsUkN5gVQZMUVAKMASLE
297=JCdVABZUAoixbZQ3JONOAgAYVAJslAECAgAZyQEDbJR4bEwIbJSoAQEBBgAcQAR0kUEEHc
298=kBBG2UN5qVBQRNlDdQk1kGBFkAN1iQiQEhTAWEdm2UN6CTbJQnrQAkQAR0WgEDBAAlyAFd
299=CibJAQUitHoi7DNQCWyU3CttlDe7aQYAKkwFjzEGACtIAUQFcWEsKCkALUgB3VcuSAHFYC
300=9IAc1HMEgBxZcxSAHBBDJIAdFWM0gByQw0KCkANUgBiZAFQEPFHgVMAsQTbZQ3r10EADlc
301=At0gOkgBmwYDADtIAYSXbJTTNQMAPVUC5XCCIsUkN6SXbZQ3WLxUG22UNySwSG2UNyRsJG
302=+UNwDgeAZslMwQCQIARAA3ACQAAAAAAhEAAHgQACAKAEUANwAoAAAAAAIARkgBBdgBAAAA
303=AwBHSQEkRAFJAUhJAei1AklJAeepAUpJASihBEtIAY8FBABMSQEgdwIEAE1JAWVMBQEDBA
304=BOyAEBBAUAT8gBAQUGAFBJAVdvBQYAUUgBZAEBAAYAUigpAFMoKQBUSQHcUAlBBFVIAc0F
305=VigpAFdKAf//XwIGAFhJAdutBVlJAc2pAVpJAdSpAVtIAUUFAFEJXEkB17UCXUkBz6kBXk
306=kB0qkBX0gB2QZgSQHldwIFAGFJASdrCAQAYkgBiyIEAGMoKQBkSAGXIwQAZUkB37kGZkgB
307=0RRnKCkAaEkBjGMEBgBpSQGKqQFqSQFSawwGAGtJATWpAWzIAQEBBgBtSQE6VAIBAgIAbk
308=gBRAFpOG8oKQBwKCkAcSgpAHIoKAABBQA4AJkRAkQhJykAByhVAAgoKQAJSAHJDApJAd5z
309=FAIAC0kBIXsCAwAMSQElqQENSAGTKgQADkgBkyoEAA9JAdF7BgQAEEkBJq0FEUkBIqkBEk
310=gBlwICABNIAZcCAgAUSAF8A1lTFSgpABZIAYsMAgAXSAGfCgIAGEgBzQUZSQExTAEBBQIA
311=GkkBNkgBQSUbyAEBAwIAHEkBZFgRAQYCAB3IAQEHAgAeyAEBCAMAH0gBi1kDACBIAZc5Aw
312=AhSAGDUQQAIkgBk0ADACNIAc0FJEkBZX8KAwAlyAFdCibIAQEIAgAnSQE0uREoyAEBAwYA
313=KUgB0WEqSQGORAhRMitIAUgFZVUsKCkALUkB2qEELkgB2VMvSAHNBTBIAcEEMUgByVkySA
314=HNBTNIAXAfAQEFADTIAQECBQA1SQEjawgFADZIAY0bBFtFOADpdQ0ETQI4SB1HBAQAOVAB
315=3SA6SQHmYwQDADtJAdmpATxIAYcIAgA9SAGfCgIAPkgBXAdlVT9IAZsGAQBASQHWewYBAE
316=FJAdCpAUJIAZuKAQBDSAGDMAEAREgBxQhFSQHgbAVmlzgAmBFllzhMLEsEAgBIQASbBgIA
317=SUkB3W8FAwBKSAGfCgMAS0gBkXcDRZc4XDxZBgNGlzgAyThOQARoAUk4T8gBSThQSAFxSw
318=BllzhMBkgAZJcnKQBTQQSQdw0GAFRJAYipAVVJAYSpAVZJAYapAVdIAVwHbTxYKCkAWUgB
319=gxoGAFpIAcEEWygpAFxIAc08XUgBwTteSAHBO1/IAUE7YEgBgDBnlzgA5GAPZpc4AIxoZp
320=c4AI9oBABkTAWUe2aXOACDJQUAZlQCfCABAAUAZ8gBTUdoSQGRcAlllzhMQlsUBgBqVQI5
321=RgEBAkWXOFZKAABJb2xUAnCYSW9tSAFcA1gCRJfPJgIAbyhVAHAoKQBxKCkAcigpAHMoKA
322=BoUdGYBUQQyQEGKCkABygpAAhIAcEPCSgpAApIAYQefpk5AIy1fZk59SMNQASMaH6ZOQCA
323=ynyZJykAEEEE1X8gBAARSAGXWgMAEkgByU4TSAGUAn6ZOQCX0wIAFVUC03sGAgAWSAGcCn
324=yZ3Ap+mTkAl6cCABlABMkBGkgBlw0CABtIAcEaHCgpAB1IAXFACn6ZOQBqAQsCXpk5ANFh
325=IEAEgDt+mTkA0fsiVAKURH2ZOe1oJFQCZj8JAl2ZOZxiXQomVALBDycoKQAoSAFqmwUCXp
326=k5AMlkKlUCj3scBgArSAHd2yxIAYcIBgAtSAHJ3S5IAWy1RWsvyAFJ3TBJATdxBQZNCjlG
327=kgAAVQIyVAJsG1WnM8oBBAVcmaYeBQRGTzkAlbIEXZk55Zc3TAWAMH2ZOfleOVQCm5UDAD
328=pIAd0gO0gBJUEkPEgByTg9SAF0EUnSPkgBmwYBAD9IAZgGfpk5ACc8E9c5AQBCQASQbH+Z
329=OQDgaCJ8mWxlWwkCAEVABJgyfZk5s64CAEdUApwKfZk5oHJ8mSeBAEpABME7S0gByU5MSA
330=GFEwJcmbw2SThOVQJlQA9JOE9IAY+1AgBQSAFwNVl0UcgBUSpSSAHNMVPIAVUuVEkBM1gV
331=AQAGAFVIAcE7VkkBh1wKVQJXSAHNPFhIAWgFVQJZKCkAWkgB2T1bSAHJDFzIAUkMXUgBwT
332=teyAFBO1/IAUE7YEgBwTthSAGUI3yZ1C5+mTkAlMh8mcwmfJknPQhmWAZ+IAMEXJm0I0kM
333=aNUCBXyZZEJJlAJemTkAI3wmf5k5AIR7HAIAbEwFn7oCAG1IAYQeIiQmJzUHb1QCkx8CAH
334=AoKQBxSAEjxyQCAHJJAeOxCXNIASW9I3RIAdgGaFHdmQRUUskBBSgpAAYoKQAHSAHZBggo
335=KQAJKCkACkgBJ5UTOiiVEzq/5gQADUAEhAh2nDoAjMt2nDoAj8sEABBABIVKA1WcOrhpdZ
336=w66YUTQASMMXScImgqWAl0nCcpABZABJwKdZw6oKl0nCcpABlABJw2ItUmOiZxKhtUAtEf
337=HEgBVApeMgAdSAGY13acOgDFoh9UAs1oIEgBl0QCACFIAclkIkgByWQjSAHJeiRIAd0KJU
338=gB1Q0mKCkAJygpAChIAc0FKUgBwWcqyQEDdZw6TI9LBAYALFQCdN5VWi1JAT1QAlWGLkgB
339=eF5dbS/IAVniMEkBN0AEVQIxyAFVAjJIAXBhAQYCADPKAQcCVZw6nroIA0UNOrWcA1ScJy
340=kAN0wFhR4DSOUnjQc5VAKEHmlLOr/bAwA7VAKPPAMAPEkB5a1SPUgBmz0BAD5IAYA7dJzY
341=BnSc3DYi1CYnKQBCTAWIOHWcOriVdZw6vZkBVZw6v9ABAEZMBUAedTlHKCkASCgpAEkoKQ
342=BKSAHBO0tIASNHKgIATEgBhBN0nMcTAgBOVALR5U9IAZgRdJwnIQpRVAJ8NgEFAgBSSAHN
343=MVPIAVUuVEgBdJxNMVXIAUE7VkgBdDldmVfIAUE7WEgBfDZVAlnIAVUCWkkBPnMbAgBbSA
344=HJDFzIAUkMXUgBwTteyAFBO1/IAUE7YEgBn1cDAGFIAdU5YkgBjGh0nCdtDmRUApM1AwBl
345=SAHZBmZJAWVWOQYDVpw6AGgBSQxo1AIBCAIAaUgBI5wqdpw6AIS4d5w6AIlYBkVVbEAE0W
346=xtSAGY13ScJyUFb1QCdBxNBXAoKQBxSQHgpQhySAGDBAMAc0gBJYE3dEkB46EEdUgBgQQC
347=TQg77H50UtVwBEBUyQEFKCkABkgB2QYHKCkACCgpAAkoKQAKSAEn7RM7rFIihSc7rVIDTZ
348=87r1IDAA5MBcUpD0gBnUwDTZ874Z4RVAKAD26fOwCYaSLFOju4aW2fOyRUIWyfJ0EDFvgG
349=bZ87JHggbZ87+aAZQATFVRpIAcUeGygpABxIASPgIiLFOju8222fO7+vAQAfQAQjNTMBQI
350=LBGgFMn8ceAgAiQAQjsScCUBnBGgJYISeRAiVABMEPJigpACdIAc3WKEgB3TYpSAHN1ipI
351=AdlpK0gBaGRBZyzIAU1dLUgB3UwuSAHJ6C9IAcnoMCgpADFIASNrNAIAMkgBiC1tnzuBng
352=psn6oBCwJOnzsAhR4CTJ/HHgIAN1gGiIVsnyeNBzlUAoiFbZ87tN50TNknAkyfJ0kEPUwF
353=I5Q0bJ/AO2yf0DVsnycpAEFMBSPoLiKEJydVAENUAoiQbJ/cQWyfzDFsn98VAQBHTAXZHE
354=hIAd1tSUgBhwgCAEpIAclvS0gBzQVMKCkATUgBI8ApbJ/PEAIAT1QCxUpQSAHZBlEoKQBS
355=SAHZMlNIAc0xVEgBJTkjVUgBeKABBQIAVkgBwTtXyAFBO1hIAWyfWT1ZyAFVAlpIAd0KW0
356=gB0QlcSAHNEF0oKQBeSAF4oEE7X8gBQTtgSAGBngJMn88mAwBiVALBcmMoKQBkSAHBO2VI
357=AZN3AgBmSQFlRowJAk2fO4yfSQxoVALNEGlIAcktakgB3StrSAHBBGxIAdEqbUgBjDxsn9
358=Q5IsU6O4gFXZZwQASPAQIAcUgBlE8ihCfNPAJMn88FAwB0QASPBQMAdUgBxaJ2SAGXAgIA
359=AUhR1HB0UsgBcPPJAQQogQAFSAHZBgYoKQAHKCkACCgpAAkoKQAKSAHBtAtIAZiKZaI8JB
360=wlZaI8QINEC2WiPFiFiQEPTAVAASKBWBAoKQARSAHVLhJIAYwxZaI89ZwUVALBURVIAdUY
361=FkgBkAllojwkwCllojwoRRQ8JOwpIjUoPIgFSS0bWAYl3TIcSAGYAmWiPKh6ZaI8tLJkot
362=gGZaI8Jsk1ISjZACJIAYkXAUkcPK2JAUEfPLvBAQAlQATVRCZIAdVEJ0gB2ScoSAGbEQMA
363=KUgB2cEqSAHFEysoKQAsSAGLLQIALUgB0QkuSQGRRFVNGy9IAdUjMCgpADFIAcEEMkgB3Q
364=ozKCkANEgB0RQ1SAHdCjZIAcFRN0gB2Wk4SAGHCAMAOUgBkR8CSfA8reECWFDYPWxP2Cci
365=DE8nUQU+WAacYmSi0DVkoicpAEFABJRlZKInVQBDKFUAREgBI0BFZKLITmSiJ4UGR0AEkB
366=QizDsnGQlJVAKcCmWiPOHgS1QCzQVMSAHdIE1IAc0FTkgBlA1kotgRIjQoww8CAFFABMUI
367=UigpAFMoKQBUKCkAVSgpAFYoKQBXKCkAWCgpAFkoKQBaKCkAWygpAFwoKQBdKCkAXigpAF
368=8oKQBgSAHJTmFIAZhIZqI8ACMLSQMAY1QCyQFkSAEjPDQiNig8AMWMZlQCwfZnSAHBJWhI
369=AdnMaUgBzSZqKCkAa0gBwQRsSAHBBG0oKQBuKCkAb0gBzQVwSAHBUXFIAd0rckgBJSUmc0
370=gBI1QhZqI8ACNUIWaiPACTFAMAdkAEk/ACAHdIAcQIaFHLZAMAPSa5KARIAcEEBSgpAAYo
371=KQAHKCkACCgpAAkoKQAKSAHVZQtIAZvMAgAMSAHBZw1IASXhOA5IAcFnD0gBzQUQSAHNBR
372=FIAckXEkgByS0TSAHZJxQoKQAVSAHNJhZIAZw2ZKIjrDgiaTQYVAIjEEoiFFAnVQAaVALF
373=HhtIASOsWCJUYyeBAB1UApMUAQAeSAGUsmSiwARloj1EnUwIIo0oPSQVUAFRLz1IoZUCI1
374=gGQQEAQdIkSAGUT2WiPf26JlQCI+A4IlVjPbmrAkanPQCcFWWiPfVPKkwFjzwCACsoKQAs
375=SAGYPWWiPeW4LlQCgw8CAC9IAdk9MCgpADFIAcEEMigpADNIAZxiIo0oPfXINVQC1S42SA
376=HNUjdIAdk9OEgBJVUsOUgBgCVloj0mnVY7VALZMjxIAdEqPUgBjAUijCjIImSiwA9koicp
377=AEFMBYwQZKInVQBDVAKYJyKOKD0AkGFloj2wYWaiPQAjTG0ijCjcNmSi1A0iFlA9AMmbSv
378=MJAgBLSAHVI0xIASO3OAIATUgBlA0ijCgnMQFPVALNR1BIAdkGUSgpAFIoKQBTKCkAVCgp
379=AFUoKQBWKCkAVygpAFgoKQBZKCkAWigpAFsoKQBcKCkAXUgBwWdeSAHJZF9IAc0xYEgByT
380=hhSAHJb2JIAYU0AkWiPfHaZFQCwQRlSAHdeGZIAcH2Z0gBwSVoSAGQNSJ8PNA1Inw8JykA
381=ayiBAGwoKQBtKCkAbigpAG8oKQBwKCkAcUgB1RhySAEnRRQ9Jl1OdFQCjzEEAHVIASNIRm
382=WiPSTwZmSiJwkHeEAEjwUCAAMhqEbJAQQoKQAFKCkABigoAAQHAD4A1wEAEQAAgg8AIAgA
383=AAIACAA+AM8BAGgBAgkAPgDRqQEKSAFMAnUCC0kB3bUCDEkBJHsCAgANSQHptQIOSQEjtQ
384=IPSAFkAV0KEEgBzQURSAHBBBJJAda5BhNJAc2pARQoKQAVSQHQtQIWSAHRCRcoKQAYSQHa
385=oQQZSQHTqQEaSQHVqQEbSAHZBhxJASdvAQEAHUgBjxABAB5IAZcCAAAfSAGXGAAAIEkB52
386=cIAAAhKCkAIigpACNJAShzCQAAJEkB328FAQAlSQHcawECACZIAZ8DAgAnSQHgtQIoSAGf
387=FQMAKUgBiy0DACpIAYstAwArSAGbBgMALEkB5rkGLUgBlwICAC4oKQAvKCkAMEkB2a0FMU
388=gBzQUyKCkAMygpADRIAdUuNUgB1S42SQHUpQg3SAGLIgEAOEgBnyABADlIAYceAQA6SAHB
389=BDtIAY8mAQA8SAHRKj1JAddxCQFCAT4AiwwBAD9QAckBQCgpAEEoKQBCSAGbPQEAQ0kBIX
390=sYAQBESQElqQFFSAFkAUVKRigpAEcoKQBISAHBMElIAc0FSigpAEsoKQBMKCkATSgpAE4o
391=KQBPKCkAUCgpAFEoKQBSKCkAUygpAFRIAYsXAgBVSQHjfyACAFYoKQBXKCkAWEkBIncUAg
392=BZSAFkAU0bWigpAFsoKQBcKCkAXUgByTheSAGPJgIAX0gBxQhgKCkAYUgByW9iSAGHNAIA
393=Y0gBzQVkSAHBBGVIAZc5AgBmSAHNBWdIAc0FaEgBwQ9pSAGXOQIAaigpAGsoKQBsKCkAbS
394=gpAG4oKQBvKCkAcEgB1RhxSAHVDXJJAd65J3NIAZMUAwB0SAGTFAMAdUgBkxQDAHZJAeSt
395=BXdIAcUIeCgpAHkoKQAESFHBBAUoKQAGKCkAB0gBmHRloj+/VwIACVQC0RQKSAHFCAsoKQ
396=AMKCkADUgBh2ACAA5IAYN9AgAPKCkAECgpABEoKQASSAHRKhMoKQAUKCkAFSgpABZIAd0K
397=F0gBwZ4YSAHFExkoKQAaKCkAGygpABxIAYSMZaI/lQYAZqI/AJQCZqI/AJQYZqI/AJirZK
398=InKQAiRAiHlwAAI0gBkDVloj9UolwJZqI/AJE1AUaiPwDBiCdMBZU5AkQC1QICRqI/AJQu
399=ZqI/AJSRZaI/RKhRCQJFoj9YDIkBLUQIQAFp0i4oKQAvKCkAMEgBkwkCADFIAcElMkgBwS
400=UzSAHFCDRIAdVaNUgBgw8CADZIAdWcN0gBnExmoj8AhK1koieZAzoogQA7SAGMJmaiPwCD
401=DwEAPVQCgDtkosRKZKInKQBAKIEAQUkB0mtZAQBCSAGYEWaiPwCcK2WiP1jSUxcCAEVABM
402=WMRigpAEdIAdmKSEgBRAVhJUkoKQBKKCkASygpAEwoKQBNKCkATigpAE8oKQBQKCkAUSgp
403=AFIoKQBTKCkAVEgBweBVSQHbbRsDRKLXIwMAV1QCm0gDAFhJASZgFmaiPwDNG1pUAsEaW0
404=gBfANdpFwoKQBdSAHJOF5IAYgtZKLHVQIAYFQCxT9hSAHFCGIoKQBjKCkAZCgpAGUoKQBm
405=KCkAZygpAGhIAcEPaUgBwQ9qKCkAaygpAGwoKQBtKCkAbigpAG8oKQBwKCkAcUgBlyMCAH
406=JIAcFnc0gBmWkCRKLQd2SiJ7UMdkAEk1YCAHdIAcUeeCgpAHkoKwAFAECcAwEAAgAGKCkA
407=BygpAAhIAdkcCUgBj1ICAApIAZ8GAgALKCkADCgpAA1IAdVwDkgB1SMPKCkAECgpABEoKQ
408=ASKCkAEygpABQoKQAVKCkAFkgB1bIXSAHZERgoKQAZKCkAGkgBJfUqG0gBzQUcSAGITnqg
409=QACcTHqgQACAynqgQAAjVCF5oECob3igzQUASAYngQAjUQngYFx5oECEDE2qJVQCjAF6oE
410=AAgQQBWJrABHmgQLR7eaBARANXBQIAKlgGl6cCACtIAdU5LEgBWAMEAAACAC0AQIUBACJh
411=KECvtQIAL1QCwUYwSgH//0wEeKDTFAIAMlQCTQIAWwYzAECEAQEAAgA0SAGbHAIANUgBmA
412=J5oEC7wQEAN1QCkHd6oEAAzZQ5VALVnDooKQA7SAGYPXmgQKjoeKAnKQA+KIEAP0gB0QlA
413=SAGTSwEAQUgBIxwleaBApIF6oEAAJTUoREEE32gteqBAAIcTAwBGVAKDfQMAR0gBgzsCAE
414=hJAeGtBUlIAY88AgBKSAHZHEsoKQBMKCkATUgBk7kCAE5IAZscAgBPSAHdK1BIAcUIUSgp
415=AFIoKQBTKCkAVEgB0XdVSAHRd1ZIAYRreKDUI3mgQKvHAwBZQASXDQMAWkgBwRpbSAHVGF
416=xIAc0QXUgB3W1eSAHdYl9IAcEEYCgpAGFIAc0bYkgBiAwiYShAiAUBAAIAZFQCjwECAGVI
417=AcFnZkgB1QJnKCkAaEgBwQ9pSAGEPyJgKMMaAgBrKFUAbCgpAG0oKQBuKCkAbygpAHAoKQ
418=BxKCkAckgBjzwCAHNIAdEqdEgB1WV1SAHVZXZIAd0VdygpAHgoKQAGRE3BBAcoKQAISAHR
419=YQlIAcEECkgBlP9hnkGQAkElDFQCjAEiJDwnVQAOVAKAOyLdJ0GnYAIAEFQC1SMRKCkAEi
420=gpABMoKQAUKCkAFSgpABYoKQAXSAHNUhhIAck4GUgB2REaKCkAGygpABxIASVlIx1IAYAl
421=Yp5BAJBLYp5BAJRlYZ5BvG1gnieBACJYBojzItwnJ4EAJFQCxXYlSAGABGCewARgnid1BC
422=hABN02KUgBjBBgnieBACtUAtUYLCgpAC1IAdFWLkgBlIZhnkEkuygCADBUAowQYp5BAIwQ
423=YZ5BULRbCQIAMyiBADRIAc1oNUgBWQMAVTk2SAGcIGCexAhgnsQIIt0nQSScKiIkPMM7AQ
424=A7WAaAO2CeJ1UAPShVAD5IAYByIt0nQbfIAQBAVAKILWCeJ6EEQlQC2RFDSAHBGkRIAYyf
425=YJ7ECGCe0BRjnkEA4nWcA0Ce3xUDAElYBoAaYJ7DOwIAS1UCaUwFAQECAExIAdEqTUgBlB
426=hgntQYYJ4nKQBQQATJTlFIAclOUkgB3RVTKCkAVCgpAFVIAZTeIiQ82CdhnkG0yGCeyAxg
427=nidVAFpYBoN9AwBbSAEjWzICAFxIAdUNXSgpAF5IAcV2X0gBwQRgSAHNG2FIAc0bYkgBzU
428=djSAHVGGRIAdkGZSgpAGZIAc1+Z0gBwQRoKCkAaUgBwX1qSAHJDGsoKQBsKCkAbSgpAG4o
429=KQBvKCkAcCgpAHFIAYBGIt0nQZwOWVNzVAKMASLcJydVAHUoVQB2KCkAdygrAAcAQpQGRQ
430=gIKCkACSgpAApJAdhcQUEEC0gBkwUCAAxIAdknDUgBxT8OSAHZHA8oKQAQKCkAESgpABIo
431=KQATKCkAFCgpABUoKQAWKCkAFygpABhIAd0gGUgBxRMaKCkAGygpABxIAZREIiwnxB5omy
432=cpAB9ABJtpAQAgSAGVZQFRcUK9gwFYACetACNABJcNAQAkSAGcVyJKO0IAzeEmVAKABCKQ
433=T9gGIiwnJykAKSiBACooKQArKCkALCgpAC1IAd1XLkkBaE0xAWqbQgBpAQJpm0KosWmbQp
434=wOAQADADJMBdV7M0gB3YM0SAEj9CoiLCfMBSIsJycpADdABIsIAgA4SAGECGibJx0EOlQC
435=lFppm0K412ibJykAPUAEkEAiSTtCvK9pm0IkICtpm0JAK1EMAllQQqGTAlEGQq/LAgBDUA
436=HdFURIAZsyAwBFSAGUAmmbQiRbJwQAR1QCh4EEAEhIAZwVa5tCAB5EDF0gSlQCyQFLSAFp
437=mwRpm0KvtQIATVQCzX5OKCkATygpAFAoKQBRSAEjGyoCAFJIAWQMXWJTKCkAVCgpAFVIAc
438=XZVkgBJQUiV0gBJYUnWEgBgDtpm0ImbS9aVALNBVtIAcHgXEgB1Q1dKCkAXigpAF9IASOk
439=KyJJO0K3pwIAYVQC3RViSAHFCGNIASVRJmRIAZgnIiwnJxEIZlQChxMCAGdIAdkGaCgpAG
440=lIAZBAIiwnxD8iLCcnKQBsQASTQAIAbSgpAG4oKQBvKCkAcEgBwTBxSAHdFXJIAcEPcygp
441=AHQoKQB1KCkAdigpAAhUR9kGCSgpAApIAcEaC0gBwQQMSAHVGA1IAd0VDigpAA8oKQAQKC
442=kAESgpABIoKQATKCkAFCgpABUoKQAWKCkAFygpABgoKQAZSAHBqRpIAdHPG0gB3RUcSAGA
443=XHGYQyQMI3CYJykAH0AEiGRxmEOUBllTIVQC2QYiSAEjZyMBACNIAYQEcZhDJuk5JfQCIq
444=ViQybhOCdUAtkRKEgBmAYiQDoniQEqKFUAKygpACwoKQAtSAF5lQMiQjpDAGgBVXAv1AIB
445=BQMAMEgB2XQxSAEj6CNxmENAr18NAwAzVAJBAQBJejRIAYAacZhD9YY2VAKbBgIAN0gBmB
446=xxmEOUBl0gOVQCzcA6SAGEYHGYQ7RlcZhD/Zk9QASMy3GYQ7iVcZhDpK1ymEMAJZE5QUwF
447=IyEgA1hQzQUDTQJDq5sDAERQAZgycZhDs8QEAEZUAoibcJjYHHCYxwgEAElABIsiBABKKC
448=kAS0kBakzAAQAFAEzKAQEGU5hDAEhjHQYATlQCaAFVAk9JAUq1AlBJAUWpAVHIAVXIUkgB
449=cAJVI1MoKQBUKCkAVSgpAFYoKQBXSAHJm1hIAdmVWUgB2ZVaSAHdClsoKQBcKCkAXSgpAF
450=4oKQBfKCkAYCgpAGEoKQBiKCkAYygpAGQoKQBlSAHR8GZIAc0QZygpAGhIAd2kaUgBzX5q
451=KCkAaygpAGwoKQBtKCkAbigpAG9IAZdEAgBwSAHVDXEoKQByKCkAcygpAHQoKQB1KCkACV
452=xExQgKKCkACygpAAxIAZBWIjk5RKRVIhhhJykAD0AEwakQKCkAESgpABJIAcUeEygpABQo
453=KQAVKCkAFigpABcoKQAYKCkAGUgB1Q0aSAHZthtIAdUYHEgBJY0oHUgByZseSAHNiR9IAc
454=0FIEgBzQUhSAHBBCJIAYB9eZVE4Z4kVAKYaSLNJUSACF1XJlQC1SMnSAHZHChIAdEJKUgB
455=kAUiOTlEWGRTAQYAK1UCSUQBAQAGACzIAUFnLUkBaFBsAQYGAC7IAQEHBQAvygEIBFmVRC
456=SDIQQAMVQCk40EADJIAZwVeJXfFQMANFQCIz8pAwA1KCkANkgBmQYDWZVEJEhReJUnQQM5
457=QASQCSI4OdAJeZVEpKJ6lUQAmNci/kxEAIBReZVE8bk/RAhoG1UjQEkB4EAaSQFBSAEjQC
458=94lcwFeZVEJP1iBFgDCkQAAAAAAAAEAEUARAARAACWEAAgCSEAAAAABABGAEQAJUQBAQAE
459=AEdJASapAUhIAdUCSUgBjwUFAEpKAeIBRwQFAEtJAWpIAQECBQBMSQHZSAEBAAYATUgBWQ
460=MASQFOSQGQtQJPSQGIqQFQSQGGqQFRSQFFUAUBBAYAUsgBAQUCAFNIAVACAgAAAgBUKCkA
461=VSgpAFYoKQBXKCkAWCgpAFkoKQBaKCkAWygpAFwoKQBdSAGPGwIAXkkB42cTAgBfSQEicx
462=ACAGBIAWQBWRFhKCkAYigpAGNKAf//SwQCAGRIAUABaRdlKCkAZigpAGcoKQBoKCkAaUkB
463=2qEPakkB0qkBaygpAGxJAc21Am0oKQBuSAHNBW9JAdShBHBIAc0QcSgpAHIoKQBzKCkAdC
464=grAAoARZQGWRwLKCkADCgpAA1IAdEUDkgB1Q0PSQEnYwcBABBJAelvEAEAEUkBKLUCEkgB
465=2QYTSAHVGBQoKQAVKCkAFigpABcoKQAYSAHVDRlIAdE1GkgB0TUbSAHRNRxIAdUNHUgB1S
466=MeSQHQZxMCAB9IAWATWRwgSAHNBSFIAckMIkgBwQQjKCkAJCgpACUoKQAmKCkAJ0gB0Qko
467=SAHRCSlIAdEJKkkBU28BBgArSQGMexEGACxJAYqpAS1IAZtIBgAuSQFoVAIBCgUAL8gBAQ
468=sFADBIAZscBQAxSAHZdDJIAZcCBAAzSQHXWAZdeDRJAdGpATVIAXwOVQI2SQHldwIDADdI
469=AYcIAgA4SAGHCAIAOUgBjwUCADooKQA7SQHmewYBADxIAZscAQA9SAGbHAEAPkkB4KEEP0
470=gBxQhASAGXAgIAQUkB3GMEAwBCSAGXAgMAQ0kB1nUCBFpQRQDdFUVUAoMEBABGSAGBGgVD
471=k0UAz28FBQBIVAKPBQUASUgBjAVjk0UA22EEBkOTRQDTqQFMQASEP2CTw1wGAE5UApMUBg
472=BPKCkAUEkBkbkGUUkBP2QEYpNFAGkBAWCTxAhjk0UAjm8FAgBVTAWfNgIAVigpAFdIAWAI
473=XUxYKCkAWSgpAFooKQBbKCkAXEgBwVxdSAGcr2KTRQCZqwNCk0UAjDFgkyc5AmFMBdUNYi
474=gpAGNIAdEUZEgB0RRlSAGDJQIAZkgBkyoCAGdIAZMqAgBoSAHRCWkoKQBqKCkAaygpAGxI
475=AYs4AgBtSAGfQQIAbkgBxQhvKCkAcCgpAHEoKQByKCkAcygpAAtMP8UIDCgpAA0oKQAOSA
476=Hdjg9JASNwBWmQRmIBAABrkEYAJHMBAQASQATVkRNIAZ9XAgAUSAHdgxUoKQAWKCkAF0gB
477=wRoYSAFsCVU5GUgBi04CABpJAd1zQAMAG0gB2WkcSAHBkx1IAcVrHkgBhGBqkEYAm38CAC
478=BUAo/hAgAhSAHJDCIoKQAjKCkAJCgpACUoKQAmKCkAJygpACgoKQApKCkAKkgBaZABapBG
479=AM1dLFQCgw8GAC1IAZxtaZBGvW0GSZBGrXMGSpBGAJgcapBGAI8bBQAyWQbkfCBqkEYAn0
480=EEADRUAotvBAA1SAGLDAQANkgBhAhokMUIA0iQ3ApqkEYA2Sc6TAWLDAIAO0gBmAZokMAE
481=aJAnKQA+QASVZQFUddNAAgBAVAKQQGqQRgCRQAJLkEYA33wVapBGAJxBapBGAN0VRVgGjD
482=xokMAaapBGAIBGapBGAIhDapBGAIwFapBGAJBsaJAnKQBMUAmEP2iQxBNpkEaoemiQJ1UA
483=UEwFgyUGAFFIAX2OAmmQRlMaAAADaJDMBWuQRgCPdBhqkEYAI3UlAkiQJykAV0UIiqEEWE
484=gBnwoCAFkoKQBaKCkAWygpAFxIAYMaAgBdSAGLhQMAXkgBhB5okCexBmBUAsU0YUgByQxi
485=KCkAY0kBi60QZEkBhKkBZUgB2V5mSAGAMGiQ0CpokCeZA2lABN0KakgBm1MCAGtIAcWXbE
486=gBnDZokCfZAG5UAtkGbygpAHAoKQBxKCkAcigpAAxAzdkGDSgpAA5IAZOuAQAPSAGABHGN
487=R4QBkI0nKQASQASbJwEAE0gBhARxjUftfhVUAt0gFigpABdIAdE1GEgB2QYZSAHdVxpIAd
488=1XG0gB3Y4cSAGPBQMAHUgBkxQCAB5IAZQCcY1H9UQgVQKJoTAhSAHBBCIoKQAjKCkAJEkB
489=TEQESYUlSQFISgEABkl/R1bvAABVAidVAkq1AihJAUmpASnIAUEEKkkBUbUCK0gBnDYivS
490=NH+YotVAIjNChxjUeka3GNR7Rwco1HAIi8co1HAIi8co1HACexEUfxdzRQCYxzc41HANV4
491=HHCN2zIEADdABJQjco1HAJsRAwA5VAKX3gMAOkgBgQQCUI3bBgIAPFQCh+8CAD1IAXwZTc
492=A+KCkAPygpAEAoKQBBSQHebBBxjUe80HGNR6uQAwBEQASRggRN3kegiHKNRwCUAnGNR0jC
493=XA1zjUcA4XAJcY1HJKQ2cY1HKLAR3xUGAExcClEGAFE1TSgpAE5JAdhkCHCNJ60AUFQCjB
494=tzjUcAWHwGco1HANU5U0AEaAEBAQYAVEgBI7chBgBVyQEBcI3TCQIAV1QCYAhVI1goKQBZ
495=KCkAWkkBaEwQWQZbyAEBAgIAXEgBmLZwjcQecY1HrMBxjUe7zAMAYEwFj8ACAGFJAeFQCV
496=UNYkgBI5M5AgBjSQGHtQJkKCkAZSgpAGZIAdFsZ0gB3RVoKCkAaSgpAGpIAYTZco1HAIdV
497=AgBsVALJAW1IAYxHIrwjJx0Eb1QC3QpwKCkAcSgpAA2EaEsEAgAOSAGAGnmKSLgceYpIVA
498=NIACINI0iwQCINI0ikP3iKwAR5ikj1exVQCdEfFkgBwX0XSAFJCQBBJRhJAWhUI0EwGcgB
499=QTAaSAHBMBtIAYfvAwAcSAGcunmKSFx+TAh5ikigUXiKJykAIE0Fab0KIUgBRAV1DSIoKQ
500=AjSAFsiUXZJMoBAwZRGUgkBC15ikiUBlFWJ0AEjXMGRWVIv3gGAClUAocEBgAqSAEjTCsi
501=DSNIuH95ikikNCINI0jhiC5MBdkGL0gBhGt5ikgkBC14isAPeIrYHCINI0i0TyIMIycpAD
502=VECIgieopIAJyveIrQCXiK2BF5ikgkeCB4isEEAlmKSLyOeIrABHmKSIwURTQ+SAyNAQJY
503=/SdVAEAoVQBBSAHZwUJIAdnBQ0kBHXwGeIrARniKwEZ4itAJeYpItJF5ikhMLFwGeYpI7Y
504=lKUAlMAmGISygpAEwoKQBNKCkATkgBjPd5ikgmyTVQVAKIsXiKJ1UAUlQCl7IGAFNIAckM
505=VEkBkkxHRT9VSAFkjAEEBgBWyQEFeIrJFwJckycpAFlBBGhYBgEDAgBayAEBBAIAW8oBBQ
506=NZikhQ4FMMAwBdVAKAXHiKJ90GX1QCiG94iietAGFVAh5UBgEAAwBiSAF0Wl0KY8gBWRFk
507=SAF8A1E1ZSgpAGYoKQBnKCkAaCgpAGkoKQBqSAGMJniK0FZ4iicpAG1ABCOgJXmKSJANVQ
508=1vVAKPAQIAcCgpAA6ktX1tD0gBgBphiEm8V2GISUBtQAdhiElcAEsAAgATTAVAAXkGFCgp
509=ABUoKQAWKCkAF0kBaKktGMgBSSIZyAFJLRpIAd0rG0gB3WIcSAElpUEdSAEjSTsDSTJJTA
510=BLDwMAH1QCyS0gSQFpSAxdCiHIAUktIkgBRAVxFCNJAVBOAQEGTldJAJS9YohJAJScYYhJ
511=p2sGACdMBSM0KGGISVAGSABhiEkk+CVjiEkAhVQNSU4rTAVYA21dLEgBmDJhiEkoABEnBQ
512=EvQATNBTBIASOkIGGISSTQQWGISSSXNAUAM0AEjwUFADQoKQA1SAGENGGISbS9YYhJuKtg
513=iNw2YIjABGGISSS9IwJBiEkkeCBgiMQTYIgnKQA+SAyAD2GISSR8MSIQNCeBAEEogQBCSA
514=EliSJDSAEnAhFJAIgBYYhJs88FAEZBBONsJmOISQDiqQFIVAKEP2OISQDSZw8GAEpUAmgB
515=UTVLyQECIl8iSQDHoQRNVAJoAUEETsgBQQRPyAEBAwYAUEkBqK0FUcgBTQVSSAFwAl02Uy
516=gpAFQoKQBVSAElDSNWSAElcSpXSAGZHwZBiElQASP1KllBAWhWGAYGQohJAGoBBwVAiKoB
517=CARAiMVVBECIJykAXlgGzcBfSAEj8yQEAGBIAYNcBABhSAGVWgRDiEkAakgMAQAFAGNUAm
518=gBVRhkSAHZEWXIAVUCZkkBSHMbBgBnyAFVAmhJAUW1AmnIAU33akgBI5A5YYhJoOBhiEmk
519=ziIQNIAMYWduTAVgCICIJ1cADwBKkAJVAhAoKQARKCkAEigpABMoKQAUKCkAFSgpABZIAX
520=D7XRUXSQFoRB5RKhjIAVEqGcgBUSoaSAHVIxtIAcUpHEgBnGIirSFKuJVphUq1TwRJhUq3
521=hgQAIE0FakgMUSohyAFBDyJIAXyDWUgjyAFZSCRIAYQ0aYVKpB5phUqsJmmFSqwmaYVK+Y
522=opWQaHaAxphUrljCtUApQuIq0hSvHlLVQCJVUhLkgBwQQvKCkAMEgBjBtphUqsfmiFzBBp
523=hUokkCNohcceBQA1WAaXIwUANkgBhAhohccIBAA4VAKHGgQAOUgBxa06SAGNBQJIhcwFaI
524=XQH2iFJykAPkwFI6AlaYVKJPQ1aIXYESK8RCetAEJNBWxIIkG0Q8gBAQUCAERJAW1UAk0x
525=RckBAWiF2wYGAEdUApMUBgBIKCkASUgBfINFNErIAUn+S8kBBWmFSoiFVQJNVAJohVUCTs
526=gBUUtPyQEHaoVKAGiFRT9RVAJoAV0KUkgBwQ9TKCkAVCgpAFUoKQBWSAHVRFdIAdkGWCgp
527=AFlIAcE7WkkBaEUeCmqFSgBqAQsFSYVK5aJdQATdNl5JAeRMBQEABABfSAGVRARKhUoAkK
528=5ohSe5B2JBBGpNBQJohSdxCWRUAtkRZSgpAGZIAcHgZ0kBiFgGRaJoSAEjQ0UGAGlJAUVc
529=BgEEBgBqyQEFaYVKTAJIAGiFJykAbUAETAKohSdXABAAS5ACXYMRKCkAEigpABMoKQAUKC
530=kAFUkBTEAHTTEWyAFNMRdIAd0rGEgBbCZZJxnIAVknGkgBzSYbSAGfVwQAHEkB4m0bBFnR
531=S70rBFWAS7yDcYJLvYMFU4JLAGpMBVknIVgGlVoGTW1LJqVBI1QCI7BIIv0gS/H7JVQCWB
532=V1/yYoKQAnKCkAKEgBIzgjIv0gS+1+KlQCI0xMIgAyJ4kBLFQCIzA4IvwgJ60ALlQCzUcv
533=KCkAMEgB3QoxSAGEHnGCSyTUJnCCJykANEAEzew1SAHNBTZIAc0mN0kBH3gYcoJLACO8RC
534=L9IEskvEQi/CDVOQNRgksk5DNwgtQCcIInKQA+UAmEVXGCSyTEJHKCSwCQS3CCJ60AQkwF
535=fA5VRENJAWxBMAlygksAcIIBAgYARVQCgwQGAEYoKQBHKCkASCgpAElIAd02SkgB0TVLKC
536=kATEgBJUlnTUgBJSUxTkgByQxPKCkAUEkB7HgCIgIySwBoAVHEUlQCcQIAIgAy1BgiXUNL
537=JuUoVUAEwQ9WSAEjlz8GAFdIAdUCWEgBwQ9ZSAHBO1ooKQBbKCkAXCgpAF1JAeVUIwEABQ
538=BeSAGIOHCCzDxwgidVC2FABCNnWgUAYkgByQxjSAHVI2RIAdkRZUgByU5mSAHNG2dIAd1t
539=aEgBJY1faUgBJWwkCWoASwBGAAAAAAYAaxEAAMkPACAIAEsARgAAAAECAGxIAQX//wAAAA
540=IAbSgrABEATEgCSwACABIoKQATKCkAFCgpABVJAVNIBQEABgAWSgHXAU8BBgAXSQHNqQEY
541=SQHPqQEZSQHRqQEaSQEmSAUBAAUAG0kBIqkBHEkB22MEBQAdSAGbBgUAHkkB1bUCH0kB4K
542=kBIEgB1Q0hSAHVDSIoKQAjSQHSbwUGACRJAdCpASVIAXANAQAGACYoKQAnKCkAKCgpAClJ
543=Adm5BipIAYMlBgArSQHWtQIsSAHBDy1IAZ8VBgAuSAHZHC9IAdkGMCgpADFJAcBQEAEBBg
544=AyyAEBAgYAM0gBUAICAAAGADQoKQA1SAHNEDZJAeVjDwUAN0kBH3MFBAA46wEDADlJASd3
545=AgIAOkkB6W8FAgA7SQEjtQI8SAFkAVk9PSgpAD5JAZCtBT9JAYKpAUBJAYWpAUFIAdkGQk
546=kBS28BBgBDyAFVGERJAVG1AkVIAWQBVRhGKCkAR0gB0TVISAHBJUlIAdknSigpAEtIAdE1
547=TEgB2SdNKCkATkgByQxPKCkAUEkB7FgCRSlRyAEBAwYAUkkB3XcYBgBTSAFcA30rVEgByT
548=hVSAHNEFYoKQBXSAHNEFhIAc0QWUgB1RhaSAHVGFtIAdk9XEgByQxdSAHBXF5IAcFcX0gB
549=wVxgSAHVWmFJAeBzFAUAYkgBxQhjSAHRFGRIAdEUZSgpAGZIAc0QZ0gB3RVoSAHFCGkoKQ
550=BqSQFAewIGAGvIAZp/TACMG2F9TXgDZoETACcpABQoKQAVSAFgfVk9FkgBxRMXSAHFExgo
551=KQAZKCkAGkgB1SMbSAHJIhxIAckiHUkB3LEfHkkBIXcQBQAfSQElqQEgSQHaYwQGACFIAc
552=l6IkgBxR4jSAFpBQBifU0AkwkGACUoVQAmKCkAJygpACgoKQApSAHBGipIAdEqK0gBzRss
553=KCkALSgpAC4oKQAvSAGXOQYAMEkBwFwRVU8xyQEEYn1NAHUCBWB93CtifU0AxUo1TAXBGj
554=ZJAWZkHmJ9TQBpAQFgfakBAmB9qQEDYH3ECGN9TQDTewYCADxECJsRAgA9SAFUEWE7Pigp
555=AD9JAY+tBUBIASegD8cTAgBCVAJgfVlpQ0kBjm8FBgBESAGTCQYARUgBj0cGAEZIAZdaBg
556=BHSAHNJkgoKQBJKCkASigpAEtIAdU5TEgBnRUGQQFNr1IGAE5QAc2fT0gBwQ9QSAFgfVEq
557=UcgBUSpSSAHBBFNIAdEqVEgB2RFVKCkAVigpAFcoKQBYSAHFP1lIAdkGWigpAFsoKQBcSA
558=HVWl1IAcEPXkgBwVxfSQHjbyYFAGAoKQBhSAHVWmJIAc0mY0gB1Q1kKCkAZSgpAGYoKQBn
559=SAHVRGhIAcEPaSgpAGpIAWB9XTZryAFVRBNMKY8FAgAUKCkAFUkBVHgCbvdOAMVgF1QC2R
560=EYKCkAGSgpABooKQAbSAHdIBxIAdEfHUgB0R8eSAHFHh9IAXANAQAGACBJAeNsAWp6TgBo
561=AVmKIlQC0XcjSAF8A00FJCgpACUoKQAmKCkAJygpACgoKQApSAHBGipIAcEaKygpACxIAd
562=VPLUgBwQQuSQHUfzYGAC9JAbtQEEUTMMgBUSoxSQHAVQIHaXpO5VUzVAJSAgAAaHonJQU1
563=VALRNTZIAX14BGp6TgBqAQUFTPeqAQYCTPepAQdpek6wmGp6TgCF+gFKek4AhfoBS3pOAC
564=h7DQEAPlwKZAEBAAIAP0gBl2UCAEBJAZF3GAIAQUgBwQRCSAHZPUNJAYtgBGt6TgCGqQFF
565=VAInSA8nbQNHVALFKUhIAcElSSgpAEpIAdkcS0kBkrEJTEgB0QlNSAHBck5IAcUIT0gBzU
566=dQSQGWdxQGAFHIAVUuUkgBcAJRKlNIAc3AVEgBxQhVKCkAVigpAFdIAcE7WCgpAFlIAdkG
567=WigpAFtIAc0FXEgBwQRdSAHFgV5IAcGTX0kBv1wRRRNgyAFdQWHKAQMGTfdOWANLAAYAY1
568=QCzSZkSAHdCmUoKQBmKCkAZygpAGhIAdUNaUgBSAllSmpJAT9tAQZRd09hAQBYPQEVAE8A
569=dDlZERZIAdUNF0gB1Q0YKCkAGSgpABooKQAbKCkAHEgBxR4dSAHZMh5IAZkNBlzxwA9xd0
570=+EdlEfIUAEcHdRHyJIAc0FIygpACQoKQAlKCkAJkgBzZ8nSAHBDyhIAZvXBgApSAHVGCoo
571=KQArSAHdTCxIAdFLLUgB1YYuSAFkdlkRL8gBUcQwyAFRxDFIAcFRMkgB2RwzSAHJFzRIAc
572=UpNUgBzRA2SAHNBTdJAWZCXAkGUXdPnXgKcHfUI3F3T+V2O0wFI+AtcndPAIxzc3dPACR4
573=DXF3T/14P0wFgFxyd08AlA1wdyddAUJABNk9Q0gBJ/MOTwCJWBFJZEVUAskiRkgB3StHSA
574=HBXEgoKQBJSAHNG0ooKQBLSAHNMUwoKQBNSAHNBU4oKQBPSAHdpFBIAXB3XUFRyAFBMFJJ
575=AdpYHFlTU0gBRAFpWVRIAd0rVUgB3QpWSAHBO1dJAYyhGlhJAYqpAVlIAdkGWkgBzQVbSA
576=HFHlxIAcEEXUgBxRNeSAFkdlFAX8gBUUBgyAEBBgYAYcgBUbliSAHRFGNIAY8xBgBkSAHR
577=FGVIAcUpZigpAGdIAdUNaEgBxQhpKCgAAhUAUABVeAJu7FAA3QoXVALdChgoKQAZKCkAGi
578=gpABsoKQAcKCkAHSgpAB5IAd02H0gBjEd5dFCYdFEfIVQCeHRRHyJJAdlYEVkyI0gBRAF5
579=MiQoKQAlKCkAJigpACdJAditMShIAdkGKUgB1S4qSAHBGisoKQAsSAHZES1JAZx8BiJ+PF
580=AAaAFNEC9UAmR2QTAwSAHNczFIAdEJMkgB2T0zSAFgCE1dNEgBxSk1SAHZMjZIAc0FN0gB
581=yaY4yQEBeXRQgAhVpzpVAuZjGgEAO0gBlGV6dFAAgA95dFC0cHl0UOV2P0wFxe9ASAGcjn
582=h0J10BQlUCMXAMIn48UACQ8GzswAQi2SxQJtEgRkwF3VdHKCkASCgpAElIAd0rSkgBhxMG
583=AEsoKQBMKCkATSgpAE5IAc1ST0gBdBFNJlAoKQBRSAFsc0lDUsgBSUNTygEGBlzKJ6UKVV
584=QCwQ9WSAHdCldIAc0bWEgB3TZZSAHNBVpIAc0xW0gB2RxcSAGPJgYAXUgBZD9RQF7IAUGI
585=X0gBZHZZq2DJAQp6dFAAhDRs7NgybOwnUQVkTAXdCmVIAcUeZigpAGcoKQBoKCoAFgAj0E
586=JlYBdIAcVKGEgB1RgZKCkAGigpABsoKQAcKCkAHSgpAB4oKQAfKCkAIEgB0WEhSAF0cEEw
587=IsgBQTAjyAFBMCRIAdUYJSgpACYoKQAnSAHdFShIAdl/KUgByRcqKCkAK0gByWQsSAHJOC
588=1IAXRwVS4uyAFZti9IAdU5MEgB0QkxSAHFCDJIAcE7M0gB0RQ0SAEliTg1SAHVAjZIAdky
589=N0gBYHJVDTjJAQNgcsAwfuZRACP4MGJyUQAjcEBhclEkWDJiclEAiBdgctsGAQA/UQngvX
590=hASAGAD2BywAQiHjtRAGByAQICAENABGgBWRxESQFXcAVhclEoQQ5RJjU+R0AE0TVISAHd
591=V0lIASdBDlGohWByJykATEAEzSZNSAHBJU5IAcUIT0gBfg4ABlhQ0BQi0itRACWVSlJABG
592=xzRWBTyAFFYFTKAQsGUclRJHcwBgBWVALdCldIAclkWEgBzRBZKCkAWigpAFtIASWVKVxI
593=AXRwSSJdyAFNUl7IAU1SX0gB3UFgSAHJImFIAdUYYkgBxcNjSAHVAmQoKQBlKCkAZigpAG
594=coKwAXAFKUBkkiGEgB1VoZSAHVGBooKQAbKCkAHCgpAB0oKQAeKCkAHygpACAoKQAhSAHR
595=HyJIAXRwSS0jyAFJLSTIAUktJUgB2TImSAGXFAYAJygpAChIAd1BKUgB3RUqSAHFPytIAS
596=U5IyxIASU5Iy1JAe10CW7hUgBoAVmgL1QC0QkwSAHFCDFIAc08MkgByS0zSAEjyFYivTlS
597=JgkoNVQCeApFKTYoKQA3SQFEeAIiyipSAGgBjOHULmhvJykAO00F5rlpPEgBlA1ob8AEaG
598=8nKQA/QQTgrQVASAFkDEHrQSgpAEJIASPQK2lvUpZwBQJfD1IAMnAFam9SANVwRkwF0R9H
599=SAGDfQYASEgB2YpJSAHBBEpJAc1gD2pvUgDJAUwoVQBNKCkATkgB0VZPSAF9DgBpb1IkOC
600=5ob8AaIqxYJ1UAU0wFdXAObuFSAGkBD2tvUgDYSAhRNVZABMlDV0gBxTRYSAHRFFlIAcUT
601=WkgBwRpbSQG3RAhZoFzIAYpvUgB0cAEHBgBeVALRCV9IAdEJYEgB3UFhSAFACG3WYkgBwQ
602=RjSAHVWmRIAcEEZSgpAGYoKgAYACIYV0sEBgAZSAHdbRpIAcm8GygpABxIAdUYHSgpAB4o
603=KQAfKCkAIEgB2RwhSAFADHEUIigpACNIAXxtUSokyAFRKiVIAdEqJkgB2QYnSAHdmShIAc
604=0QKSgpACpIAckiK0gBJTEiLEgB2SctSQHtVAlJLS7IAUktL0gBzSYwSAHFHjFIAcnoMkgB
605=1RgzSAFACHUYNCgpADVIAZdaBgA2SAHBBDdIAcVVOEgBcGxBqTnIAVleOkgBJSVHO0gBJ1
606=04UyRIMHJsUwCMEHFsUybtKT9MBSW1OEBIASXtKUFIAZQjfdtTuOJwbMA7cWxTkGxBfUVN
607=BVZ0FCKdVlPpx0dUAsGISEgBJQ05SUgB1SNKSQHN8WxTKJANJykATUAE2SdOSAHNMU9IAX
608=ANkmxTAICIcGzEE3BsJw0CUyitAFRIAXBATSZVyAFRz1bKAQYGWYRTJgkoWFQCwQ9ZSAHR
609=NVpIAWRrWQZbyAFZBlzIAUVrXUgBxdleSAGLLQYAX0gB2RxgSAHRCWFIAdUYYkgBJQ0jY0
610=gB1QJkKCkAZSgqABkAIoQ+SwQGABooKQAbKCkAHEgB3W0dSAHBDx4oKQAfSAHFKSBIAUgJ
611=dU8hKCkAIigpACMoKQAkSAHZJyXIAV0gJsgBXSAnSAHRCShIAc0QKUgBzRAqKCkAK0gB1S
612=MsSAHZii1JAZdoCG7WVABoAVmgL1QCzTwwSAF8A0U/MUgBzSYySAHVAjMoKQA0KCkANUgB
613=xQg2SAHNBTdJAY21TzhIASLkKF0KOcgBVVo6SQHmYAQiuCjULiK4KCcpAD1ABIhZemlUAJ
614=AqIrgoJ4EAQEAExWtBSAHFa0JIAYwQeGnMBXhpJykARUAEkAF4aYABZTRHVALRS0hIAdkn
615=SUgB3StKKCkASygpAExIAYQTItljVCYZKk5UAtgnJIhPQBJt1lSohXppVADZMlJMBVgDbR
616=BTKCkAVEgB1dNVSAFoQwkJBgBWAFQA2AAAAAoRAAAzEAAgDgYAVwBUANgAAAALBgBYAFQA
617=gwAGAFlJAbdMAQEIBgBayAEBCQYAW8gBAQoGAFxKAdsBRwQGAF1JAdKpAV4oKQBfSQHUtQ
618=JgSAFEBQIAAAYAYSgpAGIoKQBjKCkAZCgrABoAVZQGWQYbKCkAHCgpAB1JAdqpDB5IAc0Q
619=H0gBwQ8gSAGLCAYAISgpACIoKQAjKCkAJCgpACVJAdhcBkUeJsgBRR4nyAFBJShIAVwDYR
620=opSQHWrRAqSQHNqQErSAHNECxJAbhQBQECBgAtyAEBAwYALkkBl1QCSQEvSAHFCDBJAdWl
621=CDFIAVwDaQwyKCkAMygpADRIAcEwNUgBwQ82SQHRpQg3SQGRqQE4SQE/VAlNEDnIAQEDAg
622=A6SQEmVAIBAAEAO0kBIqkBPEgBnwoBAD1IAZ8KAQA+KCkAP0kBz38KAQBASAGXDQEAQUkB
623=4LUCQkgBbAkBAAIAQygpAEQoKQBFSAFkTQEBBgBGSAGPBQYAR0gB1TlISAHVOUlIAY8QBg
624=BKKCkASygpAEwoKQBNSAGbEQYATkoB//9HCwYAT0kBjmcTBgBQSAFMAnEqUSgpAFIoKQBT
625=KCkAVCgpAFUoKQBWSAFpQw5iZ1UAaQEPY2dVALNAC0EaWUAEaAFJLVpIAW1oDWBnJykLXF
626=QCSAVtEF0oKQBeKCkAXygpAGAoKQBhKCkAYkkB3aEaY0gB0wkbAFaEAQEABgAcKCkAHSgp
627=AB5JAZC5Bh9JAYSpASBJAYapASFIAYc/BgAiSAGPPAYAIygpACRIAd0rJUgBmw0GACZIAX
628=wgSSInyAFJIihJAalEBEkiKUgBwTsqSAHdYitIAXxiAQUGACzJAQZqZFYAdQIHaGQnQQMv
629=QQTcsRQwSAFYCnknMSgpADIoKQAzKCkANCgpADVIAc0QNkkB0LEJN0gB0Qk4SQFBbwEGAD
630=nJAQFrZFYAkm0FAklkVkgdRwQBADxABNVlPUgBkHdqZFYAh1UBAD9UAskBQEgBlA1rZFYA
631=JEAIXW1CVQIoqQFDSAFkAVVlRCgpAEVIAYhGamRWAN1XR1QC1VpIKCkASUgBjBBoZM8QBg
632=BLVAKPEAYATCgpAE1IAZgRa2RWAIxsG2tkVgCFqQFQQASbEQYAUSgpAFJJAdmhBFNIAcEE
633=VCgpAFUoKQBWKCkAV0gBcGFVnFjJAQRty1aUZUU/WlQC0QlbKCkAXEgBwVxdSAHBBF4oKQ
634=BfSAHZEWBIAcEEYUgB2QZiSAHVAhxE3MkBHSgpAB4oKQAfSQGPrRsgSQGJqQEhSAHJLSJI
635=Ad0rI0gB0SokKCkAJUgB3WImSAHVDSdJAalMAUWBKMgBXSApSAFQAn1XKkgBbF1N7CvIAU
636=XOLMgBRc4tSAHZHC5IAdkGLygpADAoKQAxKCkAMigpADNJAdehGjRIAc3LNUgB0Qk2SAHN
637=GzdIAdUYOEkBQUQESRc5yQEDcWFXTAJIAHBhJykAPEEE5mgMfsVXAJBscmFXAIS4cWFX/W
638=JATAXVAkFIAZsRAQBCSQHgpQhDSAFBDACQYSeJAUVUAnBhTYlGSAHRNUdIAcWXSEgBmwYG
639=AElIAYwQcGHAD3BhJykATEAEjxAGAE1IAScyDFcA3QpPVQKCeBF/xVcAiqkBUVQCyQxSSQ
640=HYtQJTSAHVAlQoKQBVKCkAVkgBbDxFKVfIAVFAWEgBfGJVnFlIAc08WkgB0QlbKCkAXCgp
641=AF0oKQBeSAHBO19IAc2qYEgBxQhhKCsAHQBYkAIBAAYAHigpAB8oKQAgSAHRCSFIAcG/Ik
642=gBzV0jKCkAJCgpACVIAcEPJkgBjwwGACdJAaxvAQYAKMgBXTYpSQGdtQIqyAFVAitIAXQj
643=ReQsSAHRzy1IAcU0LkgBl0QGAC9IAWAIVRgwKCkAMUgByRcySAHJFzNIAcE7NEgB2QY1KC
644=kANkgB1UQ3SAHNBThIAYglb8BYAEV/BgYAOlQCaQEBeF6YA3lTPFQCJfEkPUkB43xBeV5Y
645=TOdcBnpeWACM1iKYJNgGb8BYACFcA4/AWAAlqQFDRAhkAZhezQUCXw9YADJ4Am/AWAAzqQ
646=FHTAUlWSdISAFwAkkiSSgpAEpIAcl6S0gBxTRMSAHdmU1IAYQTbMDUDW7AWADdClBABN0K
647=UUgB3StSSAHdQVNIAcktVEgBxTRVSAF0OV26VskBBiKZJFjl+lhUAtEJWUgB0QlaSAHdjl
648=tIAcEPXCgpAF0oKQBeSAHJF19IAc0FYCgrAB4AWZACSSIfKCkAIEgBySIhSAHBDyIoKQAj
649=KCkAJEgB3UElSAHNJiZIAdl0J0gBYFxJeijIAQEDBgApSAFgXFUCKsgBVQIrSAGcESKQIy
650=dlAi0oVQAuKCkAL0gBxWAwSAHdKzFIAd0VMigpADNIAdEUNEgByQw1KCkANigpADdIAc0m
651=OEgBJQkoOUgB1ac6SAFgXAEEBgA7yAEBBQIAPEgBnwoCAD1IAZMfAgA+SAHZXj9JAeO5Xk
652=AoKQBBSAHVWkJIAcUIQygpAERIAdEJRUgBYFxFa0ZIAWBcAQICAEfIAQEDBgBISAGUwHy6
653=J/kESlQC3a9LSAGIDCKQIyeBAE0oVQBOKCkATygpAFAoKQBRSAHFgVJIAd2OU0gBwWdUSA
654=F0WlX0VcgBVfRWyAFV9FdIAd02WEgB0TVZKCkAWkgB0TVbSQGMbCYiAj1ZACUNLl1UAtnM
655=XkgBwRpfKCsAHwBakAJVWiBIAd0VIUgB1Q0iKCkAIygpACQoKQAlSAHFSiZIAc0bJ0kBlm
656=QLbrVaAGgBVbIpVAJwAlUNKkgBzRsrSAHBfSxIAcEELSgpAC4oKQAvKCkAMEgByW8xSAHd
657=KzIoKQAzSAHZETRIAd0KNSgpADYoKQA3KCkAOEgBJbEnOUkBjbEqOkkBQGgIallaAGgBUU
658=s8VAIjBC1qWVoAmBFqWVoAiyICAD9ABI0bAkgGyy0CAEFUAmwJAQACAEIoKQBDKCkAREgB
659=0QlFSAHRCUZIAdEJR0gBdFpZaUhJAWtQFF2DSUgB2YpKSAHVOUtIAdmgTEgBgA8iiCLYEW
660=y1JykATyiBAFAoKQBRSQGifwYGAFLIAVU5U0gBYJNVOVTIAVUCVUgBdFpF71ZIAcUpV0gB
661=xRNYSAGMGyK9LlokACciLkhaACcrC1oAi0AaXQpcTQWJqQFdSAHRCV5IAXQRQwQgAFuEAU
662=kBIUgBxR4iSAHdVyMoKQAkKCkAJUgB1Q0mSAHFEydIAWRVRSkoyAFJhSlIASIUOk0bKkgB
663=mw0GACsoKQAsKCkALSgpAC4oKQAvKCkAMEgByaYxSAHFdjJIAcV2M0gBxXY0SAHR2jVIAZ
664=NABgA2SAHVOTdIAdkROEgB0Qk5SAHNJjpJAUBEBEEaO8kBA36vWwCUWnFWWyjSClsAlGVw
665=VtAqclZbAIwQclZbANVPQlAJWgoAACIeRlsAn3gCAERUApRwIoEhW7c5AgBGVAJ5UwR+r1
666=sAaAGQVqgBAQYFAEnABAEHBQBKSAHNMUtIAdVETEgB0R9NSQHTvUFOSAHdIE9IAZgRIl8t
667=WwC7TAFRNVFUAmgBUR9SSAF8V1U5U0gBcFZVAlTIAVUCVUgBi8cGAFZIAc0QV0gBjBsiHU
668=Zb5VVZVALRS1pIAdlIW0gBJZEjXEgBxVVdSAFUESJPNiEAXIQBRVUiSAHFVSNIAdEJJCgp
669=ACUoKQAmSAHRHydIAYAwbapcI4RIQespVAJ4UwEFBgAqyQEGelNcAM0QLFQCI6RBIgxEJw
670=0CLlQCnBEi/CsnVQAwVALZ+DFJAYepLTJIAcVKM0gB2QY0SAHFNDVIAdUYNkgBySI3SAHN
671=BThIAdUjOUkBUngCIv8rXAA8aAEi/StcJMhAelNcAJQNeVNcJKQrbKrQFHhTJykAQFAJgP
672=Z4UydVAEJUAiMoLHtTXADjdBh5U1wkBC14UyddAUZMBW1SCHlTXJhTAQkDAEjWAgoEWFO1
673=Agt6U1wAyUNLQATJOExIAcUeTUgBfBlNPE5IAcF9T0gBYVEDeVNcmFNdNlHUAl02UkgBk2
674=wGAFNIAdk9VCgpAFVIAd0rVkgB2V5XSAHZEVhIAc0xWUgBzQVaKCkAW0gBzUdcSAHTFCIA
675=XYQBXRUjSAHBGiRIAcUIJSgpACZIAdkcJ0gBwQ8oSAHBZylIAWFRCWFRXZlTCmBRqQELIp
676=wqJ7UBLUwFhA8iMU5doIhiUV0A1XswQATJATFIAckXMkgB2QYzKCkANEgB0R81SAHJFzZI
677=AZeRBgA3SAHNJjhIAckXOUkBZ0hDSYU6yAEBAgIAO0gBhFVgUdwVYFEnKQA+QASMEGBRyB
678=d9pF31p0EogQBCSQHgSAydpF2hcgNdpF0kvE9jUV0A4aEERkwFI3grY1FdAB1sDGBRyAFj
679=UV0A32wFYFHQCSL8QcQTIpwqSC1gBHD7J1UATl0KwVAJQZ5PyAGBUV2BUQciME7UGHH7Xf
680=WcU0wFxSlUKCkAVSgpAFYoKQBXSAHRVlhIAdkGWSgpAFpIAYzLIrxaJ2cCIwBeXBJLAAYA
681=JEgB1U8lSAHFCCYoKQAnSAHJDChIAcEEKUgBwTsqSAF1Tw5pTl6VTw9rTl4Ao0UMAW+fXg
682=DHSQEAaE6oAVUCL1gGdAJVIzDIAVUjMUkBz60FMsgBTQUzyAFNBTRIAd0VNUgBzRs2SAF0
683=BkkMN0gB2X84SAF8TAEEBQA5yAEBBQUAOskBBmpOXgBhBAdoTsgiaE4nKQA+TAWcCmhOJ1
684=UAQChVAEEoKQBCSAEjKFhun14AIyhYbp9eAJt0AwBFQASRowNL814A4mNGAwBHVAKUT2lO
685=XrRPaU5eSDNID2hO0wkFAEtMBUwCcdpMSAHZHE1JAcFYAl2ZTsgBXdBPyQEHbJ/IF2hOJy
686=kAUkAExSlTSAHBO1QoKQBVKCkAVigpAFcoKQBYKCkAWUgBzZRaSAFUEXMUJABfhAFZMiVI
687=AdUNJkgB1Q0nKCkAKCgpACkoKQAqSAHdTCtIAWVKAnFLX5BLQUYtVQLHUAxdui7IAV0gL8
688=gBXSAwyAEBBwYAMUgBcEtZBjLIAVkGM8gBWQY0SQEnUAkBAAUANUkB6Wc0BQA2SAGVOQVd
689=mV/90DhVAmdBBAhyS18AagEJBFBLqgEKA1yZqQELcUtfpK1yS18AgBpg69QjcEsnKQBAXA
690=qARmDrJ1UAQlQCYBOfmV8A4EAPSQFEVAKQQHBL1AJwS9cNBABHQASFuARB61+kSnFLX7tT
691=BABKQASQVnBL1wIFAExUAmVKCH6ZXwBpAQkisDKoAU3LT0AEmBFxS1+4q3FLXyRkZXyZyB
692=dh618kpysGAFRYBsU/VSgpAFYoKQBXKCkAWEgB1chZSAHDfSUAYJ0OACKNamAkZFoifVJg
693=JGRaIn0mYOGpKUwF1Q0qSAHFCCtIASVRJixIAZQJbZRgpDRtlGCkNHniYPk9MEwFJaUgMU
694=gBizgGADJIAcUIMygpADRJAeZkNHlIYLQjeUhgoDB7SGAA6KEEOE0FI2gIe0hgAB9oAXhI
695=yAF5SGDt1jxMBSOManlIYLAqeEjcFQUCAD8AYAAAABEAABUOCh0IAAAAAgBAAGAA1gGIAQ
696=JBAGAAz6kBQkkB0akBQ0kBJFwDTQVESQEoqQFFSAGXAgMARkkB6G8FAwBHSAGDBAMASEkB
697=3XcCBABJSAGPBQQASkgBgwQEAEtJAd9jBAUATEgBeAoBAAYATUkBwUwBAQ0GAE5IAUUBAF
698=UCT0gBkwkGAFBIAdUCUUkB2WcIBgBSSAHVAlNIAYMaBgBUSQHNoQRVKCkAVigpAFdJAdSh
699=BFhIAccIJgBhhAFBDycoKQAoSQHarQUpSAHZBipIAZMFBgArKCkALCgpAC0oKQAuSAHFEy
700=9IAYstBgAwSAHRFDEoKQAySAGDMAYAM0gByQw0SQEmbwEFADVJASKpATZIAZ8gBQA3SQEn
701=dwIEADhJAed/FQQAOUkBI7UCOkgBhwgDADtIAYcIAwA8SQHkbwUCAD1IAZscAgA+SQHQtQ
702=I/SAFgCFFAQEgBlxgCAEFIAYsXAgBCSAHNBUNIAc0FREgBhz8CAEVIAZkRAkJGYQCRQAJD
703=RmEAHXAFY0ZhACFoAWNGYQAeqQFKWQYlqQFLSAGQCWBGxQgFQEYnsQZOQARoBV02TygpAF
704=BJAdd3GAYAUUkB0qkBUkkB06kBU0gB1QJUKCkAVSgpAFZIAdk9V0gBywwnAGKEAVUNKCgp
705=ACkoKQAqKCkAKygpACwoKQAtSAHFEy5IAYcpBgAvKCkAMCgpADEoKQAySAGILWhDJw0CNF
706=QCnREGS0NiAOZvGwUANlUC3KkBN0gBlAJrQ2IA23QCakNiAJ8gBAA6QQTVtQI7SQHlaAFq
707=Q2IAgEZqQ2IAgEZqQ2IA1UQ/TAWLWQIAQEgBlBhqQ2IAkCpqQ2IAmycCAENABJMUAgBEKC
708=kARSgpAEZJAd5gD2lDYihoCMgBaUNitUQFT4liAOJtBQVMiScpAExECIBGakNiAN0rTlQC
709=kxQGAE8oKQBQSAHFKVFJAYxwCW+JYgCEqQFTVQKKqQFUSAGLFwYAVSgpAFYoKwAoAGOcA1
710=1BKSgpACooKQArKCkALEgBxRMtSAGPJgYALigpAC8oKQAwKCkAMSgpADIoKQAzSAHJhTRI
711=AZAQcUBjvDZxQGO8NnyD1AJzQGMA4WwbcEDABHJAYwCAiH6DYwCUhnJAYwCdrwNcg8QIcE
712=DbBgIAP0AP0YJASAHZPUFIAZgRcEDUI3BAJykARCiBAEUoKQBGSQFsRRMEckBjAGoBBQJD
713=ymMAbVYCAAVAyqkBAXFAY+08S1gGzTxMKCkATUgB3StOKCkATygpAFBIAScTCGMAi2gMc0
714=BjAImpAVNABJQYYMrIF3BAJysAKQBknANFPyooKQArKCkALEgBl2UGAC1IAdkRLigpAC8o
715=KQAwKCkAMSgpADIoKQAzSAHdFTRIAYQPeD0nDQI2VAKEdnk9ZOlkOFQCkXcFW8FkAB98Bn
716=g9yAF5PWSlPwJZwWThtD1YBpxBeT1kvEF7PWQA2HQjbH7AD2x+JykAQlgGZAxdxUMoKQBE
717=KCkARUgBnG17wWQAhrEJR1QCeT0JeT1kmj0CBlg9AWQA//9ZCQZOfmQAnUwGTn5kAMUpTF
718=gGyQFNKCkATigpAE8oKQBQSAHZJ1FJAZFgD3g9yxcGAFNUAkwNItkhVCgrACoAZZACTTwr
719=KCkALCgpAC1IAc08LkgB2REvKCkAMEgBh6IGADEoKQAySAHNBTNIAYNnBgA0SAGYDWA7J+
720=EBNihVADdIAYn+Bl/8ZQBmdBhgO6kBAWA7qgECA1z8qQEDYjtlAIjocbll9Tk+UAmYwWE7
721=Ze21QFQCjBBgO8wQfHgnKQBDKIEAREgBmBF9/GWsaGM7ZQCFZBN8eCfZAEhNBVNgC2E7Zf
722=F3SlQC3SBLKCkATCgpAE0oKQBOKCkATygpAFAoKQBRSAGE2WA7wA9gOycrACsAZmQQbTws
723=KCkALSgpAC5IAdU5L0gB2TIwSAGQVmo4ZgDFwzJUAozsfPEnXQE0VAKMDGg4J1UANlQCwb
724=83SAHdCjhIAWk4BGk4ZpY5BQVc8aoBBgJIOKkBB2g40AloOCcpAD5ECJQNaDgnVQBAKFUA
725=QSgpAEIoKQBDSAGYEX3xZuU/RVUCj702RkgBmKBoOCddAUhUAmk4AWk4ZuFySlQCJwkHZi
726=hsDicpAE0ogQBOKCkATygpAFBIASdsDtQNaDgnKwAsAGeUHFVwLSgpAC4oKQAvSQGQaBci
727=XS1n5bgxVAKfBgYAMigpADMoKQA0KCkANUgBk2EGADZIAcU0N0gBxT84SAHFPzlJAWZWDQ
728=kGUTVnnTYKcDXQFHA1JykAPUwFjBBhqWe4XnE1ZybJNUBABJjXfm1nAIT6fG0nBQFDQASc
729=THA1J1UARVQC3QpGSAHVOUdIAcUISEkBVmQEcTVnKLEGZ+U0S0AE3TZMKCkATSgpAE4oKQ
730=BPSAHRmFBIAdUjUUgBZAyZMmiEAUoBLgAnKQAvKCkAMCgpADEoKQAyKCkAMygpADQoKQA1
731=SAHBOzZJAYhULkkMN0kBiakBOEkBO2kPBl3baERmAQAAAQJbMmgAjmAEeDLYEXkyaOEwPV
732=gG1S4+SAGcIHkyaLQjfNsnKQBBQASYU3gyJzEBQ1QCfA5J3UQoKQBFKCkARkgBjIluaGgA
733=xQhIVQIxfAZ5MmgkMC1922gk2Cx828MPBgBMTAWEEyJ8PCdVAE5UAsEwT0gBbAlJIlAoKw
734=AuAGmQAlUCLygpADAoKQAxKCkAMigpADNJAVJgB33QaVRgTAFwmKgBTX42QQQ3UAJdCjfI
735=AVUCOEgBYjACAkIwaQCUZWEwabRwYDDYEWEwaaBRcZhp6S0+RAiYHGAwJ1UAQChVAEEoKQ
736=BCSAHBXENIAXQRgTBpJJwqfNAntQFGKIEAR0gBJeEiSEgBYDBdFUnJAQNjMGkAV3QJYTBp
737=+TJMQATZXk1IAdUuTkgBaAVdIE8oKwAvAGqQAlUCMCgpADEoKQAySQE5aAR9xWpQJYVVNF
738=UCNlQCWRE1yAFB9jZIAWgtVQI3yAFVAjhIAZBhaS1q/Ss6VAJBCABdIDsoKQA8SAEjxCRp
739=LWooqAUnKQA/QATVLkAoKQBBKCkAQigpAENIAdUuREgB1Q1FKCkARkgBJwkSaiisC8siAg
740=BJQAR0LgEFAgBKSQFUaAhoLcAEbF0nKQBNQAR8A0UpTigoAAEwAGsAaCJVAjHIAVVPMkgB
741=cCpBJTNIAZsGAgA0KCkANUgBI3lBAkdaawDjsYI3VAIjVywCADhIAdkGOSgpADooKQA7SA
742=GEw31Xa+UpPVQC2Sc+KCkAPygpAEAoKQBBKCkAQigpAENIAdGCREgBzRBFKCkARkgBJwER
743=a/X0SFQCzQVJKCkASkgBcCpJIktIAYAEcSprhAFNJk0oVwAxAGyEKUVKMkgBhwQCADMoKQ
744=A0SAHNJjVIASNYPXknbLFsA1UHbCSQOXknbCQ4OW1SbCS8OXl/bJgKjFInKQA8UAnBGj1I
745=ASf5BGzxKj8oVQBAKCkAQSgpAEIoKQBDKCkAREgB2VNFSAGEDyIYKifhAUcoVQBIKCkASS
746=gpAEpJATJ8Bm1SbERFTAF4J6gBUyoyAG1IAkgAYCUnKQA0VAIl2UI1SAGNJgNVB228TGEl
747=bSQhNgNdTG21IwNKf20AJdlNOlgGVAqwdyddATwoVQA9SAHdeD5IAc0mPygpAEAoKQBBKC
748=kAQigpAEMoKQBESAHJTkVIAcEPRigpAEcoKQBIKCkASSgpAEpIAWAlTexLSAHHlzMAbowJ
749=WT00SAEnSwRuAN98bWkibiblSTdABCOQLiIqQm4AJblJOVQCI/A6bUduuCdpx26sJmhvJ4
750=kBPUwFJ0kEbijsCCcpAEBABMElQSgpAEIoKQBDKCkAREgBnLpoxyeJAUZUAoQabPcnVQBI
751=KFUASSgpAEpIASOYOn2Ob5QGXyA1AG8myTU2SAEloVw3KCkAOEgBJZlFOUgBl6cDADpIAY
752=hZIv02byQ4T3Efb7gncblv5R4+TAWU033mbyT8ICLgIicpAEFABN0gQkgBzQVDSAHFHkRI
753=AYAWcB8n6QJGKFUARygpAEgoKQBJKCsANQBwgAhFHjZIASWlVzdIASWlVzhIAYQEeV5woO
754=t5HHC8mXkccO2JPEwF1bI9SAEl0Ss+SAGECHgcJ7UBQChVAEFIAc0FQkgBzQVDKCkARCgp
755=AEUoKQBGKCkARygpAEgoKwA2AHGMCU0bN0gBJQE9OEgBzRs5SAHNfjpIAYzLYRpxsFYi/U
756=xx4X09QASUCSIdMHH1OT9UAiMYVn42cQCcYiIcMCfhAUJABNkGQygpAEQoKQBFKCkARigp
757=AEcoKwA3AHKACFUYOEgBzXM5SAHNczpIAYcEBAA7SAHBcjxIAcFyPUgBjBtpF3Ltcz8oVQ
758=BASAHdNkFIAZAJIqwsJ+EBQyhVAEQoKQBFKCkARigrADgAc4AIXRU5SAHVLjpIAc1oO0gB
759=wWc8SAGQBSJ9UnOzKgMAPlQCI28vAwA/SAGTKgMAQEgBIxxcfCsniQFCVAKECCJ8UidVAE
760=QoVQBFKCsAOQB0iAVFEzpIAc1dO0gB3UE8SAHdQT1IAYgiehF0AJhTeBHECHkRdPV7QUwF
761=gAtsJsAEeBEnKQBEKIMAOgB1iAVNEDtIAdU5PEgBJTllPUgBnDZhD3XhUT9UApwGYQ91KO
762=ABJzEBQuAEYA8nVwA7AHaUBlUNPEgBxR49SQEgfAJpDHYkNEltG3YmHVFAQASENGgtJwUB
763=QlQCdAaRCXeEAUgBAT0AdwDdCj4oKQA/SAHFCEBIAZAFcAkp2QB4kAJGCD4AJykAPygpAE
764=AoKwA+AHntBT8oKAABAAAAABEAAA==

[Terrain]
51103=TIBTRE02
101076=TIBTRE02
78025=TIBTRE02
26055=TIBTRE02
17064=TIBTRE02
63109=TIBTRE02
107064=TIBTRE02
66019=TIBTRE02
65060=TIBTRE02
60065=TIBTRE02
62077=TREE36
43059=TREE35
60016=TREE36
72040=TREE34
22076=TREE34
59081=TREE34
59050=TREE34
30083=TREE34
40095=TREE35
41033=TREE35
33042=TREE34
86031=TREE34
101048=TREE35
97082=TREE35
85095=TREE34
59079=TREE35
62080=TREE36
63079=TREE34
60077=TREE34
62053=TREE36
64050=TREE35
62050=TREE34
63052=TREE35
60049=TREE36
65052=TREE34
82058=TREE34
85066=TREE35
22060=TREE35
35068=TREE36

[Structures]
1020315=Neutral,CAOILD,256,58,108,0,None,0,0,1,0,0,None,None,None,0,0
1020320=Neutral,CAOILD,256,13,67,0,None,0,0,1,0,0,None,None,None,0,0
1020325=Neutral,CAOILD,256,65,11,0,None,0,0,1,0,0,None,None,None,0,0
1020330=Neutral,CAOILD,256,111,57,0,None,0,0,1,0,0,None,None,None,0,0

[OverlayPack]
1=KgAAIIH//jwa/4GoIAaCsbD++QH/gWYAAYP//63+8wH/gbFR/xIB/roB/4H/gHAAACCB//
2=kAAIFmIAH++gH/Ef3//AFAADQA//4BQgD/AgJBBP79Af//9AFBCHP0ga/+9QH/0z8Iga7+
3=6QH//wUCPwT//gFDAgAFga3++QH//wACPgb/AgI9CMo2GIGx/vMB/8k4GIGv/+oBSg7+0Q
4=H/gf+ATAAAIIH//kcK/4Gt/vcD/4JmZv79Af+BZgAB/vwB/4Gx//8BQBD//QE/EIGu/wIC
5=PRD//wFAFlIABAr+9gH/AgCBr/78Af/jPxj/mwFAGIAgAQAggf/6AACErWZmZt4dAAAk4E
6=AA/rMB/4KsrhHd40IA/9UBZwCD//+w3x0EMf//2AFnAuRABBAG/vgB//+wAWIEgquv/lAA
7=//+3AWUEga1gCgnp1E8K5z4K2CQM/rsB/+toCoGx/qUB/4So//8b4QIM0jwOyzIQ/rcB/4
8=EbEAGC/6lgENcUCsxnCv+mAW4O4/URZATYZgpgG//FAVEQ1w0U20wI51cOgav+pgH/yxYW
9=N+XEYwbIGxIyGslBFiHyYhXKGBjZIxT+kAH/Mf/KGxghu85qGM4/FoGsx2EIgmZmzBga/6
10=gBZQohuMxdGFP+y24azmoaKAYwEXIBMEn/pgFjCDHkzBYcZgTIbhwwDslsHMRsDIGoYBFA
11=SEBN/5cBYwaA8QAAIIH/cAGBqwAEgWYwAYEbAAHIAABAAYGxABpAC0AocBFwAXATMEhQTN
12=U6AP6JAf+Csaxx2NEYAHHbgagxz8hRAMoiAnIlyF8AQFv+nwH/IaPebQKBqQIqMdDZGQKB
13=/8pdAkBc/qAB/9Y5ANP+A9UlBjAGy10E/qcB/+drAgAnFAlgAYGtywgGIAvOYgaBqf6iAf
14=/WFAhh4c1MANdFCv+vAWMGQdn+RQD/gbH+wgH/gar+SgD/gbD+qQH/ga/PARCBrv4WAv/B
15=NQL+1QX/ga7/UgBsBP+tASYQ62sC/9MBJhDVOgL+6QH/3hIGD9D/xAEbHIBdAAAggf/VAA
16=CBZiAB1gAAMCL+3AH/3BoAga//AAI5AP/hAToCIgH//AEgBNw7Bt4bBP7gAf9yAYGt/vAB
17=/zHx//8BPQj/AgI6CAICg///q/7zDf+BrjAHgan+wAH/gf+AdAAAIIH//kwE/4NmZmb+8Q
18=H/gq6syUQE//IBTgSCsK3IRgb/9AFNBMhGBP/2AU0IganJRAj++QH///UBSgzITA6Brf/2
19=AUsOQfSBsSAO/vAB//8DAkoM//UBTATLNRQCAIGr/vYB//8AAkkM//YBSwb+zAH/gf+ADw
20=AAIIH//jwC/4Gw/sEd/4H/gAkAACCB//7+H/+B/4AJAAAggf/+/h//gf+ACQAAIIH//v4f
21=/4H/gAkAACCB//7+H/+B/4AJAAAggf/+/h//gf+ACQAAIIH//v4f/4H/gAkAACCB//7+H/
22=+B/4AJAAAggf/+/h//gf+ACQAAIIH//v4f/4H/gAkAACCB//7+H/+B/4AJAAAggf/+/h//
23=gf+ACQAAIIH//v4f/4H/gAkAACCB//7+H/+B/4AJAAAggf/+/h//gf+ACQAAIIH//v4f/4
24=H/gAkAACCB//7+H/+B/4AJAAAggf/+/h//gf+ACQAAIIH//v4f/4H/gAkAACCB//7+H/+B
25=/4AJAAAggf/+/h//gf+ACQAAIIH//v4f/4H/gAkAACCB//7+H/+B/4AJAAAggf/+/h//gf
26=+ACQAAIIH//v4f/4H/gA==

[OverlayDataPack]
1=GwAAIIEA/j0cAIQGBwcG/vsBAIUGCgsLCv++AUEcgJQAACCBAPkAAIYHCwoKCgj++gEAAg
2=CEAAoKBv75AQCBBgP/gwoLB/76AQCECAsLC//7AUIChQAECAoK//sBQwQWA//zAUMGggQH
3=//sBQwY79//9AUIICfb//AE2DoIGCsA+AIEI//wBQwLBPgL/+wE4EIEHwT4E//wBNw6DBw
4=oL//wBQgQkAv/+ATYM//QBQAr+1AEAgQCARwAAIIEA/j8OAIIGBv79AQCDBAgK//4BQQ6D
5=CgsH/vwBAIEG//8BQBKCBwv//gFBEIMHCwj+/QEAgQf//gFBFP8nAj4a/5sBQA6AaAEAII
6=EA+wAAgwYKB94eAIMECArgQAD+twEAggYE3h8ChAgLCwv/2gFmAOAeAAH/ggoI//kBaAIi
7=AIQACgoG/vgBAIEGCAAAAf/5AWoGIgKCCwj+1QEAgQHlPgqBB99BAv61AQDgQAL+tAEA5k
8=EOgQf/1QFpCoQGCAgH42oIgQj/1QFpCIEHwWQCYdmEBAcGA9X/E//WAWcKEgCBC8ZpBIIG
9=CtVCFIEGDdiCCAj/0gFCEsFjAnIAgQDCaASEAQMEBM0/DoEHwmUGgQfLJxSCBgcQAQIVgg
10=QHyWgMABf/qAFEFgXWyRgUhAAHBwAh44EHzWUAgQjQZQSDBAcIAf+BCAQXwGIGdDnCYgb/
11=pQFDFoIEBM1jAgP5KAQD78pvGiIoziYWMDkKQ4EGAh8ADTQEBlP/owFmCIEDK/sR2M1CHI
12=EGAbqBB3AWAdXBZQoD080XEBApRDYD9AgfAgkEPhAMggAKyBoY/oUBAIEAgA8BACCBAMsA
13=AIsGCgoLCwoHBwoKBswAABABgQdgFokDBgcICAoKCgjPGQCCBwhgCoMGCAsQAYIKBxAOgg
14=gLADDSGAD+iwEAgQcBrhGmgQbScACBBMgYAgIjggAKYevJBABiFIEGMgAx/wJbYAv+mgEA
15=AaUB14EL0T4CzSkEA//QPwASGlHlgQYR84ELYE2DBgcH/58BcAAjvgHYgwsIBN/uBYIECN
16=I9AiHpEeiFBAYDBAcSJeAXBv6MAQCCBgjjFAQEAtVvAoUGBgQDBDH3ZA3+qwEAgQfTPQTP
17=KQbgYwaBA/60AQD/rwFjBv5TCgDDVAb++QEAwToG//0BGRjAUgDWPAj+5QEAwBII3hga/8
18=QBFQyAfgAAIIEA1QAAhgcKCwsKBtYAAAABgwQHB/7cAQASAYEI2v0BgQjbHQD+wAEAAgHb
19=PQKCBwv/3QE9ABIB2j4EgQjcHQL+wQEAgwYHBNkgAIMICwr/3gE+BN/9BYEI2R8I/uEBAA
20=QB/v0BAIUECAgHA/79AQCBBv/dAT4C/uINAIEAgI8AACCBAP5MBACDBgcG/vwBAIQHCgsK
21=//kBTwSIBAcHCAoLCwf++AEAhAcLCgD//AFNBgIAAAH/+QFQCIIABgX9//EBTgzJTQSBB/
22=/yAU0MA/TITBCBBv/xAVAKgQgH9IEI//oBTwyBBAIAggAK//oBTwokAIEK//oBTwgr9P/7
23=AU4KHACBB//+AU4E/sABAIEAgAkAACCBAP7+HwCBAIAJAAAggQD+/h8AgQCACQAAIIEA/v
24=4fAIEAgAkAACCBAP7+HwCBAIAJAAAggQD+/h8AgQCACQAAIIEA/v4fAIEAgAkAACCBAP7+
25=HwCBAIAJAAAggQD+/h8AgQCACQAAIIEA/v4fAIEAgAkAACCBAP7+HwCBAIAJAAAggQD+/h
26=8AgQCACQAAIIEA/v4fAIEAgAkAACCBAP7+HwCBAIAJAAAggQD+/h8AgQCACQAAIIEA/v4f
27=AIEAgAkAACCBAP7+HwCBAIAJAAAggQD+/h8AgQCACQAAIIEA/v4fAIEAgAkAACCBAP7+Hw
28=CBAIAJAAAggQD+/h8AgQCACQAAIIEA/v4fAIEAgAkAACCBAP7+HwCBAIAJAAAggQD+/h8A
29=gQCACQAAIIEA/v4fAIEAgAkAACCBAP7+HwCBAIA=

[AITriggerTypesEnable]
0CAD0DCC-G=yes
0CAD0C7C-G=yes
0CAD0B2C-G=yes
0CA6621C-G=yes
0CDF8EDC-G=yes
0CDF8D8C-G=yes
0C0C7AEC-G=yes
0D62199C-G=yes
0CDF899C-G=yes
0D6216FC-G=yes
0D6215AC-G=yes
0D62145C-G=yes
0D0803CC-G=yes
0C32599C-G=yes
0CE23AAC-G=yes
0CA1F84C-G=yes
0CE26CAC-G=yes
0CE26B5C-G=yes
0CAD145C-G=yes
0CAD130C-G=yes
0CE2395C-G=yes
0D084B5C-G=yes
0D084A0C-G=yes
0D0848BC-G=yes
0CAD2AEC-G=yes
0D08461C-G=yes
0D0873DC-G=yes
0C8E2C3C-G=yes
0CAD25AC-G=yes
0D087D8C-G=yes
0C8B81BC-G=yes
0CADDEDC-G=yes
0C92C45C-G=yes
0C9565AC-G=yes
0C92C1BC-G=yes
0CADD99C-G=yes
0C9561BC-G=yes
0CE2EA2C-G=yes
0CE2E8DC-G=yes
0C955C3C-G=yes
0C955AEC-G=yes
0C8C71BC-G=yes
0C8C6EDC-G=yes
0D052AEC-G=yes
0CE44D0C-G=yes
0CA5945C-G=yes
0CAD2C3C-G=yes
0D535EDC-G=yes
0AA846FC-G=yes
0AA845AC-G=yes
0C8C645C-G=yes
0AD2BAEC-G=yes
0C96F5AC-G=yes
0C96F45C-G=yes
0CB2CEDC-G=yes
0C91D45C-G=yes
0CAD5AEC-G=yes
0D2C45DC-G=yes
0D2C448C-G=yes
0C8C56FC-G=yes
0D2C41EC-G=yes
0CA6AEDC-G=yes
0C0D251C-G=yes
0C8C51BC-G=yes
0CA24D8C-G=yes
0C8BC5AC-G=yes
0C8C4C3C-G=yes
0D53430C-G=yes
0ECCFCAC-G=yes
0ECCFA7C-G=yes
0C8EEEDC-G=yes
0C0D184C-G=yes
0ECCF68C-G=yes
0C8C430C-G=yes
0C87B99C-G=yes
0ECCF29C-G=yes
0ECCF14C-G=yes
0C8EEAEC-G=yes
0C87B45C-G=yes
0ECCBC3C-G=yes
0C8EE1BC-G=yes
0ECCB7FC-G=yes
0C32D84C-G=yes
0ECCB55C-G=yes
0ECCB40C-G=yes
0ECCB2BC-G=yes
0CB29EDC-G=yes
0C8C2C3C-G=yes
0C8C2AEC-G=yes
0A31295C-G=yes
0C87E5AC-G=yes
08A3EEDC-G=yes
0D022B1C-G=yes
0C1246FC-G=yes
0C1245AC-G=yes
0D0B3B9C-G=yes
0CA2A04C-G=yes
0CA2B06C-G=yes
0CA2FEDC-G=yes
0D2769BC-G=yes
0A452E5C-G=yes
0A452C6C-G=yes
0A44F2CC-G=yes
0A44F17C-G=yes
0D53099C-G=yes
0612B11C-G=yes
06C551AC-G=yes
0612CD8C-G=yes
0ABC484C-G=yes
05FFB18C-G=yes
05FFA7DC-G=yes
06002BFC-G=yes
07C0372C-G=yes
07C04EDC-G=yes
07C04C7C-G=yes
07C0B14C-G=yes
05FC1A8C-G=yes
05FC50EC-G=yes
05FC3C9C-G=yes
05FC37CC-G=yes
05FC333C-G=yes
05FC0C9C-G=yes
05FC088C-G=yes
05FC75CC-G=yes
05FC747C-G=yes
08B9154C-G=yes
08B911BC-G=yes
08B9213C-G=yes
08B9356C-G=yes
08B9305C-G=yes
08B9483C-G=yes
08B9423C-G=yes
08B940EC-G=yes
08B9586C-G=yes
0611A33C-G=yes
0611A1EC-G=yes
08B9641C-G=yes
08B97C6C-G=yes
08B9767C-G=yes
08B9708C-G=yes
05FC1C5C-G=yes
0612EAEC-G=yes
0612F9AC-G=yes
05FC13EC-G=yes
08B90B1C-G=yes
08B902EC-G=yes
0612F46C-G=yes
044082BC-G=yes
07C310BC-G=yes
07C329FC-G=yes
07C3266C-G=yes
07C33DDC-G=yes
0616004C-G=yes
07C330CC-G=yes
07C30A5C-G=yes
07C4853C-G=yes
043F521C-G=yes
043F874C-G=yes
043F40BC-G=yes
05C56EDC-G=yes
05C5392C-G=yes
05C504DC-G=yes
078F4B2C-G=yes

[Triggers]
0AB231CC=Neutral,<none>,@Sounds,0,1,1,1,0

[Events]
0AB231CC=1,13,0,0

[Actions]
0AB231CC=8,99,7,_Amb_WindPlains,0,0,0,0,AA,99,7,_Amb_WindPlains,0,0,0,0,AB,99,7,_Amb_WindPlains,0,0,0,0,AC,99,7,_Amb_WindPlains,0,0,0,0,AD,99,7,_Amb_WindPlains,0,0,0,0,AE,99,7,_Amb_WindPlains,0,0,0,0,AF,99,7,_Amb_WindPlains,0,0,0,0,AG,99,7,_Amb_WindPlains,0,0,0,0,AH

[Tags]
0AB21E7C=0,@Sounds,0AB231CC

[Digest]
1=8e3tJb28YIAH1b7LcgNw33QdXUY=

